10.8165 
62026 -20.1431 -9.8307 10.8163 
62036 -20.1424 -9.8296 10.8163 
62046 -20.1423 -9.8283 10.8161 
62056 -20.1416 -9.8290 10.8162 
62066 -20.1416 -9.8284 10.8171 
62076 -20.1413 -9.8294 10.8178 
62086 -20.1404 -9.8276 10.8177 
62096 -20.1401 -9.8224 10.8158 
62106 -20.1400 -9.8199 10.8163 
62116 -20.1399 -9.8212 10.8147 
62126 -20.1392 -9.8233 10.8142 
62136 -20.1400 -9.8230 10.8158 
62146 -20.1407 -9.8247 10.8157 
62156 -20.1409 -9.8218 10.8170 
62166 -20.1414 -9.8206 10.8192 
62176 -20.1427 -9.8194 10.8202 
62186 -20.1435 -9.8208 10.8208 
62196 -20.1442 -9.8212 10.8221 
62206 -20.1441 -9.8232 10.8227 
62216 -20.1436 -9.8248 10.8225 
62226 -20.1428 -9.8233 10.8215 
62236 -20.1428 -9.8209 10.8213 
62246 -20.1426 -9.8214 10.8220 
62256 -20.1439 -9.8235 10.8246 
62266 -20.1447 -9.8245 10.8235 
62276 -20.1446 -9.8255 10.8237 
62286 -20.1446 -9.8242 10.8226 
62296 -20.1440 -9.8242 10.8216 
62306 -20.1432 -9.8258 10.8203 
62316 -20.1433 -9.8257 10.8206 
62326 -20.1436 -9.8242 10.8212 
62336 -20.1430 -9.8210 10.8225 
62346 -20.1420 -9.8182 10.8208 
62356 -20.1422 -9.8208 10.8212 
62366 -20.1421 -9.8196 10.8199 
62376 -20.1425 -9.8198 10.8210 
62386 -20.1430 -9.8204 10.8217 
62396 -20.1426 -9.8175 10.8213 
62406 -20.1425 -9.8159 10.8220 
62416 -20.1422 -9.8140 10.8217 
62426 -20.1405 -9.8128 10.8188 
62436 -20.1408 -9.8129 10.8194 
62446 -20.1406 -9.8132 10.8172 
62456 -20.1409 -9.8142 10.8164 
62466 -20.1406 -9.8165 10.8155 
62476 -20.1412 -9.8152 10.8185 
62486 -20.1414 -9.8163 10.8169 
62496 -20.1418 -9.8162 10.8192 
62506 -20.1422 -9.8174 10.8199 
62516 -20.1432 -9.8174 10.8213 
62526 -20.1435 -9.8166 10.8210 
62536 -20.1428 -9.8175 10.8228 
62546 -20.1433 -9.8189 10.8237 
62556 -20.1431 -9.8155 10.8236 
62566 -20.1431 -9.8140 10.8248 
62576 -20.1436 -9.8126 10.8229 
62586 -20.1435 -9.8122 10.8211 
62596 -20.1442 -9.8134 10.8209 
62606 -20.1442 -9.8156 10.8199 
62616 -20.1447 -9.8140 10.8223 
62626 -20.1439 -9.8118 10.8230 
62636 -20.1446 -9.8104 10.8234 
62646 -20.1440 -9.8094 10.8224 
62656 -20.1442 -9.8098 10.8214 
62666 -20.1443 -9.8109 10.8213 
62676 -20.1447 -9.8083 10.8219 
62686 -20.1451 -9.8068 10.8215 
62696 -20.1437 -9.8080 10.8211 
62706 -20.1427 -9.8066 10.8172 
62716 -20.1417 -9.8068 10.8164 
62726 -20.1416 -9.8065 10.8181 
62736 -20.1414 -9.8064 10.8176 
62746 -20.1416 -9.8063 10.8156 
62757 -20.1415 -9.8064 10.8131 
62766 -20.1418 -9.8077 10.8127 
62776 -20.1413 -9.8052 10.8138 
62786 -20.1411 -9.8018 10.8136 
62796 -20.1395 -9.8004 10.8136 
62806 -20.1389 -9.8005 10.8132 
62816 -20.1386 -9.7999 10.8114 
62826 -20.1372 -9.8019 10.8084 
62836 -20.1372 -9.8010 10.8075 
62846 -20.1378 -9.7990 10.8082 
62857 -20.1380 -9.7986 10.8085 
62866 -20.1378 -9.7991 10.8106 
62876 -20.1373 -9.7991 10.8099 
62886 -20.1372 -9.8010 10.8069 
62896 -20.1377 -9.8009 10.8076 
62906 -20.1369 -9.8015 10.8063 
62916 -20.1364 -9.8011 10.8047 
62926 -20.1363 -9.8028 10.8047 
62936 -20.1366 -9.8019 10.8069 
62946 -20.1365 -9.8026 10.8058 
62957 -20.1370 -9.8047 10.8087 
62966 -20.1359 -9.8050 10.8067 
62976 -20.1355 -9.8043 10.8035 
62986 -20.1350 -9.8039 10.8003 
62996 -20.1351 -9.8066 10.8015 
63006 -20.1346 -9.8078 10.8016 
63016 -20.1332 -9.8091 10.8006 
63026 -20.1334 -9.8086 10.8008 
63036 -20.1327 -9.8083 10.7985 
63046 -20.1324 -9.8084 10.7970 
63057 -20.1336 -9.8097 10.7994 
63066 -20.1336 -9.8118 10.7991 
63076 -20.1331 -9.8110 10.7998 
63086 -20.1327 -9.8092 10.8013 
63096 -20.1319 -9.8103 10.8002 
63106 -20.1318 -9.8076 10.8002 
63117 -20.1316 -9.8069 10.8000 
63127 -20.1315 -9.8070 10.7990 
63136 -20.1316 -9.8067 10.7994 
63146 -20.1320 -9.8050 10.8010 
63157 -20.1318 -9.8062 10.7993 
63167 -20.1318 -9.8031 10.7971 
63177 -20.1315 -9.8026 10.7964 
63187 -20.1310 -9.8026 10.7954 
63196 -20.1311 -9.8020 10.7958 
63206 -20.1308 -9.8000 10.7964 
63217 -20.1307 -9.8003 10.7982 
63227 -20.1306 -9.8010 10.7964 
63237 -20.1317 -9.7995 10.7988 
63247 -20.1320 -9.7990 10.7991 
63257 -20.1325 -9.7996 10.7991 
63267 -20.1318 -9.7991 10.7976 
63277 -20.1317 -9.7987 10.7978 
63287 -20.1313 -9.7972 10.7973 
63297 -20.1308 -9.7967 10.7980 
63307 -20.1313 -9.7938 10.7995 
63317 -20.1312 -9.7948 10.8017 
63327 -20.1310 -9.7947 10.8022 
63337 -20.1305 -9.7944 10.7997 
63347 -20.1305 -9.7927 10.7996 
63357 -20.1312 -9.7918 10.8000 
63367 -20.1304 -9.7897 10.7980 
63377 -20.1297 -9.7929 10.7975 
63387 -20.1292 -9.7907 10.7989 
63397 -20.1290 -9.7926 10.8010 
63407 -20.1291 -9.7918 10.8039 
63417 -20.1290 -9.7920 10.8035 
63427 -20.1295 -9.7908 10.8060 
63437 -20.1294 -9.7940 10.8060 
63447 -20.1293 -9.7945 10.8063 
63457 -20.1288 -9.7937 10.8058 
63467 -20.1281 -9.7910 10.8048 
63477 -20.1281 -9.7877 10.8063 
63487 -20.1276 -9.7879 10.8060 
63497 -20.1270 -9.7890 10.8052 
63507 -20.1267 -9.7913 10.8066 
63517 -20.1271 -9.7921 10.8083 
63527 -20.1276 -9.7917 10.8122 
63537 -20.1286 -9.7866 10.8158 
63547 -20.1281 -9.7896 10.8142 
63557 -20.1271 -9.7872 10.8040 
63567 -20.1270 -9.7827 10.8050 
63577 -20.1264 -9.7862 10.8068 
63587 -20.1263 -9.7823 10.8050 
63597 -20.1253 -9.7862 10.8044 
63607 -20.1243 -9.7841 10.7971 
63617 -20.1249 -9.7812 10.7999 
63627 -20.1253 -9.7837 10.8004 
63637 -20.1252 -9.7832 10.7967 
63647 -20.1262 -9.7869 10.7987 
63657 -20.1257 -9.7811 10.7989 
63667 -20.1271 -9.7784 10.8047 
63677 -20.1249 -9.7768 10.8006 
63687 -20.1241 -9.7722 10.7963 
63697 -20.1237 -9.7778 10.7970 
63707 -20.1236 -9.7780 10.7951 
63717 -20.1251 -9.7826 10.8045 
63727 -20.1249 -9.7870 10.8036 
63737 -20.1243 -9.7832 10.8012 
63747 -20.1255 -9.7851 10.8069 
63757 -20.1253 -9.7771 10.8054 
63767 -20.1265 -9.7813 10.8104 
63777 -20.1256 -9.7837 10.8015 
63787 -20.1244 -9.7806 10.7955 
63797 -20.1235 -9.7859 10.7930 
63807 -20.1227 -9.7820 10.7921 
63817 -20.1233 -9.7826 10.8014 
63827 -20.1233 -9.7849 10.8006 
63837 -20.1242 -9.7854 10.8020 
63847 -20.1246 -9.7936 10.8045 
63857 -20.1243 -9.7886 10.8006 
63867 -20.1250 -9.7924 10.8045 
63877 -20.1253 -9.7929 10.7989 
63887 -20.1263 -9.7906 10.8035 
63897 -20.1261 -9.7938 10.8024 
63907 -20.1255 -9.7939 10.8029 
63917 -20.1249 -9.7893 10.8035 
63927 -20.1233 -9.7900 10.7986 
63937 -20.1220 -9.7933 10.7890 
63947 -20.1226 -9.7988 10.7874 
63958 -20.1240 -9.8007 10.7952 
63967 -20.1244 -9.7986 10.8001 
63977 -20.1225 -9.7942 10.7954 
63987 -20.1212 -9.7929 10.7887 
63997 -20.1229 -9.7969 10.7949 
64007 -20.1227 -9.8053 10.7918 
64017 -20.1225 -9.8151 10.7956 
64027 -20.1219 -9.8249 10.7964 
64037 -20.1201 -9.8173 10.7903 
64047 -20.1192 -9.8135 10.7878 
64058 -20.1198 -9.8130 10.7899 
64067 -20.1213 -9.8151 10.7952 
64077 -20.1226 -9.8223 10.7986 
64087 -20.1218 -9.8234 10.7891 
64097 -20.1213 -9.8211 10.7813 
64107 -20.1215 -9.8176 10.7822 
64117 -20.1219 -9.8124 10.7876 
64127 -20.1215 -9.8223 10.7881 
64137 -20.1190 -9.8211 10.7841 
64147 -20.1163 -9.8164 10.7783 
64158 -20.1163 -9.8118 10.7752 
64167 -20.1182 -9.8121 10.7781 
64177 -20.1206 -9.8148 10.7846 
64187 -20.1224 -9.8141 10.7894 
64197 -20.1221 -9.8080 10.7848 
64207 -20.1217 -9.8084 10.7838 
64217 -20.1205 -9.8048 10.7811 
64227 -20.1193 -9.8087 10.7838 
64237 -20.1178 -9.8108 10.7824 
64247 -20.1163 -9.8100 10.7780 
64258 -20.1161 -9.8154 10.7801 
64267 -20.1171 -9.8106 10.7827 
64277 -20.1190 -9.8017 10.7851 
64287 -20.1205 -9.7978 10.7815 
64297 -20.1225 -9.8009 10.7845 
64307 -20.1228 -9.8122 10.7894 
64317 -20.1233 -9.8077 10.7925 
64327 -20.1203 -9.8029 10.7864 
64337 -20.1178 -9.8023 10.7816 
64347 -20.1178 -9.8032 10.7847 
64358 -20.1198 -9.8093 10.7938 
64367 -20.1196 -9.8074 10.7948 
64377 -20.1204 -9.8108 10.7929 
64387 -20.1205 -9.8201 10.7906 
64397 -20.1209 -9.8260 10.7901 
64407 -20.1211 -9.8273 10.7903 
64417 -20.1224 -9.8260 10.7957 
64427 -20.1214 -9.8205 10.7959 
64437 -20.1187 -9.8202 10.7927 
64448 -20.1151 -9.8206 10.7898 
64458 -20.1139 -9.8167 10.7883 
64467 -20.1164 -9.8195 10.7899 
64477 -20.1186 -9.8184 10.7931 
64487 -20.1201 -9.8202 10.7943 
64498 -20.1215 -9.8208 10.7967 
64508 -20.1219 -9.8209 10.7979 
64517 -20.1208 -9.8202 10.7985 
64528 -20.1185 -9.8221 10.7962 
64537 -20.1159 -9.8234 10.7951 
64548 -20.1142 -9.8219 10.7958 
64558 -20.1143 -9.8222 10.7983 
64568 -20.1156 -9.8238 10.7967 
64577 -20.1172 -9.8239 10.7975 
64587 -20.1195 -9.8228 10.8010 
64598 -20.1191 -9.8227 10.8013 
64608 -20.1187 -9.8253 10.8011 
64618 -20.1172 -9.8269 10.8000 
64628 -20.1149 -9.8288 10.7993 
64637 -20.1131 -9.8301 10.7979 
64648 -20.1122 -9.8297 10.7964 
64658 -20.1133 -9.8290 10.7995 
64668 -20.1143 -9.8304 10.7986 
64678 -20.1152 -9.8315 10.7940 
64688 -20.1162 -9.8305 10.7911 
64698 -20.1175 -9.8316 10.7925 
64708 -20.1167 -9.8324 10.7911 
64718 -20.1154 -9.8327 10.7909 
64728 -20.1127 -9.8308 10.7893 
64738 -20.1112 -9.8303 10.7899 
64748 -20.1114 -9.8328 10.7907 
64758 -20.1126 -9.8329 10.7912 
64768 -20.1139 -9.8321 10.7935 
64778 -20.1163 -9.8311 10.7935 
64788 -20.1167 -9.8305 10.7930 
64798 -20.1153 -9.8303 10.7906 
64808 -20.1137 -9.8287 10.7895 
64818 -20.1121 -9.8285 10.7915 
64828 -20.1111 -9.8296 10.7924 
64838 -20.1100 -9.8278 10.7928 
64848 -20.1095 -9.8272 10.7906 
64858 -20.1102 -9.8273 10.7911 
64868 -20.1120 -9.8281 10.7945 
64878 -20.1126 -9.8262 10.7942 
64888 -20.1137 -9.8264 10.7968 
64898 -20.1127 -9.8238 10.7970 
64908 -20.1116 -9.8231 10.7981 
64918 -20.1102 -9.8223 10.7966 
64928 -20.1086 -9.8227 10.7947 
64938 -20.1078 -9.8237 10.7928 
64948 -20.1077 -9.8243 10.7925 
64958 -20.1084 -9.8238 10.7943 
64968 -20.1101 -9.8219 10.7975 
64978 -20.1129 -9.8198 10.7992 
64988 -20.1143 -9.8195 10.7974 
64998 -20.1143 -9.8194 10.7980 
65008 -20.1136 -9.8226 10.7966 
65018 -20.1119 -9.8226 10.7922 
65028 -20.1094 -9.8225 10.7917 
65038 -20.1080 -9.8213 10.7891 
65048 -20.1088 -9.8207 10.7901 
65058 -20.1095 -9.8221 10.7905 
65068 -20.1114 -9.8242 10.7900 
65078 -20.1125 -9.8244 10.7891 
65088 -20.1116 -9.8242 10.7856 
65098 -20.1109 -9.8221 10.7839 
65108 -20.1099 -9.8208 10.7829 
65118 -20.1084 -9.8197 10.7834 
65128 -20.1071 -9.8194 10.7831 
65138 -20.1066 -9.8182 10.7809 
65148 -20.1073 -9.8169 10.7789 
65158 -20.1088 -9.8181 10.7808 
65168 -20.1108 -9.8197 10.7824 
65178 -20.1115 -9.8152 10.7822 
65188 -20.1121 -9.8135 10.7822 
65198 -20.1125 -9.8081 10.7857 
65208 -20.1140 -9.8048 10.7870 
65218 -20.1158 -9.8049 10.7848 
65228 -20.1188 -9.8044 10.7824 
65238 -20.1219 -9.8038 10.7798 
65248 -20.1240 -9.8033 10.7779 
65258 -20.1260 -9.8021 10.7810 
65268 -20.1284 -9.7992 10.7881 
65278 -20.1302 -9.7955 10.7951 
65288 -20.1325 -9.7945 10.8017 
65298 -20.1337 -9.7968 10.8009 
65308 -20.1350 -9.7998 10.7932 
65318 -20.1345 -9.8025 10.7829 
65328 -20.1323 -9.8023 10.7706 
65338 -20.1290 -9.7981 10.7598 
65348 -20.1253 -9.7899 10.7581 
65359 -20.1220 -9.7818 10.7661 
65368 -20.1171 -9.7807 10.7767 
65378 -20.1112 -9.7927 10.7867 
65388 -20.1037 -9.8031 10.7975 
65398 -20.0976 -9.8133 10.8031 
65408 -20.0933 -9.8243 10.8123 
65418 -20.0908 -9.8323 10.8231 
65428 -20.0892 -9.8330 10.8247 
65438 -20.0909 -9.8249 10.8188 
65448 -20.0975 -9.8080 10.8066 
65459 -20.1086 -9.7898 10.7883 
65468 -20.1178 -9.7706 10.7625 
65478 -20.1249 -9.7467 10.7383 
65488 -20.1283 -9.7285 10.7139 
65498 -20.1276 -9.7232 10.6984 
65508 -20.1240 -9.7338 10.7048 
65518 -20.1198 -9.7546 10.7252 
65528 -20.1141 -9.7783 10.7511 
65538 -20.1084 -9.7920 10.7729 
65548 -20.1055 -9.8018 10.7848 
65559 -20.1074 -9.8039 10.7876 
65568 -20.1115 -9.7991 10.7806 
65578 -20.1172 -9.7905 10.7686 
65588 -20.1216 -9.7727 10.7525 
65598 -20.1232 -9.7522 10.7332 
65608 -20.1222 -9.7341 10.7176 
65618 -20.1195 -9.7261 10.7071 
65628 -20.1246 -9.7417 10.7254 
65638 -20.1371 -9.7870 10.7805 
65648 -20.1495 -9.8432 10.8325 
65659 -20.1622 -9.8875 10.8898 
65668 -20.1530 -9.8997 10.9338 
65678 -20.1001 -9.9195 10.9799 
65688 -20.0099 -10.0142 11.0427 
65698 -19.9114 -10.1394 11.0851 
65708 -19.8302 -10.2035 11.0808 
65718 -19.7862 -10.1991 11.0488 
65728 -19.7910 -10.1542 11.0056 
65738 -19.8467 -10.0989 10.9865 
65748 -19.9351 -10.0533 10.9858 
65759 -20.0239 -10.0087 10.9821 
65768 -20.0847 -9.9596 10.9480 
65778 -20.1094 -9.8930 10.8654 
65789 -20.1054 -9.8092 10.7532 
65798 -20.0901 -9.7210 10.6459 
65808 -20.0798 -9.6523 10.5828 
65818 -20.0827 -9.6287 10.5758 
65828 -20.0932 -9.6327 10.6117 
65839 -20.1023 -9.6479 10.6490 
65849 -20.1118 -9.6724 10.6761 
65859 -20.1175 -9.7115 10.6979 
65868 -20.1217 -9.7800 10.7476 
65878 -20.1206 -9.8574 10.8073 
65889 -20.1102 -9.9075 10.8529 
65899 -20.0962 -9.9079 10.8639 
65909 -20.0837 -9.8543 10.8253 
65918 -20.0843 -9.7689 10.7586 
65928 -20.1019 -9.6919 10.6904 
65939 -20.1296 -9.6485 10.6454 
65949 -20.1552 -9.6353 10.6220 
65959 -20.1646 -9.6449 10.6104 
65969 -20.1524 -9.6656 10.6138 
65978 -20.1268 -9.7009 10.6474 
65989 -20.0977 -9.7574 10.7096 
65999 -20.0747 -9.8195 10.7839 
66009 -20.0621 -9.8714 10.8565 
66019 -20.0576 -9.9133 10.9063 
66029 -20.0572 -9.9422 10.9377 
66039 -20.0526 -9.9666 10.9502 
66049 -20.0442 -9.9905 10.9512 
66059 -20.0317 -10.0133 10.9549 
66069 -20.0167 -10.0283 10.9669 
66079 -20.0030 -10.0369 10.9789 
66089 -19.9950 -10.0364 10.9869 
66099 -19.9990 -10.0282 10.9944 
66109 -20.0128 -10.0115 10.9896 
66119 -20.0271 -9.9842 10.9649 
66129 -20.0367 -9.9549 10.9293 
66139 -20.0377 -9.9292 10.8905 
66149 -20.0300 -9.9113 10.8616 
66159 -20.0148 -9.9004 10.8437 
66169 -20.0013 -9.9014 10.8406 
66179 -19.9963 -9.9115 10.8511 
66189 -20.0067 -9.9216 10.8654 
66199 -20.0318 -9.9194 10.8741 
66209 -20.0628 -9.8994 10.8706 
66219 -20.0902 -9.8726 10.8494 
66229 -20.1089 -9.8417 10.8181 
66239 -20.1142 -9.8041 10.7729 
66249 -20.1093 -9.7524 10.7103 
66259 -20.0988 -9.6786 10.6347 
66269 -20.0881 -9.5857 10.5488 
66279 -20.0804 -9.4855 10.4506 
66289 -20.0812 -9.3874 10.3461 
66299 -20.0853 -9.2750 10.2235 
66309 -20.0885 -9.1459 10.0832 
66319 -20.0813 -8.9925 9.9060 
66329 -20.0588 -8.7940 9.6838 
66339 -20.0207 -8.5458 9.4013 
66349 -19.9789 -8.2557 9.0710 
66359 -19.9409 -7.9364 8.7122 
66369 -19.9161 -7.6194 8.3773 
66379 -19.8979 -7.3867 8.2071 
66389 -19.8363 -7.3714 8.3112 
66399 -19.8319 -8.1299 8.9422 
66409 -19.9434 -9.2553 10.0262 
66419 -20.1015 -10.3640 11.2006 
66429 -20.2585 -11.2778 12.2241 
66439 -20.3287 -11.7623 12.8074 
66449 -20.3106 -11.8010 12.9792 
66459 -20.1971 -11.3837 12.5994 
66469 -20.0423 -10.6798 11.7868 
66479 -19.8922 -9.7578 10.7771 
66489 -19.8206 -8.9059 9.8276 
66499 -19.8526 -8.3272 9.0926 
66509 -19.9501 -7.9668 8.7316 
66519 -20.1057 -8.0069 8.8439 
66529 -20.2823 -8.4892 9.4136 
66539 -20.4252 -9.2892 10.3605 
66549 -20.4677 -10.1593 11.3687 
66559 -20.3987 -10.9375 12.1711 
66569 -20.2211 -11.4436 12.6267 
66579 -20.0079 -11.5562 12.6613 
66589 -19.8288 -11.2249 12.2326 
66599 -19.7524 -10.5393 11.4987 
66609 -19.8055 -9.7217 10.6858 
66619 -19.9758 -8.9870 9.9974 
66629 -20.1925 -8.4512 9.5425 
66639 -20.3742 -8.1973 9.3145 
66649 -20.4767 -8.2512 9.3579 
66659 -20.4913 -8.6954 9.7349 
66669 -20.4244 -9.3994 10.3834 
66679 -20.2953 -10.1876 11.1395 
66689 -20.1298 -10.8364 11.8111 
66699 -19.9844 -11.2626 12.2597 
66709 -19.8907 -11.3085 12.3438 
66719 -19.8739 -10.9313 12.0517 
66729 -19.9525 -10.3176 11.4635 
66739 -20.1042 -9.6654 10.8071 
66749 -20.2810 -9.1003 10.2471 
66759 -20.4189 -8.7030 9.7933 
66769 -20.4846 -8.5306 9.4993 
66779 -20.4610 -8.5716 9.4728 
66789 -20.3880 -8.8951 9.7783 
66799 -20.2909 -9.4643 10.3387 
66809 -20.1868 -10.0977 11.0388 
66819 -20.0951 -10.6485 11.6524 
66829 -20.0445 -11.0374 12.0431 
66839 -20.0326 -11.0872 12.1337 
66849 -20.0677 -10.8067 11.8936 
66860 -20.1474 -10.3449 11.3919 
66869 -20.2450 -9.8020 10.8445 
66879 -20.3349 -9.2987 10.3497 
66889 -20.3790 -8.9268 9.9118 
66899 -20.3697 -8.7064 9.6491 
66909 -20.3185 -8.7053 9.6004 
66919 -20.2641 -8.9880 9.8217 
66929 -20.2184 -9.4681 10.3092 
66939 -20.1890 -10.0245 10.9272 
66949 -20.1737 -10.5326 11.4758 
66960 -20.1590 -10.8526 11.8499 
66969 -20.1484 -10.9059 11.9604 
66979 -20.1479 -10.7089 11.7712 
66989 -20.1579 -10.3201 11.3691 
66999 -20.1865 -9.8626 10.8887 
67009 -20.2282 -9.4424 10.4166 
67019 -20.2605 -9.1008 10.0282 
67029 -20.2800 -8.8803 9.7792 
67039 -20.2930 -8.8700 9.7356 
67049 -20.2974 -9.0742 9.9483 
67060 -20.2935 -9.4625 10.3734 
67069 -20.2741 -9.9383 10.8799 
67079 -20.2302 -10.3573 11.3343 
67089 -20.1715 -10.6338 11.6336 
67099 -20.1154 -10.7261 11.7176 
67109 -20.0798 -10.6033 11.5991 
67119 -20.0786 -10.3044 11.3104 
67129 -20.1167 -9.9286 10.9204 
67139 -20.1848 -9.5395 10.5230 
67150 -20.2616 -9.2057 10.1925 
67160 -20.3257 -9.0128 9.9735 
67170 -20.3592 -8.9989 9.9195 
67179 -20.3578 -9.1672 10.0678 
67190 -20.3225 -9.4978 10.3736 
67200 -20.2581 -9.8897 10.7640 
67209 -20.1784 -10.2334 11.1355 
67220 -20.1081 -10.4723 11.3914 
67229 -20.0638 -10.5634 11.5072 
67240 -20.0591 -10.4953 11.4732 
67249 -20.0899 -10.2889 11.2704 
67260 -20.1485 -9.9833 10.9645 
67269 -20.2205 -9.6518 10.6120 
67279 -20.2879 -9.3602 10.2920 
67290 -20.3309 -9.1647 10.0729 
67300 -20.3414 -9.1253 10.0107 
67310 -20.3186 -9.2579 10.1167 
67320 -20.2681 -9.5119 10.3660 
67329 -20.2040 -9.8173 10.6864 
67340 -20.1452 -10.1088 10.9912 
67350 -20.1063 -10.3201 11.2269 
67360 -20.0983 -10.4196 11.3549 
67370 -20.1187 -10.4018 11.3545 
67380 -20.1541 -10.2627 11.2277 
67390 -20.1924 -10.0220 10.9878 
67400 -20.2292 -9.7398 10.6875 
67410 -20.2559 -9.4724 10.3966 
67420 -20.2710 -9.2841 10.1906 
67430 -20.2745 -9.2384 10.1212 
67440 -20.2657 -9.3444 10.2047 
67450 -20.2430 -9.5469 10.4072 
67460 -20.2129 -9.7950 10.6599 
67470 -20.1839 -10.0270 10.9059 
67480 -20.1640 -10.2011 11.1093 
67490 -20.1584 -10.2972 11.2313 
67500 -20.1626 -10.3038 11.2557 
67510 -20.1693 -10.2095 11.1671 
67520 -20.1744 -10.0256 10.9742 
67530 -20.1839 -9.7942 10.7248 
67540 -20.1994 -9.5673 10.4782 
67550 -20.2227 -9.4133 10.3059 
67560 -20.2472 -9.3683 10.2536 
67570 -20.2641 -9.4455 10.3265 
67580 -20.2653 -9.6077 10.4883 
67590 -20.2466 -9.8010 10.6892 
67600 -20.2154 -9.9855 10.8833 
67610 -20.1804 -10.1327 11.0368 
67620 -20.1517 -10.2239 11.1379 
67630 -20.1336 -10.2429 11.1663 
67640 -20.1247 -10.1825 11.1076 
67650 -20.1245 -10.0424 10.9680 
67660 -20.1342 -9.8582 10.7755 
67670 -20.1536 -9.6825 10.5781 
67680 -20.1769 -9.5539 10.4380 
67690 -20.1969 -9.5009 10.3897 
67700 -20.2080 -9.5452 10.4372 
67710 -20.2038 -9.6676 10.5583 
67720 -20.1830 -9.8255 10.7180 
67730 -20.1497 -9.9805 10.8629 
67740 -20.1157 -10.1037 10.9772 
67750 -20.0885 -10.1762 11.0506 
67760 -20.0709 -10.1988 11.0598 
67770 -20.0583 -10.1483 10.9983 
67780 -20.0533 -10.0320 10.8833 
67790 -20.0599 -9.8913 10.7398 
67800 -20.0753 -9.7599 10.6032 
67810 -20.0962 -9.6593 10.5160 
67820 -20.1129 -9.6182 10.4901 
67830 -20.1250 -9.6504 10.5254 
67840 -20.1322 -9.7321 10.6170 
67850 -20.1355 -9.8357 10.7381 
67860 -20.1388 -9.9317 10.8558 
67870 -20.1428 -9.9998 10.9516 
67880 -20.1488 -10.0270 11.0120 
67890 -20.1547 -10.0046 11.0131 
67900 -20.1616 -9.9372 10.9666 
67910 -20.1687 -9.8368 10.8727 
67920 -20.1760 -9.7344 10.7604 
67930 -20.1836 -9.6451 10.6536 
67940 -20.1927 -9.5913 10.5870 
67950 -20.2005 -9.5833 10.5684 
67960 -20.2040 -9.6181 10.6019 
67970 -20.2036 -9.6882 10.6803 
67980 -20.1953 -9.7756 10.7720 
67990 -20.1815 -9.8605 10.8633 
68000 -20.1674 -9.9275 10.9370 
68010 -20.1546 -9.9639 10.9734 
68020 -20.1469 -9.9619 10.9691 
68030 -20.1464 -9.9187 10.9232 
68040 -20.1525 -9.8493 10.8413 
68050 -20.1657 -9.7778 10.7509 
68060 -20.1818 -9.7276 10.6700 
68070 -20.1947 -9.6960 10.6166 
68080 -20.1997 -9.7011 10.5969 
68090 -20.1979 -9.7497 10.6226 
68100 -20.1883 -9.8448 10.6800 
68110 -20.1722 -9.9473 10.7557 
68120 -20.1498 -10.0315 10.8304 
68130 -20.1283 -10.0912 10.8889 
68140 -20.1104 -10.1443 10.9162 
68150 -20.0975 -10.1417 10.9029 
68161 -20.0938 -10.1032 10.8700 
68170 -20.0907 -10.0503 10.8050 
68180 -20.0899 -9.9775 10.7393 
68190 -20.0926 -9.9337 10.6955 
68200 -20.0937 -9.8934 10.6737 
68210 -20.0959 -9.8915 10.6781 
68220 -20.0982 -9.8872 10.7048 
68230 -20.0997 -9.9106 10.7643 
68240 -20.1002 -9.9471 10.8219 
68250 -20.0997 -9.9893 10.8653 
68261 -20.1020 -10.0248 10.9062 
68270 -20.0993 -10.0408 10.9148 
68280 -20.0960 -10.0256 10.9074 
68290 -20.0856 -9.9723 10.8576 
68300 -20.0763 -9.9401 10.7959 
68310 -20.0608 -9.9027 10.7251 
68320 -20.0433 -9.8800 10.6747 
68330 -20.0195 -9.8790 10.6278 
68340 -19.9948 -9.9129 10.6149 
68350 -19.9603 -9.9537 10.6230 
68361 -19.9256 -10.0060 10.6736 
68370 -19.8801 -10.0612 10.7114 
68380 -19.8362 -10.1127 10.7514 
68390 -19.7948 -10.1279 10.7786 
68400 -19.7593 -10.1377 10.7931 
68410 -19.7285 -10.1064 10.7943 
68420 -19.7044 -10.0532 10.7728 
68430 -19.6948 -10.0018 10.7371 
68440 -19.6978 -9.9639 10.6981 
68450 -19.7121 -9.9187 10.6768 
68461 -19.7345 -9.8914 10.6766 
68470 -19.7554 -9.8923 10.6732 
68481 -19.7709 -9.9146 10.6882 
68490 -19.7804 -9.9512 10.7063 
68500 -19.7885 -9.9723 10.7422 
68510 -19.7855 -9.9668 10.7643 
68520 -19.7825 -9.9700 10.7904 
68531 -19.7695 -9.9706 10.7863 
68540 -19.7574 -9.9655 10.7773 
68550 -19.7375 -9.9554 10.7398 
68561 -19.7152 -9.9458 10.7112 
68571 -19.6856 -9.9319 10.6714 
68581 -19.6567 -9.9214 10.6484 
68591 -19.6226 -9.9391 10.6358 
68600 -19.5868 -9.9537 10.6395 
68610 -19.5478 -9.9835 10.6557 
68621 -19.5100 -10.0072 10.6747 
68631 -19.4734 -10.0337 10.6840 
68641 -19.4405 -10.0486 10.6981 
68650 -19.4094 -10.0517 10.7057 
68661 -19.3846 -10.0384 10.7101 
68671 -19.3596 -10.0157 10.6961 
68681 -19.3405 -9.9834 10.6864 
68690 -19.3215 -9.9469 10.6725 
68701 -19.3104 -9.9272 10.6601 
68711 -19.3003 -9.9114 10.6470 
68721 -19.2982 -9.9077 10.6487 
68731 -19.2984 -9.9120 10.6535 
68741 -19.3034 -9.9178 10.6688 
68751 -19.3091 -9.9169 10.6849 
68761 -19.3185 -9.9149 10.7097 
68771 -19.3252 -9.9115 10.7236 
68781 -19.3300 -9.8984 10.7353 
68791 -19.3313 -9.8843 10.7335 
68801 -19.3313 -9.8655 10.7277 
68811 -19.3271 -9.8416 10.7147 
68821 -19.3254 -9.8246 10.7072 
68831 -19.3235 -9.8108 10.6969 
68841 -19.3247 -9.8072 10.6991 
68851 -19.3273 -9.8163 10.6991 
68861 -19.3313 -9.8247 10.6986 
68871 -19.3338 -9.8349 10.7010 
68881 -19.3369 -9.8479 10.7065 
68891 -19.3395 -9.8538 10.7200 
68901 -19.3386 -9.8561 10.7358 
68911 -19.3344 -9.8492 10.7400 
68921 -19.3282 -9.8454 10.7340 
68931 -19.3226 -9.8341 10.7155 
68941 -19.3227 -9.8229 10.7045 
68951 -19.3275 -9.8195 10.6926 
68961 -19.3330 -9.8138 10.6851 
68971 -19.3402 -9.8160 10.6847 
68981 -19.3446 -9.8129 10.6880 
68991 -19.3451 -9.8133 10.7013 
69001 -19.3398 -9.8177 10.7053 
69011 -19.3334 -9.8280 10.7096 
69021 -19.3265 -9.8380 10.7150 
69031 -19.3224 -9.8415 10.7176 
69041 -19.3219 -9.8428 10.7182 
69051 -19.3233 -9.8375 10.7094 
69061 -19.3281 -9.8249 10.6993 
69071 -19.3345 -9.8171 10.6990 
69081 -19.3378 -9.8067 10.6929 
69091 -19.3405 -9.8062 10.6978 
69101 -19.3359 -9.8069 10.6858 
69111 -19.3280 -9.8127 10.6765 
69121 -19.3232 -9.8223 10.6846 
69131 -19.3204 -9.8263 10.6960 
69141 -19.3195 -9.8300 10.7066 
69151 -19.3192 -9.8302 10.7052 
69161 -19.3231 -9.8299 10.7054 
69171 -19.3288 -9.8241 10.7076 
69181 -19.3333 -9.8144 10.7034 
69191 -19.3352 -9.8099 10.6984 
69201 -19.3334 -9.8022 10.6898 
69211 -19.3304 -9.7990 10.6820 
69221 -19.3278 -9.7949 10.6862 
69231 -19.3246 -9.7964 10.6917 
69241 -19.3227 -9.8032 10.6993 
69251 -19.3241 -9.8085 10.7055 
69261 -19.3265 -9.8136 10.7057 
69271 -19.3308 -9.8144 10.7106 
69281 -19.3352 -9.8139 10.7170 
69291 -19.3368 -9.8057 10.7151 
69301 -19.3363 -9.7984 10.7057 
69311 -19.3327 -9.7961 10.6861 
69321 -19.3312 -9.7845 10.6820 
69331 -19.3291 -9.7736 10.6791 
69341 -19.3279 -9.7664 10.6780 
69351 -19.3289 -9.7693 10.6837 
69361 -19.3289 -9.7759 10.6854 
69371 -19.3325 -9.7824 10.7039 
69381 -19.3340 -9.7879 10.7114 
69391 -19.3348 -9.7901 10.7127 
69401 -19.3352 -9.7891 10.7110 
69411 -19.3374 -9.7882 10.7069 
69421 -19.3422 -9.7947 10.7216 
69431 -19.3472 -9.8097 10.7410 
69441 -19.3498 -9.8306 10.7627 
69451 -19.3499 -9.8480 10.7884 
69462 -19.3462 -9.8549 10.7987 
69471 -19.3410 -9.8647 10.8045 
69481 -19.3338 -9.8731 10.8019 
69491 -19.3262 -9.8798 10.8013 
69501 -19.3193 -9.8779 10.8010 
69511 -19.3144 -9.8620 10.7944 
69521 -19.3126 -9.8539 10.7799 
69531 -19.3189 -9.8479 10.7634 
69541 -19.3295 -9.8230 10.7453 
69551 -19.3373 -9.7897 10.7265 
69562 -19.3358 -9.7578 10.7079 
69571 -19.3246 -9.7479 10.6967 
69581 -19.3079 -9.7688 10.7044 
69591 -19.2897 -9.8106 10.7275 
69601 -19.2765 -9.8631 10.7659 
69611 -19.2695 -9.9133 10.8131 
69621 -19.2691 -9.9482 10.8503 
69631 -19.2749 -9.9638 10.8840 
69641 -19.2806 -9.9654 10.9040 
69651 -19.2823 -9.9609 10.9078 
69662 -19.2780 -9.9533 10.8904 
69671 -19.2692 -9.9383 10.8618 
69681 -19.2604 -9.9246 10.8410 
69691 -19.2541 -9.9160 10.8308 
69701 -19.2556 -9.9314 10.8485 
69711 -19.2642 -9.9589 10.8845 
69721 -19.2802 -9.9880 10.9276 
69731 -19.3023 -10.0084 10.9652 
69741 -19.3225 -10.0214 10.9873 
69751 -19.3391 -10.0227 10.9849 
69762 -19.3461 -9.9720 10.9297 
69771 -19.3470 -9.8829 10.8393 
69781 -19.3458 -9.7872 10.7447 
69791 -19.3443 -9.7132 10.6740 
69801 -19.3413 -9.6758 10.6323 
69811 -19.3399 -9.6655 10.6262 
69821 -19.3407 -9.6897 10.6462 
69831 -19.3436 -9.7409 10.6959 
69841 -19.3488 -9.8086 10.7606 
69851 -19.3542 -9.8712 10.8290 
69862 -19.3567 -9.9131 10.8747 
69871 -19.3560 -9.9216 10.8932 
69882 -19.3523 -9.8954 10.8750 
69891 -19.3475 -9.8490 10.8307 
69901 -19.3448 -9.7974 10.7791 
69911 -19.3410 -9.7559 10.7331 
69921 -19.3323 -9.7375 10.7040 
69932 -19.3187 -9.7368 10.6915 
69942 -19.3022 -9.7462 10.6847 
69951 -19.2889 -9.7539 10.6820 
69962 -19.2837 -9.7459 10.6713 
69971 -19.2894 -9.7116 10.6473 
69982 -19.2999 -9.6597 10.6035 
69992 -19.3155 -9.5874 10.5378 
70002 -19.3354 -9.5000 10.4482 
70011 -19.3577 -9.3857 10.3275 
70022 -19.3772 -9.2349 10.1685 
70032 -19.3825 -9.0361 9.9565 
70042 -19.3653 -8.7734 9.6708 
70052 -19.3172 -8.4297 9.2940 
70062 -19.2492 -8.0402 8.8573 
70072 -19.1733 -7.7123 8.4183 
70082 -19.0772 -7.4487 8.1502 
70092 -18.8925 -7.6712 8.3462 
70102 -18.8342 -8.5996 9.0016 
70112 -18.9053 -9.6221 10.0701 
70122 -19.0611 -10.6490 11.2535 
70132 -19.2258 -11.4323 12.1905 
70142 -19.3398 -11.8390 12.6964 
70152 -19.3420 -11.6891 12.6748 
70162 -19.2601 -11.1533 12.1567 
70172 -19.1335 -10.4081 11.3085 
70182 -19.0167 -9.6270 10.4180 
70192 -18.9387 -8.9475 9.5840 
70202 -18.9253 -8.4639 8.9430 
70212 -18.9604 -8.1964 8.5816 
70222 -19.0647 -8.2775 8.7361 
70232 -19.2170 -8.7579 9.3364 
70242 -19.3748 -9.5526 10.2492 
70252 -19.4709 -10.3684 11.1960 
70262 -19.4789 -11.0403 11.9746 
70272 -19.3731 -11.4264 12.3423 
70282 -19.2095 -11.4488 12.2889 
70292 -19.0351 -11.0525 11.8061 
70302 -18.9363 -10.4272 11.0944 
70312 -18.9369 -9.7295 10.3421 
70322 -19.0429 -9.1134 9.7555 
70332 -19.2009 -8.6455 9.3590 
70342 -19.3610 -8.4110 9.1856 
70352 -19.4913 -8.4771 9.2834 
70362 -19.5640 -8.8877 9.6847 
70372 -19.5511 -9.5308 10.3213 
70382 -19.4526 -10.2251 11.0355 
70392 -19.2921 -10.8084 11.6277 
70402 -19.1069 -11.1617 11.9731 
70412 -18.9601 -11.1779 12.0056 
70422 -18.8930 -10.8414 11.6969 
70432 -18.9298 -10.2850 11.1597 
70442 -19.0543 -9.6821 10.5685 
70452 -19.2395 -9.1746 10.0683 
70462 -19.4123 -8.8104 9.7018 
70472 -19.5241 -8.6586 9.5110 
70482 -19.5455 -8.7246 9.5195 
70492 -19.4872 -9.0359 9.7809 
70502 -19.3688 -9.5154 10.2682 
70512 -19.2265 -10.0666 10.8688 
70522 -19.0895 -10.5604 11.4057 
70532 -18.9913 -10.9010 11.7681 
70542 -18.9522 -10.9688 11.8520 
70552 -18.9831 -10.7344 11.6357 
70562 -19.0740 -10.2972 11.1906 
70572 -19.2066 -9.8042 10.6961 
70582 -19.3401 -9.3569 10.2470 
70592 -19.4285 -9.0240 9.8961 
70602 -19.4462 -8.8398 9.6857 
70612 -19.3953 -8.8538 9.6494 
70622 -19.3085 -9.0817 9.8340 
70632 -19.2138 -9.4792 10.2260 
70642 -19.1402 -9.9604 10.7457 
70652 -19.0948 -10.4121 11.2335 
70662 -19.0775 -10.7195 11.5850 
70672 -19.0882 -10.8091 11.7122 
70682 -19.1206 -10.6500 11.5799 
70692 -19.1638 -10.2973 11.2432 
70702 -19.2174 -9.8872 10.8123 
70712 -19.2677 -9.4942 10.3809 
70722 -19.2964 -9.1707 10.0323 
70732 -19.3014 -8.9839 9.7996 
70742 -19.2873 -8.9697 9.7461 
70752 -19.2644 -9.1319 9.9041 
70762 -19.2451 -9.4587 10.2475 
70772 -19.2276 -9.8704 10.6929 
70782 -19.2065 -10.2502 11.1251 
70792 -19.1793 -10.5262 11.4246 
70802 -19.1476 -10.6388 11.5433 
70812 -19.1226 -10.5658 11.4685 
70822 -19.1105 -10.3231 11.2135 
70832 -19.1217 -9.9864 10.8551 
70842 -19.1599 -9.6265 10.4780 
70852 -19.2155 -9.3128 10.1494 
70862 -19.2736 -9.1114 9.9397 
70872 -19.3193 -9.0653 9.8901 
70882 -19.3415 -9.1945 10.0169 
70892 -19.3312 -9.4673 10.2894 
70902 -19.2886 -9.8066 10.6397 
70912 -19.2214 -10.1337 10.9718 
70922 -19.1469 -10.3706 11.2196 
70932 -19.0870 -10.4804 11.3458 
70942 -19.0561 -10.4561 11.3353 
70952 -19.0608 -10.2933 11.1841 
70963 -19.0982 -10.0261 10.9299 
70972 -19.1646 -9.7189 10.6209 
70982 -19.2422 -9.4311 10.3209 
70992 -19.3117 -9.2259 10.1070 
71002 -19.3572 -9.1617 10.0327 
71012 -19.3650 -9.2576 10.1107 
71022 -19.3285 -9.4726 10.3172 
71032 -19.2589 -9.7493 10.5859 
71042 -19.1755 -10.0146 10.8530 
71052 -19.1042 -10.2136 11.0730 
71063 -19.0651 -10.3253 11.2047 
71072 -19.0677 -10.3376 11.2381 
71082 -19.1017 -10.2409 11.1585 
71092 -19.1546 -10.0488 10.9778 
71102 -19.2119 -9.7984 10.7163 
71112 -19.2631 -9.5365 10.4430 
71122 -19.3008 -9.3339 10.2316 
71132 -19.3159 -9.2543 10.1378 
71142 -19.3061 -9.3149 10.1840 
71152 -19.2721 -9.4873 10.3452 
71163 -19.2206 -9.7122 10.5638 
71172 -19.1670 -9.9280 10.7854 
71182 -19.1294 -10.1017 10.9745 
71193 -19.1168 -10.2085 11.1041 
71202 -19.1304 -10.2379 11.1572 
71212 -19.1587 -10.1826 11.1153 
71222 -19.1868 -10.0452 10.9731 
71232 -19.2077 -9.8390 10.7525 
71242 -19.2222 -9.6146 10.5049 
71252 -19.2368 -9.4345 10.3057 
71263 -19.2496 -9.3465 10.2161 
71273 -19.2580 -9.3824 10.2478 
71283 -19.2561 -9.5185 10.3838 
71292 -19.2396 -9.6975 10.5685 
71302 -19.2130 -9.8727 10.7506 
71313 -19.1871 -10.0181 10.9042 
71322 -19.1689 -10.1130 11.0120 
71333 -19.1627 -10.1459 11.0582 
71342 -19.1637 -10.1149 11.0294 
71353 -19.1684 -10.0087 10.9263 
71363 -19.1755 -9.8413 10.7513 
71373 -19.1901 -9.6577 10.5535 
71383 -19.2154 -9.5045 10.3931 
71393 -19.2451 -9.4271 10.3167 
71403 -19.2718 -9.4514 10.3436 
71413 -19.2824 -9.5560 10.4508 
71423 -19.2700 -9.6994 10.5923 
71433 -19.2396 -9.8416 10.7362 
71443 -19.2012 -9.9586 10.8555 
71453 -19.1692 -10.0367 10.9420 
71463 -19.1510 -10.0702 10.9803 
71473 -19.1486 -10.0512 10.9690 
71483 -19.1575 -9.9695 10.8896 
71493 -19.1765 -9.8369 10.7532 
71503 -19.2039 -9.6865 10.5957 
71513 -19.2361 -9.5644 10.4678 
71523 -19.2655 -9.5004 10.4077 
71533 -19.2815 -9.5151 10.4219 
71543 -19.2782 -9.5953 10.4949 
71553 -19.2535 -9.7078 10.6017 
71563 -19.2171 -9.8193 10.7130 
71573 -19.1814 -9.9154 10.8083 
71583 -19.1589 -9.9817 10.8840 
71593 -19.1532 -10.0120 10.9283 
71603 -19.1635 -10.0000 10.9275 
71613 -19.1817 -9.9356 10.8711 
71623 -19.2015 -9.8267 10.7640 
71633 -19.2220 -9.7087 10.6332 
71643 -19.2417 -9.6095 10.5315 
71653 -19.2547 -9.5604 10.4806 
71663 -19.2580 -9.5743 10.4896 
71673 -19.2494 -9.6341 10.5486 
71683 -19.2306 -9.7172 10.6341 
71693 -19.2085 -9.8082 10.7235 
71703 -19.1910 -9.8891 10.8044 
71713 -19.1821 -9.9489 10.8698 
71723 -19.1811 -9.9728 10.9063 
71733 -19.1859 -9.9578 10.9027 
71743 -19.1907 -9.8991 10.8525 
71753 -19.1967 -9.8096 10.7646 
71763 -19.2037 -9.7137 10.6591 
71773 -19.2137 -9.6389 10.5742 
71783 -19.2242 -9.6007 10.5321 
71793 -19.2306 -9.6115 10.5379 
71803 -19.2308 -9.6576 10.5891 
71813 -19.2208 -9.7255 10.6618 
71823 -19.2039 -9.7945 10.7366 
71833 -19.1821 -9.8582 10.8068 
71843 -19.1614 -9.9050 10.8626 
71853 -19.1435 -9.9276 10.8889 
71863 -19.1313 -9.9214 10.8761 
71873 -19.1269 -9.8806 10.8201 
71883 -19.1316 -9.8076 10.7393 
71893 -19.1453 -9.7323 10.6569 
71903 -19.1620 -9.6759 10.5922 
71913 -19.1723 -9.6480 10.5537 
71923 -19.1687 -9.6519 10.5551 
71933 -19.1507 -9.6914 10.5805 
71943 -19.1234 -9.7535 10.6117 
71953 -19.0959 -9.8152 10.6552 
71963 -19.0751 -9.8695 10.7081 
71973 -19.0675 -9.9168 10.7601 
71983 -19.0728 -9.9376 10.7958 
71993 -19.0860 -9.9280 10.8056 
72003 -19.1002 -9.8887 10.7751 
72013 -19.1126 -9.8276 10.7136 
72023 -19.1197 -9.7654 10.6443 
72033 -19.1239 -9.7213 10.5883 
72043 -19.1217 -9.6984 10.5576 
72053 -19.1156 -9.6996 10.5589 
72063 -19.1050 -9.7248 10.5815 
72073 -19.0962 -9.7634 10.6245 
72083 -19.0915 -9.8106 10.6742 
72093 -19.0919 -9.8591 10.7236 
72103 -19.0959 -9.8982 10.7621 
72113 -19.1006 -9.9175 10.7823 
72123 -19.1032 -9.9114 10.7757 
72133 -19.1022 -9.8775 10.7408 
72143 -19.0988 -9.8231 10.6887 
72153 -19.0972 -9.7723 10.6361 
72164 -19.0978 -9.7347 10.5961 
72173 -19.1015 -9.7194 10.5811 
72183 -19.1061 -9.7261 10.5840 
72193 -19.1095 -9.7564 10.6061 
72203 -19.1103 -9.7938 10.6439 
72213 -19.1069 -9.8362 10.6858 
72223 -19.1025 -9.8718 10.7280 
72233 -19.0965 -9.8944 10.7599 
72243 -19.0900 -9.8998 10.7694 
72253 -19.0841 -9.8884 10.7526 
72264 -19.0808 -9.8599 10.7149 
72273 -19.0834 -9.8229 10.6713 
72283 -19.0911 -9.7908 10.6315 
72293 -19.1015 -9.7645 10.6094 
72303 -19.1099 -9.7557 10.6025 
72313 -19.1131 -9.7620 10.6123 
72323 -19.1091 -9.7866 10.6316 
72333 -19.1001 -9.8196 10.6589 
72343 -19.0900 -9.8558 10.6885 
72353 -19.0801 -9.8822 10.7144 
72364 -19.0738 -9.8979 10.7308 
72373 -19.0736 -9.8948 10.7357 
72383 -19.0782 -9.8739 10.7203 
72393 -19.0862 -9.8443 10.6918 
72403 -19.0943 -9.8132 10.6584 
72413 -19.1008 -9.7831 10.6293 
72423 -19.1050 -9.7663 10.6111 
72433 -19.1041 -9.7641 10.6048 
72443 -19.0990 -9.7757 10.6140 
72453 -19.0917 -9.7960 10.6360 
72464 -19.0847 -9.8216 10.6624 
72473 -19.0794 -9.8482 10.6880 
72483 -19.0781 -9.8717 10.7109 
72493 -19.0809 -9.8829 10.7214 
72503 -19.0854 -9.8789 10.7183 
72513 -19.0880 -9.8598 10.6987 
72523 -19.0902 -9.8337 10.6714 
72533 -19.0911 -9.8061 10.6445 
72543 -19.0903 -9.7856 10.6233 
72553 -19.0893 -9.7787 10.6151 
72564 -19.0864 -9.7847 10.6172 
72573 -19.0852 -9.8003 10.6314 
72584 -19.0843 -9.8223 10.6512 
72593 -19.0833 -9.8441 10.6738 
72603 -19.0832 -9.8610 10.6955 
72613 -19.0832 -9.8692 10.7094 
72623 -19.0826 -9.8682 10.7114 
72634 -19.0814 -9.8579 10.6991 
72644 -19.0810 -9.8408 10.6808 
72653 -19.0798 -9.8192 10.6564 
72664 -19.0804 -9.7995 10.6378 
72673 -19.0824 -9.7859 10.6288 
72684 -19.0841 -9.7811 10.6284 
72694 -19.0861 -9.7868 10.6390 
72704 -19.0867 -9.8012 10.6557 
72714 -19.0849 -9.8207 10.6769 
72723 -19.0820 -9.8439 10.6953 
72734 -19.0791 -9.8577 10.7073 
72744 -19.0758 -9.8641 10.7147 
72754 -19.0734 -9.8594 10.7101 
72764 -19.0725 -9.8437 10.6972 
72773 -19.0739 -9.8244 10.6780 
72784 -19.0778 -9.8045 10.6612 
72794 -19.0821 -9.7891 10.6486 
72804 -19.0857 -9.7820 10.6431 
72814 -19.0875 -9.7860 10.6481 
72824 -19.0864 -9.7973 10.6576 
72834 -19.0838 -9.8119 10.6736 
72844 -19.0813 -9.8264 10.6897 
72854 -19.0768 -9.8412 10.6996 
72864 -19.0737 -9.8505 10.7056 
72874 -19.0736 -9.8522 10.7048 
72884 -19.0746 -9.8473 10.6991 
72894 -19.0766 -9.8294 10.6844 
72904 -19.0804 -9.8114 10.6669 
72914 -19.0832 -9.7973 10.6512 
72924 -19.0852 -9.7894 10.6446 
72934 -19.0855 -9.7890 10.6440 
72944 -19.0842 -9.7972 10.6508 
72954 -19.0807 -9.8110 10.6621 
72964 -19.0777 -9.8249 10.6756 
72974 -19.0765 -9.8350 10.6883 
72984 -19.0758 -9.8437 10.6971 
72994 -19.0779 -9.8413 10.6991 
73004 -19.0797 -9.8339 10.6929 
73014 -19.0804 -9.8188 10.6796 
73024 -19.0782 -9.7967 10.6578 
73034 -19.0751 -9.7768 10.6336 
73044 -19.0722 -9.7610 10.6135 
73054 -19.0692 -9.7535 10.6040 
73064 -19.0651 -9.7534 10.6068 
73074 -19.0655 -9.7651 10.6180 
73084 -19.0698 -9.7838 10.6395 
73094 -19.0786 -9.8148 10.6749 
73104 -19.0878 -9.8442 10.7088 
73114 -19.0921 -9.8632 10.7312 
73124 -19.0887 -9.8635 10.7341 
73134 -19.0789 -9.8481 10.7123 
73144 -19.0680 -9.8252 10.6787 
73154 -19.0594 -9.7969 10.6458 
73164 -19.0589 -9.7763 10.6224 
73174 -19.0644 -9.7618 10.6128 
73184 -19.0723 -9.7575 10.6118 
73194 -19.0787 -9.7618 10.6197 
73204 -19.0826 -9.7786 10.6314 
73214 -19.0820 -9.7959 10.6468 
73224 -19.0800 -9.8157 10.6668 
73234 -19.0755 -9.8278 10.6834 
73244 -19.0690 -9.8319 10.6900 
73254 -19.0639 -9.8307 10.6902 
73264 -19.0623 -9.8202 10.6846 
73274 -19.0648 -9.8071 10.6744 
73284 -19.0710 -9.7944 10.6618 
73294 -19.0786 -9.7859 10.6528 
73304 -19.0841 -9.7771 10.6455 
73314 -19.0859 -9.7752 10.6450 
73324 -19.0845 -9.7770 10.6523 
73334 -19.0790 -9.7842 10.6595 
73344 -19.0731 -9.7979 10.6701 
73354 -19.0678 -9.8100 10.6806 
73364 -19.0661 -9.8183 10.6908 
73374 -19.0665 -9.8229 10.6935 
73384 -19.0687 -9.8176 10.6888 
73394 -19.0709 -9.8067 10.6767 
73404 -19.0727 -9.7919 10.6617 
73414 -19.0716 -9.7770 10.6432 
73424 -19.0694 -9.7625 10.6240 
73434 -19.0671 -9.7521 10.6071 
73444 -19.0662 -9.7475 10.6008 
73454 -19.0682 -9.7488 10.6043 
73464 -19.0720 -9.7567 10.6167 
73474 -19.0781 -9.7717 10.6375 
73484 -19.0813 -9.7872 10.6563 
73494 -19.0823 -9.8022 10.6730 
73504 -19.0810 -9.8175 10.6809 
73514 -19.0771 -9.8266 10.6836 
73524 -19.0711 -9.8288 10.6831 
73534 -19.0653 -9.8225 10.6800 
73544 -19.0610 -9.8157 10.6746 
73554 -19.0594 -9.8066 10.6683 
73564 -19.0612 -9.7979 10.6569 
73574 -19.0665 -9.7890 10.6462 
73584 -19.0744 -9.7842 10.6424 
73594 -19.0814 -9.7840 10.6456 
73604 -19.0836 -9.7889 10.6510 
73614 -19.0824 -9.7972 10.6588 
73624 -19.0748 -9.8060 10.6636 
73634 -19.0662 -9.8140 10.6691 
73644 -19.0596 -9.8190 10.6698 
73654 -19.0578 -9.8164 10.6685 
73665 -19.0593 -9.8147 10.6658 
73674 -19.0650 -9.8077 10.6612 
73684 -19.0714 -9.7976 10.6550 
73694 -19.0776 -9.7878 10.6465 
73704 -19.0807 -9.7833 10.6422 
73714 -19.0794 -9.7847 10.6389 
73724 -19.0745 -9.7898 10.6409 
73734 -19.0686 -9.7972 10.6466 
73744 -19.0632 -9.8062 10.6546 
73754 -19.0603 -9.8106 10.6600 
73765 -19.0619 -9.8131 10.6668 
73774 -19.0677 -9.8129 10.6716 
73784 -19.0741 -9.8138 10.6741 
73794 -19.0779 -9.8108 10.6707 
73804 -19.0793 -9.8040 10.6628 
73814 -19.0773 -9.7965 10.6552 
73824 -19.0727 -9.7911 10.6497 
73834 -19.0675 -9.7872 10.6443 
73844 -19.0646 -9.7903 10.6455 
73854 -19.0642 -9.7950 10.6515 
73865 -19.0652 -9.8027 10.6579 
73874 -19.0695 -9.8096 10.6669 
73884 -19.0741 -9.8151 10.6724 
73894 -19.0767 -9.8147 10.6740 
73904 -19.0781 -9.8123 10.6760 
73914 -19.0768 -9.8078 10.6729 
73925 -19.0726 -9.8027 10.6676 
73934 -19.0683 -9.7965 10.6587 
73944 -19.0645 -9.7939 10.6505 
73954 -19.0641 -9.7938 10.6496 
73965 -19.0666 -9.7956 10.6532 
73975 -19.0717 -9.8006 10.6587 
73985 -19.0752 -9.8039 10.6650 
73995 -19.0784 -9.8076 10.6729 
74004 -19.0788 -9.8127 10.6728 
74014 -19.0757 -9.8136 10.6721 
74025 -19.0707 -9.8141 10.6675 
74035 -19.0682 -9.8107 10.6650 
74045 -19.0665 -9.8007 10.6548 
74055 -19.0675 -9.7878 10.6431 
74065 -19.0719 -9.7760 10.6325 
74075 -19.0784 -9.7632 10.6215 
74085 -19.0832 -9.7497 10.6043 
74095 -19.0872 -9.7354 10.5891 
74105 -19.0886 -9.7226 10.5727 
74114 -19.0903 -9.7110 10.5582 
74125 -19.0919 -9.7011 10.5487 
74135 -19.0931 -9.6935 10.5461 
74145 -19.0936 -9.6964 10.5479 
74155 -19.0921 -9.6961 10.5383 
74165 -19.0906 -9.6955 10.5347 
74175 -19.0881 -9.6978 10.5326 
74185 -19.0867 -9.6878 10.5256 
74195 -19.0858 -9.6838 10.5156 
74205 -19.0817 -9.6682 10.4933 
74215 -19.0800 -9.6477 10.4803 
74225 -19.0786 -9.6278 10.4617 
74235 -19.0764 -9.6034 10.4361 
74245 -19.0753 -9.5885 10.4106 
74255 -19.0764 -9.5700 10.3844 
74265 -19.0804 -9.5475 10.3701 
74275 -19.0844 -9.5213 10.3403 
74285 -19.0893 -9.4871 10.3037 
74295 -19.0932 -9.4494 10.2598 
74305 -19.0983 -9.3962 10.2096 
74315 -19.1034 -9.3412 10.1579 
74325 -19.1062 -9.2791 10.0954 
74335 -19.1131 -9.2119 10.0242 
74345 -19.1342 -9.1605 9.9703 
74355 -19.1650 -9.0804 9.9057 
74365 -19.2080 -8.9911 9.8433 
74375 -19.2629 -8.8545 9.7575 
74385 -19.3366 -8.7270 9.6903 
74395 -19.4100 -8.5897 9.6181 
74405 -19.4959 -8.4472 9.5678 
74415 -19.5795 -8.3224 9.4990 
74425 -19.6630 -8.2237 9.4398 
74435 -19.7349 -8.1195 9.3656 
74445 -19.8041 -8.0307 9.2991 
74455 -19.8676 -7.9531 9.2252 
74465 -19.9352 -7.8870 9.1874 
74475 -20.0044 -7.8348 9.1830 
74485 -20.0671 -7.8073 9.2127 
74495 -20.1049 -7.7600 9.2255 
74505 -20.1129 -7.7357 9.2258 
74515 -20.0831 -7.7306 9.2041 
74525 -20.0166 -7.7663 9.1928 
74535 -19.9602 -7.9935 9.2457 
74545 -20.0089 -8.5609 9.6782 
74555 -20.1192 -9.3339 10.4220 
74565 -20.2634 -10.1016 11.2535 
74575 -20.4097 -10.7310 11.9845 
74585 -20.4883 -11.1728 12.3535 
74595 -20.4864 -11.2788 12.3140 
74605 -20.3963 -11.0306 11.9248 
74615 -20.2463 -10.4706 11.3728 
74625 -20.0916 -9.7395 10.7479 
74635 -19.9873 -9.1392 10.0813 
74645 -19.9545 -8.6998 9.5666 
74655 -19.9642 -8.5165 9.4037 
74665 -19.9886 -8.5847 9.5426 
74675 -20.0367 -8.9457 9.9740 
74685 -20.0999 -9.4985 10.5513 
74695 -20.1699 -10.1328 11.1211 
74705 -20.2094 -10.6028 11.6120 
74715 -20.2049 -10.8819 11.9754 
74725 -20.1446 -10.9501 12.0149 
74735 -20.0259 -10.7168 11.7654 
74745 -19.8759 -10.2385 11.3186 
74755 -19.7805 -9.7666 10.7798 
74766 -19.7648 -9.3503 10.2714 
74775 -19.7877 -9.0268 9.9387 
74785 -19.8290 -8.8350 9.8099 
74795 -19.8927 -8.8840 9.8739 
74805 -19.9603 -9.1469 10.1084 
74815 -20.0204 -9.5466 10.4825 
74825 -20.0634 -9.9830 10.9215 
74835 -20.0686 -10.3552 11.3208 
74845 -20.0300 -10.6042 11.5612 
74855 -19.9461 -10.6675 11.6143 
74865 -19.8345 -10.5075 11.4973 
74875 -19.7308 -10.1873 11.2008 
74885 -19.6716 -9.8207 10.7967 
74895 -19.6736 -9.4870 10.4213 
74905 -19.7193 -9.2222 10.1482 
74915 -19.7965 -9.0969 10.0210 
74925 -19.8875 -9.1394 10.0388 
74935 -19.9675 -9.3057 10.1984 
74945 -20.0169 -9.5596 10.4810 
74955 -20.0262 -9.8822 10.8126 
74966 -19.9848 -10.1948 11.1000 
74975 -19.9010 -10.4014 11.2859 
74985 -19.7966 -10.4783 11.3482 
74995 -19.6925 -10.3912 11.2741 
75005 -19.6197 -10.1825 11.0779 
75015 -19.6008 -9.9144 10.7935 
75025 -19.6451 -9.6450 10.5330 
75035 -19.7303 -9.4314 10.3274 
75045 -19.8323 -9.3221 10.2160 
75055 -19.9210 -9.3147 10.1890 
75066 -19.9802 -9.4200 10.2728 
75075 -19.9977 -9.6022 10.4598 
75085 -19.9704 -9.8414 10.6926 
75095 -19.9025 -10.0804 10.9092 
75105 -19.8118 -10.2467 11.0703 
75115 -19.7226 -10.3224 11.1391 
75125 -19.6551 -10.2811 11.1343 
75135 -19.6253 -10.1502 11.0159 
75145 -19.6424 -9.9557 10.8309 
75155 -19.7025 -9.7449 10.6533 
75166 -19.7863 -9.5756 10.4956 
75175 -19.8677 -9.4829 10.3821 
75185 -19.9229 -9.4482 10.3275 
75195 -19.9488 -9.4935 10.3645 
75205 -19.9376 -9.6150 10.4711 
75215 -19.8951 -9.7926 10.6273 
75225 -19.8312 -9.9639 10.7924 
75235 -19.7631 -10.0986 10.9254 
75245 -19.7136 -10.1736 11.0145 
75255 -19.6894 -10.1774 11.0441 
75266 -19.6946 -10.1056 11.0047 
75275 -19.7242 -9.9933 10.8847 
75285 -19.7699 -9.8362 10.7340 
75296 -19.8185 -9.6867 10.5888 
75305 -19.8587 -9.5862 10.4695 
75315 -19.8748 -9.5335 10.4079 
75325 -19.8683 -9.5494 10.4174 
75335 -19.8442 -9.6318 10.4851 
75346 -19.8071 -9.7543 10.5967 
75356 -19.7706 -9.8839 10.7323 
75366 -19.7460 -10.0083 10.8567 
75376 -19.7366 -10.0916 10.9520 
75385 -19.7426 -10.1146 10.9962 
75396 -19.7607 -10.0826 10.9727 
75405 -19.7826 -9.9933 10.8930 
75416 -19.8016 -9.8716 10.7769 
75426 -19.8149 -9.7500 10.6384 
75436 -19.8215 -9.6502 10.5188 
75446 -19.8209 -9.5909 10.4542 
75455 -19.8170 -9.5938 10.4467 
75466 -19.8097 -9.6541 10.5047 
75476 -19.7997 -9.7477 10.6073 
75486 -19.7911 -9.8578 10.7261 
75496 -19.7841 -9.9610 10.8335 
75506 -19.7794 -10.0337 10.9182 
75516 -19.7776 -10.0688 10.9535 
75526 -19.7769 -10.0567 10.9379 
75536 -19.7748 -9.9912 10.8719 
75546 -19.7750 -9.8912 10.7683 
75556 -19.7797 -9.7810 10.6528 
75566 -19.7892 -9.6850 10.5553 
75576 -19.8022 -9.6304 10.4966 
75586 -19.8165 -9.6288 10.4893 
75596 -19.8251 -9.6741 10.5350 
75606 -19.8255 -9.7561 10.6178 
75616 -19.8158 -9.8473 10.7113 
75626 -19.7982 -9.9303 10.8014 
75636 -19.7796 -9.9956 10.8720 
75646 -19.7634 -10.0282 10.9043 
75656 -19.7528 -10.0185 10.8967 
75666 -19.7515 -9.9700 10.8447 
75676 -19.7612 -9.8903 10.7632 
75686 -19.7789 -9.8004 10.6691 
75696 -19.8012 -9.7232 10.5879 
75706 -19.8211 -9.6752 10.5359 
75716 -19.8324 -9.6651 10.5283 
75726 -19.8325 -9.6968 10.5592 
75736 -19.8194 -9.7613 10.6184 
75746 -19.7976 -9.8364 10.6945 
75756 -19.7749 -9.9107 10.7672 
75766 -19.7572 -9.9715 10.8224 
75776 -19.7492 -9.9996 10.8571 
75786 -19.7535 -9.9959 10.8582 
75796 -19.7656 -9.9586 10.8245 
75806 -19.7814 -9.8908 10.7641 
75816 -19.7972 -9.8137 10.6881 
75826 -19.8098 -9.7500 10.6182 
75836 -19.8157 -9.7094 10.5719 
75846 -19.8128 -9.7015 10.5567 
75856 -19.8046 -9.7271 10.5756 
75866 -19.7924 -9.7746 10.6231 
75876 -19.7808 -9.8342 10.6884 
75886 -19.7718 -9.8954 10.7518 
75896 -19.7693 -9.9426 10.8071 
75906 -19.7715 -9.9665 10.8394 
75916 -19.7768 -9.9670 10.8410 
75926 -19.7818 -9.9345 10.8122 
75936 -19.7849 -9.8813 10.7589 
75946 -19.7878 -9.8205 10.6922 
75956 -19.7900 -9.7650 10.6335 
75966 -19.7918 -9.7286 10.5960 
75976 -19.7941 -9.7204 10.5883 
75986 -19.7959 -9.7383 10.6108 
75996 -19.7952 -9.7782 10.6521 
76006 -19.7934 -9.8306 10.7050 
76016 -19.7895 -9.8818 10.7615 
76026 -19.7847 -9.9203 10.8040 
76036 -19.7797 -9.9399 10.8270 
76046 -19.7736 -9.9351 10.8220 
76056 -19.7688 -9.9065 10.7939 
76066 -19.7682 -9.8650 10.7483 
76076 -19.7716 -9.8136 10.6966 
76086 -19.7799 -9.7699 10.6514 
76096 -19.7909 -9.7446 10.6223 
76106 -19.7996 -9.7378 10.6155 
76116 -19.8034 -9.7530 10.6357 
76126 -19.8020 -9.7867 10.6705 
76136 -19.7940 -9.8288 10.7115 
76146 -19.7828 -9.8689 10.7503 
76156 -19.7712 -9.9042 10.7798 
76167 -19.7624 -9.9207 10.7963 
76176 -19.7582 -9.9167 10.7936 
76186 -19.7608 -9.8931 10.7708 
76196 -19.7688 -9.8558 10.7360 
76206 -19.7791 -9.8142 10.6948 
76216 -19.7900 -9.7814 10.6622 
76226 -19.7974 -9.7598 10.6405 
76236 -19.7983 -9.7554 10.6366 
76246 -19.7943 -9.7690 10.6474 
76256 -19.7859 -9.7978 10.6742 
76267 -19.7770 -9.8295 10.7108 
76276 -19.7692 -9.8637 10.7460 
76286 -19.7656 -9.8887 10.7758 
76296 -19.7657 -9.9006 10.7904 
76306 -19.7694 -9.8952 10.7856 
76316 -19.7752 -9.8751 10.7639 
76326 -19.7812 -9.8446 10.7326 
76336 -19.7858 -9.8133 10.6986 
76346 -19.7873 -9.7865 10.6690 
76356 -19.7871 -9.7734 10.6552 
76367 -19.7849 -9.7708 10.6522 
76376 -19.7809 -9.7852 10.6650 
76386 -19.7787 -9.8068 10.6906 
76396 -19.7791 -9.8361 10.7199 
76406 -19.7792 -9.8618 10.7467 
76416 -19.7795 -9.8782 10.7658 
76426 -19.7808 -9.8844 10.7752 
76436 -19.7807 -9.8779 10.7684 
76446 -19.7797 -9.8570 10.7486 
76456 -19.7791 -9.8301 10.7200 
76467 -19.7786 -9.8059 10.6922 
76476 -19.7802 -9.7838 10.6726 
76486 -19.7828 -9.7765 10.6655 
76496 -19.7868 -9.7809 10.6703 
76506 -19.7884 -9.7966 10.6856 
76516 -19.7899 -9.8210 10.7091 
76526 -19.7883 -9.8461 10.7302 
76536 -19.7854 -9.8661 10.7499 
76546 -19.7812 -9.8785 10.7624 
76556 -19.7768 -9.8800 10.7614 
76567 -19.7748 -9.8722 10.7514 
76576 -19.7746 -9.8524 10.7336 
76586 -19.7766 -9.8298 10.7103 
76596 -19.7819 -9.8092 10.6882 
76606 -19.7866 -9.7957 10.6742 
76616 -19.7912 -9.7913 10.6700 
76626 -19.7926 -9.7977 10.6763 
76636 -19.7901 -9.8124 10.6880 
76646 -19.7866 -9.8325 10.7092 
76657 -19.7815 -9.8510 10.7300 
76667 -19.7776 -9.8650 10.7446 
76676 -19.7760 -9.8706 10.7513 
76686 -19.7759 -9.8685 10.7510 
76696 -19.7779 -9.8557 10.7378 
76707 -19.7808 -9.8408 10.7208 
76717 -19.7854 -9.8203 10.7015 
76726 -19.7894 -9.8040 10.6856 
76737 -19.7914 -9.7967 10.6761 
76746 -19.7907 -9.7975 10.6773 
76757 -19.7876 -9.8072 10.6869 
76767 -19.7839 -9.8224 10.7018 
76777 -19.7809 -9.8396 10.7184 
76786 -19.7797 -9.8544 10.7326 
76796 -19.7797 -9.8622 10.7425 
76807 -19.7817 -9.8626 10.7477 
76817 -19.7847 -9.8585 10.7435 
76827 -19.7861 -9.8473 10.7294 
76837 -19.7878 -9.8295 10.7117 
76846 -19.7883 -9.8142 10.6968 
76857 -19.7886 -9.8033 10.6895 
76867 -19.7871 -9.7965 10.6849 
76877 -19.7840 -9.7949 10.6830 
76887 -19.7831 -9.8010 10.6877 
76897 -19.7840 -9.8168 10.7009 
76907 -19.7857 -9.8363 10.7188 
76917 -19.7866 -9.8494 10.7390 
76927 -19.7855 -9.8508 10.7499 
76937 -19.7844 -9.8409 10.7483 
76947 -19.7810 -9.8286 10.7332 
76957 -19.7805 -9.8177 10.7168 
76967 -19.7816 -9.8134 10.7000 
76977 -19.7841 -9.8104 10.6914 
76987 -19.7862 -9.8062 10.6875 
76997 -19.7881 -9.7981 10.6877 
77007 -19.7890 -9.7942 10.6927 
77017 -19.7900 -9.7971 10.7030 
77027 -19.7906 -9.8118 10.7197 
77037 -19.7901 -9.8275 10.7341 
77047 -19.7883 -9.8419 10.7430 
77057 -19.7850 -9.8484 10.7417 
77067 -19.7825 -9.8386 10.7335 
77077 -19.7825 -9.8241 10.7253 
77087 -19.7852 -9.8090 10.7196 
77097 -19.7873 -9.8005 10.7120 
77107 -19.7900 -9.7978 10.7057 
77117 -19.7912 -9.8008 10.7010 
77127 -19.7910 -9.8057 10.6991 
77137 -19.7891 -9.8071 10.7012 
77147 -19.7868 -9.8137 10.7144 
77157 -19.7855 -9.8226 10.7291 
77167 -19.7844 -9.8291 10.7434 
77177 -19.7835 -9.8329 10.7510 
77187 -19.7814 -9.8333 10.7443 
77197 -19.7816 -9.8255 10.7345 
77207 -19.7831 -9.8194 10.7236 
77217 -19.7853 -9.8114 10.7169 
77227 -19.7871 -9.8040 10.7126 
77237 -19.7879 -9.7974 10.7107 
77247 -19.7870 -9.7942 10.7122 
77257 -19.7849 -9.7977 10.7158 
77267 -19.7816 -9.8062 10.7213 
77277 -19.7800 -9.8188 10.7271 
77287 -19.7792 -9.8286 10.7341 
77297 -19.7794 -9.8337 10.7402 
77307 -19.7814 -9.8311 10.7450 
77317 -19.7830 -9.8233 10.7432 
77327 -19.7832 -9.8156 10.7343 
77337 -19.7824 -9.8059 10.7256 
77347 -19.7809 -9.8010 10.7151 
77357 -19.7792 -9.7984 10.7058 
77367 -19.7784 -9.7980 10.7039 
77377 -19.7782 -9.7976 10.7084 
77387 -19.7789 -9.8019 10.7176 
77397 -19.7797 -9.8083 10.7261 
77407 -19.7813 -9.8161 10.7372 
77417 -19.7807 -9.8194 10.7412 
77427 -19.7797 -9.8211 10.7408 
77437 -19.7785 -9.8193 10.7355 
77447 -19.7776 -9.8161 10.7287 
77457 -19.7773 -9.8118 10.7222 
77467 -19.7775 -9.8041 10.7162 
77477 -19.7787 -9.7977 10.7155 
77487 -19.7789 -9.7952 10.7138 
77497 -19.7790 -9.7964 10.7161 
77507 -19.7796 -9.8054 10.7198 
77517 -19.7803 -9.8148 10.7242 
77527 -19.7804 -9.8225 10.7295 
77537 -19.7805 -9.8279 10.7386 
77547 -19.7802 -9.8273 10.7419 
77557 -19.7794 -9.8244 10.7421 
77567 -19.7786 -9.8155 10.7395 
77577 -19.7792 -9.8128 10.7343 
77587 -19.7807 -9.8066 10.7286 
77597 -19.7817 -9.7995 10.7196 
77607 -19.7837 -9.7985 10.7188 
77617 -19.7854 -9.7993 10.7200 
77627 -19.7869 -9.8026 10.7259 
77637 -19.7860 -9.8053 10.7314 
77647 -19.7846 -9.8089 10.7383 
77657 -19.7827 -9.8150 10.7409 
77668 -19.7814 -9.8192 10.7430 
77677 -19.7807 -9.8193 10.7420 
77687 -19.7804 -9.8161 10.7381 
77697 -19.7819 -9.8066 10.7347 
77707 -19.7840 -9.7986 10.7310 
77717 -19.7852 -9.7924 10.7287 
77727 -19.7860 -9.7906 10.7266 
77737 -19.7857 -9.7910 10.7271 
77747 -19.7846 -9.7967 10.7285 
77757 -19.7839 -9.8017 10.7308 
77768 -19.7834 -9.8073 10.7359 
77777 -19.7831 -9.8111 10.7414 
77787 -19.7834 -9.8123 10.7449 
77797 -19.7841 -9.8134 10.7476 
77807 -19.7842 -9.8108 10.7446 
77817 -19.7840 -9.8083 10.7393 
77827 -19.7839 -9.8042 10.7313 
77837 -19.7838 -9.7988 10.7276 
77847 -19.7834 -9.7975 10.7257 
77857 -19.7832 -9.7961 10.7280 
77868 -19.7826 -9.7972 10.7315 
77877 -19.7825 -9.8019 10.7379 
77887 -19.7831 -9.8077 10.7425 
77897 -19.7833 -9.8127 10.7469 
77907 -19.7839 -9.8165 10.7524 
77917 -19.7841 -9.8173 10.7524 
77927 -19.7836 -9.8146 10.7531 
77937 -19.7831 -9.8122 10.7482 
77947 -19.7831 -9.8056 10.7439 
77957 -19.7819 -9.8018 10.7387 
77968 -19.7811 -9.7991 10.7373 
77978 -19.7821 -9.7994 10.7357 
77987 -19.7818 -9.8046 10.7358 
77997 -19.7823 -9.8083 10.7408 
78007 -19.7814 -9.8125 10.7447 
78017 -19.7810 -9.8177 10.7497 
78027 -19.7795 -9.8174 10.7517 
78038 -19.7797 -9.8160 10.7541 
78048 -19.7793 -9.8163 10.7517 
78057 -19.7780 -9.8159 10.7478 
78068 -19.7780 -9.8190 10.7439 
78077 -19.7777 -9.8166 10.7362 
78088 -19.7779 -9.8125 10.7306 
78098 -19.7784 -9.8071 10.7318 
78108 -19.7782 -9.8080 10.7330 
78117 -19.7793 -9.8134 10.7384 
78127 -19.7796 -9.8194 10.7451 
78138 -19.7789 -9.8236 10.7469 
78148 -19.7789 -9.8266 10.7496 
78158 -19.7782 -9.8294 10.7506 
78168 -19.7779 -9.8303 10.7498 
78177 -19.7785 -9.8273 10.7480 
78188 -19.7789 -9.8234 10.7448 
78198 -19.7790 -9.8198 10.7412 
78208 -19.7788 -9.8190 10.7345 
78218 -19.7783 -9.8199 10.7322 
78228 -19.7766 -9.8212 10.7310 
78238 -19.7754 -9.8209 10.7333 
78248 -19.7744 -9.8241 10.7373 
78258 -19.7738 -9.8287 10.7412 
78268 -19.7728 -9.8317 10.7467 
78278 -19.7732 -9.8353 10.7493 
78288 -19.7733 -9.8332 10.7462 
78298 -19.7740 -9.8307 10.7450 
78308 -19.7739 -9.8264 10.7374 
78318 -19.7744 -9.8219 10.7338 
78328 -19.7736 -9.8183 10.7315 
78338 -19.7733 -9.8154 10.7303 
78348 -19.7730 -9.8169 10.7307 
78358 -19.7721 -9.8183 10.7314 
78368 -19.7708 -9.8230 10.7322 
78378 -19.7705 -9.8254 10.7365 
78388 -19.7706 -9.8282 10.7399 
78398 -19.7703 -9.8263 10.7419 
78408 -19.7718 -9.8263 10.7446 
78418 -19.7721 -9.8247 10.7437 
78428 -19.7719 -9.8220 10.7414 
78438 -19.7718 -9.8186 10.7360 
78448 -19.7706 -9.8178 10.7321 
78458 -19.7707 -9.8191 10.7305 
78468 -19.7706 -9.8196 10.7297 
7