0	81	M81:LOCAL_POSITION_NED.vy	2.807978773944342e-7
86	81	M81:LOCAL_POSITION_NED.vy	1.238211808640699e-7
205	81	M81:LOCAL_POSITION_NED.vy	1.679988912428598e-7
287	81	M81:LOCAL_POSITION_NED.vy	4.257562409293314e-7
410	81	M81:LOCAL_POSITION_NED.vy	1.017619268850467e-7
492	81	M81:LOCAL_POSITION_NED.vy	-3.466318219125242e-7
615	81	M81:LOCAL_POSITION_NED.vy	-2.740398485912010e-7
698	81	M81:LOCAL_POSITION_NED.vy	-2.544912263147125e-7
782	81	M81:LOCAL_POSITION_NED.vy	-3.428951913519995e-7
902	81	M81:LOCAL_POSITION_NED.vy	-4.154066743922158e-7
984	81	M81:LOCAL_POSITION_NED.vy	-4.154066743922158e-7
1107	81	M81:LOCAL_POSITION_NED.vy	3.194271869233489e-8
1189	81	M81:LOCAL_POSITION_NED.vy	4.364997039374430e-7
1312	81	M81:LOCAL_POSITION_NED.vy	1.443567470005291e-7
1394	81	M81:LOCAL_POSITION_NED.vy	1.325067842117278e-7
1517	81	M81:LOCAL_POSITION_NED.vy	4.718376658274792e-7
1599	81	M81:LOCAL_POSITION_NED.vy	2.254611217722413e-7
1681	81	M81:LOCAL_POSITION_NED.vy	-2.038077440147390e-7
1804	81	M81:LOCAL_POSITION_NED.vy	-4.999856173526496e-7
1891	81	M81:LOCAL_POSITION_NED.vy	-3.074631251820392e-7
2009	81	M81:LOCAL_POSITION_NED.vy	-3.074631251820392e-7
2091	81	M81:LOCAL_POSITION_NED.vy	-3.835154700482235e-7
2214	81	M81:LOCAL_POSITION_NED.vy	-4.322611175666680e-7
2296	81	M81:LOCAL_POSITION_NED.vy	-3.192373654314906e-8
2419	81	M81:LOCAL_POSITION_NED.vy	3.891764492891525e-7
2501	81	M81:LOCAL_POSITION_NED.vy	2.888584447191533e-7
2587	81	M81:LOCAL_POSITION_NED.vy	1.573737904436712e-7
2706	81	M81:LOCAL_POSITION_NED.vy	4.646736329050327e-7
2789	81	M81:LOCAL_POSITION_NED.vy	2.517458881357015e-7
2875	81	M81:LOCAL_POSITION_NED.vy	2.517458881357015e-7
2993	81	M81:LOCAL_POSITION_NED.vy	-1.565233844758041e-7
3075	81	M81:LOCAL_POSITION_NED.vy	-5.025334530728287e-7
3198	81	M81:LOCAL_POSITION_NED.vy	-4.438518601546093e-7
3321	81	M81:LOCAL_POSITION_NED.vy	-4.786385829902429e-7
3403	81	M81:LOCAL_POSITION_NED.vy	-4.680557310621225e-7
3485	81	M81:LOCAL_POSITION_NED.vy	-1.224914569775137e-7
3608	81	M81:LOCAL_POSITION_NED.vy	2.771718072835938e-7
3690	81	M81:LOCAL_POSITION_NED.vy	4.603139132086653e-7
3813	81	M81:LOCAL_POSITION_NED.vy	2.058275612171201e-7
3895	81	M81:LOCAL_POSITION_NED.vy	3.443321077156725e-7
3978	81	M81:LOCAL_POSITION_NED.vy	3.624700184445828e-7
4101	81	M81:LOCAL_POSITION_NED.vy	-1.247281833371972e-8
4182	81	M81:LOCAL_POSITION_NED.vy	-1.247281833371972e-8
4305	81	M81:LOCAL_POSITION_NED.vy	-3.897359590609994e-7
4391	81	M81:LOCAL_POSITION_NED.vy	-5.683633617081796e-7
4510	81	M81:LOCAL_POSITION_NED.vy	-5.412863970377657e-7
4592	81	M81:LOCAL_POSITION_NED.vy	-4.969232918483613e-7
4715	81	M81:LOCAL_POSITION_NED.vy	-2.482375691670313e-7
4797	81	M81:LOCAL_POSITION_NED.vy	1.352259033637893e-7
4920	81	M81:LOCAL_POSITION_NED.vy	4.543566376469244e-7
5002	81	M81:LOCAL_POSITION_NED.vy	4.004642448762752e-7
5086	81	M81:LOCAL_POSITION_NED.vy	3.599317608404817e-7
5208	81	M81:LOCAL_POSITION_NED.vy	4.393157269078074e-7
5289	81	M81:LOCAL_POSITION_NED.vy	4.393157269078074e-7
5412	81	M81:LOCAL_POSITION_NED.vy	8.642349058618493e-8
5494	81	M81:LOCAL_POSITION_NED.vy	-2.724254670738446e-7
5576	81	M81:LOCAL_POSITION_NED.vy	-5.560921749747649e-7
5699	81	M81:LOCAL_POSITION_NED.vy	-5.690237685485044e-7
5781	81	M81:LOCAL_POSITION_NED.vy	-5.231472073319310e-7
5904	81	M81:LOCAL_POSITION_NED.vy	-3.085545188241667e-7
5986	81	M81:LOCAL_POSITION_NED.vy	3.057225939073760e-8
6109	81	M81:LOCAL_POSITION_NED.vy	3.648034692105284e-7
6196	81	M81:LOCAL_POSITION_NED.vy	5.116177703712310e-7
6279	81	M81:LOCAL_POSITION_NED.vy	3.598778732794017e-7
6396	81	M81:LOCAL_POSITION_NED.vy	3.598778732794017e-7
6478	81	M81:LOCAL_POSITION_NED.vy	4.636681580905133e-7
6601	81	M81:LOCAL_POSITION_NED.vy	1.626038965696353e-7
6683	81	M81:LOCAL_POSITION_NED.vy	-1.538109728471682e-7
6806	81	M81:LOCAL_POSITION_NED.vy	-4.442455292519298e-7
6891	81	M81:LOCAL_POSITION_NED.vy	-5.692381819244474e-7
7011	81	M81:LOCAL_POSITION_NED.vy	-5.391673880694725e-7
7093	81	M81:LOCAL_POSITION_NED.vy	-4.096479528925556e-7
7216	81	M81:LOCAL_POSITION_NED.vy	-1.257749886462989e-7
7298	81	M81:LOCAL_POSITION_NED.vy	1.976039243345440e-7
7380	81	M81:LOCAL_POSITION_NED.vy	4.567522182696848e-7
7503	81	M81:LOCAL_POSITION_NED.vy	5.218445835453167e-7
7586	81	M81:LOCAL_POSITION_NED.vy	4.912452595817740e-7
7673	81	M81:LOCAL_POSITION_NED.vy	3.042028708932776e-7
7791	81	M81:LOCAL_POSITION_NED.vy	3.504053713854205e-9
7877	81	M81:LOCAL_POSITION_NED.vy	3.504053713854205e-9
8000	81	M81:LOCAL_POSITION_NED.vy	-3.019254961600382e-7
8077	81	M81:LOCAL_POSITION_NED.vy	-4.873412535744137e-7
8200	81	M81:LOCAL_POSITION_NED.vy	-5.407071057561552e-7
8282	81	M81:LOCAL_POSITION_NED.vy	-4.588577553477080e-7
8405	81	M81:LOCAL_POSITION_NED.vy	-2.386130972809042e-7
8487	81	M81:LOCAL_POSITION_NED.vy	5.103008504647732e-8
8610	81	M81:LOCAL_POSITION_NED.vy	3.300252728877240e-7
8695	81	M81:LOCAL_POSITION_NED.vy	4.967488393958774e-7
8815	81	M81:LOCAL_POSITION_NED.vy	5.105744662614597e-7
8897	81	M81:LOCAL_POSITION_NED.vy	3.869185434268729e-7
8980	81	M81:LOCAL_POSITION_NED.vy	1.342685607141902e-7
9103	81	M81:LOCAL_POSITION_NED.vy	-1.392363628838211e-7
9184	81	M81:LOCAL_POSITION_NED.vy	-3.805272399404203e-7
9307	81	M81:LOCAL_POSITION_NED.vy	-4.942797318108205e-7
9391	81	M81:LOCAL_POSITION_NED.vy	-4.553489532099775e-7
9473	81	M81:LOCAL_POSITION_NED.vy	-4.553489532099775e-7
9594	81	M81:LOCAL_POSITION_NED.vy	-3.253516069889884e-7
9676	81	M81:LOCAL_POSITION_NED.vy	-7.394552170580937e-8
9799	81	M81:LOCAL_POSITION_NED.vy	1.972308467657058e-7
9881	81	M81:LOCAL_POSITION_NED.vy	4.047665811413026e-7
10004	81	M81:LOCAL_POSITION_NED.vy	4.853860104958585e-7
10086	81	M81:LOCAL_POSITION_NED.vy	4.186210560419568e-7
10209	81	M81:LOCAL_POSITION_NED.vy	2.090474851002000e-7
10291	81	M81:LOCAL_POSITION_NED.vy	-3.084291222421598e-8
10373	81	M81:LOCAL_POSITION_NED.vy	-2.796536477944755e-7
10501	81	M81:LOCAL_POSITION_NED.vy	-4.237787152305827e-7
10579	81	M81:LOCAL_POSITION_NED.vy	-4.578291168400028e-7
10701	81	M81:LOCAL_POSITION_NED.vy	-3.353141266870807e-7
10783	81	M81:LOCAL_POSITION_NED.vy	-3.353141266870807e-7
10906	81	M81:LOCAL_POSITION_NED.vy	-1.360020434049147e-7
10988	81	M81:LOCAL_POSITION_NED.vy	1.151855926195822e-7
11075	81	M81:LOCAL_POSITION_NED.vy	3.264819383730355e-7
11195	81	M81:LOCAL_POSITION_NED.vy	4.304624496853648e-7
11316	81	M81:LOCAL_POSITION_NED.vy	4.129136357278185e-7
11398	81	M81:LOCAL_POSITION_NED.vy	2.513428114525595e-7
11481	81	M81:LOCAL_POSITION_NED.vy	1.890741430088383e-8
11603	81	M81:LOCAL_POSITION_NED.vy	-2.042546469738227e-7
11686	81	M81:LOCAL_POSITION_NED.vy	-3.731414892627072e-7
11772	81	M81:LOCAL_POSITION_NED.vy	-3.731414892627072e-7
11890	81	M81:LOCAL_POSITION_NED.vy	-4.045547541409178e-7
12013	81	M81:LOCAL_POSITION_NED.vy	-3.348236816691497e-7
12095	81	M81:LOCAL_POSITION_NED.vy	-1.643845308763048e-7
12177	81	M81:LOCAL_POSITION_NED.vy	5.936595925959409e-8
12305	81	M81:LOCAL_POSITION_NED.vy	2.598391404262657e-7
12382	81	M81:LOCAL_POSITION_NED.vy	3.766501208701811e-7
12505	81	M81:LOCAL_POSITION_NED.vy	3.827978218851058e-7
12587	81	M81:LOCAL_POSITION_NED.vy	2.574995789927925e-7
12710	81	M81:LOCAL_POSITION_NED.vy	4.935318642651509e-8
12793	81	M81:LOCAL_POSITION_NED.vy	-1.537806753049153e-7
