201000 0 -202 -202 -17435 999 -1 -1 0 1100000 1100000 1100000 1100000 1498000 1498000 998000 1496000 1998000 997000 -250 -480 15 1566 1279 164 -400 0 
401000 0 -206 -207 -17435 999 -1 -1 0 1100000 1100000 1100000 1100000 1497000 1499000 997000 1496000 1999000 998000 -252 -478 15 1561 1287 163 -400 0 
601000 0 -195 -199 -17437 999 -1 -1 0 1100000 1100000 1100000 1100000 1497000 1499000 997000 1495000 1997000 997000 -249 -476 14 1546 1286 175 -400 0 
801000 0 -201 -189 -17436 999 -1 -1 0 1100000 1100000 1100000 1100000 1497000 1498000 1058000 1497000 1998000 997000 -252 -476 13 1549 1279 178 -400 0 
1001000 0 -204 -179 -17442 999 -1 -1 0 1100000 1100000 1100000 1100000 1497000 1499000 1090000 1495000 1999000 998000 -252 -475 15 1542 1278 172 -324 76 
1201000 0 -207 -169 -17447 999 -1 -1 0 1100000 1103000 1100000 1100000 1496000 1499000 1112000 1494000 1997000 997000 -254 -472 14 1534 1282 167 -288 112 
1401000 0 -258 -164 -17458 999 -1 -2 0 1119000 1126000 1121000 1124000 1496000 1499000 1140000 1495000 1998000 997000 -250 -470 14 1531 1285 167 -277 123 
1601000 0 -268 -166 -17352 999 -1 -2 0 1174000 1180000 1125000 1135000 1497000 1499000 1157000 1494000 1998000 998000 -250 -469 15 1533 1290 165 -246 154 
1801000 0 -302 51 -17464 999 0 -2 0 1172000 1180000 1145000 1145000 1496000 1499000 1173000 1495000 1999000 997000 -351 -521 4 1694 1319 198 -227 173 
2001000 0 -340 -177 -17488 999 -1 -2 0 1180000 1191000 1179000 1173000 1496000 1498000 1182000 1495000 1998000 997000 -407 -470 6 1695 1198 200 -219 181 
2201000 0 -361 27 -17456 999 0 -3 0 1180000 1189000 1175000 1177000 1497000 1499000 1203000 1494000 1998000 997000 -470 -369 12 1751 1048 171 -219 181 
2401000 0 -444 32 -17461 999 0 -3 0 1205000 1205000 1206000 1218000 1497000 1499000 1226000 1495000 1999000 997000 -578 -339 14 1707 1129 181 -174 226 
2601000 0 -292 -24 -17448 999 0 -2 0 1243000 1251000 1219000 1229000 1496000 1499000 1239000 1492000 1998000 997000 268 120 -7 393 768 234 -164 236 
2801000 0 -190 -159 -17462 999 -1 -1 0 1248000 1247000 1248000 1227000 1498000 1498000 1247000 1485000 1998000 997000 762 201 114 -32 903 -99 -157 243 
3001000 0 -296 51 -17467 999 0 -2 0 1251000 1257000 1218000 1260000 1497000 1499000 1257000 1481000 1999000 998000 -52 209 -51 1663 1583 366 -143 257 
3201000 0 -292 -65 -17468 999 0 -2 0 1273000 1278000 1251000 1245000 1497000 1499000 1264000 1477000 1998000 997000 -545 228 -129 2653 1444 566 -138 262 
3401000 0 -325 241 -17464 999 2 -2 0 1284000 1283000 1257000 1273000 1496000 1499000 1282000 1476000 1998000 997000 -775 -40 -70 2610 1927 392 -124 275 
3601000 0 -108 175 -17467 999 1 0 0 1296000 1295000 1272000 1271000 1497000 1499000 1296000 1472000 1998000 998000 -1137 -29 -87 2849 1616 437 -103 296 
3801000 0 -46 134 -17471 999 1 0 0 1319000 1313000 1289000 1301000 1497000 1499000 1309000 1470000 1998000 997000 -739 350 18 1314 250 180 -94 306 
4001000 0 412 178 -17452 999 1 3 0 1328000 1327000 1307000 1304000 1496000 1498000 1326000 1469000 1999000 997000 -739 350 18 1314 250 180 -83 317 
4201000 0 226 -484 -17468 999 -4 1 0 1339000 1336000 1321000 1314000 1497000 1499000 1337000 1468000 1998000 997000 -1240 884 20 2165 47 117 -62 337 
4401000 0 -241 -658 -17457 999 -5 -2 0 1369000 1374000 1319000 1320000 1496000 1500000 1354000 1471000 1999000 997000 -932 1122 74 721 408 -105 -54 346 
4601000 0 -676 -376 -17461 999 -3 -5 0 1381000 1388000 1351000 1337000 1497000 1500000 1371000 1470000 1998000 997000 -932 1122 74 721 408 -105 -34 365 
4801000 0 -1813 -884 -17437 999 -7 -15 0 1387000 1402000 1345000 1359000 1496000 1500000 1385000 1469000 1998000 997000 -675 1421 42 1075 5 75 -15 385 
5001000 0 -504 -583 -17469 999 -5 -4 0 1392000 1409000 1391000 1390000 1497000 1500000 1398000 1464000 1998000 997000 -1342 1694 -101 2776 634 644 -4 396 
5201000 0 -861 -277 -17448 999 -2 -7 0 1408000 1423000 1393000 1390000 1497000 1500000 1413000 1464000 1998000 997000 -1558 1648 24 2051 1364 121 0 404 
5401000 0 -1382 -845 -17416 999 -7 -12 0 1414000 1420000 1405000 1434000 1497000 1499000 1432000 1465000 1998000 997000 -1912 2003 30 2108 793 119 0 432 
5601000 0 -790 -600 -17419 999 -5 -6 0 1456000 1476000 1413000 1401000 1497000 1500000 1440000 1466000 1998000 997000 -2100 1990 -38 2145 1213 331 0 437 
5801000 0 -1566 140 -17587 999 1 -13 0 1474000 1488000 1410000 1394000 1496000 1500000 1445000 1468000 1998000 997000 -2134 1936 75 1583 1327 -19 0 442 
6001000 0 -650 -17 -17677 999 0 -5 0 1458000 1473000 1407000 1436000 1497000 1500000 1448000 1470000 1998000 998000 -2000 1646 -65 1332 1946 428 0 448 
6201000 0 147 -300 -17628 999 -2 1 0 1493000 1501000 1426000 1418000 1496000 1500000 1465000 1471000 1999000 997000 -1753 980 -148 1059 2642 661 0 460 
6401000 0 -179 -64 -17746 999 0 -1 0 1489000 1477000 1445000 1464000 1497000 1501000 1475000 1469000 1998000 998000 -1942 888 -62 1578 2239 374 0 469 
6601000 0 102 -209 -17730 999 -1 0 0 1492000 1501000 1443000 1461000 1496000 1500000 1482000 1469000 1999000 997000 -1210 1138 242 298 1298 -431 0 482 
6801000 0 -457 -629 -17680 999 -5 -3 0 1507000 1537000 1455000 1451000 1497000 1501000 1490000 1469000 1998000 997000 -1070 1442 116 845 1110 -100 0 488 
7001000 0 -1104 -630 -17675 999 -5 -9 0 1506000 1500000 1466000 1490000 1496000 1500000 1491000 1470000 1999000 997000 -1329 1586 -167 1655 1031 720 0 491 
7201000 0 -877 8 -17675 999 0 -7 0 1516000 1489000 1471000 1486000 1497000 1500000 1502000 1470000 1998000 997000 -844 1534 99 677 1476 -101 0 501 
7401000 0 -1531 67 -17337 999 0 -13 0 1511000 1521000 1486000 1499000 1497000 1500000 1505000 1471000 1998000 997000 -843 1411 -70 1186 1836 422 0 505 
7601000 0 -2088 112 -17110 999 0 -18 0 1552000 1552000 1454000 1459000 1496000 1499000 1505000 1471000 1998000 997000 -968 1528 -20 1577 1460 259 0 505 
7801000 0 -2121 216 -16968 999 1 -18 0 1531000 1449000 1518000 1520000 1459000 1450000 1502000 1471000 1999000 998000 -1336 1363 -45 2297 1621 354 0 501 
8001000 0 -1481 -574 -17052 999 -5 -12 0 1499000 1528000 1486000 1481000 1461000 1401000 1499000 1472000 1999000 997000 -877 1160 127 1218 1860 -113 0 499 
8201000 0 322 -750 -16771 999 -6 2 0 1500000 1525000 1477000 1492000 1450000 1384000 1479000 1465000 1999000 998000 -681 1226 56 920 1574 75 0 499 
8401000 0 558 -2036 -16029 999 -17 4 0 1510000 1532000 1448000 1413000 1451000 1361000 1472000 1462000 1998000 997000 -708 970 -72 1334 1742 404 0 472 
8601000 0 3267 -1899 -15501 999 -16 28 0 1494000 1531000 1446000 1407000 1452000 1346000 1470000 1461000 1998000 997000 -740 1066 207 1490 1515 -368 0 470 
8801000 0 1582 -365 -14317 999 -3 13 0 1484000 1525000 1431000 1441000 1448000 1431000 1475000 1462000 1999000 997000 -665 855 -85 1381 1987 495 0 471 
9001000 0 -813 -39 -13584 999 0 -7 0 1497000 1505000 1397000 1503000 1444000 1496000 1478000 1458000 1998000 997000 -900 732 -110 2122 1842 510 0 478 
9201000 0 -398 122 -13230 999 1 -3 0 1521000 1545000 1380000 1468000 1447000 1499000 1481000 1460000 1998000 997000 -1916 643 -53 3310 1812 290 0 479 
9401000 0 -1149 607 -12731 999 5 -10 0 1469000 1548000 1413000 1512000 1444000 1499000 1492000 1461000 1999000 997000 -2010 512 90 2652 1994 -77 0 486 
9601000 0 -827 -642 -13163 999 -5 -7 0 1559000 1468000 1481000 1466000 1457000 1499000 1499000 1460000 1998000 998000 -1896 370 67 1788 2013 20 0 499 
9801000 0 -2078 -1254 -13616 999 -10 -18 0 1473000 1533000 1491000 1501000 1425000 1498000 1501000 1461000 1999000 997000 -1059 176 273 231 2029 -527 0 500 
10001000 0 -1807 -794 -14364 999 -6 -15 0 1481000 1554000 1478000 1488000 1404000 1499000 1503000 1458000 1998000 997000 -1275 164 -134 1273 1862 654 0 501 
10201000 0 -1228 -2114 -14632 999 -18 -10 0 1591000 1472000 1498000 1445000 1393000 1498000 1503000 1460000 1999000 997000 -2619 518 -104 3358 1511 475 0 503 
10401000 0 -2713 -2482 -15047 999 -21 -23 0 1499000 1575000 1466000 1471000 1401000 1496000 1502000 1462000 1998000 997000 -3575 641 -142 4490 1374 606 0 503 
10601000 0 -1670 -3192 -15184 999 -27 -14 0 1522000 1529000 1434000 1513000 1426000 1420000 1499000 1462000 1999000 998000 -3660 618 -228 3212 1603 829 0 500 
10801000 0 -658 -2922 -15013 999 -25 -5 0 1490000 1534000 1479000 1494000 1431000 1401000 1500000 1462000 1998000 997000 -3238 837 123 507 1580 -120 0 500 
11001000 0 21 -2449 -14856 999 -21 0 0 1513000 1568000 1486000 1432000 1433000 1384000 1500000 1461000 1998000 998000 -1396 713 614 -3015 1959 -1560 0 500 
11201000 0 1288 -1204 -14526 999 -10 11 0 1507000 1541000 1452000 1498000 1432000 1356000 1499000 1463000 1998000 997000 -1070 823 42 -1558 1691 221 0 500 
11401000 0 1786 -1830 -14141 999 -15 15 0 1505000 1479000 1472000 1513000 1433000 1352000 1480000 1463000 1998000 997000 -739 903 -204 1280 1577 807 0 480 
11601000 0 -770 -1130 -14677 999 -9 -6 0 1469000 1491000 1528000 1421000 1433000 1351000 1478000 1463000 1999000 997000 -941 1069 -144 2071 1433 585 0 478 
11801000 0 2203 -1889 -14619 999 -16 19 0 1460000 1497000 1383000 1574000 1432000 1352000 1478000 1463000 1998000 997000 188 799 331 -323 2199 -775 0 479 
12001000 0 145 -954 -15347 999 -8 1 0 1464000 1450000 1484000 1511000 1433000 1351000 1478000 1463000 1998000 998000 980 557 62 439 2220 96 0 478 
12201000 0 -184 -797 -15863 999 -6 -1 0 1475000 1514000 1446000 1491000 1432000 1354000 1483000 1464000 1998000 997000 420 632 -262 2359 1887 1027 0 482 
12401000 0 415 -1263 -15951 999 -11 3 0 1501000 1500000 1429000 1507000 1430000 1384000 1487000 1462000 1998000 997000 104 870 -57 2816 1422 348 0 485 
12601000 0 246 -1392 -15485 999 -12 2 0 1495000 1512000 1454000 1485000 1431000 1389000 1498000 1462000 1999000 997000 -90 98 -14 2085 2668 265 0 498 
12801000 0 911 -1099 -15112 999 -9 7 0 1519000 1530000 1439000 1514000 1429000 1383000 1502000 1461000 1997000 997000 55 315 64 1644 1838 41 0 501 
13001000 0 1387 -1578 -15039 999 -13 12 0 1544000 1543000 1461000 1457000 1364000 1398000 1502000 1460000 1998000 998000 127 141 40 1564 2183 128 0 501 
13201000 0 1579 -2252 -14973 999 -19 13 0 1517000 1491000 1471000 1526000 1328000 1414000 1503000 1459000 1998000 997000 6 -88 -43 2135 2129 334 0 503 
13401000 0 1810 -3289 -14571 999 -28 15 0 1544000 1529000 1476000 1465000 1360000 1417000 1504000 1460000 1998000 997000 -161 -111 18 2338 2019 156 0 504 
13601000 0 1631 -3663 -14111 999 -31 14 0 1497000 1580000 1484000 1465000 1440000 1497000 1508000 1462000 1999000 998000 9 -110 22 1751 1912 168 0 507 
13801000 0 -1041 -2158 -13352 999 -18 -9 0 1502000 1561000 1472000 1503000 1496000 1507000 1514000 1462000 1999000 997000 384 73 85 1149 1712 15 0 514 
14001000 0 -949 -796 -13478 999 -6 -8 0 1528000 1552000 1475000 1507000 1497000 1498000 1514000 1462000 1998000 997000 452 67 61 1347 1772 74 0 516 
14201000 0 -1579 153 -13765 999 1 -13 0 1514000 1510000 1477000 1548000 1497000 1448000 1512000 1464000 1999000 997000 145 -28 -200 2240 1967 817 0 513 
14401000 0 -838 75 -13961 999 0 -7 0 1522000 1545000 1489000 1490000 1497000 1415000 1510000 1464000 1998000 997000 747 -726 46 1057 2844 65 0 510 
14601000 0 -666 -1351 -13595 999 -11 -5 0 1488000 1574000 1504000 1476000 1496000 1413000 1511000 1464000 1999000 998000 762 -856 47 1686 2340 137 0 510 
14801000 0 -770 -1251 -12780 999 -10 -6 0 1512000 1596000 1478000 1464000 1476000 1421000 1511000 1463000 1998000 997000 887 -585 217 1561 1486 -365 0 513 
15001000 0 375 -213 -12450 999 -1 3 0 1517000 1573000 1474000 1478000 1476000 1414000 1512000 1463000 1998000 997000 966 -683 -75 1832 1646 492 0 512 
15201000 0 595 345 -12409 999 3 5 0 1547000 1517000 1443000 1535000 1449000 1414000 1511000 1461000 1999000 997000 1439 -629 170 1103 1614 -244 0 510 
15401000 0 786 -700 -12504 999 -6 6 0 1479000 1520000 1488000 1559000 1426000 1413000 1511000 1461000 1998000 997000 1382 -787 -35 1669 1957 359 0 512 
15601000 0 1165 -2256 -12443 999 -19 10 0 1566000 1538000 1474000 1464000 1421000 1414000 1511000 1461000 1998000 998000 1061 -1010 24 2221 2062 115 0 510 
15801000 0 162 -3172 -12409 999 -27 1 0 1504000 1521000 1484000 1533000 1432000 1411000 1511000 1462000 1999000 997000 1648 -998 43 1060 1918 60 0 510 
16001000 0 -377 -3928 -12157 999 -34 -3 0 1535000 1572000 1492000 1448000 1438000 1398000 1512000 1462000 1998000 997000 2286 -1153 195 235 2117 -331 0 512 
16201000 0 399 -2650 -12044 999 -23 3 0 1477000 1545000 1528000 1496000 1440000 1385000 1512000 1461000 1999000 998000 3167 -1115 151 222 1866 -191 0 512 
16401000 0 932 -2671 -11922 999 -23 8 0 1562000 1549000 1489000 1446000 1438000 1371000 1512000 1460000 1998000 997000 2474 -974 -160 2738 1534 630 0 512 
16601000 0 1185 -2075 -11762 999 -18 10 0 1533000 1531000 1456000 1527000 1439000 1356000 1513000 1460000 1998000 997000 1728 -893 -145 4083 1501 598 0 512 
16801000 0 1724 -1876 -11792 999 -16 15 0 1503000 1529000 1469000 1545000 1439000 1355000 1512000 1458000 1999000 998000 1829 -696 75 2237 1341 0 0 512 
17001000 0 2095 -2433 -11921 999 -21 18 0 1530000 1552000 1444000 1520000 1439000 1353000 1512000 1459000 1998000 997000 1559 -539 149 2375 1310 -205 0 512 
17201000 0 2499 -2113 -12285 999 -18 21 0 1513000 1523000 1462000 1548000 1443000 1354000 1513000 1460000 1998000 997000 1825 -567 282 1724 1619 -544 0 512 
17401000 0 2740 -2188 -12535 999 -19 23 0 1470000 1567000 1458000 1551000 1444000 1365000 1512000 1460000 1999000 997000 2461 -622 162 1223 1903 -161 0 512 
17601000 0 3012 -2250 -13058 999 -19 26 0 1532000 1513000 1480000 1521000 1450000 1404000 1512000 1460000 1998000 997000 1739 -206 -40 3037 1258 344 0 512 
17801000 0 1956 -2063 -13342 999 -18 17 0 1528000 1510000 1504000 1507000 1496000 1428000 1513000 1460000 1998000 998000 1709 -274 162 2706 1662 -236 0 513 
18001000 0 1032 -881 -13433 999 -7 9 0 1499000 1552000 1483000 1516000 1496000 1409000 1512000 1461000 1999000 997000 1074 -69 -89 3411 1431 438 0 512 
18201000 0 1245 -523 -13514 999 -4 10 0 1546000 1568000 1439000 1493000 1495000 1411000 1512000 1460000 1998000 997000 1323 23 8 1730 1653 149 0 512 
18401000 0 460 -734 -13569 999 -6 4 0 1544000 1545000 1434000 1523000 1496000 1423000 1512000 1457000 1998000 998000 1591 -297 172 1359 2337 -281 0 512 
18601000 0 597 -454 -13695 999 -3 5 0 1528000 1518000 1462000 1542000 1495000 1422000 1513000 1458000 1999000 997000 1753 -635 -42 1637 2542 353 0 513 
18801000 0 -302 171 -14438 999 1 -2 0 1494000 1543000 1407000 1606000 1437000 1450000 1513000 1457000 1998000 997000 1562 -263 311 2178 1157 -697 0 513 
19001000 0 -304 -2313 -14385 999 -20 -2 0 1450000 1570000 1433000 1596000 1444000 1443000 1513000 1457000 1998000 998000 1730 -582 151 1872 2040 -160 0 513 
19201000 0 -538 -2530 -14016 999 -22 -4 0 1594000 1472000 1623000 1360000 1449000 1427000 1510000 1458000 2000000 997000 847 -507 -103 3767 1683 476 0 510 
19401000 0 -4028 -2467 -12232 999 -21 -35 0 1493000 1619000 1364000 1521000 1442000 1402000 1499000 1457000 1998000 997000 -79 -236 -204 4047 1327 758 0 500 
19601000 0 -101 -2717 -11686 999 -23 0 0 1444000 1504000 1327000 1495000 1441000 1405000 1354000 1441000 1999000 998000 115 -13 233 2691 1139 -491 0 443 
19801000 0 161 -1559 -11556 999 -13 1 0 1375000 1344000 1338000 1250000 1448000 1411000 1331000 1441000 2000000 997000 213 -255 2 1660 2216 210 -69 331 
20001000 0 -7139 -2017 -13249 997 -17 -62 -1 1100000 1572000 1208000 1630000 1454000 1423000 1357000 1440000 1998000 997000 -34 -202 -105 2200 1891 527 -47 353 
20201000 0 5240 -6061 -16720 997 -52 45 2 1420000 1252000 1287000 1487000 1457000 1429000 1376000 1439000 1999000 998000 140 -413 -117 1587 2228 528 -38 362 
20401000 0 1507 -922 -18046 999 -8 13 0 1500000 1154000 1446000 1398000 1456000 1427000 1374000 1440000 1998000 997000 1028 -485 0 314 2062 227 -25 374 
20601000 0 -2019 -597 -20262 999 -5 -17 0 1384000 1179000 1525000 1405000 1454000 1412000 1374000 1441000 1998000 997000 1854 126 45 -672 759 88 -25 374 
20801000 0 425 -1584 -24178 999 -13 3 0 1408000 1309000 1423000 1366000 1448000 1404000 1391000 1449000 1998000 998000 2389 206 -152 -446 1197 650 -22 377 
21001000 0 245 -1002 -25907 999 -8 2 0 1404000 1421000 1299000 1443000 1446000 1399000 1391000 1450000 1999000 997000 2461 -1436 -17 1490 2940 242 -8 391 
21201000 0 -623 113 -26330 999 0 -5 0 1422000 1429000 1338000 1377000 1442000 1395000 1394000 1453000 1998000 997000 2210 -1623 -45 2372 2698 337 -8 392 
21401000 0 -345 -749 -26451 999 -6 -3 0 1408000 1439000 1364000 1402000 1444000 1398000 1406000 1460000 1998000 998000 2222 -1627 -113 2289 2213 519 0 404 
21601000 0 -434 -914 -26417 999 -7 -3 0 1422000 1447000 1351000 1401000 1446000 1408000 1412000 1462000 2000000 997000 2885 -1610 91 1178 1721 -53 0 412 
21801000 0 -587 -1059 -26447 999 -9 -5 0 1430000 1444000 1385000 1411000 1454000 1425000 1419000 1460000 1998000 997000 3129 -1188 159 1190 587 -423 0 418 
22001000 0 -607 -801 -26417 999 -6 -5 0 1448000 1467000 1388000 1403000 1451000 1428000 1433000 1461000 1998000 998000 3011 -884 58 2025 650 47 0 427 
22201000 0 -263 -373 -26448 999 -3 -2 0 1437000 1446000 1398000 1449000 1450000 1436000 1435000 1461000 1999000 997000 3317 -572 14 1936 1116 168 0 435 
22401000 0 -571 -836 -26453 999 -7 -4 0 1456000 1477000 1401000 1428000 1451000 1437000 1441000 1461000 1998000 997000 3540 -196 164 1599 496 -487 0 441 
22601000 0 51 -1133 -26437 999 -9 0 0 1431000 1428000 1440000 1479000 1452000 1444000 1449000 1462000 1998000 997000 3385 -60 -9 2285 948 218 0 445 
22801000 0 750 -1333 -26432 999 -11 6 0 1458000 1446000 1428000 1453000 1437000 1448000 1451000 1462000 1999000 997000 3206 -539 -122 2879 2146 532 0 451 
23001000 0 747 -846 -26396 999 -7 6 0 1470000 1473000 1438000 1449000 1440000 1448000 1463000 1466000 1998000 997000 3345 -922 -23 2401 2717 250 0 458 
23201000 0 1184 -863 -26389 999 -7 10 0 1516000 1511000 1394000 1445000 1440000 1451000 1470000 1465000 1998000 997000 3287 -1210 -49 2544 2800 350 0 467 
23401000 0 731 -585 -26407 999 -5 6 0 1488000 1486000 1442000 1462000 1440000 1456000 1474000 1466000 1999000 998000 2814 -1091 57 3041 1538 44 0 474 
23601000 0 253 -857 -26332 999 -7 2 0 1532000 1526000 1422000 1422000 1440000 1494000 1477000 1466000 1998000 997000 2660 -1054 -3 3049 1576 231 0 476 
23801000 0 152 -980 -26298 999 -8 1 0 1509000 1499000 1440000 1462000 1441000 1496000 1481000 1466000 1998000 997000 2326 -894 -146 3462 1375 637 0 478 
24001000 0 314 -633 -26316 999 -5 2 0 1510000 1490000 1445000 1485000 1442000 1498000 1487000 1465000 1998000 998000 2492 -1321 109 1816 2180 -121 0 487 
24201000 0 35 -650 -26612 999 -5 0 0 1506000 1499000 1486000 1479000 1442000 1499000 1499000 1467000 1998000 997000 2290 -1176 -130 2449 1685 603 0 493 
24401000 0 -77 -492 -26959 999 -4 0 0 1510000 1485000 1488000 1523000 1447000 1499000 1506000 1470000 1998000 997000 2628 -1316 193 1656 1985 -366 0 501 
24601000 0 -12 -845 -27208 999 -7 0 0 1504000 1505000 1494000 1524000 1444000 1499000 1517000 1472000 1999000 997000 2881 -1412 -61 1602 1901 335 0 517 
24801000 0 -984 -843 -27354 999 -7 -8 0 1542000 1552000 1472000 1496000 1429000 1499000 1517000 1472000 1998000 997000 2738 -1229 -6 2246 1475 206 0 516 
25001000 0 -1060 -513 -27382 999 -4 -9 0 1549000 1516000 1461000 1536000 1387000 1498000 1513000 1474000 1999000 997000 2881 -1228 -52 2000 1611 364 0 516 
25201000 0 -2127 -2931 -27155 999 -25 -18 0 1512000 1513000 1490000 1535000 1366000 1463000 1513000 1473000 1998000 997000 3080 -1214 -17 1862 1587 250 0 513 
25401000 0 -1665 -3686 -26982 999 -32 -14 0 1511000 1539000 1491000 1508000 1360000 1448000 1513000 1475000 1999000 998000 2663 -1243 -285 3030 1745 1024 0 513 
25601000 0 -524 -2806 -27122 999 -24 -4 0 1464000 1527000 1489000 1573000 1432000 1397000 1511000 1473000 1998000 997000 2475 -1231 8 3193 1749 134 0 514 
25801000 0 1467 -1989 -27748 999 -17 12 0 1524000 1500000 1471000 1535000 1465000 1333000 1504000 1471000 1999000 998000 1863 -902 -49 3306 1463 394 0 504 
26001000 0 875 -1894 -27617 999 -16 7 0 1508000 1547000 1474000 1485000 1452000 1324000 1504000 1470000 1998000 997000 1906 -1057 116 2891 1936 -116 0 504 
26201000 0 2192 -1007 -27372 999 -8 19 0 1516000 1507000 1515000 1484000 1445000 1303000 1504000 1468000 1998000 997000 2571 -1163 70 1465 2054 50 0 505 
26401000 0 2765 -2396 -27156 999 -20 24 0 1479000 1563000 1447000 1525000 1443000 1301000 1505000 1468000 2000000 998000 1929 -1211 -124 3269 1864 543 0 505 
26601000 0 2120 -2191 -27013 999 -19 18 0 1502000 1538000 1456000 1525000 1450000 1288000 1506000 1467000 1998000 997000 1910 -1184 151 3080 1755 -236 0 505 
26801000 0 2465 -2121 -26582 999 -18 21 0 1524000 1540000 1465000 1489000 1449000 1277000 1507000 1466000 1999000 998000 1616 -1336 108 3550 2040 -72 0 505 
27001000 0 3466 -1913 -25708 999 -16 30 0 1557000 1571000 1454000 1448000 1455000 1320000 1510000 1466000 1998000 996000 1535 -364 -37 2882 754 321 0 510 
27201000 0 2580 -1980 -24851 999 -17 22 0 1523000 1537000 1465000 1512000 1362000 1458000 1510000 1463000 1999000 998000 1309 -210 -43 3278 1007 332 0 510 
27401000 0 44 -2191 -24180 999 -19 0 0 1533000 1532000 1435000 1555000 1322000 1497000 1516000 1461000 1998000 997000 1684 -57 -32 2270 1153 293 0 514 
27601000 0 278 -3150 -22742 999 -27 2 0 1536000 1563000 1451000 1512000 1320000 1497000 1516000 1461000 1999000 998000 2014 228 -95 2885 1421 500 0 516 
27801000 0 -131 -4068 -21712 999 -35 -1 0 1527000 1539000 1483000 1513000 1327000 1451000 1515000 1462000 1998000 997000 1980 254 -50 2893 1627 333 0 516 
28001000 0 -357 -4322 -21086 999 -37 -3 0 1539000 1550000 1491000 1478000 1378000 1442000 1516000 1461000 1998000 997000 2403 221 212 1935 1840 -421 0 515 
28201000 0 -470 -4617 -20784 999 -40 -4 0 1489000 1585000 1491000 1493000 1499000 1480000 1515000 1465000 1998000 997000 2800 295 89 2487 1736 -18 0 515 
28401000 0 -1215 -1465 -20845 999 -12 -10 0 1480000 1516000 1510000 1552000 1503000 1446000 1515000 1467000 1998000 997000 3184 423 194 1830 1583 -305 0 515 
28601000 0 -1268 -308 -20846 999 -2 -11 0 1545000 1526000 1475000 1509000 1496000 1439000 1514000 1468000 1999000 997000 2817 538 -130 3430 1447 912 0 514 
28801000 0 -74 267 -20946 999 2 0 0 1512000 1552000 1484000 1510000 1496000 1428000 1515000 1470000 1998000 997000 2259 354 -18 3982 1882 301 0 515 
29001000 0 -535 -2233 -20371 999 -19 -4 0 1563000 1518000 1463000 1514000 1496000 1404000 1515000 1470000 1999000 998000 1977 523 -72 3245 1633 424 0 515 
29201000 0 481 -952 -19871 999 -8 4 0 1528000 1600000 1507000 1423000 1496000 1360000 1515000 1470000 1998000 997000 2335 515 245 2096 1732 -518 0 515 
29401000 0 650 203 -19183 999 1 5 0 1493000 1533000 1508000 1520000 1497000 1347000 1516000 1468000 1998000 997000 2879 58 169 1960 2635 -349 0 516 
29601000 0 1856 87 -18644 999 0 16 0 1543000 1513000 1486000 1512000 1496000 1307000 1514000 1467000 1999000 996000 3223 50 130 1557 2204 -117 0 514 
29801000 0 1245 -1568 -17340 999 -13 10 0 1479000 1753000 1426000 1400000 1495000 1289000 1516000 1465000 1998000 996000 2618 -160 -54 3970 2524 545 0 515 
30001000 0 3335 489 -16152 999 4 29 0 1510000 1614000 1437000 1497000 1462000 1246000 1516000 1463000 1999000 998000 3140 -400 -3 2020 2417 211 0 516 
30201000 0 6440 -1045 -15863 998 -9 56 0 1560000 1482000 1483000 1532000 1458000 1212000 1515000 1463000 1998000 998000 3140 -400 -3 2020 2417 211 0 515 
30401000 0 6109 -2340 -15808 998 -20 53 1 1551000 1525000 1495000 1487000 1463000 1303000 1514000 1463000 1998000 997000 2066 -36 -193 5380 1447 1003 0 515 
30601000 0 4808 -1818 -15745 998 -15 41 0 1495000 1542000 1521000 1496000 1471000 1390000 1514000 1464000 1998000 997000 1671 71 -264 3844 1652 893 0 514 
30801000 0 2741 -1172 -15485 999 -10 23 0 1523000 1605000 1479000 1451000 1468000 1496000 1516000 1464000 1998000 997000 2181 62 69 2330 1809 -29 0 515 
31001000 0 108 -871 -15133 999 -7 0 0 1506000 1537000 1457000 1554000 1447000 1500000 1514000 1464000 1999000 997000 2439 140 -80 2017 1726 450 0 514 
31201000 0 -1703 -1791 -14769 999 -15 -14 0 1555000 1519000 1469000 1519000 1448000 1536000 1516000 1463000 1998000 997000 3186 -89 166 1706 2221 -210 0 516 
31401000 0 -3041 -3690 -13470 999 -32 -26 0 1483000 1620000 1489000 1474000 1439000 1538000 1518000 1462000 1998000 998000 3300 28 49 1926 1852 122 0 517 
31601000 0 -3306 -2288 -13085 999 -19 -28 0 1488000 1551000 1491000 1544000 1354000 1501000 1517000 1458000 1999000 997000 3701 70 -121 2303 1979 607 0 519 
31801000 0 -3004 -4535 -12796 998 -39 -26 -1 1552000 1564000 1467000 1483000 1298000 1499000 1516000 1458000 1998000 997000 3637 287 72 2652 1677 -18 0 516 
32001000 0 -3413 -5998 -12546 998 -52 -29 -1 1512000 1553000 1476000 1521000 1310000 1448000 1517000 1459000 1999000 998000 2985 443 -37 3987 1566 334 0 516 
32201000 0 -1521 -6763 -12289 998 -58 -13 0 1540000 1596000 1467000 1467000 1444000 1447000 1519000 1462000 1998000 997000 2537 582 -256 3792 1658 912 0 518 
32401000 0 -1542 -3302 -11981 999 -28 -13 0 1539000 1565000 1459000 1515000 1497000 1498000 1530000 1462000 1998000 998000 2206 766 -65 3608 1896 392 0 530 
32601000 0 -1134 -363 -11913 999 -3 -9 0 1550000 1578000 1494000 1507000 1497000 1497000 1533000 1464000 1998000 997000 1660 800 -145 4162 1936 617 0 533 
32801000 0 -727 -603 -11383 999 -5 -6 0 1632000 1673000 1512000 1304000 1495000 1321000 1526000 1464000 1998000 996000 1358 956 41 3031 1788 45 0 531 
33001000 0 1614 -744 -9441 999 -6 14 0 1571000 1614000 1445000 1456000 1453000 1215000 1522000 1462000 1998000 997000 2501 965 115 505 1984 -97 0 522 
33201000 0 4364 -1350 -8888 999 -11 38 0 1551000 1552000 1470000 1513000 1459000 1159000 1521000 1462000 1999000 998000 2888 967 -89 492 1955 499 0 522 
33401000 0 6536 -1004 -8993 998 -8 57 0 1506000 1533000 1489000 1550000 1497000 1217000 1519000 1457000 1998000 997000 2624 1114 -64 2023 1717 378 0 520 
33601000 0 6982 -1539 -9466 998 -13 60 0 1558000 1547000 1481000 1492000 1496000 1366000 1522000 1445000 1999000 998000 2222 1295 0 3147 1603 222 0 522 
33801000 0 5037 -282 -9998 999 -2 43 0 1548000 1561000 1494000 1495000 1496000 1450000 1525000 1440000 1998000 997000 2523 1448 50 2233 1434 74 0 525 
34001000 0 1559 -1066 -10736 999 -9 13 0 1548000 1568000 1493000 1498000 1498000 1499000 1528000 1439000 1999000 998000 1774 1887 -129 3646 1047 587 0 527 
34201000 0 -180 -986 -11437 999 -8 -1 0 1515000 1535000 1506000 1558000 1498000 1499000 1528000 1441000 1998000 997000 1570 1949 -264 3671 1471 962 0 528 
34401000 0 -164 -925 -12205 999 -8 -1 0 1569000 1557000 1485000 1504000 1499000 1450000 1528000 1441000 1998000 997000 1715 1907 -63 2881 1683 355 0 529 
34601000 0 258 -741 -12844 999 -6 2 0 1558000 1567000 1493000 1484000 1497000 1389000 1526000 1442000 1999000 998000 2280 1516 95 2159 2185 -2 0 526 
34801000 0 471 -637 -13370 999 -5 4 0 1512000 1562000 1470000 1562000 1496000 1381000 1526000 1441000 1998000 998000 2800 1721 170 1336 1461 -229 0 526 
35001000 0 972 -561 -13656 999 -4 8 0 1533000 1551000 1488000 1529000 1479000 1407000 1526000 1437000 1999000 996000 2066 1695 -99 3452 1562 548 0 526 
35201000 0 587 -1586 -13924 999 -13 5 0 1524000 1544000 1503000 1535000 1413000 1443000 1527000 1436000 1999000 998000 2337 1470 -71 2166 1841 419 0 527 
35401000 0 414 -2848 -14252 999 -24 3 0 1520000 1538000 1518000 1530000 1370000 1456000 1527000 1436000 1998000 997000 1474 1643 -252 3887 1350 942 0 527 
35601000 0 137 -4520 -14461 999 -39 1 0 1572000 1566000 1477000 1495000 1364000 1453000 1528000 1436000 1999000 998000 1303 1615 -340 3528 1543 1148 0 528 
35801000 0 -798 -5106 -14336 998 -44 -6 0 1571000 1585000 1482000 1468000 1389000 1431000 1527000 1436000 1998000 998000 1091 1541 140 2670 1756 -179 0 527 
36001000 0 -423 -4488 -14325 999 -39 -3 0 1573000 1591000 1466000 1481000 1406000 1419000 1528000 1439000 1998000 997000 1776 1597 323 1165 1741 -648 0 528 
36201000 0 -178 -3426 -14298 999 -29 -1 0 1525000 1557000 1484000 1544000 1411000 1386000 1527000 1438000 1999000 997000 1596 1683 -107 2046 1612 612 0 528 
36401000 0 105 -2685 -14406 999 -23 0 0 1536000 1569000 1485000 1516000 1410000 1364000 1526000 1437000 1998000 998000 1949 1660 -65 1747 1861 439 0 527 
36601000 0 2142 -4456 -14636 999 -38 18 0 1577000 1579000 1508000 1443000 1409000 1354000 1527000 1437000 1998000 998000 1500 1822 -154 2852 1632 590 0 527 
36801000 0 1659 -2833 -14669 999 -24 14 0 1554000 1543000 1557000 1447000 1437000 1399000 1527000 1436000 1998000 998000 1370 1883 -158 2899 1682 620 0 526 
37001000 0 1173 -2443 -14806 999 -21 10 0 1570000 1575000 1507000 1453000 1446000 1421000 1526000 1436000 1998000 998000 1307 1893 27 2776 1813 96 0 527 
37201000 0 849 -989 -15205 999 -8 7 0 1540000 1560000 1474000 1528000 1451000 1421000 1526000 1435000 1998000 997000 932 1753 -18 3046 2155 239 0 526 
37401000 0 586 -1090 -15547 999 -9 5 0 1566000 1575000 1472000 1490000 1451000 1420000 1526000 1436000 1999000 998000 570 1779 -193 2832 2007 720 0 526 
37601000 0 344 -1427 -15835 999 -12 3 0 1565000 1552000 1468000 1517000 1455000 1417000 1526000 1437000 1998000 998000 743 1899 198 2175 1739 -402 0 526 
37801000 0 583 -548 -15930 999 -4 5 0 1580000 1579000 1468000 1475000 1454000 1416000 1526000 1436000 1998000 997000 435 2242 64 2010 1574 10 0 526 
38001000 0 93 -1131 -16062 999 -9 0 0 1562000 1550000 1493000 1501000 1453000 1417000 1531000 1437000 1998000 998000 -133 2375 -160 3122 1485 682 0 527 
38201000 0 -181 -1168 -16312 999 -10 -1 0 1526000 1571000 1480000 1544000 1454000 1413000 1534000 1435000 1998000 997000 81 2274 -67 2139 1876 373 0 531 
38401000 0 790 -2083 -16543 999 -18 6 0 1582000 1557000 1485000 1514000 1436000 1406000 1535000 1435000 1998000 997000 -30 2174 8 2381 2027 204 0 535 
38601000 0 716 -2560 -17106 999 -22 6 0 1525000 1562000 1543000 1505000 1435000 1407000 1534000 1435000 1998000 997000 312 2089 205 1507 2145 -373 0 534 
38801000 0 795 -1838 -17533 999 -16 6 0 1533000 1593000 1509000 1498000 1437000 1400000 1533000 1431000 1998000 997000 409 2171 -33 1576 1889 353 0 534 
39001000 0 1023 -1891 -18136 999 -16 8 0 1514000 1554000 1533000 1534000 1435000 1400000 1532000 1428000 1999000 998000 619 1752 51 1648 2323 77 0 532 
39201000 0 844 -2891 -18551 999 -25 7 0 1530000 1578000 1491000 1528000 1431000 1391000 1532000 1428000 1999000 998000 789 1926 -33 1520 1823 317 0 532 
39401000 0 892 -3565 -18790 999 -31 7 0 1567000 1583000 1481000 1495000 1377000 1390000 1531000 1429000 1998000 998000 1181 1787 157 995 2170 -244 0 532 
39601000 0 -118 -3455 -18877 999 -30 -1 0 1580000 1591000 1452000 1502000 1447000 1387000 1532000 1433000 1999000 998000 2288 1946 364 623 1870 -775 0 532 
39801000 0 117 -2604 -19187 999 -22 1 0 1556000 1602000 1483000 1485000 1449000 1386000 1532000 1432000 1999000 997000 2424 2007 130 1184 1830 -69 0 532 
40001000 0 393 -2413 -19676 999 -21 3 0 1548000 1604000 1482000 1492000 1450000 1383000 1531000 1432000 1998000 998000 3535 1802 237 492 2267 -368 0 532 
40201000 0 275 -2463 -20070 999 -21 2 0 1531000 1554000 1497000 1544000 1451000 1356000 1532000 1433000 1998000 997000 3930 1771 93 1111 2154 -28 0 532 
40401000 0 1245 -1970 -20177 999 -17 10 0 1571000 1577000 1477000 1502000 1449000 1353000 1532000 1431000 1998000 997000 4341 1766 131 1936 2062 -74 0 532 
40601000 0 1754 -775 -20428 999 -6 15 0 1553000 1550000 1501000 1522000 1450000 1353000 1531000 1431000 1998000 997000 4601 1700 257 1739 2128 -473 0 532 
40801000 0 2073 -993 -20783 999 -8 18 0 1547000 1585000 1489000 1508000 1451000 1351000 1533000 1426000 1998000 997000 4704 1585 167 1171 2101 -245 0 533 
41001000 0 2497 -2137 -21321 999 -18 21 0 1550000 1591000 1502000 1490000 1447000 1386000 1535000 1422000 1998000 998000 4704 1570 252 1082 2064 -482 0 534 
41201000 0 2357 -2528 -22079 999 -22 20 0 1540000 1598000 1496000 1504000 1430000 1420000 1536000 1422000 1998000 998000 4704 1576 234 1612 1997 -389 0 535 
41401000 0 1466 -2926 -22585 999 -25 12 0 1542000 1575000 1482000 1544000 1430000 1468000 1536000 1421000 1998000 998000 4704 1612 -55 3138 1870 418 0 536 
41601000 0 -324 -2563 -23027 999 -22 -2 0 1561000 1563000 1489000 1528000 1431000 1497000 1536000 1423000 1999000 998000 4704 1679 -66 3582 1802 353 0 536 
41801000 0 -1397 -2929 -23342 999 -25 -12 0 1569000 1586000 1468000 1514000 1434000 1447000 1533000 1425000 1998000 998000 4704 1693 14 2717 1881 153 0 535 
42001000 0 -1663 -2702 -23463 999 -23 -14 0 1578000 1607000 1465000 1485000 1435000 1438000 1534000 1427000 1999000 998000 4704 1654 73 1899 2039 16 0 534 
42201000 0 -2278 -2301 -23417 999 -20 -19 0 1557000 1588000 1487000 1503000 1434000 1431000 1534000 1427000 1999000 998000 4704 1590 188 2090 2123 -333 0 534 
42401000 0 -1858 -1578 -23502 999 -13 -16 0 1545000 1559000 1494000 1533000 1434000 1405000 1533000 1427000 1998000 998000 4704 1563 187 1803 2121 -283 0 533 
42601000 0 -1204 -1152 -23531 999 -10 -10 0 1579000 1580000 1474000 1500000 1434000 1387000 1534000 1426000 1998000 998000 4704 1419 120 2088 2235 -106 0 534 
42801000 0 -238 -1428 -23881 999 -12 -2 0 1539000 1563000 1508000 1524000 1389000 1385000 1534000 1420000 1999000 998000 4704 1196 121 1690 2306 -106 0 534 
43001000 0 215 -2234 -24599 999 -19 1 0 1520000 1567000 1500000 1543000 1361000 1392000 1534000 1418000 1999000 997000 4704 1164 110 2073 2206 -67 0 533 
43201000 0 1356 -3862 -25782 999 -33 11 0 1520000 1527000 1520000 1562000 1360000 1391000 1534000 1420000 1998000 997000 4704 1069 49 3186 2112 73 0 534 
43401000 0 1125 -4712 -26912 999 -41 9 0 1533000 1536000 1509000 1556000 1394000 1401000 1534000 1422000 1998000 997000 4704 1108 252 886 2057 -501 0 534 
43601000 0 171 -5272 -27814 998 -45 1 0 1556000 1566000 1508000 1507000 1411000 1427000 1535000 1425000 1999000 998000 4704 1199 157 816 1878 -178 0 535 
43801000 0 -538 -4223 -28692 999 -36 -4 0 1528000 1599000 1502000 1509000 1459000 1444000 1535000 1426000 1998000 998000 4704 1365 -187 3679 1869 754 0 535 
44001000 0 -380 -2346 -29299 999 -20 -3 0 1553000 1562000 1483000 1540000 1496000 1446000 1535000 1428000 1998000 998000 4704 1337 -201 2874 2080 801 0 535 
44201000 0 -140 -710 -29616 999 -6 -1 0 1582000 1583000 1479000 1490000 1496000 1448000 1535000 1427000 1998000 998000 4704 1280 -39 3944 2160 287 0 534 
44401000 0 -567 -511 -29904 999 -4 -4 0 1551000 1587000 1496000 1505000 1495000 1428000 1534000 1427000 1999000 997000 4704 1463 69 4518 1741 17 0 534 
44601000 0 -646 -439 -30045 999 -3 -5 0 1547000 1586000 1500000 1505000 1445000 1418000 1535000 1426000 1998000 997000 4704 1310 72 3368 2062 49 0 535 
44801000 0 -475 -980 -30253 999 -8 -4 0 1570000 1586000 1482000 1499000 1446000 1410000 1534000 1426000 1999000 998000 4704 1376 40 3921 1852 131 0 535 
45001000 0 -221 -1746 -30735 999 -15 -1 0 1533000 1586000 1497000 1518000 1445000 1410000 1535000 1434000 1998000 998000 4704 1280 133 3114 1976 -167 0 535 
45201000 0 28 -1613 -31149 999 -14 0 0 1555000 1595000 1480000 1520000 1445000 1408000 1543000 1458000 1998000 998000 4704 1375 -33 2922 1750 334 0 538 
45401000 0 272 -1439 -31259 999 -12 2 0 1538000 1591000 1509000 1540000 1445000 1401000 1546000 1459000 1999000 998000 4704 1384 0 3871 1803 215 0 545 
45601000 0 285 -1544 -31195 999 -13 2 0 1559000 1593000 1507000 1519000 1446000 1402000 1544000 1459000 1998000 998000 4704 1005 120 2154 2319 -64 0 544 
45801000 0 325 -2007 -31046 999 -17 2 0 1558000 1591000 1530000 1499000 1433000 1404000 1545000 1457000 1998000 997000 4704 1037 -65 3707 2038 437 0 545 
46001000 0 496 -2128 -30755 999 -18 4 0 1533000 1581000 1515000 1550000 1428000 1404000 1544000 1457000 1999000 998000 4704 1098 106 3872 1852 -72 0 545 
46201000 0 849 -2465 -30399 999 -21 7 0 1571000 1579000 1495000 1532000 1430000 1388000 1545000 1458000 1998000 998000 4704 1253 40 3511 1666 131 0 545 
46401000 0 1989 -2094 -30115 999 -18 17 0 1559000 1557000 1521000 1537000 1431000 1345000 1544000 1456000 1999000 998000 4704 1372 89 3881 1583 -20 0 544 
46601000 0 2073 -2653 -30134 999 -23 18 0 1566000 1601000 1487000 1520000 1433000 1314000 1543000 1455000 1998000 997000 4704 1312 124 3762 1883 -96 0 544 
46801000 0 3198 -1983 -30514 999 -17 27 0 1575000 1581000 1496000 1518000 1434000 1317000 1544000 1453000 1999000 998000 4704 1309 273 3081 2065 -485 0 544 
47001000 0 2834 -2696 -30952 999 -23 24 0 1589000 1581000 1515000 1493000 1433000 1356000 1544000 1452000 1998000 997000 4704 1383 179 3029 1867 -189 0 545 
47201000 0 2318 -3005 -31302 999 -26 20 0 1536000 1563000 1525000 1550000 1437000 1366000 1545000 1452000 1999000 997000 4704 1386 -270 3793 1894 1036 0 544 
47401000 0 2133 -2150 -31699 999 -18 18 0 1527000 1566000 1523000 1562000 1445000 1412000 1545000 1456000 1998000 998000 4704 1638 140 3178 1402 -140 0 545 
47601000 0 645 -2354 -31888 999 -20 5 0 1556000 1591000 1494000 1541000 1461000 1441000 1546000 1456000 1999000 997000 4704 1761 92 3353 1435 7 0 546 
47801000 0 -34 -2378 -31633 999 -20 0 0 1573000 1584000 1493000 1528000 1457000 1458000 1545000 1457000 1999000 998000 4704 2100 1 3935 1374 219 0 545 
48001000 0 -468 -1841 -31070 999 -16 -4 0 1561000 1596000 1489000 1532000 1497000 1476000 1545000 1458000 1998000 998000 4704 2139 -117 4212 1779 621 0 545 
48201000 0 -971 -1831 -30231 999 -15 -8 0 1562000 1615000 1491000 1514000 1496000 1438000 1546000 1459000 1999000 997000 4704 2154 102 4285 1780 -24 0 546 
48401000 0 -885 -1330 -29215 999 -11 -7 0 1560000 1590000 1506000 1518000 1498000 1405000 1544000 1462000 1998000 998000 4704 2258 81 4480 1547 13 0 544 
48601000 0 -722 -663 -28214 999 -5 -6 0 1551000 1581000 1508000 1530000 1519000 1366000 1544000 1461000 1999000 998000 4704 2279 -212 4028 1671 925 0 544 
48801000 0 518 -391 -27114 999 -3 4 0 1578000 1614000 1500000 1483000 1515000 1377000 1544000 1460000 1998000 997000 4704 2325 -268 4462 1614 1038 0 544 
49001000 0 547 -390 -26116 999 -3 4 0 1563000 1583000 1525000 1504000 1510000 1392000 1544000 1456000 1999000 998000 4704 2461 -81 4758 1404 480 0 544 
49201000 0 806 -155 -25233 999 -1 7 0 1572000 1616000 1503000 1482000 1509000 1397000 1544000 1455000 1998000 998000 4704 2198 127 2489 2102 15 0 544 
49401000 0 317 -380 -24618 999 -3 2 0 1555000 1604000 1495000 1521000 1498000 1419000 1544000 1454000 1998000 998000 4704 1985 -71 3024 2266 568 0 544 
49601000 0 228 -335 -24124 999 -2 1 0 1549000 1596000 1503000 1527000 1497000 1419000 1544000 1456000 1998000 998000 4704 1840 -20 3513 2197 385 0 544 
49801000 0 436 -645 -23761 999 -5 3 0 1563000 1593000 1495000 1523000 1498000 1419000 1544000 1457000 1998000 998000 4704 1474 112 3224 2055 -32 0 544 
50001000 0 600 -444 -23481 999 -3 5 0 1564000 1565000 1521000 1524000 1496000 1419000 1544000 1455000 1999000 998000 4704 1346 -128 3592 2017 709 0 544 
50201000 0 -6 -1014 -23282 999 -8 0 0 1562000 1567000 1523000 1517000 1449000 1423000 1543000 1455000 1998000 997000 4704 1166 79 3330 2097 74 0 543 
50401000 0 -263 -1275 -23106 999 -11 -2 0 1537000 1565000 1528000 1544000 1450000 1426000 1543000 1455000 1999000 997000 4704 1187 -158 5481 1517 765 0 543 
50601000 0 -284 -1521 -22903 999 -13 -2 0 1542000 1589000 1504000 1544000 1451000 1428000 1544000 1454000 1998000 998000 4704 1089 -71 4024 1712 464 0 545 
50801000 0 -640 -1515 -22767 999 -13 -5 0 1558000 1600000 1508000 1512000 1372000 1483000 1545000 1452000 1998000 998000 4704 1226 -234 4664 1372 937 0 545 
51001000 0 -1124 -2595 -22651 999 -22 -9 0 1524000 1574000 1515000 1560000 1399000 1455000 1545000 1450000 1998000 998000 4704 1137 34 3610 1645 134 0 545 
51201000 0 -684 -3474 -22538 999 -30 -5 0 1560000 1592000 1492000 1535000 1434000 1436000 1546000 1452000 1998000 998000 4704 1293 -196 4790 1357 819 0 545 
51401000 0 -362 -2597 -22559 999 -22 -3 0 1567000 1583000 1504000 1524000 1437000 1426000 1546000 1451000 1999000 997000 4704 1288 -236 4769 1536 889 0 545 
51601000 0 -440 -2683 -22546 999 -23 -3 0 1584000 1594000 1467000 1537000 1438000 1414000 1545000 1452000 1999000 998000 4704 1312 138 4348 1641 -176 0 545 
51801000 0 -145 -2603 -22587 999 -22 -1 0 1577000 1602000 1470000 1525000 1458000 1359000 1542000 1454000 1999000 997000 4704 1579 -170 4731 1205 749 0 544 
52001000 0 1044 -2412 -22689 999 -21 9 0 1568000 1597000 1486000 1510000 1464000 1314000 1542000 1455000 1999000 997000 4704 1640 -15 4805 1392 245 0 541 
52201000 0 2189 -2352 -22832 999 -20 19 0 1553000 1583000 1499000 1531000 1470000 1308000 1541000 1457000 1998000 997000 4704 1377 176 1037 2028 -190 0 541 
52401000 0 3322 -1978 -22952 999 -17 28 0 1571000 1584000 1489000 1522000 1477000 1306000 1542000 1457000 1999000 997000 4704 1526 -123 3458 1605 654 0 542 
52601000 0 3906 -1168 -22910 999 -10 34 0 1569000 1595000 1494000 1509000 1495000 1311000 1542000 1456000 1998000 997000 4704 1615 30 3977 1487 164 0 542 
52801000 0 3507 -722 -22894 999 -6 30 0 1525000 1566000 1515000 1563000 1497000 1330000 1544000 1454000 1998000 998000 4704 1267 -127 2821 2072 668 0 544 
53001000 0 3044 -1070 -22869 999 -9 26 0 1549000 1569000 1509000 1547000 1495000 1343000 1544000 1451000 1999000 998000 4704 1218 -194 2657 1973 797 0 544 
53201000 0 2324 -652 -22798 999 -5 20 0 1533000 1567000 1510000 1564000 1490000 1348000 1543000 1451000 1998000 998000 4704 1166 -37 2770 1890 300 0 544 
53401000 0 2112 -1504 -22776 999 -13 18 0 1549000 1591000 1500000 1530000 1432000 1379000 1544000 1447000 1999000 998000 4704 1124 -78 2693 1742 488 0 544 
53601000 0 2147 -2926 -22741 999 -25 18 0 1542000 1590000 1507000 1536000 1373000 1382000 1543000 1448000 1998000 998000 4704 1201 -13 2800 1547 303 0 544 
53801000 0 1448 -4293 -22455 999 -37 12 0 1574000 1587000 1500000 1514000 1374000 1385000 1544000 1448000 1999000 997000 4704 1065 -64 3512 1787 428 0 544 
54001000 0 652 -4450 -21912 999 -38 5 0 1559000 1580000 1512000 1523000 1373000 1395000 1544000 1448000 1999000 998000 4704 1265 60 3758 1365 1 0 544 
54201000 0 1095 -4578 -21126 999 -39 9 0 1571000 1612000 1485000 1502000 1376000 1393000 1544000 1450000 1999000 997000 4704 1263 -20 3445 1546 292 0 543 
54401000 0 715 -4385 -20216 999 -38 6 0 1576000 1624000 1484000 1490000 1405000 1414000 1544000 1452000 1999000 998000 4704 1036 -109 2997 2006 548 0 544 
54601000 0 473 -3694 -19249 999 -32 4 0 1591000 1610000 1472000 1501000 1447000 1421000 1544000 1440000 1998000 998000 4704 947 95 2129 1928 -2 0 544 
54801000 0 231 -2977 -18452 999 -25 2 0 1563000 1604000 1472000 1535000 1446000 1433000 1543000 1437000 1998000 997000 4704 1052 118 2808 1681 -140 0 544 
55001000 0 -782 -1780 -17510 999 -15 -6 0 1553000 1597000 1494000 1527000 1463000 1500000 1543000 1436000 1998000 997000 4704 1047 -4 3002 1737 238 0 543 
55201000 0 -1948 -1900 -16429 999 -16 -17 0 1571000 1596000 1499000 1504000 1414000 1501000 1543000 1432000 1998000 998000 4704 1384 -260 4024 1296 924 0 543 
55401000 0 -2099 -2427 -15151 999 -21 -18 0 1587000 1622000 1461000 1491000 1334000 1499000 1541000 1425000 1998000 997000 4704 1318 -26 2973 1951 263 0 541 
55601000 0 -2575 -3546 -13961 999 -30 -22 0 1591000 1619000 1451000 1497000 1311000 1497000 1541000 1415000 1998000 998000 4704 1337 152 2818 1845 -202 0 540 
55801000 0 -1834 -4986 -13516 998 -43 -15 0 1594000 1608000 1475000 1485000 1339000 1435000 1540000 1387000 1998000 997000 4704 1448 49 3619 1644 103 0 540 
56001000 0 -562 -4527 -13840 999 -39 -4 0 1614000 1595000 1475000 1478000 1452000 1391000 1541000 1382000 1999000 998000 4704 1458 18 3451 1706 198 0 541 
56201000 0 348 -2323 -14599 999 -20 3 0 1575000 1579000 1498000 1509000 1520000 1442000 1544000 1391000 1998000 998000 4704 1414 -88 2997 1847 497 0 541 
56401000 0 149 274 -15646 999 2 1 0 1570000 1573000 1500000 1532000 1498000 1499000 1546000 1397000 1999000 997000 4704 1207 -27 3531 2108 312 0 546 
56601000 0 -102 1546 -16934 999 13 0 0 1564000 1587000 1498000 1536000 1464000 1497000 1547000 1397000 1998000 998000 4704 1159 -3 2768 2030 212 0 547 
56801000 0 -328 47 -18152 999 0 -2 0 1551000 1573000 1519000 1539000 1442000 1420000 1545000 1397000 1999000 998000 4704 1113 151 2731 1968 -193 0 546 
57001000 0 -230 -253 -19313 999 -2 -2 0 1554000 1611000 1505000 1504000 1451000 1381000 1542000 1397000 1999000 997000 4704 1306 0 4359 1548 212 0 542 
57201000 0 836 -1242 -20445 999 -10 7 0 1566000 1625000 1475000 1504000 1454000 1352000 1542000 1395000 1999000 998000 4704 1327 -44 3116 1641 332 0 543 
57401000 0 1668 -2341 -21640 999 -20 14 0 1534000 1591000 1488000 1558000 1440000 1352000 1542000 1395000 1998000 998000 4704 1301 144 2026 1788 -209 0 543 
57601000 0 1822 -2575 -22508 999 -22 15 0 1579000 1599000 1472000 1519000 1372000 1368000 1543000 1396000 1998000 998000 4704 1198 -129 2120 1865 590 0 543 
57801000 0 2188 -3678 -23181 999 -32 19 0 1582000 1607000 1497000 1479000 1371000 1370000 1542000 1396000 1999000 998000 4704 1298 -237 3486 1719 874 0 542 
58001000 0 1594 -5140 -24070 998 -44 13 0 1601000 1580000 1503000 1475000 1369000 1351000 1541000 1396000 1998000 997000 4704 1482 88 4181 1718 -94 0 540 
58201000 0 1967 -5907 -25430 998 -51 17 0 1568000 1596000 1486000 1513000 1364000 1326000 1541000 1396000 1998000 998000 4704 1570 -45 4321 1977 363 0 541 
58401000 0 2023 -4666 -27032 999 -40 17 0 1549000 1565000 1507000 1542000 1365000 1326000 1541000 1396000 1999000 998000 4704 1741 -110 4686 1766 541 0 541 
58601000 0 2107 -4598 -28622 999 -40 18 0 1583000 1583000 1491000 1505000 1384000 1305000 1540000 1395000 1999000 998000 4704 1962 32 4028 1755 118 0 541 
58801000 0 2735 -4532 -29890 998 -39 23 0 1601000 1594000 1477000 1490000 1409000 1302000 1541000 1395000 1998000 997000 4704 2126 165 1760 2042 -167 0 541 
59001000 0 1803 -2992 -30849 999 -26 15 0 1546000 1570000 1488000 1569000 1434000 1497000 1545000 1398000 1999000 997000 4704 2161 -153 2681 2152 760 0 544 
59201000 0 -584 -1693 -31720 999 -14 -5 0 1559000 1590000 1493000 1536000 1433000 1498000 1546000 1402000 1999000 998000 4704 2183 -43 2514 2337 362 0 545 
59401000 0 -2079 -1190 -32709 999 -10 -18 0 1590000 1578000 1480000 1534000 1418000 1493000 1547000 1402000 1998000 997000 4704 2300 230 2634 2167 -359 0 547 
59601000 0 -1479 -1136 -33824 999 -9 -12 0 1554000 1574000 1478000 1580000 1391000 1382000 1548000 1402000 1998000 998000 4704 2324 151 3018 2163 -119 0 547 
59801000 0 -714 -1122 -34485 999 -9 -6 0 1577000 1593000 1511000 1509000 1406000 1403000 1556000 1410000 1999000 997000 4704 2308 24 2078 2253 197 0 548 
60001000 0 -335 -699 -35509 999 -6 -2 0 1612000 1589000 1382000 1655000 1447000 1441000 1561000 1432000 1998000 998000 4704 2272 132 3164 2384 -183 0 561 
60201000 0 -5746 3222 -35531 998 28 -50 1 1527000 1706000 1785000 1232000 1487000 1424000 1561000 1452000 1999000 998000 4704 1886 -114 3360 3032 557 0 563 
60401000 0 18921 -21346 -39427 969 -182 161 30 1800000 1446000 1209000 1613000 1451000 1264000 1364000 1368000 1999000 997000 4704 2143 101 2233 1838 -67 0 556 
60601000 0 -25971 39506 -55192 917 329 -211 75 1100000 1628000 1100000 1575000 1498000 1497000 998000 1342000 1998000 1000000 4704 1840 -137 4616 2290 615 -400 0 
60801000 0 -29119 -5859 -61567 966 -49 -251 -12 1100000 1154000 1795000 1100000 1497000 1500000 998000 1339000 1999000 998000 4704 1649 44 5276 2491 93 -400 0 
61001000 0 37182 -21890 -86343 930 -179 313 60 1482000 1100000 1100000 1517000 1497000 1499000 998000 1340000 1998000 999000 4704 1862 -354 5344 1483 2282 -400 0 
Hello Junta. Starting Potato Controller now
imu.begin()-IMU comm & initialize completed 
imu.dmpBegin() suceeded
