[20:09:48:586] 0.222589 -1.116773 -29.629860 0.999951 -0.009746 0.001942 0.000019 1.670000 -0.354000 0.015000 -0.400000 0.000000 ␊
[20:09:48:700] 0.219125 -1.119592 -29.629623 0.999950 -0.009770 0.001912 0.000019 1.662000 -0.352000 0.015000 -0.400000 0.000000 ␊
[20:09:48:929] 0.209566 -1.122285 -29.625088 0.999950 -0.009794 0.001829 0.000018 1.651000 -0.341000 0.014000 -0.400000 0.000000 ␊
[20:09:49:159] 0.208631 -1.114602 -29.623878 0.999951 -0.009727 0.001821 0.000018 1.652000 -0.341000 0.015000 -0.363000 0.037000 ␊
[20:09:49:256] 0.221521 -1.119907 -29.627100 0.999950 -0.009773 0.001933 0.000019 1.652000 -0.339000 0.013000 -0.346000 0.054000 ␊
[20:09:49:506] 0.222965 -1.120609 -29.626694 0.999950 -0.009779 0.001946 0.000019 1.640000 -0.333000 0.015000 -0.309000 0.091000 ␊
[20:09:49:737] 0.211567 -1.135394 -29.626797 0.999949 -0.009908 0.001846 0.000018 1.637000 -0.332000 0.015000 -0.302000 0.098000 ␊
[20:09:49:956] 0.118143 -1.099886 -29.623056 0.999953 -0.009598 0.001031 0.000010 1.630000 -0.328000 0.011000 -0.277000 0.123000 ␊
[20:09:50:034] 0.229915 -1.078984 -29.594513 0.999954 -0.009416 0.002006 0.000019 1.720000 -0.103000 0.108000 -0.257000 0.143000 ␊
[20:09:50:310] 0.317294 -1.115367 -29.618917 0.999949 -0.009733 0.002769 0.000027 1.702000 -0.189000 0.002000 -0.238000 0.162000 ␊
[20:09:50:539] 0.074824 -0.979695 -29.624716 0.999963 -0.008549 0.000653 0.000006 1.702000 -0.179000 0.003000 -0.233000 0.167000 ␊
[20:09:50:769] -0.002366 -1.039103 -29.626089 0.999959 -0.009068 -0.000021 -0.000000 1.627000 -0.182000 -0.013000 -0.196000 0.204000 ␊
[20:09:50:876] -0.084313 -0.861495 -29.621561 0.999971 -0.007518 -0.000736 -0.000006 1.533000 -0.118000 -0.046000 -0.183000 0.217000 ␊
[20:09:51:116] -0.043486 -0.858836 -29.626314 0.999972 -0.007495 -0.000379 -0.000003 1.697000 0.154000 0.108000 -0.171000 0.229000 ␊
[20:09:51:336] -0.035134 -0.796657 -29.608747 0.999976 -0.006952 -0.000307 -0.000002 1.694000 -0.139000 0.065000 -0.147000 0.253000 ␊
[20:09:51:577] -0.087746 -0.741820 -29.597309 0.999979 -0.006474 -0.000766 -0.000005 1.768000 -0.234000 0.068000 -0.137000 0.263000 ␊
[20:09:51:675] -0.044351 -0.974723 -29.604433 0.999964 -0.008506 -0.000387 -0.000003 1.775000 -0.662000 0.099000 -0.124000 0.276000 ␊
[20:09:51:919] 0.068218 -1.124563 -29.615578 0.999952 -0.009814 0.000595 0.000006 1.806000 -1.961000 0.155000 -0.091000 0.309000 ␊
[20:09:52:149] 0.431243 -1.032040 -29.599623 0.999952 -0.009006 0.003763 0.000034 1.996000 -1.773000 0.128000 -0.083000 0.317000 ␊
[20:09:52:379] 0.304373 -1.024288 -29.619514 0.999957 -0.008938 0.002656 0.000024 2.013000 -2.074000 0.011000 -0.074000 0.326000 ␊
[20:09:52:486] 0.264901 -1.438625 -29.572739 0.999919 -0.012554 0.002312 0.000029 2.306000 -2.361000 -0.043000 -0.049000 0.351000 ␊
[20:09:52:726] 0.203098 -1.339086 -29.613794 0.999930 -0.011685 0.001772 0.000021 2.234000 -2.337000 -0.041000 -0.034000 0.366000 ␊
[20:09:52:946] 0.002916 -1.321452 -29.594919 0.999933 -0.011532 0.000025 0.000000 2.258000 -2.129000 0.147000 -0.020000 0.380000 ␊
[20:09:53:186] 0.366519 -1.111049 -29.573624 0.999948 -0.009696 0.003198 0.000031 2.032000 -1.689000 -0.021000 0.000000 0.407000 ␊
[20:09:53:299] 0.044456 -1.307259 -29.607719 0.999935 -0.011408 0.000388 0.000004 1.938000 -1.629000 -0.046000 0.000000 0.421000 ␊
[20:09:53:529] 1.370927 -0.610532 -29.617613 0.999914 -0.005327 0.011963 0.000064 1.694000 -1.470000 0.133000 0.000000 0.431000 ␊
[20:09:53:759] 1.743779 -0.551468 -29.702444 0.999873 -0.004812 0.015217 0.000073 1.781000 -1.608000 -0.209000 0.000000 0.449000 ␊
[20:09:53:852] 1.075351 -0.715603 -29.780415 0.999936 -0.006245 0.009384 0.000059 1.603000 -1.635000 0.029000 0.000000 0.452000 ␊
[20:09:54:106] 0.642172 -1.303775 -29.779530 0.999920 -0.011377 0.005604 0.000064 1.614000 -1.738000 -0.028000 0.000000 0.469000 ␊
[20:09:54:336] 1.337780 -1.374634 -29.847475 0.999860 -0.011995 0.011673 0.000140 1.598000 -1.568000 0.080000 0.000000 0.486000 ␊
[20:09:54:556] 1.038387 -1.285519 -30.060690 0.999896 -0.011218 0.009061 0.000102 1.465000 -1.684000 -0.015000 0.000000 0.490000 ␊
[20:09:54:632] 1.437639 -0.844523 -30.152508 0.999894 -0.007369 0.012545 0.000092 1.195000 -1.617000 0.009000 0.000000 0.503000 ␊
[20:09:54:909] 1.664495 -0.477899 -30.449577 0.999886 -0.004170 0.014525 0.000061 1.243000 -1.782000 -0.058000 0.000000 0.523000 ␊
[20:09:55:139] 1.397683 -0.780006 -31.064236 0.999902 -0.006806 0.012196 0.000083 1.397000 -2.096000 0.000000 0.000000 0.528000 ␊
[20:09:55:369] 0.333659 -0.360045 -31.478003 0.999991 -0.003142 0.002912 0.000009 1.384000 -2.153000 -0.027000 0.000000 0.531000 ␊
[20:09:55:476] -0.409707 -0.323529 -32.779778 0.999990 -0.002823 -0.003575 -0.000010 0.951000 -1.855000 0.034000 0.000000 0.548000 ␊
[20:09:55:716] -0.055910 -1.013862 -34.043530 0.999961 -0.008847 -0.000488 -0.000004 0.772000 -1.913000 -0.093000 0.000000 0.551000 ␊
[20:09:55:936] -1.715026 -2.367282 -34.404922 0.999675 -0.020655 -0.014963 -0.000309 0.715000 -1.952000 -0.023000 0.000000 0.549000 ␊
[20:09:56:176] -3.468543 -4.671710 -33.741409 0.998711 -0.040738 -0.030239 -0.001233 0.515000 -1.712000 0.050000 0.000000 0.546000 ␊
[20:09:56:275] -3.201556 -3.685835 -31.790890 0.999093 -0.032147 -0.027921 -0.000898 0.410000 -1.537000 -0.017000 0.000000 0.546000 ␊
[20:09:56:519] 0.119262 -0.895341 -30.365705 0.999969 -0.007813 0.001041 0.000008 0.044000 -1.342000 0.001000 0.000000 0.545000 ␊
[20:09:56:749] 1.824780 -1.075842 -29.738937 0.999829 -0.009387 0.015923 0.000149 -0.194000 -1.288000 0.051000 0.000000 0.551000 ␊
[20:09:56:979] 2.208752 -2.474764 -29.383968 0.999581 -0.021591 0.019269 0.000416 0.088000 -1.056000 0.049000 0.000000 0.576000 ␊
[20:09:57:086] 4.331121 -4.081848 -29.037504 0.998652 -0.035588 0.037763 0.001346 0.179000 -0.761000 0.084000 0.000000 0.579000 ␊
[20:09:57:325] 3.827746 -4.993867 -28.077013 0.998493 -0.043542 0.033365 0.001455 0.305000 -0.837000 0.027000 0.000000 0.580000 ␊
[20:09:57:545] 0.427574 -3.055673 -26.707716 0.999638 -0.026662 0.003730 0.000099 0.412000 -0.617000 -0.015000 0.000000 0.580000 ␊
[20:09:57:786] -2.087645 -1.052131 -25.468699 0.999792 -0.009180 -0.018216 -0.000167 0.682000 -0.643000 -0.035000 0.000000 0.580000 ␊
[20:09:57:898] -2.309756 0.219560 -24.001823 0.999795 0.001916 -0.020155 0.000039 0.561000 -0.437000 0.067000 0.000000 0.566000 ␊
[20:09:58:128] -1.344199 0.614288 -21.744099 0.999917 0.005360 -0.011730 0.000063 0.445000 -0.472000 0.024000 0.000000 0.569000 ␊
[20:09:58:358] -0.465415 0.265526 -20.268728 0.999989 0.002317 -0.004061 0.000009 0.700000 -0.692000 0.050000 0.000000 0.569000 ␊
[20:09:58:450] -0.228455 0.015255 -19.050474 0.999998 0.000133 -0.001994 0.000000 0.683000 -0.911000 0.035000 0.015000 0.615000 ␊
[20:09:58:706] -1.690300 -2.086423 -17.081833 0.999725 -0.018204 -0.014748 -0.000269 0.586000 -1.138000 0.060000 0.015000 0.615000 ␊
[20:09:58:935] 0.330063 -1.438004 -15.318021 0.999917 -0.012549 0.002880 0.000036 0.754000 -0.972000 0.156000 0.012000 0.612000 ␊
[20:09:59:155] 2.440616 -1.380828 -14.028349 0.999701 -0.012047 0.021295 0.000257 0.696000 -0.990000 0.101000 0.004000 0.604000 ␊
[20:09:59:229] 3.086032 -1.623795 -12.733712 0.999537 -0.014165 0.026925 0.000382 0.504000 -1.083000 0.030000 0.000000 0.576000 ␊
[20:09:59:508] 2.281165 -1.446808 -11.555753 0.999722 -0.012623 0.019904 0.000251 0.444000 -1.285000 0.040000 0.000000 0.572000 ␊
[20:09:59:738] 1.632639 -2.029614 -10.327362 0.999742 -0.017709 0.014245 0.000252 0.849000 -1.539000 -0.111000 0.000000 0.561000 ␊
[20:09:59:968] 0.046679 -3.868211 -8.943386 0.999430 -0.033750 0.000407 0.000014 0.750000 -1.641000 -0.063000 0.000000 0.566000 ␊
[20:10:00:075] -1.065518 -5.993634 -7.548663 0.998589 -0.052278 -0.009286 -0.000486 0.888000 -1.715000 -0.023000 0.000000 0.566000 ␊
[20:10:00:315] -1.481042 -5.697942 -6.144836 0.998681 -0.049699 -0.012908 -0.000642 1.102000 -1.677000 -0.085000 0.000000 0.584000 ␊
[20:10:00:535] -1.457594 -5.118681 -4.741280 0.998922 -0.044650 -0.012707 -0.000568 1.030000 -1.666000 -0.130000 0.000000 0.584000 ␊
[20:10:00:775] -2.730453 -5.433830 -3.391751 0.998592 -0.047388 -0.023799 -0.001129 1.029000 -1.477000 0.080000 0.000000 0.583000 ␊
[20:10:00:867] 1.654781 2.954958 -2.361144 0.999563 0.025781 0.014435 -0.000372 0.851000 -1.422000 -0.067000 0.000000 0.583000 ␊
[20:10:01:118] -2.131753 -3.736195 -1.795739 0.999296 -0.032593 -0.018592 -0.000606 -0.112000 -1.031000 -0.060000 0.000000 0.582000 ␊
[20:10:01:348] -1.759048 -6.098353 -0.597089 0.998467 -0.053187 -0.015328 -0.000817 -0.193000 -1.094000 -0.047000 0.000000 0.583000 ␊
[20:10:01:578] -2.182228 -7.460798 0.982526 0.997700 -0.065050 -0.019002 -0.001239 -0.302000 -0.991000 -0.117000 0.000000 0.582000 ␊
[20:10:01:685] -2.685540 -4.953457 2.428339 0.998792 -0.043202 -0.023412 -0.001013 -0.349000 -0.983000 -0.141000 0.000000 0.581000 ␊
[20:10:01:925] -4.001008 -2.486388 3.811402 0.999155 -0.021683 -0.034900 -0.000757 -0.066000 -0.948000 -0.012000 0.000000 0.582000 ␊
[20:10:02:145] -5.643187 -2.156219 5.186133 0.998611 -0.018793 -0.049217 -0.000926 -0.445000 -0.522000 -0.066000 0.000000 0.587000 ␊
[20:10:02:385] -5.067589 -2.187828 6.279665 0.998840 -0.019073 -0.044201 -0.000844 -0.191000 -0.679000 0.012000 0.000000 0.598000 ␊
[20:10:02:498] -4.407604 -1.824476 7.039227 0.999134 -0.015909 -0.038449 -0.000612 -0.015000 -0.926000 -0.040000 0.008000 0.608000 ␊
[20:10:02:727] -2.632542 -0.716192 7.329991 0.999717 -0.006248 -0.022971 -0.000144 -0.435000 -0.838000 -0.125000 0.019000 0.619000 ␊
[20:10:02:957] -0.634351 -1.119884 7.439643 0.999937 -0.009773 -0.005535 -0.000054 -0.602000 -0.702000 0.053000 0.019000 0.619000 ␊
[20:10:03:047] 0.594768 -1.123784 7.409991 0.999938 -0.009807 0.005190 0.000051 -0.892000 -0.441000 -0.156000 0.019000 0.619000 ␊
[20:10:03:304] 0.992828 -2.415439 6.922256 0.999740 -0.021076 0.008662 0.000183 -0.669000 -0.924000 0.050000 0.018000 0.618000 ␊
[20:10:03:534] 0.358497 -3.193048 6.141237 0.999607 -0.027861 0.003127 0.000087 -0.528000 -0.944000 0.059000 0.015000 0.615000 ␊
[20:10:03:754] 2.054857 -3.568072 5.434996 0.999355 -0.031127 0.017922 0.000558 -0.369000 -1.004000 0.056000 0.003000 0.603000 ␊
[20:10:03:994] 4.134461 -3.466533 4.738506 0.998892 -0.030227 0.036056 0.001091 -0.002000 -0.962000 0.088000 0.000000 0.585000 ␊
[20:10:04:107] 5.707618 -3.175361 4.272324 0.998376 -0.027672 0.049769 0.001379 0.551000 -0.951000 0.159000 0.000000 0.577000 ␊
[20:10:04:337] 5.462584 -2.476518 4.112910 0.998631 -0.021585 0.047641 0.001030 0.627000 -0.707000 0.017000 0.000000 0.579000 ␊
[20:10:04:567] 2.279446 -0.915503 4.016572 0.999770 -0.007988 0.019890 0.000159 0.599000 -0.633000 -0.207000 0.000000 0.580000 ␊
[20:10:04:673] 0.479838 -0.293847 3.126880 0.999988 -0.002564 0.004187 0.000011 1.081000 -0.754000 0.007000 0.000000 0.581000 ␊
[20:10:04:908] 0.083555 -0.081958 2.142432 0.999999 -0.000715 0.000729 0.000001 1.227000 -0.777000 0.075000 0.000000 0.582000 ␊
[20:10:05:134] 0.026406 -1.900864 1.451032 0.999862 -0.016587 0.000230 0.000004 1.446000 -0.826000 0.005000 0.000000 0.593000 ␊
[20:10:05:374] -0.173408 -3.317255 0.958983 0.999580 -0.028944 -0.001513 -0.000044 1.568000 -0.880000 0.027000 0.009000 0.609000 ␊
[20:10:05:465] 0.184130 -3.697832 0.618393 0.999478 -0.032264 0.001606 0.000052 1.688000 -0.853000 -0.031000 0.013000 0.613000 ␊
[20:10:05:717] -0.013842 -3.307339 0.291576 0.999584 -0.028858 -0.000121 -0.000003 1.484000 -0.305000 -0.089000 0.027000 0.627000 ␊
[20:10:05:947] -0.797317 -3.493942 -0.128514 0.999511 -0.030485 -0.006955 -0.000212 1.683000 -0.360000 0.141000 0.027000 0.627000 ␊
[20:10:06:177] 1.023263 -3.630827 -0.577768 0.999458 -0.031678 0.008925 0.000283 1.602000 -0.335000 0.037000 0.024000 0.624000 ␊
[20:10:06:284] 2.493892 -3.155620 -0.660984 0.999384 -0.027528 0.021753 0.000599 1.888000 -0.410000 0.007000 0.025000 0.625000 ␊
[20:10:06:524] 1.600622 -2.193863 0.216071 0.999719 -0.019142 0.013965 0.000267 1.814000 -0.507000 -0.147000 0.024000 0.624000 ␊
[20:10:06:744] 1.002125 -0.920163 1.405047 0.999930 -0.008030 0.008745 0.000070 1.932000 -0.698000 -0.074000 0.024000 0.624000 ␊
[20:10:06:983] 0.333980 -0.414486 2.723792 0.999989 -0.003617 0.002915 0.000011 2.197000 -0.921000 0.118000 0.025000 0.625000 ␊
[20:10:07:097] -0.750825 0.021181 4.075974 0.999979 0.000185 -0.006552 0.000001 2.261000 -0.836000 0.088000 0.000000 0.600000 ␊
[20:10:07:327] -0.551160 -0.301753 5.464543 0.999985 -0.002633 -0.004810 -0.000013 2.160000 -0.562000 0.172000 0.000000 0.580000 ␊
[20:10:07:557] 1.443875 -1.026588 6.856965 0.999880 -0.008958 0.012599 0.000113 2.010000 -0.557000 0.155000 0.000000 0.579000 ␊
[20:10:07:644] 4.728672 -1.920035 8.071152 0.999008 -0.016740 0.041248 0.000691 1.942000 -0.508000 0.086000 0.000000 0.580000 ␊
[20:10:07:898] 5.832916 -2.364194 9.073768 0.998492 -0.020603 0.050869 0.001050 1.883000 -0.324000 0.130000 0.000000 0.580000 ␊
[20:10:08:128] 4.997505 -2.146228 9.958360 0.998874 -0.018710 0.043590 0.000817 1.748000 0.209000 0.057000 0.000000 0.583000 ␊
[20:10:08:354] 2.961982 -1.954538 10.587623 0.999521 -0.017050 0.025842 0.000441 1.651000 0.520000 0.126000 0.018000 0.618000 ␊
[20:10:08:593] 0.131781 -2.145808 11.150946 0.999824 -0.018725 0.001150 0.000022 1.655000 0.332000 -0.036000 0.026000 0.626000 ␊
[20:10:08:706] -1.848794 -1.358633 11.589530 0.999800 -0.011854 -0.016132 -0.000191 1.536000 0.258000 -0.029000 0.027000 0.627000 ␊
[20:10:08:937] -1.356791 -1.837884 11.843921 0.999801 -0.016037 -0.011838 -0.000190 1.513000 0.148000 0.042000 0.024000 0.624000 ␊
[20:10:09:166] 0.412131 -4.517466 11.951324 0.999217 -0.039412 0.003594 0.000142 1.771000 -0.116000 0.135000 0.015000 0.615000 ␊
[20:10:09:274] 0.407291 -6.690692 11.775393 0.998290 -0.058354 0.003548 0.000207 1.695000 -0.195000 0.166000 0.016000 0.616000 ␊
[20:10:09:513] -0.802894 -5.615173 10.733097 0.998775 -0.048981 -0.006998 -0.000343 1.596000 0.210000 0.183000 0.016000 0.616000 ␊
[20:10:09:733] -1.151416 -3.472483 9.303280 0.999490 -0.030297 -0.010043 -0.000304 1.569000 0.398000 -0.116000 0.013000 0.613000 ␊
[20:10:09:973] -0.234927 -1.964296 7.828290 0.999851 -0.017141 -0.002050 -0.000035 1.842000 0.039000 -0.048000 0.018000 0.618000 ␊
[20:10:10:062] 2.389544 -1.017403 6.880821 0.999743 -0.008876 0.020850 0.000185 1.710000 0.061000 -0.113000 0.018000 0.618000 ␊
[20:10:10:316] 2.904686 -0.412747 6.972423 0.999672 -0.003601 0.025345 0.000091 1.611000 -0.080000 -0.170000 0.019000 0.619000 ␊
[20:10:10:546] 1.210112 0.750605 7.776728 0.999923 0.006550 0.010560 -0.000069 1.690000 -0.163000 0.064000 0.019000 0.619000 ␊
[20:10:10:776] -0.304574 1.084365 8.850287 0.999952 0.009463 -0.002658 0.000025 2.312000 -0.370000 0.144000 0.018000 0.618000 ␊
[20:10:10:883] -1.641312 -1.939167 9.652104 0.999754 -0.016920 -0.014321 -0.000242 2.391000 -0.621000 0.060000 0.015000 0.615000 ␊
[20:10:11:123] -2.253180 -4.616672 8.800477 0.998995 -0.040269 -0.019645 -0.000792 2.069000 -0.728000 -0.025000 0.000000 0.582000 ␊
[20:10:11:343] -2.099649 -5.920780 7.045548 0.998498 -0.051637 -0.018297 -0.000946 2.128000 -0.708000 0.006000 0.000000 0.582000 ␊
[20:10:11:583] -1.494240 -6.270270 5.928594 0.998418 -0.054686 -0.013020 -0.000713 1.917000 -0.648000 -0.061000 0.000000 0.582000 ␊
[20:10:11:696] 4.550780 -0.792248 4.490187 0.999188 -0.006908 0.039702 0.000274 2.386000 -0.321000 -0.010000 0.000000 0.587000 ␊
[20:10:11:926] -2.159747 -6.226190 3.266588 0.998347 -0.054297 -0.018818 -0.001023 2.443000 -0.097000 -0.068000 0.000000 0.588000 ␊
[20:10:12:156] 7.339014 6.960367 4.270832 0.996109 0.060579 0.063883 -0.003885 2.237000 -0.132000 0.020000 0.000000 0.595000 ␊
[20:10:12:241] 33.303486 -4.795963 10.354589 0.957225 -0.040086 0.286303 0.011990 2.393000 0.169000 0.155000 0.000000 0.589000 ␊
[20:10:12:502] -64.855247 27.779413 4.793179 0.819389 0.202622 -0.520554 0.128725 2.007000 0.002000 -0.178000 0.000000 0.446000 ␊
[20:10:12:733] -57.713543 -4.492104 31.615911 0.875156 -0.034325 -0.482251 -0.018914 1.431000 0.261000 0.381000 -0.400000 0.000000 ␊
[20:10:12:953] 12.093777 -15.435184 -44.493816 0.985428 -0.133543 0.104388 0.014146 -1.039000 -1.854000 -0.403000 -0.400000 0.000000 ␊
[20:10:13:041] -9.831928 101.595665 -129.528915 0.629734 0.772070 -0.054164 0.066406 -0.917000 1.254000 -0.133000 -0.400000 0.000000 ␊
[20:10:13:306] 34.122044 175.869354 -153.390625 0.034453 0.955372 0.010573 -0.293199 1.269000 2.056000 0.242000 -0.400000 0.000000 ␊
[20:10:13:536] -33.008369 -174.861938 -141.215790 0.042976 -0.957835 -0.012734 -0.283800 2.826000 2.696000 0.340000 -0.400000 0.000000 ␊
[20:10:13:766] -11.404282 177.948929 -140.404282 0.017809 0.994892 -0.001778 0.099341 2.826000 4.510000 0.160000 -0.400000 0.000000 ␊
[20:10:13:873] 1.778048 174.052994 -140.625931 0.051868 0.998533 0.000805 -0.015495 2.826000 4.510000 -0.084000 -0.400000 0.000000 ␊

