201000 0 596 -1456 -17585 999 -12 5 0 1100000 1100000 1100000 1100000 1498000 1499000 997000 1497000 1999000 998000 407 205 14 1718 1370 177 -400 0 
401000 0 441 -1348 -17630 999 -11 3 0 1100000 1100000 1100000 1100000 1497000 1499000 997000 1497000 1998000 997000 374 129 -2 1777 1521 217 -400 0 
601000 0 264 -1130 -17523 999 -9 2 0 1100000 1100000 1100000 1100000 1498000 1499000 997000 1497000 1999000 998000 349 -36 0 1794 1638 210 -400 0 
801000 0 106 -902 -17509 999 -7 0 0 1100000 1100000 1100000 1100000 1497000 1498000 1056000 1471000 1998000 997000 467 -88 28 1545 1532 134 -400 0 
1001000 0 39 -735 -17552 999 -6 0 0 1137000 1140000 1100000 1100000 1498000 1498000 1108000 1442000 1998000 998000 536 -33 23 1580 1251 144 -302 98 
1201000 0 1 -572 -17658 999 -4 0 0 1166000 1175000 1100000 1100000 1497000 1499000 1141000 1431000 1998000 997000 542 56 28 1664 1206 211 -259 141 
1401000 0 7 -470 -17647 999 -4 0 0 1204000 1204000 1140000 1133000 1498000 1499000 1214000 1426000 1998000 997000 608 101 29 1574 1217 125 -229 171 
1601000 0 -202 -251 -17624 999 -2 -1 0 1290000 1296000 1171000 1184000 1497000 1499000 1244000 1381000 1998000 997000 570 84 17 1739 1290 169 -164 236 
1801000 0 -137 -280 -17603 999 -2 -1 0 1299000 1306000 1198000 1187000 1498000 1499000 1249000 1385000 1998000 997000 532 -151 45 1673 1724 70 -151 249 
2001000 0 -19 -339 -17597 999 -2 0 0 1302000 1311000 1193000 1203000 1498000 1499000 1258000 1385000 1999000 997000 -86 41 2 2618 1237 200 -147 252 
2201000 0 -275 -631 -17580 999 -5 -2 0 1329000 1338000 1228000 1215000 1499000 1498000 1289000 1381000 1998000 997000 -104 179 56 2225 1032 52 -122 278 
2401000 0 -732 -713 -17584 999 -6 -6 0 1341000 1357000 1247000 1237000 1497000 1499000 1327000 1384000 1999000 997000 226 480 142 1466 721 -180 -73 327 
2601000 0 -688 -749 -17604 999 -6 -6 0 1394000 1403000 1321000 1321000 1497000 1499000 1371000 1396000 1998000 997000 1359 571 157 -171 1209 -205 -39 360 
2801000 0 -804 -396 -17712 999 -3 -7 0 1409000 1420000 1331000 1338000 1498000 1499000 1377000 1395000 1998000 998000 2073 377 139 -748 1672 -153 -25 375 
3001000 0 -157 -416 -17832 999 -3 -1 0 1416000 1418000 1340000 1337000 1497000 1499000 1386000 1394000 1998000 997000 2029 368 2 1194 1608 218 -13 386 
3201000 0 -273 -215 -17920 999 -1 -2 0 1453000 1480000 1318000 1316000 1498000 1499000 1400000 1392000 1998000 998000 2116 291 -2 1811 1410 217 -8 392 
3401000 0 1017 -111 -18019 999 0 8 0 1447000 1442000 1382000 1356000 1497000 1498000 1407000 1392000 1999000 997000 1826 487 -6 2487 1011 224 0 407 
3601000 0 957 -134 -18068 999 -1 8 0 1490000 1489000 1317000 1330000 1498000 1499000 1430000 1381000 1997000 997000 1719 1219 110 2309 222 -80 0 430 
3801000 0 526 -61 -18278 999 0 4 0 1463000 1465000 1396000 1418000 1497000 1499000 1441000 1379000 1998000 997000 1864 1935 93 1841 335 -19 0 436 
4001000 0 2 -177 -18584 999 -1 0 0 1474000 1464000 1412000 1417000 1497000 1499000 1451000 1379000 1998000 997000 1953 1581 22 1702 1601 173 0 442 
4201000 0 -401 -368 -18611 999 -3 -3 0 1495000 1511000 1394000 1414000 1498000 1499000 1470000 1379000 1998000 998000 1644 1282 -42 2158 1968 306 0 470 
4401000 0 -818 -745 -18993 999 -6 -7 0 1542000 1554000 1406000 1428000 1497000 1499000 1487000 1379000 1999000 997000 1380 1379 -39 2593 1545 315 0 483 
4601000 0 -1234 -798 -20098 999 -6 -10 0 1527000 1568000 1461000 1445000 1498000 1499000 1507000 1379000 1998000 998000 829 1161 -270 3411 1940 965 0 501 
4801000 0 -782 -119 -21548 999 -1 -6 0 1524000 1541000 1466000 1498000 1497000 1495000 1515000 1380000 1999000 997000 350 1324 -181 2783 1522 747 0 515 
5001000 0 -1533 -252 -22906 999 -2 -13 0 1541000 1568000 1474000 1488000 1498000 1409000 1518000 1383000 1998000 997000 -337 1197 -321 3738 1758 1102 0 518 
5201000 0 -123 -19 -24153 999 0 -1 0 1530000 1552000 1486000 1493000 1497000 1321000 1517000 1392000 1999000 997000 -758 1170 -219 3672 1684 764 0 516 
5401000 0 1672 -667 -25201 999 -5 14 0 1508000 1519000 1537000 1502000 1497000 1277000 1516000 1446000 1998000 997000 45 1301 367 522 1542 -798 0 516 
5601000 0 3055 -54 -24939 999 0 26 0 1498000 1539000 1534000 1508000 1498000 1305000 1523000 1510000 1998000 998000 -440 1020 -200 2142 2065 880 0 520 
5801000 0 3423 -254 -23191 999 -2 29 0 1547000 1539000 1506000 1506000 1496000 1311000 1524000 1570000 1999000 997000 -783 948 -176 2717 1923 698 0 525 
6001000 0 2656 -707 -20599 999 -6 23 0 1521000 1579000 1470000 1524000 1413000 1364000 1523000 1592000 1998000 997000 -1508 696 -207 2823 1877 870 0 523 
6201000 0 2305 -1816 -17566 999 -15 20 0 1533000 1578000 1444000 1535000 1424000 1416000 1523000 1525000 1998000 997000 -1440 645 -16 2105 1806 256 0 523 
6401000 0 1878 -2609 -15454 999 -22 16 0 1563000 1603000 1391000 1533000 1419000 1418000 1524000 1498000 1998000 997000 -910 590 308 892 1758 -642 0 523 
6601000 0 1774 -2898 -13887 999 -25 15 0 1542000 1509000 1472000 1567000 1412000 1427000 1522000 1524000 1998000 998000 -970 1129 -118 2217 1093 580 0 522 
6801000 0 1063 -3559 -11796 999 -31 9 0 1557000 1539000 1521000 1466000 1411000 1426000 1521000 1552000 1999000 997000 -1494 1181 -279 3226 1323 1068 0 521 
7001000 0 25 -3336 -9313 999 -29 0 0 1550000 1601000 1539000 1392000 1412000 1391000 1520000 1526000 1998000 998000 -1717 1079 -227 3075 1741 911 0 521 
7201000 0 -360 -1800 -7589 999 -15 -3 0 1508000 1577000 1519000 1475000 1426000 1330000 1521000 1496000 1998000 997000 -1919 1208 65 2191 1831 185 0 521 
7401000 0 581 -1181 -6231 999 -10 5 0 1537000 1591000 1440000 1518000 1424000 1341000 1522000 1497000 1998000 997000 -1983 1461 52 2186 1372 259 0 522 
7601000 0 1656 -1622 -4953 999 -14 14 0 1547000 1584000 1380000 1571000 1411000 1364000 1521000 1497000 1999000 998000 -1931 1458 -4 1944 1647 449 0 521 
7801000 0 2116 -2542 -3647 999 -22 18 0 1540000 1528000 1406000 1612000 1388000 1370000 1521000 1497000 1998000 997000 -1993 1817 -71 1953 1377 664 0 521 
8001000 0 2492 -3169 -2268 999 -27 21 0 1533000 1498000 1441000 1541000 1434000 1365000 1504000 1496000 1998000 998000 -1877 1845 61 1664 1616 285 0 504 
8201000 0 1276 -2356 -918 999 -20 11 0 1546000 1541000 1511000 1412000 1452000 1383000 1504000 1497000 1998000 997000 -1620 1717 130 1189 2049 143 0 503 
8401000 0 262 -531 311 999 -4 2 0 1494000 1554000 1531000 1435000 1496000 1392000 1506000 1485000 1998000 997000 -439 1887 132 357 1676 234 0 505 
8601000 0 -463 738 1307 999 6 -4 0 1520000 1574000 1439000 1492000 1497000 1395000 1511000 1462000 1998000 998000 -233 2217 87 674 1198 335 0 507 
8801000 0 349 342 1930 999 2 3 0 1535000 1580000 1399000 1561000 1427000 1455000 1521000 1460000 1999000 997000 -16 2194 175 824 1635 52 0 519 
9001000 0 -680 -1399 2467 999 -12 -5 0 1565000 1544000 1414000 1558000 1375000 1499000 1523000 1460000 1998000 997000 -124 2548 -130 1927 1749 835 0 523 
9201000 0 -1044 -2612 2978 999 -22 -9 0 1551000 1519000 1452000 1569000 1426000 1561000 1523000 1464000 1998000 997000 -37 2637 110 1603 1690 125 0 523 
9401000 0 -3079 -2916 3476 999 -25 -26 0 1555000 1553000 1509000 1476000 1445000 1498000 1530000 1463000 1999000 997000 236 2566 93 935 2107 272 0 524 
9601000 0 -1993 -2736 3695 999 -23 -17 0 1558000 1587000 1536000 1453000 1445000 1391000 1534000 1461000 1998000 998000 377 2133 -80 1766 2253 623 0 534 
9801000 0 -695 -1471 3839 999 -12 -6 0 1494000 1583000 1561000 1488000 1456000 1373000 1531000 1450000 1999000 997000 501 2120 38 1330 2204 299 0 532 
10001000 0 825 -894 3639 999 -7 7 0 1535000 1596000 1533000 1458000 1495000 1350000 1530000 1446000 1998000 997000 1289 2265 329 202 1842 -545 0 531 
10201000 0 1853 142 3275 999 1 16 0 1540000 1577000 1487000 1514000 1497000 1350000 1528000 1444000 1999000 998000 1933 2338 242 239 1604 -369 0 528 
10401000 0 2022 511 2964 999 4 17 0 1551000 1564000 1486000 1505000 1497000 1369000 1528000 1440000 1998000 997000 1843 2539 39 1237 1283 219 0 527 
10601000 0 983 559 2604 999 4 8 0 1533000 1531000 1474000 1572000 1497000 1386000 1529000 1442000 1998000 997000 2095 2155 -159 1516 2013 726 0 528 
10801000 0 1013 445 2284 999 3 8 0 1526000 1554000 1459000 1571000 1497000 1385000 1528000 1443000 1999000 998000 2441 2069 0 1675 1852 306 0 528 
11001000 0 1606 154 2078 999 1 14 0 1557000 1543000 1485000 1525000 1448000 1423000 1529000 1441000 1998000 997000 1645 2127 -236 3409 1483 931 0 528 
11201000 0 495 -1669 1785 999 -14 4 0 1571000 1572000 1496000 1482000 1438000 1499000 1533000 1440000 1998000 997000 2088 2086 252 1834 1587 -513 0 531 
11401000 0 -431 -1943 1625 999 -16 -3 0 1517000 1583000 1542000 1484000 1437000 1503000 1531000 1440000 1999000 998000 2275 2154 -22 1702 1607 354 0 531 
11601000 0 -1514 -1375 1483 999 -12 -13 0 1508000 1586000 1556000 1472000 1421000 1498000 1531000 1442000 1999000 997000 3078 1990 174 863 1905 -185 0 531 
11801000 0 -1629 -1333 1516 999 -11 -14 0 1537000 1576000 1503000 1506000 1423000 1452000 1529000 1442000 1998000 997000 2752 2165 -109 1847 1605 718 0 531 
12001000 0 -1539 -1836 1550 999 -16 -13 0 1543000 1540000 1459000 1568000 1371000 1457000 1528000 1443000 1999000 997000 2664 2235 12 1690 1787 269 0 528 
12201000 0 -1466 -3683 1671 999 -32 -12 0 1530000 1551000 1415000 1614000 1339000 1497000 1528000 1444000 1998000 997000 2879 2176 71 1503 1597 150 0 528 
12401000 0 -1489 -5830 2093 998 -50 -12 0 1530000 1587000 1428000 1564000 1435000 1452000 1528000 1445000 1998000 998000 2649 2167 -125 2148 1705 714 0 528 
12601000 0 -735 -5554 2482 998 -48 -6 0 1565000 1573000 1502000 1470000 1445000 1405000 1527000 1447000 1999000 997000 2477 2418 142 2142 1500 -52 0 527 
12801000 0 1 -3505 2675 999 -30 0 0 1529000 1548000 1565000 1467000 1497000 1330000 1528000 1453000 1998000 997000 1925 2698 12 2458 1490 332 0 528 
13001000 0 1439 -1205 2945 999 -10 12 0 1529000 1576000 1563000 1438000 1496000 1299000 1527000 1459000 1999000 997000 2098 2840 94 1812 1389 136 0 527 
13201000 0 2859 -628 3187 999 -5 24 0 1541000 1611000 1484000 1470000 1497000 1282000 1528000 1458000 1998000 997000 2414 3120 -31 1462 1446 567 0 528 
13401000 0 3734 -181 3340 999 -1 32 0 1539000 1584000 1441000 1543000 1497000 1307000 1527000 1458000 1998000 997000 2069 3133 -243 2634 1585 1163 0 527 
13601000 0 4102 159 3653 999 1 35 0 1541000 1528000 1407000 1630000 1498000 1397000 1529000 1457000 1998000 997000 2092 3074 -41 2288 1807 524 0 527 
13801000 0 2568 -80 4142 999 0 22 0 1553000 1507000 1447000 1603000 1496000 1496000 1529000 1457000 1998000 997000 2040 3224 -18 2057 1870 660 0 529 
14001000 0 1187 -1271 4808 999 -11 10 0 1593000 1553000 1462000 1509000 1498000 1498000 1530000 1455000 1998000 997000 2304 3031 238 1050 2128 -218 0 530 
14201000 0 -1124 -1013 5727 999 -8 -9 0 1598000 1578000 1531000 1411000 1495000 1535000 1530000 1450000 1998000 997000 2154 2851 -44 1713 2275 657 0 530 
14401000 0 -2528 -758 6745 999 -6 -22 0 1565000 1604000 1544000 1406000 1409000 1499000 1531000 1450000 1998000 997000 2317 2726 -71 1826 2030 735 0 531 
14601000 0 -3760 -2512 8176 999 -21 -32 0 1516000 1647000 1465000 1485000 1367000 1439000 1528000 1444000 1999000 997000 2301 2982 5 2048 1410 486 0 529 
14801000 0 -1175 -3672 9077 999 -32 -10 0 1496000 1640000 1396000 1578000 1422000 1429000 1529000 1440000 1998000 997000 2447 3130 209 1657 1291 -112 0 528 
15001000 0 451 -4148 9787 999 -36 3 0 1578000 1579000 1449000 1504000 1443000 1495000 1528000 1437000 1999000 997000 2168 3190 -208 2129 1800 1049 0 528 
15201000 0 -617 -4077 10054 999 -35 -5 0 1582000 1529000 1494000 1505000 1463000 1489000 1528000 1439000 1998000 997000 1609 3200 -296 3128 1797 1291 0 528 
15401000 0 -1994 -2200 10347 999 -19 -17 0 1591000 1550000 1540000 1425000 1497000 1421000 1527000 1439000 1999000 997000 1503 3400 -50 2688 1428 568 0 527 
15601000 0 -1027 -124 10858 999 -1 -8 0 1567000 1592000 1493000 1453000 1498000 1404000 1528000 1439000 1998000 997000 571 3377 -224 2764 2229 1150 0 528 
15801000 0 -119 840 11567 999 7 -1 0 1559000 1629000 1412000 1510000 1445000 1419000 1528000 1437000 1999000 997000 524 3352 -167 2309 2102 951 0 528 
16001000 0 1787 -472 12173 999 -4 15 0 1533000 1574000 1395000 1608000 1429000 1396000 1531000 1437000 1998000 997000 549 3279 81 1676 2251 313 0 528 
16201000 0 3157 -2199 12479 999 -19 27 0 1604000 1547000 1459000 1512000 1430000 1413000 1533000 1432000 1999000 997000 -1092 3553 -270 4058 1583 1329 0 533 
16401000 0 2594 -3070 12750 999 -26 22 0 1634000 1511000 1547000 1438000 1427000 1460000 1533000 1429000 1998000 997000 -916 3666 145 2168 1500 -300 0 533 
16601000 0 -596 -2684 12751 999 -23 -5 0 1580000 1543000 1618000 1393000 1427000 1499000 1533000 1427000 1999000 998000 -562 3876 221 1080 1297 -178 0 534 
16801000 0 -1692 295 12441 999 2 -14 0 1491000 1602000 1541000 1484000 1495000 1397000 1526000 1430000 1998000 997000 -1007 4007 -25 2029 1600 614 0 526 
17001000 0 200 2010 11775 999 17 1 0 1479000 1576000 1373000 1510000 1478000 1380000 1480000 1384000 1999000 998000 -1512 4081 -438 2821 1797 2483 0 485 
17201000 0 2109 136 10359 999 1 18 0 1545000 1455000 1384000 1535000 1452000 1435000 1483000 1383000 1998000 997000 -1542 3962 -56 1965 2199 803 0 480 
17401000 0 1193 -734 8684 999 -6 10 0 1541000 1506000 1482000 1404000 1369000 1497000 1508000 1381000 1998000 998000 -1885 4039 -16 1804 1936 619 0 508 
17601000 0 -466 -1978 6926 999 -17 -4 0 1507000 1591000 1566000 1434000 1293000 1499000 1527000 1392000 1998000 998000 -2253 4190 -27 2433 1612 644 0 525 
17801000 0 -301 -2577 5217 999 -22 -2 0 1546000 1583000 1561000 1428000 1281000 1500000 1533000 1393000 1998000 997000 -2469 4564 -95 2079 1172 776 0 530 
18001000 0 -1789 -3299 3885 999 -28 -15 0 1531000 1538000 1521000 1536000 1282000 1528000 1535000 1404000 1998000 997000 -2263 4459 -72 911 2043 570 0 535 
18201000 0 -1748 -5073 2755 998 -44 -15 0 1592000 1560000 1417000 1577000 1308000 1568000 1537000 1411000 1998000 997000 -2561 4887 -179 1490 1257 807 0 537 
18401000 0 -1487 -4554 1716 999 -39 -12 0 1567000 1558000 1426000 1587000 1447000 1499000 1534000 1429000 1999000 997000 -2393 4848 149 815 1754 -207 0 535 
18601000 0 -1017 -1620 551 999 -14 -8 0 1523000 1523000 1444000 1640000 1497000 1468000 1533000 1431000 1998000 997000 -1750 4848 17 533 1224 223 0 533 
18824000 1000 -416 126 -176 999 1 -3 0 1550000 1543000 1564000 1473000 1557000 1447000 1533000 1434000 1998000 997000 -1715 4848 120 617 2048 -113 0 533 
19001000 0 -6939 6244 -1647 996 54 -60 3 1526000 1569000 1243000 1789000 1532000 1386000 1530000 1434000 1998000 997000 -2207 4848 0 1763 2793 526 0 532 
19201000 0 11901 -9047 -1109 991 -78 103 8 1590000 1558000 1800000 1100000 1497000 1289000 1521000 1429000 1999000 998000 -1168 4680 213 -899 1856 -396 0 521 
19401000 0 25109 -27047 -2507 949 -228 211 50 1271000 1562000 1100000 1800000 1496000 1491000 997000 1361000 1999000 998000 -706 4680 141 -927 1344 -126 -85 314 
19601000 0 -49182 52804 -11923 814 404 -372 185 1398000 1412000 1100000 1302000 1498000 1499000 998000 1343000 1998000 998000 -654 4680 13 -95 1380 4522 -400 0 
19801000 0 -43912 6833 44679 925 55 -373 22 1100000 1100000 1517000 1482000 1497000 1499000 997000 1341000 1999000 998000 -1665 4620 -164 2834 2406 3147 -400 0 
20001000 0 -33272 18354 19440 945 152 -282 45 1100000 1100000 1100000 1243000 1498000 1498000 998000 1344000 1998000 997000 -2508 4702 -198 3735 1856 1810 -400 0 
Hello Junta. Starting Potato Controller now
imu.begin()-IMU comm & initialize completed 
imu.dmpBegin() suceeded
IMU SETUP COMPLETED
