IMU,SETUP,COMPLETED,,,,,,,,,,,,,,,,,,,,,,,,
201000,5000,10000,0,-14895,-17276,-25090,980,-148,-128,-19,1100000,1111000,1100000,1100000,1497000,1499000,997000,1496000,1999000,997000,0,0,0,0,0,0
401000,5000,10000,0,-14988,-17179,-25119,980,-148,-128,-19,1100000,1111000,1100000,1100000,1498000,1498000,997000,1497000,1998000,997000,0,0,0,0,0,0
601000,5000,10000,0,-15072,-17083,-25150,980,-147,-129,-19,1100000,1110000,1100000,1100000,1498000,1498000,998000,1497000,1998000,997000,0,0,0,0,0,0
801000,5000,10000,0,-15152,-17014,-25177,980,-146,-130,-19,1100000,1110000,1100000,1100000,1498000,1499000,997000,1497000,1999000,998000,0,0,0,0,0,0
1001000,5000,10000,0,-15206,-16953,-25203,980,-146,-130,-19,1100000,1111000,1100000,1100000,1498000,1498000,997000,1497000,1998000,997000,0,0,0,0,0,0
1201000,5000,10000,0,-15271,-16884,-25210,980,-145,-131,-19,1100000,1239000,1100000,1100000,1498000,1498000,1105000,1497000,1998000,997000,0,0,0,0,0,0
1401000,5000,10000,0,-15341,-16715,-25370,980,-144,-132,-19,1100000,1177000,1100000,1100000,1499000,1498000,1060000,1495000,1998000,998000,0,0,0,0,0,0
1601000,5000,10000,0,-15293,-16580,-25285,980,-142,-131,-19,1100000,1148000,1100000,1100000,1498000,1499000,1053000,1496000,1999000,997000,0,0,0,0,0,0
1801000,5000,10000,0,-13463,-14607,-25799,985,-126,-116,-14,1100000,1100000,1100000,1100000,1497000,1498000,1042000,1496000,1999000,997000,0,0,0,0,0,0
2001000,5000,10000,0,-8757,-9915,-26803,993,-86,-76,-6,1100000,1100000,1100000,1100000,1498000,1499000,1045000,1496000,1998000,997000,0,0,0,0,0,0
2201000,5000,10000,0,-1293,-2739,-27555,999,-23,-11,0,1138000,1100000,1100000,1100000,1498000,1499000,1058000,1497000,1999000,998000,0,0,0,0,0,0
2401000,5000,10000,0,8214,6399,-27191,995,55,71,-3,1234000,1100000,1100000,1100000,1497000,1499000,1064000,1497000,2000000,997000,0,0,0,0,0,0
2601000,5000,10000,0,16335,14566,-25699,981,125,140,-18,1190000,1100000,1100000,1100000,1497000,1499000,1065000,1497000,1998000,997000,0,0,0,0,0,0
2801000,5000,10000,0,15424,13688,-25863,983,118,133,-15,1100000,1100000,1100000,1100000,1498000,1499000,1070000,1497000,1998000,997000,0,0,0,0,0,0
3001000,5000,10000,0,6967,5494,-27402,997,47,60,-2,1100000,1160000,1100000,1100000,1498000,1499000,1076000,1497000,1999000,998000,0,0,0,0,0,0
3201000,5000,10000,0,-3932,-4625,-27490,998,-40,-34,-1,1100000,1210000,1100000,1100000,1497000,1499000,1080000,1497000,1998000,997000,0,0,0,0,0,0
3401000,5000,10000,0,-11159,-11601,-26541,990,-100,-96,-9,1100000,1195000,1100000,1100000,1497000,1498000,1091000,1497000,1998000,997000,0,0,0,0,0,0
3601000,5000,10000,0,-11756,-12397,-26362,988,-107,-101,-11,1100000,1132000,1100000,1100000,1498000,1499000,1098000,1496000,1998000,998000,0,0,0,0,0,0
3801000,5000,10000,0,-6548,-7081,-27245,996,-61,-57,-3,1153000,1100000,1104000,1100000,1498000,1499000,1107000,1498000,1999000,997000,0,0,0,0,0,0
4001000,5000,10000,0,263,-690,-27602,999,-6,2,0,1177000,1100000,1117000,1106000,1497000,1498000,1116000,1499000,1998000,997000,0,0,0,0,0,0
4201000,5000,10000,0,3438,2289,-27540,999,19,29,0,1133000,1109000,1129000,1119000,1497000,1499000,1123000,1499000,1998000,997000,0,0,0,0,0,0
4401000,5000,10000,0,1380,460,-27557,999,4,12,0,1100000,1174000,1135000,1130000,1498000,1499000,1131000,1498000,1998000,998000,0,0,0,0,0,0
4601000,5000,10000,0,-1993,-2677,-27574,999,-23,-17,0,1100000,1171000,1127000,1128000,1498000,1499000,1131000,1499000,1999000,997000,0,0,0,0,0,0
4801000,5000,10000,0,-2186,-3000,-27549,999,-26,-19,0,1133000,1115000,1141000,1133000,1498000,1498000,1131000,1498000,1998000,997000,0,0,0,0,0,0
5001000,5000,10000,0,-15,-847,-27589,999,-7,0,0,1159000,1113000,1128000,1126000,1497000,1498000,1132000,1498000,1998000,997000,0,0,0,0,0,0
5201000,5000,10000,0,948,60,-27607,999,0,8,0,1126000,1144000,1130000,1123000,1498000,1499000,1131000,1498000,1998000,998000,0,0,0,0,0,0
5401000,5000,10000,0,-456,-1348,-27600,999,-11,-3,0,1101000,1164000,1139000,1134000,1497000,1499000,1135000,1500000,1999000,997000,0,0,0,0,0,0
5601000,5000,10000,0,-1413,-2270,-27574,999,-19,-12,0,1136000,1147000,1139000,1129000,1497000,1499000,1138000,1499000,1998000,997000,0,0,0,0,0,0
5801000,5000,10000,0,37,-936,-27620,999,-8,0,0,1163000,1118000,1147000,1134000,1499000,1498000,1141000,1499000,1998000,997000,0,0,0,0,0,0
6001000,5000,10000,0,1157,41,-27601,999,0,10,0,1139000,1140000,1143000,1136000,1498000,1499000,1140000,1498000,1998000,998000,0,0,0,0,0,0
6201000,5000,10000,0,131,-848,-27603,999,-7,1,0,1122000,1168000,1138000,1131000,1498000,1499000,1140000,1499000,1999000,997000,0,0,0,0,0,0
6401000,5000,10000,0,-808,-1806,-27597,999,-15,-7,0,1133000,1149000,1139000,1133000,1498000,1498000,1139000,1497000,1998000,997000,0,0,0,0,0,0
6601000,5000,10000,0,-218,-1204,-27617,999,-10,-1,0,1150000,1132000,1144000,1136000,1498000,1498000,1141000,1497000,1998000,997000,0,0,0,0,0,0
6801000,5000,10000,0,576,-395,-27613,999,-3,5,0,1143000,1133000,1148000,1139000,1498000,1498000,1141000,1496000,1998000,998000,0,0,0,0,0,0
7001000,5000,10000,0,506,-443,-27614,999,-3,4,0,1137000,1146000,1144000,1139000,1498000,1499000,1142000,1497000,1999000,997000,0,0,0,0,0,0
7201000,5000,10000,0,262,-809,-27619,999,-7,2,0,1144000,1152000,1141000,1133000,1498000,1498000,1143000,1496000,1998000,997000,0,0,0,0,0,0
7401000,5000,10000,0,485,-800,-27612,999,-6,4,0,1150000,1149000,1140000,1128000,1497000,1498000,1142000,1496000,1998000,997000,0,0,0,0,0,0
7601000,5000,10000,0,382,-828,-27624,999,-7,3,0,1143000,1149000,1142000,1132000,1499000,1498000,1142000,1495000,1998000,998000,0,0,0,0,0,0
7801000,5000,10000,0,205,-977,-27629,999,-8,1,0,1136000,1144000,1149000,1138000,1498000,1499000,1142000,1497000,2000000,997000,0,0,0,0,0,0
8001000,5000,10000,0,186,-981,-27625,999,-8,1,0,1134000,1142000,1149000,1138000,1498000,1498000,1141000,1496000,1998000,997000,0,0,0,0,0,0
8201000,5000,10000,0,-92,-1208,-27629,999,-10,0,0,1127000,1147000,1150000,1138000,1498000,1498000,1141000,1496000,1998000,997000,0,0,0,0,0,0
8401000,5000,10000,0,-370,-1472,-27617,999,-12,-3,0,1134000,1151000,1145000,1136000,1498000,1499000,1142000,1495000,1998000,997000,0,0,0,0,0,0
8601000,5000,10000,0,-389,-1458,-27614,999,-12,-3,0,1136000,1148000,1141000,1137000,1498000,1499000,1141000,1496000,1999000,998000,0,0,0,0,0,0
8801000,5000,10000,0,-311,-1502,-27628,999,-13,-2,0,1133000,1153000,1140000,1135000,1497000,1499000,1141000,1496000,2000000,997000,0,0,0,0,0,0
9001000,5000,10000,0,-520,-1510,-27618,999,-13,-4,0,1132000,1147000,1144000,1138000,1497000,1499000,1141000,1496000,1998000,997000,0,0,0,0,0,0
9201000,5000,10000,0,-391,-1309,-27628,999,-11,-3,0,1144000,1149000,1139000,1133000,1498000,1499000,1142000,1496000,1998000,997000,0,0,0,0,0,0
9401000,5000,10000,0,29,-1026,-27640,999,-8,0,0,1143000,1147000,1142000,1135000,1498000,1499000,1142000,1496000,1999000,998000,0,0,0,0,0,0
9601000,5000,10000,0,30,-1122,-27636,999,-9,0,0,1132000,1159000,1142000,1132000,1497000,1499000,1142000,1496000,1999000,997000,0,0,0,0,0,0
9801000,5000,10000,0,-245,-1472,-27640,999,-12,-2,0,1139000,1149000,1141000,1137000,1497000,1498000,1142000,1496000,1998000,997000,0,0,0,0,0,0
10001000,5000,10000,0,622,-907,-27643,999,-7,5,0,1152000,1129000,1150000,1139000,1498000,1499000,1143000,1496000,1998000,997000,0,0,0,0,0,0
10201000,5000,10000,0,986,-393,-27638,999,-3,8,0,1139000,1143000,1146000,1138000,1498000,1499000,1142000,1495000,1998000,998000,0,0,0,0,0,0
10401000,5000,10000,0,285,-1000,-27635,999,-8,2,0,1127000,1157000,1146000,1136000,1497000,1499000,1142000,1496000,1999000,997000,0,0,0,0,0,0
10601000,5000,10000,0,-272,-1717,-27626,999,-14,-2,0,1139000,1158000,1140000,1129000,1497000,1499000,1142000,1496000,1998000,997000,0,0,0,0,0,0
10801000,5000,10000,0,-258,-1628,-27632,999,-14,-2,0,1141000,1149000,1141000,1135000,1498000,1498000,1142000,1496000,1998000,997000,0,0,0,0,0,0
11001000,5000,10000,0,50,-1317,-27632,999,-11,0,0,1146000,1153000,1138000,1133000,1498000,1499000,1143000,1495000,1998000,997000,0,0,0,0,0,0
11201000,5000,10000,0,469,-1099,-27647,999,-9,4,0,1145000,1142000,1145000,1133000,1498000,1498000,1142000,1496000,1999000,998000,0,0,0,0,0,0
11401000,5000,10000,0,346,-1199,-27642,999,-10,3,0,1130000,1150000,1147000,1135000,1498000,1498000,1141000,1496000,1999000,997000,0,0,0,0,0,0
11601000,5000,10000,0,-267,-1635,-27631,999,-14,-2,0,1132000,1154000,1147000,1134000,1497000,1498000,1142000,1496000,1998000,997000,0,0,0,0,0,0
11801000,5000,10000,0,-354,-1587,-27642,999,-13,-3,0,1141000,1148000,1146000,1135000,1498000,1499000,1143000,1496000,1998000,997000,0,0,0,0,0,0
12001000,5000,10000,0,186,-1032,-27654,999,-9,1,0,1147000,1136000,1144000,1134000,1499000,1498000,1141000,1495000,1998000,998000,0,0,0,0,0,0
12201000,5000,10000,0,535,-698,-27653,999,-6,4,0,1139000,1148000,1141000,1139000,1497000,1499000,1142000,1496000,1999000,997000,0,0,0,0,0,0
12401000,5000,10000,0,-11,-1201,-27647,999,-10,0,0,1128000,1161000,1137000,1137000,1498000,1498000,1141000,1496000,1998000,997000,0,0,0,0,0,0
12601000,5000,10000,0,-1018,-1972,-27638,999,-17,-8,0,1123000,1153000,1144000,1145000,1498000,1498000,1142000,1496000,1998000,997000,0,0,0,0,0,0
12801000,5000,10000,0,-867,-1914,-27643,999,-16,-7,0,1146000,1144000,1144000,1136000,1499000,1498000,1143000,1496000,1998000,997000,0,0,0,0,0,0
13001000,5000,10000,0,-11,-1043,-27660,999,-9,0,0,1150000,1140000,1148000,1128000,1499000,1498000,1142000,1496000,1999000,998000,0,0,0,0,0,0
13201000,5000,10000,0,512,-584,-27666,999,-5,4,0,1138000,1149000,1146000,1133000,1498000,1499000,1142000,1496000,1999000,997000,0,0,0,0,0,0
13401000,5000,10000,0,-38,-1133,-27664,999,-9,0,0,1129000,1157000,1143000,1137000,1497000,1498000,1142000,1496000,1998000,997000,0,0,0,0,0,0
13601000,5000,10000,0,-568,-1494,-27671,999,-13,-4,0,1133000,1144000,1144000,1141000,1497000,1499000,1141000,1496000,1998000,997000,0,0,0,0,0,0
13801000,5000,10000,0,-163,-1060,-27660,999,-9,-1,0,1145000,1138000,1141000,1138000,1499000,1498000,1141000,1495000,1998000,998000,0,0,0,0,0,0
14001000,5000,10000,0,492,-554,-27676,999,-4,4,0,1147000,1141000,1140000,1133000,1498000,1498000,1141000,1496000,1999000,998000,0,0,0,0,0,0
14201000,5000,10000,0,665,-433,-27680,999,-3,5,0,1140000,1141000,1146000,1135000,1498000,1499000,1141000,1496000,1999000,997000,0,0,0,0,0,0
14401000,5000,10000,0,227,-797,-27665,999,-6,1,0,1131000,1153000,1144000,1138000,1498000,1498000,1142000,1496000,1998000,997000,0,0,0,0,0,0
14601000,5000,10000,0,-471,-1350,-27668,999,-11,-4,0,1130000,1157000,1144000,1135000,1499000,1498000,1142000,1496000,1998000,997000,0,0,0,0,0,0
14801000,5000,10000,0,-638,-1480,-27674,999,-12,-5,0,1138000,1141000,1142000,1141000,1499000,1498000,1141000,1495000,1998000,998000,0,0,0,0,0,0
15001000,5000,10000,0,-159,-999,-27668,999,-8,-1,0,1141000,1136000,1142000,1143000,1498000,1498000,1141000,1496000,1999000,998000,0,0,0,0,0,0
15201000,5000,10000,0,19,-853,-27675,999,-7,0,0,1138000,1153000,1139000,1136000,1498000,1499000,1142000,1496000,1998000,997000,0,0,0,0,0,0
15401000,5000,10000,0,-268,-1272,-27682,999,-11,-2,0,1135000,1153000,1140000,1138000,1498000,1498000,1142000,1496000,1998000,997000,0,0,0,0,0,0
15601000,5000,10000,0,-448,-1275,-27667,999,-11,-3,0,1136000,1146000,1145000,1139000,1498000,1499000,1142000,1496000,1998000,997000,0,0,0,0,0,0
15801000,5000,10000,0,-300,-1194,-27673,999,-10,-2,0,1139000,1144000,1143000,1137000,1498000,1499000,1141000,1495000,1998000,998000,0,0,0,0,0,0
16001000,5000,10000,0,129,-890,-27689,999,-7,1,0,1139000,1137000,1150000,1136000,1498000,1499000,1141000,1496000,1999000,998000,0,0,0,0,0,0
16201000,5000,10000,0,158,-910,-27673,999,-7,1,0,1134000,1154000,1143000,1131000,1498000,1499000,1141000,1496000,1998000,997000,0,0,0,0,0,0
16401000,5000,10000,0,-317,-1341,-27687,999,-11,-2,0,1140000,1153000,1140000,1133000,1497000,1498000,1142000,1496000,1998000,997000,0,0,0,0,0,0
16601000,5000,10000,0,-2,-876,-27694,999,-7,0,0,1144000,1131000,1147000,1144000,1498000,1498000,1142000,1496000,1998000,997000,0,0,0,0,0,0
16801000,5000,10000,0,448,-407,-27688,999,-3,3,0,1139000,1141000,1144000,1137000,1498000,1499000,1141000,1495000,2001000,998000,0,0,0,0,0,0
17001000,5000,10000,0,82,-827,-27698,999,-7,0,0,1127000,1155000,1143000,1137000,1498000,1499000,1141000,1496000,1999000,998000,0,0,0,0,0,0
17201000,5000,10000,0,-771,-1521,-27680,999,-13,-6,0,1132000,1154000,1140000,1136000,1498000,1499000,1141000,1496000,1999000,997000,0,0,0,0,0,0
17401000,5000,10000,0,-340,-1308,-27700,999,-11,-2,0,1146000,1136000,1146000,1134000,1498000,1498000,1141000,1496000,1998000,997000,0,0,0,0,0,0
17601000,5000,10000,0,454,-458,-27688,999,-4,3,0,1146000,1135000,1148000,1137000,1498000,1498000,1142000,1496000,2001000,997000,0,0,0,0,0,0
17801000,5000,10000,0,405,-489,-27689,999,-4,3,0,1139000,1155000,1139000,1132000,1498000,1499000,1142000,1495000,1998000,997000,0,0,0,0,0,0
18001000,5000,10000,0,-93,-1035,-27705,999,-9,0,0,1137000,1152000,1139000,1138000,1498000,1499000,1142000,1496000,1999000,996000,0,0,0,0,0,0
18201000,5000,10000,0,-165,-944,-27694,999,-8,-1,0,1138000,1145000,1139000,1140000,1498000,1499000,1141000,1496000,1999000,996000,0,0,0,0,0,0
18401000,5000,10000,0,138,-882,-27699,999,-7,1,0,1142000,1147000,1140000,1133000,1497000,1498000,1141000,1496000,1998000,996000,0,0,0,0,0,0
18601000,5000,10000,0,304,-713,-27698,999,-6,2,0,1141000,1148000,1142000,1131000,1497000,1499000,1141000,1496000,1999000,995000,0,0,0,0,0,0
18801000,5000,10000,0,193,-997,-27693,999,-8,1,0,1142000,1151000,1144000,1133000,1498000,1499000,1143000,1496000,1998000,997000,0,0,0,0,0,0
19001000,5000,10000,0,127,-1029,-27696,999,-8,1,0,1138000,1152000,1139000,1136000,1498000,1499000,1142000,1495000,2000000,998000,0,0,0,0,0,0
19201000,5000,10000,0,-182,-1232,-27701,999,-10,-1,0,1136000,1150000,1143000,1137000,1498000,1499000,1142000,1496000,1999000,998000,0,0,0,0,0,0
19401000,5000,10000,0,-229,-1242,-27697,999,-10,-2,0,1135000,1141000,1148000,1143000,1497000,1499000,1142000,1496000,2000000,998000,0,0,0,0,0,0
19601000,5000,10000,0,37,-1050,-27687,999,-9,0,0,1141000,1145000,1145000,1135000,1497000,1499000,1142000,1496000,1998000,998000,0,0,0,0,0,0
19801000,5000,10000,0,318,-834,-27695,999,-7,2,0,1139000,1156000,1144000,1130000,1498000,1499000,1143000,1496000,1998000,997000,0,0,0,0,0,0
20001000,5000,10000,0,-274,-1363,-27698,999,-11,-2,0,1126000,1157000,1146000,1137000,1498000,1499000,1142000,1495000,1998000,997000,0,0,0,0,0,0
20201000,5000,10000,0,-629,-1688,-27697,999,-14,-5,0,1141000,1142000,1146000,1136000,1498000,1499000,1142000,1496000,2000000,998000,0,0,0,0,0,0
20401000,5000,10000,0,272,-772,-27701,999,-6,2,0,1151000,1136000,1144000,1135000,1497000,1499000,1142000,1496000,1998000,998000,0,0,0,0,0,0
20601000,5000,10000,0,587,-506,-27696,999,-4,5,0,1131000,1159000,1142000,1134000,1497000,1498000,1142000,1497000,1998000,998000,0,0,0,0,0,0
20801000,5000,10000,0,-274,-1403,-27696,999,-12,-2,0,1121000,1161000,1143000,1141000,1497000,1499000,1142000,1497000,1998000,996000,0,0,0,0,0,0
21001000,5000,10000,0,-779,-1851,-27682,999,-16,-6,0,1142000,1149000,1144000,1135000,1498000,1499000,1143000,1497000,1998000,997000,0,0,0,0,0,0
21201000,5000,10000,0,52,-1090,-27703,999,-9,0,0,1149000,1134000,1143000,1139000,1498000,1499000,1142000,1496000,1998000,998000,0,0,0,0,0,0
21401000,5000,10000,0,644,-671,-27701,999,-5,5,0,1137000,1142000,1150000,1137000,1498000,1499000,1142000,1497000,1999000,998000,0,0,0,0,0,0
21601000,5000,10000,0,396,-900,-27692,999,-7,3,0,1133000,1148000,1148000,1137000,1497000,1499000,1142000,1497000,1999000,998000,0,0,0,0,0,0
21801000,5000,10000,0,-65,-1349,-27690,999,-11,0,0,1134000,1155000,1142000,1135000,1497000,1498000,1142000,1497000,1998000,998000,0,0,0,0,0,0
22001000,5000,10000,0,-238,-1541,-27693,999,-13,-2,0,1138000,1148000,1145000,1135000,1498000,1498000,1142000,1497000,1998000,996000,0,0,0,0,0,0
22201000,5000,10000,0,-77,-1217,-27689,999,-10,0,0,1146000,1152000,1143000,1133000,1499000,1498000,1144000,1497000,1998000,996000,0,0,0,0,0,0
22401000,5000,10000,0,537,-876,-27705,999,-7,4,0,1149000,1150000,1143000,1128000,1499000,1498000,1143000,1496000,1998000,998000,0,0,0,0,0,0
22601000,5000,10000,0,214,-1157,-27709,999,-10,1,0,1129000,1156000,1146000,1135000,1498000,1498000,1142000,1497000,1999000,998000,0,0,0,0,0,0
22801000,5000,10000,0,-443,-1789,-27682,999,-15,-3,0,1128000,1154000,1145000,1139000,1498000,1499000,1142000,1497000,1999000,998000,0,0,0,0,0,0
23001000,5000,10000,0,-409,-1731,-27697,999,-15,-3,0,1148000,1145000,1143000,1134000,1497000,1499000,1143000,1497000,1998000,998000,0,0,0,0,0,0
23201000,5000,10000,0,283,-1058,-27704,999,-9,2,0,1150000,1134000,1148000,1143000,1498000,1498000,1144000,1497000,1998000,997000,0,0,0,0,0,0
23401000,5000,10000,0,434,-926,-27699,999,-8,3,0,1136000,1152000,1146000,1140000,1498000,1499000,1144000,1497000,1998000,997000,0,0,0,0,0,0
23601000,5000,10000,0,-213,-1320,-27693,999,-11,-1,0,1137000,1158000,1146000,1137000,1498000,1499000,1145000,1495000,1998000,998000,0,0,0,0,0,0
23801000,5000,10000,0,-274,-1389,-27687,999,-12,-2,0,1148000,1155000,1145000,1134000,1498000,1499000,1146000,1496000,1999000,998000,0,0,0,0,0,0
24001000,5000,10000,0,123,-1290,-27701,999,-11,1,0,1146000,1152000,1148000,1137000,1498000,1499000,1146000,1496000,1999000,998000,0,0,0,0,0,0
24201000,5000,10000,0,116,-1246,-27694,999,-10,1,0,1141000,1155000,1151000,1142000,1498000,1498000,1148000,1496000,1998000,998000,0,0,0,0,0,0
24401000,5000,10000,0,103,-1324,-27686,999,-11,0,0,1157000,1170000,1154000,1146000,1498000,1498000,1157000,1496000,1998000,997000,0,0,0,0,0,0
24601000,5000,10000,0,337,-1079,-27691,999,-9,2,0,1159000,1157000,1164000,1154000,1498000,1498000,1159000,1496000,1998000,997000,0,0,0,0,0,0
24801000,5000,10000,0,308,-946,-27692,999,-8,2,0,1155000,1158000,1166000,1154000,1498000,1499000,1159000,1495000,1998000,997000,0,0,0,0,0,0
25001000,5000,10000,0,102,-1072,-27685,999,-9,0,0,1157000,1173000,1158000,1146000,1498000,1499000,1159000,1496000,1999000,998000,0,0,0,0,0,0
25201000,5000,10000,0,73,-1054,-27694,999,-9,0,0,1158000,1156000,1167000,1157000,1498000,1499000,1160000,1496000,1999000,998000,0,0,0,0,0,0
25401000,5000,10000,0,417,-683,-27692,999,-5,3,0,1168000,1162000,1161000,1148000,1497000,1498000,1160000,1496000,1998000,998000,0,0,0,0,0,0
25601000,5000,10000,0,249,-722,-27704,999,-6,2,0,1147000,1166000,1165000,1160000,1497000,1499000,1160000,1496000,1998000,998000,0,0,0,0,0,0
25801000,5000,10000,0,-293,-1153,-27699,999,-10,-2,0,1158000,1170000,1161000,1153000,1497000,1499000,1161000,1496000,1998000,997000,0,0,0,0,0,0
26001000,5000,10000,0,-156,-1045,-27707,999,-9,-1,0,1164000,1167000,1162000,1150000,1498000,1499000,1161000,1496000,1998000,997000,0,0,0,0,0,0
26201000,5000,10000,0,-86,-918,-27708,999,-8,0,0,1149000,1171000,1163000,1156000,1498000,1499000,1160000,1495000,1999000,998000,0,0,0,0,0,0
26401000,5000,10000,0,-93,-975,-27715,999,-8,0,0,1161000,1161000,1164000,1153000,1498000,1499000,1160000,1496000,1998000,998000,0,0,0,0,0,0
26601000,5000,10000,0,345,-757,-27714,999,-6,3,0,1166000,1157000,1159000,1156000,1497000,1499000,1160000,1496000,1999000,998000,0,0,0,0,0,0
26801000,5000,10000,0,558,-413,-27715,999,-3,4,0,1156000,1169000,1158000,1155000,1497000,1498000,1160000,1496000,1998000,998000,0,0,0,0,0,0
27001000,5000,10000,0,-225,-1083,-27717,999,-9,-1,0,1147000,1174000,1158000,1158000,1497000,1498000,1160000,1496000,1998000,997000,0,0,0,0,0,0
27201000,5000,10000,0,-548,-1485,-27713,999,-12,-4,0,1157000,1168000,1157000,1159000,1498000,1499000,1161000,1496000,1998000,997000,0,0,0,0,0,0
27401000,5000,10000,0,114,-948,-27714,999,-8,1,0,1171000,1156000,1161000,1154000,1498000,1499000,1161000,1495000,1998000,998000,0,0,0,0,0,0
27601000,5000,10000,0,432,-586,-27726,999,-5,3,0,1155000,1165000,1163000,1156000,1498000,1499000,1160000,1495000,1999000,997000,0,0,0,0,0,0
27801000,5000,10000,0,-134,-928,-27712,999,-8,-1,0,1154000,1172000,1162000,1150000,1501000,1496000,1160000,1496000,1999000,998000,0,0,0,0,0,0
28001000,5000,10000,0,-241,-1168,-27710,999,-10,-2,0,1154000,1172000,1158000,1153000,1504000,1493000,1160000,1496000,1999000,998000,0,0,0,0,0,0
28201000,5000,10000,0,-272,-1117,-27724,999,-9,-2,0,1155000,1169000,1158000,1155000,1497000,1499000,1160000,1496000,1999000,998000,0,0,0,0,0,0
28401000,5000,10000,0,-270,-1235,-27730,999,-10,-2,0,1151000,1160000,1164000,1163000,1497000,1499000,1160000,1496000,1998000,998000,0,0,0,0,0,0
28601000,5000,10000,0,-366,-1183,-27700,999,-10,-3,0,1160000,1169000,1155000,1155000,1497000,1499000,1160000,1496000,1998000,998000,0,0,0,0,0,0
28801000,5000,10000,0,-496,-1229,-27717,999,-10,-4,0,1151000,1168000,1160000,1163000,1498000,1499000,1161000,1496000,1998000,997000,0,0,0,0,0,0
29001000,5000,10000,0,-468,-1159,-27722,999,-10,-4,0,1155000,1170000,1159000,1155000,1497000,1499000,1160000,1495000,1998000,998000,0,0,0,0,0,0
29201000,5000,10000,0,-202,-1072,-27712,999,-9,-1,0,1162000,1165000,1162000,1149000,1497000,1500000,1160000,1496000,1999000,998000,0,0,0,0,0,0
29401000,5000,10000,0,-92,-766,-27732,999,-6,0,0,1156000,1161000,1164000,1157000,1497000,1500000,1160000,1496000,1998000,998000,0,0,0,0,0,0
29601000,5000,10000,0,-91,-951,-27717,999,-8,0,0,1152000,1172000,1161000,1153000,1497000,1500000,1160000,1496000,1998000,998000,0,0,0,0,0,0
29801000,5000,10000,0,-450,-1222,-27718,999,-10,-3,0,1158000,1167000,1158000,1154000,1497000,1499000,1160000,1496000,1998000,997000,0,0,0,0,0,0
30001000,5000,10000,0,44,-862,-27725,999,-7,0,0,1166000,1156000,1162000,1154000,1497000,1499000,1160000,1496000,1999000,997000,0,0,0,0,0,0
30201000,5000,10000,0,324,-576,-27717,999,-5,2,0,1153000,1172000,1160000,1157000,1498000,1499000,1161000,1496000,1998000,997000,0,0,0,0,0,0
30401000,5000,10000,0,-584,-1428,-27712,999,-12,-5,0,1148000,1180000,1157000,1153000,1498000,1499000,1160000,1495000,1999000,997000,0,0,0,0,0,0
30601000,5000,10000,0,-318,-1252,-27720,999,-10,-2,0,1162000,1150000,1166000,1160000,1497000,1499000,1160000,1496000,1999000,998000,0,0,0,0,0,0
30801000,5000,10000,0,304,-508,-27724,999,-4,2,0,1166000,1165000,1159000,1148000,1497000,1500000,1160000,1496000,1999000,998000,0,0,0,0,0,0
31001000,5000,10000,0,-76,-946,-27731,999,-8,0,0,1149000,1170000,1163000,1156000,1497000,1500000,1160000,1496000,1999000,998000,0,0,0,0,0,0
31201000,5000,10000,0,-530,-1419,-27726,999,-12,-4,0,1153000,1166000,1161000,1157000,1497000,1499000,1160000,1496000,1999000,998000,0,0,0,0,0,0
31401000,5000,10000,0,-98,-960,-27708,999,-8,0,0,1167000,1158000,1160000,1154000,1497000,1499000,1160000,1496000,1999000,998000,0,0,0,0,0,0
31601000,5000,10000,0,275,-640,-27733,999,-5,2,0,1157000,1163000,1162000,1156000,1497000,1499000,1160000,1496000,1998000,997000,0,0,0,0,0,0
31801000,5000,10000,0,-227,-990,-27706,999,-8,-1,0,1152000,1179000,1158000,1154000,1498000,1499000,1161000,1496000,1998000,997000,0,0,0,0,0,0
32001000,5000,10000,0,-632,-1468,-27723,999,-12,-5,0,1152000,1162000,1163000,1161000,1498000,1499000,1160000,1495000,1998000,998000,0,0,0,0,0,0
32201000,5000,10000,0,-409,-1256,-27721,999,-10,-3,0,1165000,1165000,1153000,1155000,1497000,1499000,1160000,1496000,1999000,998000,0,0,0,0,0,0
32401000,5000,10000,0,-62,-901,-27722,999,-7,0,0,1161000,1162000,1160000,1155000,1497000,1500000,1160000,1496000,1999000,998000,0,0,0,0,0,0
32601000,5000,10000,0,103,-732,-27738,999,-6,0,0,1154000,1164000,1164000,1156000,1497000,1500000,1160000,1496000,1998000,998000,0,0,0,0,0,0
32801000,5000,10000,0,-270,-1031,-27724,999,-9,-2,0,1154000,1179000,1156000,1149000,1497000,1500000,1160000,1496000,1998000,997000,0,0,0,0,0,0
33001000,5000,10000,0,-568,-1334,-27727,999,-11,-4,0,1148000,1169000,1165000,1157000,1497000,1499000,1160000,1496000,1998000,998000,0,0,0,0,0,0
33201000,5000,10000,0,-380,-1228,-27731,999,-10,-3,0,1158000,1159000,1163000,1158000,1497000,1499000,1160000,1496000,1998000,997000,0,0,0,0,0,0
33401000,5000,10000,0,77,-815,-27728,999,-7,0,0,1169000,1160000,1160000,1153000,1498000,1499000,1161000,1496000,1998000,997000,0,0,0,0,0,0
33601000,5000,10000,0,164,-508,-27735,999,-4,1,0,1151000,1169000,1163000,1159000,1498000,1499000,1161000,1496000,1998000,997000,0,0,0,0,0,0
33801000,5000,10000,0,-427,-1006,-27729,999,-8,-3,0,1147000,1173000,1162000,1155000,1497000,1499000,1160000,1495000,1998000,997000,0,0,0,0,0,0
34001000,5000,10000,0,-723,-1358,-27721,999,-11,-6,0,1155000,1164000,1164000,1155000,1497000,1500000,1160000,1496000,1999000,997000,0,0,0,0,0,0
34201000,5000,10000,0,-394,-1135,-27719,999,-9,-3,0,1165000,1163000,1157000,1153000,1497000,1500000,1160000,1496000,1998000,997000,0,0,0,0,0,0
34401000,5000,10000,0,38,-762,-27724,999,-6,0,0,1160000,1164000,1162000,1153000,1497000,1500000,1160000,1496000,1998000,998000,0,0,0,0,0,0
34601000,5000,10000,0,129,-553,-27730,999,-4,1,0,1156000,1168000,1160000,1158000,1497000,1500000,1161000,1496000,1998000,998000,0,0,0,0,0,0
34801000,5000,10000,0,-111,-1075,-27713,999,-9,0,0,1156000,1164000,1162000,1160000,1497000,1499000,1161000,1496000,1998000,998000,0,0,0,0,0,0
35001000,5000,10000,0,-255,-1083,-27727,999,-9,-2,0,1154000,1169000,1161000,1158000,1497000,1499000,1161000,1496000,1999000,997000,0,0,0,0,0,0
35201000,5000,10000,0,-359,-1280,-27722,999,-11,-3,0,1159000,1175000,1155000,1154000,1497000,1499000,1161000,1496000,1999000,997000,0,0,0,0,0,0
35401000,5000,10000,0,-269,-1043,-27732,999,-9,-2,0,1155000,1161000,1170000,1164000,1498000,1499000,1163000,1495000,1998000,998000,0,0,0,0,0,0
35601000,5000,10000,0,-200,-936,-27730,999,-8,-1,0,1162000,1173000,1160000,1156000,1498000,1499000,1163000,1494000,1998000,998000,0,0,0,0,0,0
35801000,5000,10000,0,-244,-861,-27733,999,-7,-2,0,1160000,1175000,1166000,1164000,1497000,1499000,1167000,1494000,1999000,998000,0,0,0,0,0,0
36001000,5000,10000,0,-274,-873,-27732,999,-7,-2,0,1171000,1185000,1167000,1160000,1497000,1500000,1171000,1496000,1999000,998000,0,0,0,0,0,0
36201000,5000,10000,0,-407,-1086,-27732,999,-9,-3,0,1176000,1194000,1181000,1179000,1497000,1500000,1183000,1496000,1999000,998000,0,0,0,0,0,0
36401000,5000,10000,0,-265,-895,-27748,999,-7,-2,0,1182000,1183000,1183000,1186000,1497000,1500000,1184000,1496000,1998000,997000,0,0,0,0,0,0
36601000,5000,10000,0,-64,-832,-27742,999,-7,0,0,1175000,1190000,1188000,1177000,1497000,1500000,1183000,1496000,1999000,998000,0,0,0,0,0,0
36801000,5000,10000,0,-229,-1003,-27735,999,-8,-2,0,1182000,1195000,1178000,1176000,1497000,1499000,1183000,1496000,1998000,998000,0,0,0,0,0,0
37001000,5000,10000,0,-215,-944,-27750,999,-8,-1,0,1180000,1186000,1185000,1179000,1497000,1499000,1183000,1496000,1998000,997000,0,0,0,0,0,0
37201000,5000,10000,0,-136,-1007,-27734,999,-8,-1,0,1175000,1194000,1184000,1178000,1497000,1499000,1183000,1496000,1998000,997000,0,0,0,0,0,0
37401000,5000,10000,0,-576,-1440,-27743,999,-12,-5,0,1173000,1200000,1185000,1176000,1498000,1499000,1184000,1496000,1998000,998000,0,0,0,0,0,0
37601000,5000,10000,0,-841,-1633,-27741,999,-14,-7,0,1181000,1192000,1181000,1180000,1498000,1499000,1184000,1496000,1998000,998000,0,0,0,0,0,0
37801000,5000,10000,0,-86,-933,-27749,999,-8,0,0,1198000,1175000,1185000,1172000,1497000,1499000,1183000,1495000,1998000,997000,0,0,0,0,0,0
38001000,5000,10000,0,318,-713,-27743,999,-6,2,0,1174000,1199000,1182000,1175000,1497000,1499000,1183000,1496000,1999000,998000,0,0,0,0,0,0
38201000,5000,10000,0,-574,-1652,-27742,999,-14,-5,0,1163000,1205000,1187000,1175000,1497000,1500000,1183000,1496000,1998000,998000,0,0,0,0,0,0
38401000,5000,10000,0,-384,-1463,-27736,999,-12,-3,0,1195000,1169000,1187000,1180000,1497000,1499000,1183000,1496000,1998000,998000,0,0,0,0,0,0
38601000,5000,10000,0,321,-711,-27750,999,-6,2,0,1178000,1186000,1183000,1183000,1497000,1499000,1183000,1496000,1998000,998000,0,0,0,0,0,0
38801000,5000,10000,0,-407,-1306,-27749,999,-11,-3,0,1169000,1207000,1182000,1176000,1498000,1499000,1184000,1496000,1998000,998000,0,0,0,0,0,0
39001000,5000,10000,0,-991,-1839,-27737,999,-16,-8,0,1177000,1197000,1181000,1174000,1497000,1500000,1183000,1496000,1999000,998000,0,0,0,0,0,0
39201000,5000,10000,0,-516,-1329,-27740,999,-11,-4,0,1192000,1185000,1183000,1171000,1497000,1500000,1183000,1496000,1998000,998000,0,0,0,0,0,0
39401000,5000,10000,0,43,-944,-27744,999,-8,0,0,1181000,1195000,1181000,1173000,1497000,1499000,1183000,1496000,1998000,998000,0,0,0,0,0,0
39601000,5000,10000,0,-375,-1348,-27749,999,-11,-3,0,1159000,1194000,1190000,1187000,1498000,1499000,1183000,1495000,1998000,998000,0,0,0,0,0,0
39801000,5000,10000,0,-812,-1697,-27729,999,-14,-7,0,1179000,1192000,1181000,1178000,1497000,1500000,1183000,1496000,1998000,998000,0,0,0,0,0,0
40001000,5000,10000,0,-435,-1409,-27756,999,-12,-3,0,1173000,1193000,1186000,1177000,1497000,1499000,1183000,1496000,1998000,998000,0,0,0,0,0,0
40201000,5000,10000,0,-394,-1451,-27738,999,-12,-3,0,1172000,1187000,1190000,1185000,1498000,1499000,1184000,1496000,1999000,997000,0,0,0,0,0,0
40401000,5000,10000,0,-32,-1191,-27735,999,-10,0,0,1186000,1189000,1180000,1175000,1497000,1499000,1183000,1495000,1999000,998000,0,0,0,0,0,0
40601000,5000,10000,0,28,-1197,-27745,999,-10,0,0,1169000,1194000,1183000,1185000,1497000,1500000,1183000,1496000,1998000,998000,0,0,0,0,0,0
40801000,5000,10000,0,-552,-1777,-27736,999,-15,-4,0,1172000,1191000,1187000,1181000,1497000,1499000,1183000,1496000,1999000,998000,0,0,0,0,0,0
41001000,5000,10000,0,-424,-1465,-27743,999,-12,-3,0,1182000,1181000,1194000,1178000,1498000,1499000,1184000,1496000,1998000,997000,0,0,0,0,0,0
41201000,5000,10000,0,-2,-1148,-27742,999,-10,0,0,1183000,1196000,1183000,1168000,1497000,1500000,1183000,1496000,1999000,997000,0,0,0,0,0,0
41401000,5000,10000,0,18,-1216,-27740,999,-10,0,0,1182000,1193000,1185000,1170000,1497000,1500000,1183000,1496000,1998000,998000,0,0,0,0,0,0
41601000,5000,10000,0,72,-1297,-27732,999,-11,0,0,1179000,1193000,1182000,1176000,1497000,1499000,1183000,1496000,1998000,997000,0,0,0,0,0,0
41801000,5000,10000,0,108,-1194,-27748,999,-10,0,0,1173000,1183000,1185000,1188000,1498000,1499000,1183000,1495000,1998000,997000,0,0,0,0,0,0
42001000,5000,10000,0,-135,-1356,-27728,999,-11,-1,0,1176000,1189000,1182000,1183000,1497000,1500000,1183000,1496000,1998000,997000,0,0,0,0,0,0
42201000,5000,10000,0,-187,-1269,-27732,999,-11,-1,0,1181000,1187000,1181000,1181000,1497000,1499000,1183000,1496000,1998000,997000,0,0,0,0,0,0
42401000,5000,10000,0,431,-714,-27752,999,-6,3,0,1192000,1183000,1182000,1173000,1497000,1499000,1183000,1496000,1998000,998000,0,0,0,0,0,0
42601000,5000,10000,0,399,-891,-27728,999,-7,3,0,1172000,1195000,1191000,1172000,1497000,1499000,1183000,1495000,1998000,998000,0,0,0,0,0,0
42801000,5000,10000,0,-265,-1520,-27739,999,-13,-2,0,1171000,1192000,1189000,1177000,1497000,1500000,1183000,1496000,1998000,998000,0,0,0,0,0,0
43001000,5000,10000,0,-49,-1384,-27745,999,-12,0,0,1179000,1184000,1192000,1175000,1497000,1499000,1183000,1496000,1998000,998000,0,0,0,0,0,0
43201000,5000,10000,0,-141,-1579,-27724,999,-13,-1,0,1171000,1200000,1188000,1175000,1498000,1499000,1184000,1496000,1998000,997000,0,0,0,0,0,0
43401000,5000,10000,0,-237,-1712,-27739,999,-14,-2,0,1183000,1193000,1182000,1172000,1497000,1499000,1183000,1495000,1999000,998000,0,0,0,0,0,0
43601000,5000,10000,0,-72,-1619,-27743,999,-14,0,0,1168000,1185000,1193000,1185000,1497000,1500000,1183000,1496000,1998000,998000,0,0,0,0,0,0
43801000,5000,10000,0,-174,-1702,-27733,999,-14,-1,0,1172000,1192000,1187000,1179000,1497000,1499000,1183000,1496000,1998000,998000,0,0,0,0,0,0
44001000,5000,10000,0,-192,-1563,-27743,999,-13,-1,0,1190000,1187000,1184000,1173000,1498000,1499000,1184000,1496000,1998000,998000,0,0,0,0,0,0
44201000,5000,10000,0,479,-987,-27743,999,-8,4,0,1186000,1185000,1189000,1170000,1497000,1499000,1183000,1496000,1999000,998000,0,0,0,0,0,0
44401000,5000,10000,0,528,-1075,-27756,999,-9,4,0,1184000,1192000,1184000,1171000,1497000,1500000,1183000,1496000,1998000,998000,0,0,0,0,0,0
44601000,5000,10000,0,375,-1108,-27754,999,-9,3,0,1178000,1186000,1190000,1177000,1497000,1499000,1183000,1496000,1999000,998000,0,0,0,0,0,0
44801000,5000,10000,0,540,-843,-27766,999,-7,4,0,1187000,1178000,1192000,1176000,1498000,1499000,1184000,1496000,1999000,997000,0,0,0,0,0,0
45001000,5000,10000,0,778,-719,-27756,999,-6,6,0,1184000,1183000,1187000,1177000,1497000,1499000,1183000,1496000,1999000,998000,0,0,0,0,0,0
45201000,5000,10000,0,439,-934,-27759,999,-8,3,0,1174000,1201000,1178000,1181000,1497000,1500000,1184000,1495000,1999000,998000,0,0,0,0,0,0
45401000,5000,10000,0,24,-1230,-27756,999,-10,0,0,1190000,1184000,1186000,1170000,1497000,1499000,1183000,1495000,1998000,998000,0,0,0,0,0,0
45601000,5000,10000,0,681,-526,-27750,999,-4,5,0,1187000,1183000,1185000,1180000,1498000,1499000,1184000,1496000,1998000,997000,0,0,0,0,0,0
45801000,5000,10000,0,381,-770,-27763,999,-6,3,0,1176000,1191000,1186000,1181000,1497000,1499000,1184000,1495000,1999000,998000,0,0,0,0,0,0
46001000,5000,10000,0,377,-818,-27762,999,-7,3,0,1192000,1187000,1186000,1170000,1497000,1500000,1184000,1495000,1999000,998000,0,0,0,0,0,0
46201000,5000,10000,0,730,-410,-27758,999,-3,6,0,1185000,1185000,1184000,1175000,1497000,1499000,1183000,1495000,1998000,998000,0,0,0,0,0,0
46401000,5000,10000,0,458,-728,-27751,999,-6,4,0,1178000,1196000,1186000,1174000,1498000,1499000,1184000,1496000,1999000,997000,0,0,0,0,0,0
46601000,5000,10000,0,138,-1063,-27777,999,-9,1,0,1184000,1180000,1195000,1175000,1497000,1499000,1184000,1495000,1999000,997000,0,0,0,0,0,0
46801000,5000,10000,0,748,-518,-27779,999,-4,6,0,1181000,1180000,1188000,1185000,1497000,1500000,1184000,1495000,1998000,997000,0,0,0,0,0,0
47001000,5000,10000,0,324,-993,-27764,999,-8,2,0,1175000,1202000,1181000,1172000,1497000,1499000,1183000,1495000,1999000,997000,0,0,0,0,0,0
47201000,5000,10000,0,-442,-1640,-27763,999,-14,-3,0,1177000,1204000,1180000,1173000,1498000,1499000,1184000,1496000,1998000,997000,0,0,0,0,0,0
47401000,5000,10000,0,-319,-1629,-27755,999,-14,-2,0,1188000,1174000,1194000,1177000,1497000,1499000,1184000,1495000,1998000,998000,0,0,0,0,0,0
47601000,5000,10000,0,576,-856,-27767,999,-7,5,0,1183000,1182000,1184000,1184000,1497000,1500000,1184000,1495000,1998000,998000,0,0,0,0,0,0
47801000,5000,10000,0,351,-945,-27766,999,-8,3,0,1177000,1193000,1184000,1177000,1497000,1499000,1183000,1495000,1998000,997000,0,0,0,0,0,0
48001000,5000,10000,0,177,-1247,-27753,999,-10,1,0,1183000,1195000,1188000,1165000,1497000,1499000,1183000,1495000,1998000,997000,0,0,0,0,0,0
48201000,5000,10000,0,27,-1438,-27760,999,-12,0,0,1162000,1198000,1195000,1179000,1571000,1474000,1184000,1495000,1998000,997000,0,0,0,0,0,0
48401000,5000,10000,0,541,-901,-27772,999,-7,4,0,1176000,1194000,1185000,1178000,1588000,1410000,1184000,1495000,1999000,998000,0,0,0,0,0,0
48601000,5000,10000,0,2404,872,-27744,999,7,20,0,1191000,1177000,1189000,1172000,1595000,1403000,1183000,1495000,1998000,998000,0,0,0,0,0,0
48801000,5000,10000,0,3913,2266,-27693,999,19,34,0,1199000,1181000,1178000,1176000,1505000,1469000,1184000,1495000,1998000,997000,0,0,0,0,0,0
49001000,5000,10000,0,2248,825,-27753,999,7,19,0,1152000,1209000,1190000,1184000,1498000,1499000,1184000,1496000,1998000,998000,0,0,0,0,0,0
49201000,5000,10000,0,-253,-1624,-27767,999,-14,-2,0,1162000,1206000,1186000,1180000,1497000,1500000,1184000,1495000,1998000,998000,0,0,0,0,0,0
49401000,5000,10000,0,-525,-1804,-27766,999,-15,-4,0,1198000,1185000,1180000,1171000,1497000,1499000,1184000,1495000,1998000,997000,0,0,0,0,0,0
49601000,5000,10000,0,455,-966,-27789,999,-8,3,0,1180000,1179000,1194000,1178000,1497000,1500000,1183000,1495000,1998000,997000,0,0,0,0,0,0
49801000,5000,10000,0,92,-1269,-27771,999,-11,0,0,1166000,1202000,1183000,1183000,1531000,1481000,1184000,1496000,1998000,997000,0,0,0,0,0,0
50001000,5000,10000,0,-26,-1424,-27796,999,-12,0,0,1168000,1199000,1182000,1180000,1575000,1408000,1183000,1495000,1998000,998000,0,0,0,0,0,0
50201000,5000,10000,0,1913,411,-27768,999,3,16,0,1195000,1174000,1182000,1183000,1586000,1361000,1184000,1495000,1998000,997000,0,0,0,0,0,0
50401000,5000,10000,0,4242,2591,-27699,999,22,37,0,1189000,1181000,1177000,1184000,1593000,1336000,1183000,1495000,1999000,997000,0,0,0,0,0,0
50601000,5000,10000,0,4792,3321,-27637,998,28,41,-1,1166000,1200000,1177000,1191000,1625000,1283000,1184000,1495000,1998000,998000,0,0,0,0,0,0
50801000,5000,10000,0,5766,4246,-27578,998,37,50,-1,1179000,1187000,1173000,1191000,1663000,1216000,1183000,1495000,1998000,998000,0,0,0,0,0,0
51001000,5000,10000,0,8101,6362,-27393,995,55,70,-3,1193000,1178000,1170000,1194000,1699000,1153000,1184000,1495000,1998000,998000,0,0,0,0,0,0
51201000,5000,10000,0,10679,8673,-27060,992,75,92,-7,1186000,1179000,1166000,1203000,1730000,1097000,1184000,1495000,1998000,997000,0,0,0,0,0,0
51401000,5000,10000,0,12242,10419,-26754,990,90,106,-9,1180000,1197000,1157000,1200000,1750000,1034000,1184000,1495000,1999000,997000,0,0,0,0,0,0
51601000,5000,10000,0,13383,11838,-26454,987,102,115,-12,1187000,1184000,1161000,1202000,1771000,1004000,1184000,1496000,1998000,998000,0,0,0,0,0,0
51801000,5000,10000,0,15246,13745,-26003,984,118,131,-15,1196000,1179000,1148000,1211000,1770000,1004000,1184000,1495000,1998000,998000,0,0,0,0,0,0
52001000,5000,10000,0,15785,14299,-25878,982,123,136,-17,1173000,1187000,1159000,1215000,1771000,1005000,1184000,1495000,1999000,998000,0,0,0,0,0,0
52201000,5000,10000,0,15361,13719,-26010,983,118,132,-15,1181000,1206000,1145000,1202000,1770000,1004000,1184000,1495000,1998000,998000,0,0,0,0,0,0
52401000,5000,10000,0,15676,14056,-25928,983,121,135,-16,1196000,1176000,1158000,1205000,1770000,1004000,1184000,1495000,1998000,998000,0,0,0,0,0,0
52601000,5000,10000,0,16194,14643,-25775,981,126,139,-17,1178000,1184000,1155000,1217000,1771000,1004000,1184000,1496000,1998000,998000,0,0,0,0,0,0
52801000,5000,10000,0,15725,13971,-25944,983,120,135,-16,1171000,1193000,1153000,1217000,1770000,1004000,1184000,1495000,1999000,998000,0,0,0,0,0,0
53001000,5000,10000,0,15219,13544,-26073,984,116,131,-15,1183000,1191000,1153000,1207000,1770000,1004000,1184000,1495000,1998000,998000,0,0,0,0,0,0
53201000,5000,10000,0,15763,14127,-25917,983,121,136,-16,1198000,1182000,1156000,1199000,1770000,1004000,1184000,1495000,1998000,997000,0,0,0,0,0,0
53401000,5000,11000,0,16195,14458,-25802,982,124,139,-17,1192000,1187000,1156000,1196000,1748000,1059000,1183000,1495000,1998000,998000,0,0,0,0,0,0
53601000,5000,10000,0,15413,13698,-26018,983,118,133,-15,1217000,1162000,1165000,1190000,1550000,1327000,1184000,1495000,1998000,998000,0,0,0,0,0,0
53801000,5000,10000,0,10045,8339,-27140,993,72,87,-6,1141000,1228000,1169000,1197000,1497000,1423000,1184000,1495000,1999000,998000,0,0,0,0,0,0
54001000,5000,10000,0,3214,2045,-27778,999,17,28,0,1149000,1211000,1186000,1188000,1497000,1458000,1184000,1495000,1999000,997000,0,0,0,0,0,0
54201000,5000,10000,0,918,-140,-27838,999,-1,8,0,1186000,1190000,1181000,1172000,1497000,1499000,1183000,1495000,1998000,998000,0,0,0,0,0,0
54401000,5000,10000,0,694,-473,-27821,999,-4,6,0,1187000,1175000,1191000,1181000,1497000,1499000,1184000,1496000,1998000,998000,0,0,0,0,0,0
54601000,5000,10000,0,207,-758,-27824,999,-6,1,0,1173000,1200000,1183000,1179000,1497000,1503000,1184000,1495000,1998000,998000,0,0,0,0,0,0
54801000,5000,10000,0,-246,-1234,-27808,999,-10,-2,0,1211000,1161000,1187000,1176000,1341000,1664000,1184000,1495000,1998000,997000,0,0,0,0,0,0
55001000,5000,10000,0,-2759,-3570,-27710,999,-31,-24,0,1179000,1200000,1182000,1174000,1258000,1780000,1184000,1495000,1998000,998000,0,0,0,0,0,0
55201000,5000,10000,0,-8042,-8615,-27192,994,-74,-69,-5,1157000,1222000,1172000,1178000,1142000,1818000,1183000,1495000,1999000,997000,0,0,0,0,0,0
55401000,5000,10000,0,-12576,-13172,-26352,987,-114,-108,-12,1182000,1204000,1168000,1180000,1074000,1886000,1184000,1496000,1999000,997000,0,0,0,0,0,0
55601000,5000,10000,0,-15352,-16098,-25627,981,-138,-132,-18,1184000,1198000,1175000,1177000,998000,1958000,1184000,1495000,1998000,998000,0,0,0,0,0,0
55801000,5000,10000,0,-17293,-18174,-25014,976,-156,-148,-23,1192000,1192000,1174000,1176000,1002000,1954000,1184000,1495000,1999000,998000,0,0,0,0,0,0
56001000,5000,10000,0,-17432,-18354,-24988,975,-157,-149,-24,1178000,1194000,1183000,1174000,1082000,1927000,1183000,1495000,1999000,998000,0,0,0,0,0,0
56201000,5000,10000,0,-17058,-17975,-25103,976,-154,-146,-23,1100000,1282000,1179000,1172000,1497000,1499000,1183000,1495000,1998000,998000,0,0,0,0,0,0
56401000,5000,10000,0,-11346,-11969,-26595,989,-103,-98,-10,1224000,1158000,1177000,1175000,1497000,1499000,1184000,1495000,1998000,998000,0,0,0,0,0,0
56601000,5000,10000,0,-2803,-3894,-27637,999,-33,-24,0,1227000,1150000,1187000,1170000,1498000,1499000,1184000,1496000,1998000,998000,0,0,0,0,0,0
56801000,5000,10000,0,213,-1021,-27748,999,-8,1,0,1168000,1194000,1189000,1184000,1497000,1499000,1184000,1495000,1999000,998000,0,0,0,0,0,0
57001000,5000,10000,0,-628,-1904,-27742,999,-16,-5,0,1159000,1211000,1185000,1179000,1497000,1500000,1184000,1495000,1999000,997000,0,0,0,0,0,0
57201000,5000,10000,0,-924,-2040,-27751,999,-17,-8,0,1189000,1187000,1184000,1174000,1497000,1499000,1184000,1495000,1999000,997000,0,0,0,0,0,0
57401000,5000,10000,0,206,-987,-27751,999,-8,1,0,1207000,1186000,1177000,1164000,1497000,1499000,1184000,1495000,1999000,997000,0,0,0,0,0,0
57601000,5000,10000,0,472,-800,-27753,999,-6,4,0,1168000,1195000,1191000,1180000,1498000,1499000,1184000,1496000,1998000,998000,0,0,0,0,0,0
57801000,5000,10000,0,-586,-1807,-27757,999,-15,-5,0,1162000,1206000,1180000,1185000,1497000,1499000,1184000,1495000,1998000,998000,0,0,0,0,0,0
58001000,5000,10000,0,-1065,-2330,-27726,999,-20,-9,0,1163000,1199000,1186000,1187000,1499000,1429000,1184000,1495000,1999000,997000,0,0,0,0,0,0
58201000,5000,10000,0,60,-1335,-27755,999,-11,0,0,1170000,1194000,1164000,1206000,1529000,1247000,1184000,1495000,1998000,998000,0,0,0,0,0,0
58401000,5000,10000,0,3128,1501,-27724,999,13,27,0,1175000,1192000,1146000,1221000,1584000,1098000,1184000,1495000,1998000,998000,0,0,0,0,0,0
58601000,5000,10000,0,6793,5042,-27508,997,43,59,-2,1183000,1178000,1150000,1223000,1626000,1023000,1184000,1496000,1999000,997000,0,0,0,0,0,0
58801000,5000,10000,0,10203,8329,-27082,993,72,88,-6,1190000,1180000,1143000,1221000,1642000,1004000,1184000,1495000,1998000,998000,0,0,0,0,0,0
59001000,5000,10000,0,12437,10614,-26675,989,91,107,-10,1238000,1141000,1153000,1201000,1497000,1320000,1184000,1495000,1999000,998000,0,0,0,0,0,0
59201000,5000,10000,0,9179,7549,-27234,994,65,79,-5,1149000,1210000,1188000,1187000,1497000,1499000,1184000,1495000,1999000,998000,0,0,0,0,0,0
59401000,5000,10000,0,1822,601,-27841,999,5,15,0,1127000,1247000,1183000,1177000,1497000,1499000,1184000,1495000,1999000,997000,0,0,0,0,0,0
59601000,5000,10000,0,-1047,-2122,-27795,999,-18,-9,0,1201000,1184000,1183000,1166000,1497000,1499000,1184000,1495000,1998000,997000,0,0,0,0,0,0
59801000,5000,10000,0,502,-642,-27813,999,-5,4,0,1213000,1163000,1188000,1170000,1498000,1499000,1184000,1496000,1998000,998000,0,0,0,0,0,0
60001000,5000,10000,0,1049,-168,-27820,999,-1,9,0,1219000,1141000,1185000,1184000,1274000,1713000,1183000,1495000,1998000,998000,0,0,0,0,0,0
60201000,5000,10000,0,-3140,-4220,-27688,998,-36,-27,-1,1173000,1199000,1185000,1178000,1124000,1906000,1184000,1495000,1998000,998000,0,0,0,0,0,0
60401000,5000,10000,0,-11726,-12549,-26503,988,-108,-101,-11,1110000,1258000,1187000,1179000,1098000,1914000,1184000,1495000,1998000,998000,0,0,0,0,0,0
60601000,5000,10000,0,-17365,-18250,-24997,976,-156,-149,-23,1100000,1311000,1182000,1176000,1416000,1496000,1184000,1495000,1998000,998000,0,0,0,0,0,0
60801000,5000,10000,0,-11885,-12640,-26487,988,-109,-102,-11,1235000,1154000,1178000,1167000,1497000,1499000,1184000,1495000,1998000,997000,0,0,0,0,0,0
61001000,5000,10000,0,-3017,-4065,-27608,999,-35,-26,0,1221000,1146000,1186000,1178000,1498000,1499000,1183000,1496000,1998000,998000,0,0,0,0,0,0
61201000,5000,10000,0,-333,-1590,-27731,999,-13,-2,0,1161000,1210000,1179000,1183000,1497000,1499000,1184000,1495000,1999000,998000,0,0,0,0,0,0
61401000,5000,10000,0,-1258,-2390,-27702,999,-20,-10,0,1161000,1211000,1181000,1181000,1497000,1499000,1184000,1495000,1998000,998000,0,0,0,0,0,0
61601000,5000,10000,0,-875,-1969,-27738,999,-17,-7,0,1190000,1183000,1182000,1179000,1497000,1499000,1184000,1495000,1998000,998000,0,0,0,0,0,0
61801000,5000,10000,0,-621,-1609,-27730,999,-14,-5,0,1167000,1198000,1188000,1181000,1497000,1499000,1184000,1495000,1998000,1000000,0,0,0,0,0,0
62001000,5000,10000,0,-1172,-2225,-27731,999,-19,-10,0,1171000,1190000,1192000,1180000,1497000,1499000,1184000,1495000,1998000,998000,0,0,0,0,0,0
62201000,5000,10000,0,-414,-1613,-27745,999,-14,-3,0,1185000,1181000,1187000,1181000,1498000,1499000,1184000,1496000,1998000,998000,0,0,0,0,0,0
62401000,5000,10000,0,-87,-1025,-27753,999,-8,0,0,1176000,1203000,1207000,1148000,1651000,1571000,1184000,1495000,1999000,998000,0,0,0,0,0,0
62601000,5000,10000,0,-53,-978,-27741,999,-8,0,0,1172000,1198000,1215000,1150000,1636000,1549000,1184000,1495000,1999000,998000,0,0,0,0,0,0
62801000,5000,10000,0,1008,-84,-27765,999,0,8,0,1204000,1170000,1189000,1171000,1497000,1499000,1184000,1495000,1998000,998000,0,0,0,0,0,0
63001000,5000,10000,0,903,-268,-27772,999,-2,7,0,1163000,1199000,1186000,1186000,1497000,1499000,1184000,1495000,1998000,998000,0,0,0,0,0,0
63201000,5000,10000,0,-684,-1575,-27759,999,-13,-5,0,1176000,1197000,1160000,1196000,1362000,1466000,1183000,1495000,1998000,998000,0,0,0,0,0,0
63401000,5000,10000,0,-1138,-2195,-27756,999,-19,-9,0,1197000,1173000,1118000,1242000,1167000,1420000,1183000,1496000,1998000,998000,0,0,0,0,0,0
63601000,5000,10000,0,-2961,-4030,-27659,999,-35,-25,0,1130000,1247000,1172000,1182000,1496000,1500000,1183000,1495000,1998000,998000,0,0,0,0,0,0
63801000,5000,10000,0,-4014,-5054,-27593,998,-44,-34,-1,1176000,1192000,1183000,1179000,1496000,1500000,1183000,1495000,1999000,998000,0,0,0,0,0,0
64001000,5000,10000,0,-1413,-2509,-27743,999,-21,-12,0,1213000,1161000,1178000,1182000,1496000,1500000,1184000,1495000,1999000,998000,0,0,0,0,0,0
64201000,5000,10000,0,439,-892,-27764,999,-7,3,0,1178000,1188000,1186000,1177000,1496000,1500000,1183000,1495000,1999000,997000,0,0,0,0,0,0
64401000,5000,10000,0,150,-1243,-27775,999,-10,1,0,1176000,1198000,1183000,1172000,1496000,1500000,1183000,1495000,1998000,998000,0,0,0,0,0,0
64601000,5000,10000,0,104,-1315,-27767,999,-11,0,0,1186000,1188000,1186000,1169000,1497000,1499000,1183000,1496000,1998000,998000,0,0,0,0,0,0
64801000,5000,10000,0,89,-1229,-27769,999,-10,0,0,1172000,1193000,1191000,1178000,1497000,1432000,1184000,1495000,1998000,998000,0,0,0,0,0,0
65001000,5000,10000,0,105,-995,-27765,999,-8,0,0,1148000,1218000,1156000,1212000,1556000,1217000,1184000,1495000,2000000,997000,0,0,0,0,0,0
65201000,5000,10000,0,2842,1205,-27733,999,10,24,0,1207000,1179000,1142000,1205000,1559000,1180000,1184000,1495000,1999000,998000,0,0,0,0,0,0
65401000,5000,10000,0,6983,5192,-27537,997,45,60,-2,1222000,1131000,1183000,1199000,1497000,1385000,1184000,1495000,1999000,997000,0,0,0,0,0,0
65601000,5000,10000,0,5731,4083,-27638,998,35,49,-1,1154000,1216000,1172000,1192000,1440000,1504000,1184000,1495000,1999000,997000,0,0,0,0,0,0
65801000,5000,10000,0,-57,-1297,-27843,999,-11,0,0,1134000,1239000,1168000,1192000,1444000,1499000,1184000,1495000,1998000,998000,0,0,0,0,0,0
66001000,5000,10000,0,-2437,-3408,-27748,999,-29,-21,0,1171000,1195000,1168000,1200000,1498000,1352000,1184000,1496000,1998000,998000,0,0,0,0,0,0
66201000,5000,10000,0,943,-487,-27826,999,-4,8,0,1213000,1160000,1148000,1212000,1500000,1232000,1184000,1495000,1998000,999000,0,0,0,0,0,0
66401000,5000,10000,0,4461,2844,-27709,998,24,38,0,1189000,1185000,1145000,1211000,1498000,1265000,1183000,1495000,1999000,998000,0,0,0,0,0,0
66601000,5000,10000,0,4514,3096,-27689,998,26,39,-1,1200000,1185000,1172000,1177000,1443000,1499000,1184000,1495000,1999000,998000,0,0,0,0,0,0
66801000,5000,10000,0,2075,782,-27809,999,6,18,0,1167000,1207000,1182000,1178000,1429000,1576000,1184000,1495000,1998000,998000,0,0,0,0,0,0
67001000,5000,10000,0,-1713,-2859,-27797,999,-24,-14,0,1166000,1202000,1182000,1180000,1387000,1632000,1183000,1495000,1999000,997000,0,0,0,0,0,0
67200000,5000,9000,0,-4164,-5042,-27618,998,-43,-36,-1,1160000,1219000,1172000,1178000,1441000,1499000,1183000,1495000,1998000,997000,0,0,0,0,0,0
67401000,5000,10000,0,-3012,-4089,-27706,999,-35,-26,0,1187000,1185000,1161000,1197000,1497000,1319000,1183000,1496000,1998000,998000,0,0,0,0,0,0
67601000,5000,10000,0,1283,-44,-27812,999,0,11,0,1209000,1171000,1143000,1211000,1499000,1228000,1184000,1495000,1998000,998000,0,0,0,0,0,0
67801000,5000,10000,0,4941,3357,-27660,998,29,43,-1,1206000,1155000,1180000,1192000,1496000,1388000,1184000,1495000,1999000,997000,0,0,0,0,0,0
68001000,5000,10000,0,4150,2654,-27723,999,23,36,0,1164000,1199000,1193000,1177000,1446000,1570000,1184000,1495000,1998000,998000,0,0,0,0,0,0
68201000,5000,10000,0,-520,-1695,-27798,999,-14,-4,0,1160000,1215000,1190000,1169000,1412000,1666000,1184000,1495000,1999000,997000,0,0,0,0,0,0
68401000,5000,10000,0,-3770,-4704,-27659,998,-41,-32,-1,1156000,1214000,1181000,1179000,1494000,1496000,1183000,1495000,1998000,998000,0,0,0,0,0,0
68601000,5000,10000,0,-2279,-3260,-27743,999,-28,-19,0,1195000,1168000,1167000,1203000,1497000,1325000,1184000,1495000,1999000,997000,0,0,0,0,0,0
68801000,5000,10000,0,2089,840,-27777,999,7,18,0,1212000,1168000,1152000,1202000,1500000,1298000,1184000,1496000,1998000,998000,0,0,0,0,0,0
69001000,5000,10000,0,4114,2705,-27706,999,23,35,0,1188000,1192000,1165000,1189000,1497000,1445000,1184000,1496000,1998000,999000,0,0,0,0,0,0
69201000,5000,10000,0,2097,970,-27783,999,8,18,0,1154000,1222000,1184000,1171000,1496000,1499000,1183000,1495000,1998000,998000,0,0,0,0,0,0
69401000,5000,10000,0,-684,-1541,-27810,999,-13,-5,0,1169000,1204000,1183000,1178000,1496000,1500000,1184000,1495000,1999000,998000,0,0,0,0,0,0
69601000,5000,10000,0,-421,-1257,-27810,999,-10,-3,0,1199000,1173000,1187000,1174000,1496000,1500000,1184000,1495000,1998000,998000,0,0,0,0,0,0
69801000,5000,10000,0,534,-243,-27808,999,-2,4,0,1192000,1196000,1173000,1173000,1496000,1500000,1184000,1495000,1998000,997000,0,0,0,0,0,0
70001000,5000,10000,0,-119,-988,-27794,999,-8,-1,0,1169000,1211000,1174000,1176000,1496000,1500000,1183000,1495000,1998000,998000,0,0,0,0,0,0
70201000,5000,10000,0,-857,-1666,-27793,999,-14,-7,0,1177000,1200000,1184000,1172000,1496000,1499000,1184000,1495000,1998000,998000,0,0,0,0,0,0
70401000,5000,10000,0,-304,-1378,-27787,999,-12,-2,0,1189000,1179000,1190000,1176000,1497000,1499000,1184000,1496000,1998000,998000,0,0,0,0,0,0
70601000,5000,10000,0,-89,-1093,-27814,999,-9,0,0,1174000,1181000,1192000,1186000,1497000,1499000,1184000,1496000,1998000,998000,0,0,0,0,0,0
70801000,5000,10000,0,-281,-1270,-27807,999,-11,-2,0,1173000,1192000,1184000,1180000,1496000,1468000,1183000,1495000,1998000,998000,0,0,0,0,0,0
71001000,5000,10000,0,-297,-1196,-27805,999,-10,-2,0,1166000,1209000,1149000,1210000,1498000,1276000,1184000,1495000,1998000,998000,0,0,0,0,0,0
71201000,5000,10000,0,2080,941,-27785,999,8,18,0,1217000,1148000,1169000,1196000,1496000,1432000,1183000,1495000,1999000,998000,0,0,0,0,0,0
71401000,5000,10000,0,3123,1889,-27724,999,16,27,0,1205000,1164000,1190000,1175000,1375000,1644000,1184000,1495000,1998000,998000,0,0,0,0,0,0
71601000,5000,10000,0,-1779,-2753,-27769,999,-24,-15,0,1100000,1275000,1176000,1188000,1445000,1499000,1184000,1495000,1998000,997000,0,0,0,0,0,0
71801000,5000,10000,0,-5560,-6262,-27505,997,-54,-48,-2,1149000,1217000,1158000,1210000,1497000,1309000,1184000,1495000,1998000,997000,0,0,0,0,0,0
72001000,5000,10000,0,-674,-1511,-27781,999,-13,-5,0,1242000,1139000,1145000,1208000,1506000,1260000,1184000,1495000,1998000,998000,0,0,0,0,0,0
72201000,5000,10000,0,4530,3390,-27649,998,29,39,-1,1222000,1155000,1171000,1182000,1437000,1500000,1183000,1496000,1998000,998000,0,0,0,0,0,0
72401000,5000,10000,0,1991,1045,-27784,999,9,17,0,1139000,1228000,1185000,1179000,1387000,1558000,1183000,1495000,1998000,998000,0,0,0,0,0,0
72601000,5000,10000,0,-3752,-4499,-27660,998,-39,-32,-1,1100000,1280000,1147000,1209000,1508000,1228000,1183000,1495000,1999000,998000,0,0,0,0,0,0
72801000,5000,10000,0,-1200,-1996,-27810,999,-17,-10,0,1261000,1116000,1179000,1178000,1470000,1498000,1184000,1495000,1998000,1000000,0,0,0,0,0,0
73001000,5000,10000,0,2965,1812,-27729,999,15,25,0,1193000,1187000,1182000,1172000,1449000,1500000,1184000,1495000,1998000,998000,0,0,0,0,0,0
73201000,5000,10000,0,-961,-1886,-27797,999,-16,-8,0,1100000,1278000,1153000,1213000,1517000,1231000,1184000,1495000,1999000,997000,0,0,0,0,0,0
73401000,5000,10000,0,-1033,-2138,-27788,999,-18,-9,0,1239000,1131000,1181000,1178000,1449000,1500000,1183000,1495000,1999000,997000,0,0,0,0,0,0
73601000,5000,10000,0,2287,1113,-27764,999,9,19,0,1183000,1184000,1171000,1193000,1496000,1410000,1183000,1495000,1999000,997000,0,0,0,0,0,0
73801000,5000,10000,0,282,-857,-27794,999,-7,2,0,1157000,1216000,1173000,1188000,1447000,1499000,1184000,1495000,1998000,998000,0,0,0,0,0,0
74001000,5000,10000,0,-264,-1419,-27785,999,-12,-2,0,1181000,1189000,1178000,1181000,1497000,1445000,1183000,1496000,1998000,998000,0,0,0,0,0,0
74201000,5000,10000,0,0,-890,-27808,999,-7,0,0,1181000,1181000,1190000,1182000,1497000,1499000,1184000,1495000,1998000,998000,0,0,0,0,0,0
74401000,5000,10000,0,229,-688,-27807,999,-6,2,0,1187000,1187000,1182000,1178000,1496000,1499000,1184000,1495000,1998000,998000,0,0,0,0,0,0
74601000,5000,10000,0,432,-562,-27789,999,-4,3,0,1188000,1189000,1182000,1175000,1496000,1500000,1184000,1495000,1998000,1000000,0,0,0,0,0,0
74801000,5000,10000,0,378,-536,-27800,999,-4,3,0,1185000,1177000,1193000,1179000,1496000,1499000,1184000,1495000,1999000,997000,0,0,0,0,0,0
75001000,5000,10000,0,382,-660,-27790,999,-5,3,0,1181000,1193000,1183000,1178000,1496000,1499000,1184000,1495000,1998000,997000,0,0,0,0,0,0
75201000,5000,10000,0,-360,-1357,-27794,999,-11,-3,0,1162000,1201000,1186000,1185000,1496000,1499000,1184000,1495000,1998000,998000,0,0,0,0,0,0
75401000,5000,10000,0,-782,-1800,-27780,999,-15,-6,0,1179000,1189000,1185000,1181000,1496000,1499000,1184000,1495000,1999000,997000,0,0,0,0,0,0
75601000,5000,10000,0,-68,-1035,-27798,999,-9,0,0,1195000,1174000,1180000,1182000,1496000,1500000,1183000,1495000,1999000,997000,0,0,0,0,0,0
75801000,5000,10000,0,247,-781,-27787,999,-6,2,0,1175000,1195000,1185000,1175000,1496000,1500000,1183000,1495000,1999000,997000,0,0,0,0,0,0
76001000,5000,10000,0,-276,-1524,-27784,999,-13,-2,0,1177000,1198000,1180000,1179000,1497000,1500000,1184000,1496000,1998000,998000,0,0,0,0,0,0
76201000,5000,10000,0,-551,-1668,-27789,999,-14,-4,0,1175000,1188000,1190000,1185000,1497000,1499000,1185000,1495000,1998000,998000,0,0,0,0,0,0
76401000,5000,10000,0,-263,-1471,-27780,999,-12,-2,0,1187000,1191000,1180000,1176000,1496000,1499000,1184000,1495000,1998000,998000,0,0,0,0,0,0
76601000,5000,10000,0,33,-1089,-27801,999,-9,0,0,1194000,1196000,1200000,1183000,1496000,1499000,1194000,1495000,1999000,998000,0,0,0,0,0,0
76801000,5000,10000,0,147,-865,-27791,999,-7,1,0,1194000,1216000,1205000,1192000,1496000,1500000,1202000,1495000,1999000,998000,0,0,0,0,0,0
77001000,5000,10000,0,-306,-1431,-27796,999,-12,-2,0,1190000,1209000,1213000,1201000,1496000,1499000,1204000,1495000,1999000,998000,0,0,0,0,0,0
77201000,5000,10000,0,-110,-1211,-27781,999,-10,0,0,1214000,1215000,1202000,1199000,1496000,1499000,1208000,1495000,1998000,998000,0,0,0,0,0,0
77401000,5000,10000,0,249,-893,-27789,999,-7,2,0,1220000,1235000,1206000,1198000,1496000,1499000,1215000,1495000,1999000,997000,0,0,0,0,0,0
77601000,5000,10000,0,87,-1164,-27784,999,-10,0,0,1217000,1234000,1221000,1205000,1496000,1499000,1220000,1495000,1998000,998000,0,0,0,0,0,0
77801000,5000,10000,0,-319,-1596,-27791,999,-13,-2,0,1220000,1229000,1224000,1226000,1496000,1499000,1225000,1495000,1998000,997000,0,0,0,0,0,0
78001000,5000,10000,0,-400,-1862,-27779,999,-16,-3,0,1218000,1248000,1211000,1225000,1496000,1499000,1226000,1495000,1998000,1000000,0,0,0,0,0,0
78201000,5000,10000,0,-609,-1915,-27795,999,-16,-5,0,1225000,1238000,1229000,1214000,1497000,1499000,1227000,1496000,1998000,998000,0,0,0,0,0,0
78401000,5000,10000,0,-85,-1498,-27799,999,-13,0,0,1227000,1226000,1228000,1225000,1497000,1499000,1227000,1496000,1998000,998000,0,0,0,0,0,0
78601000,5000,10000,0,227,-1060,-27800,999,-9,1,0,1227000,1218000,1232000,1226000,1496000,1555000,1226000,1495000,1998000,998000,0,0,0,0,0,0
78801000,5000,10000,0,3,-1436,-27810,999,-12,0,0,1254000,1195000,1255000,1202000,1338000,1776000,1227000,1495000,1999000,997000,0,0,0,0,0,0
79001000,5000,10000,0,-4063,-5048,-27611,998,-44,-35,-1,1122000,1330000,1215000,1239000,1496000,1493000,1227000,1495000,1999000,998000,0,0,0,0,0,0
79201000,5000,10000,0,-6030,-6922,-27461,996,-60,-52,-3,1210000,1262000,1204000,1230000,1607000,1256000,1227000,1495000,1998000,1000000,0,0,0,0,0,0
79401000,5000,10000,0,1467,292,-27778,999,2,12,0,1302000,1156000,1217000,1232000,1535000,1332000,1227000,1496000,1998000,998000,0,0,0,0,0,0
79601000,5000,10000,0,5547,4005,-27632,998,34,48,-1,1214000,1226000,1246000,1219000,1496000,1529000,1227000,1495000,1999000,998000,0,0,0,0,0,0
79801000,5000,10000,0,878,-284,-27830,999,-2,7,0,1156000,1280000,1221000,1242000,1497000,1500000,1225000,1495000,1998000,998000,0,0,0,0,0,0
80001000,5000,10000,0,-1468,-2440,-27790,999,-21,-12,0,1231000,1222000,1227000,1226000,1497000,1499000,1227000,1495000,1998000,998000,0,0,0,0,0,0
80201000,5000,10000,0,96,-1211,-27819,999,-10,0,0,1243000,1212000,1216000,1234000,1498000,1499000,1227000,1495000,1998000,998000,0,0,0,0,0,0
80401000,5000,10000,0,222,-1039,-27820,999,-9,1,0,1215000,1244000,1226000,1222000,1497000,1500000,1227000,1495000,1999000,998000,0,0,0,0,0,0
80601000,5000,10000,0,-645,-1752,-27816,999,-15,-5,0,1174000,1281000,1188000,1263000,1592000,1178000,1227000,1495000,1998000,997000,0,0,0,0,0,0
80801000,5000,10000,0,1716,292,-27826,999,2,14,0,1314000,1145000,1226000,1217000,1498000,1497000,1226000,1496000,1998000,998000,0,0,0,0,0,0
81001000,5000,10000,0,4661,3190,-27691,998,27,40,-1,1222000,1225000,1236000,1223000,1497000,1499000,1227000,1495000,1998000,997000,0,0,0,0,0,0
81201000,5000,10000,0,774,-412,-27831,999,-3,6,0,1169000,1274000,1220000,1244000,1497000,1499000,1227000,1495000,1999000,998000,0,0,0,0,0,0
81401000,5000,10000,0,-847,-2000,-27806,999,-17,-7,0,1246000,1207000,1229000,1224000,1497000,1499000,1227000,1495000,1998000,997000,0,0,0,0,0,0
81601000,5000,10000,0,1198,-67,-27822,999,0,10,0,1246000,1220000,1217000,1222000,1498000,1499000,1227000,1496000,1999000,997000,0,0,0,0,0,0
81801000,5000,10000,0,635,-566,-27817,999,-4,5,0,1206000,1236000,1228000,1236000,1497000,1499000,1227000,1495000,1999000,998000,0,0,0,0,0,0
82001000,5000,10000,0,-294,-1481,-27828,999,-12,-2,0,1219000,1242000,1221000,1224000,1497000,1499000,1227000,1495000,1998000,998000,0,0,0,0,0,0
82201000,5000,10000,0,-152,-1353,-27820,999,-11,-1,0,1212000,1226000,1217000,1251000,1517000,1351000,1227000,1495000,1998000,997000,0,0,0,0,0,0
82401000,5000,10000,0,2050,378,-27826,999,3,17,0,1211000,1271000,1189000,1236000,1768000,1006000,1227000,1496000,1998000,999000,0,0,0,0,0,0
82601000,5000,10000,0,9749,7731,-27238,994,67,84,-5,1368000,1100000,1230000,1210000,1497000,1514000,1227000,1495000,1998000,998000,0,0,0,0,0,0
82801000,5000,10000,0,9248,7337,-27301,994,63,80,-5,1165000,1292000,1225000,1223000,1497000,1499000,1227000,1495000,1998000,998000,0,0,0,0,0,0
83001000,5000,10000,0,511,-785,-27847,999,-6,4,0,1166000,1285000,1246000,1209000,1497000,1499000,1227000,1495000,1998000,998000,0,0,0,0,0,0
83201000,5000,10000,0,-922,-1961,-27852,999,-17,-8,0,1275000,1199000,1219000,1213000,1498000,1499000,1227000,1496000,1998000,998000,0,0,0,0,0,0
83401000,5000,10000,0,1315,194,-27807,999,1,11,0,1235000,1217000,1242000,1213000,1497000,1500000,1227000,1495000,1999000,998000,0,0,0,0,0,0
83601000,5000,10000,0,279,-1028,-27850,999,-8,2,0,1195000,1248000,1222000,1240000,1497000,1499000,1227000,1495000,1999000,997000,0,0,0,0,0,0
83801000,5000,10000,0,-780,-1704,-27837,999,-14,-6,0,1225000,1226000,1238000,1217000,1497000,1499000,1227000,1495000,1998000,997000,0,0,0,0,0,0
84001000,5000,10000,0,-2,-898,-27818,999,-7,0,0,1239000,1218000,1235000,1214000,1497000,1499000,1227000,1496000,1998000,998000,0,0,0,0,0,0
84201000,5000,10000,0,394,-624,-27853,999,-5,3,0,1306000,1144000,1240000,1216000,1123000,1999000,1227000,1495000,1999000,997000,0,0,0,0,0,0
84401000,5000,10000,0,-7432,-8066,-27302,995,-70,-64,-4,1130000,1336000,1226000,1214000,1168000,1900000,1227000,1495000,1998000,998000,0,0,0,0,0,0
84601000,5000,10000,0,-16562,-17337,-25349,978,-149,-142,-21,1167000,1309000,1225000,1200000,1497000,1499000,1226000,1495000,1998000,1000000,0,0,0,0,0,0
84801000,5000,10000,0,-8603,-9298,-27018,993,-80,-74,-6,1323000,1145000,1220000,1218000,1498000,1499000,1227000,1496000,1998000,998000,0,0,0,0,0,0
85001000,5000,10000,0,-1147,-2078,-27757,999,-18,-10,0,1213000,1243000,1221000,1229000,1497000,1499000,1227000,1495000,1999000,998000,0,0,0,0,0,0
85201000,5000,10000,0,-1491,-2481,-27724,999,-21,-13,0,1202000,1259000,1228000,1217000,1497000,1499000,1227000,1495000,1998000,998000,0,0,0,0,0,0
85401000,5000,10000,0,-1668,-2664,-27742,999,-23,-14,0,1227000,1231000,1231000,1217000,1497000,1499000,1227000,1495000,1998000,997000,0,0,0,0,0,0
85601000,5000,10000,0,-480,-1645,-27785,999,-14,-4,0,1220000,1229000,1223000,1230000,1498000,1499000,1226000,1496000,1998000,997000,0,0,0,0,0,0
85801000,5000,10000,0,-351,-1330,-27798,999,-11,-3,0,1168000,1308000,1190000,1240000,1692000,1144000,1227000,1495000,1999000,998000,0,0,0,0,0,0
86001000,5000,10000,0,2901,1250,-27780,999,10,25,0,1232000,1218000,1198000,1254000,1786000,1005000,1226000,1495000,1999000,998000,0,0,0,0,0,0
86201000,5000,10000,0,12351,10507,-26794,990,91,107,-9,1313000,1149000,1201000,1243000,1673000,1061000,1227000,1495000,1998000,998000,0,0,0,0,0,0
86401000,5000,10000,0,15237,13424,-26125,984,115,131,-15,1255000,1200000,1234000,1218000,1498000,1499000,1227000,1496000,1999000,997000,0,0,0,0,0,0
86601000,5000,10000,0,6768,5424,-27579,997,47,58,-2,1147000,1324000,1210000,1225000,1497000,1499000,1227000,1495000,1998000,998000,0,0,0,0,0,0
86801000,5000,10000,0,7,-926,-27835,999,-8,0,0,1222000,1249000,1221000,1213000,1497000,1500000,1227000,1495000,1999000,999000,0,0,0,0,0,0
87001000,5000,10000,0,324,-617,-27865,999,-5,2,0,1255000,1184000,1223000,1240000,1497000,1499000,1226000,1495000,1999000,997000,0,0,0,0,0,0
87201000,5000,10000,0,1235,87,-27851,999,0,10,0,1212000,1240000,1233000,1221000,1497000,1499000,1227000,1495000,1999000,997000,0,0,0,0,0,0
87401000,5000,10000,0,-487,-1712,-27832,999,-14,-4,0,1208000,1248000,1228000,1219000,1498000,1499000,1226000,1495000,1998000,1000000,0,0,0,0,0,0
87601000,5000,10000,0,-430,-1668,-27846,999,-14,-3,0,1232000,1223000,1230000,1218000,1497000,1500000,1226000,1495000,1999000,998000,0,0,0,0,0,0
87801000,5000,10000,0,614,-481,-27847,999,-4,5,0,1235000,1216000,1223000,1228000,1497000,1500000,1226000,1495000,1999000,1000000,0,0,0,0,0,0
88001000,5000,10000,0,570,-535,-27857,999,-4,4,0,1200000,1229000,1244000,1230000,1497000,1500000,1226000,1495000,1998000,998000,0,0,0,0,0,0
88201000,5000,10000,0,109,-918,-27859,999,-8,0,0,1224000,1233000,1220000,1225000,1498000,1499000,1226000,1496000,1998000,998000,0,0,0,0,0,0
88401000,5000,10000,0,-40,-1340,-27843,999,-11,0,0,1210000,1241000,1224000,1231000,1497000,1500000,1227000,1495000,1998000,998000,0,0,0,0,0,0
88601000,5000,10000,0,-299,-1531,-27854,999,-13,-2,0,1238000,1242000,1219000,1207000,1497000,1499000,1227000,1495000,1998000,999000,0,0,0,0,0,0
88801000,5000,10000,0,-4,-1049,-27839,999,-9,0,0,1225000,1234000,1236000,1207000,1497000,1500000,1226000,1495000,1998000,998000,0,0,0,0,0,0
89001000,5000,10000,0,-305,-1287,-27852,999,-11,-2,0,1219000,1231000,1232000,1219000,1498000,1500000,1226000,1496000,1998000,998000,0,0,0,0,0,0
89201000,5000,10000,0,-598,-1499,-27831,999,-13,-5,0,1219000,1240000,1219000,1225000,1497000,1500000,1226000,1495000,1998000,998000,0,0,0,0,0,0
89401000,5000,10000,0,-348,-1245,-27842,999,-10,-3,0,1218000,1221000,1232000,1231000,1497000,1500000,1226000,1495000,1998000,998000,0,0,0,0,0,0
89601000,5000,10000,0,-51,-979,-27848,999,-8,0,0,1226000,1238000,1226000,1212000,1497000,1500000,1226000,1495000,1998000,997000,0,0,0,0,0,0
89801000,5000,10000,0,-297,-1292,-27838,999,-11,-2,0,1209000,1247000,1220000,1227000,1497000,1500000,1226000,1495000,1998000,998000,0,0,0,0,0,0
90001000,5000,10000,0,-608,-1450,-27866,999,-12,-5,0,1221000,1226000,1222000,1233000,1498000,1500000,1226000,1495000,1998000,998000,0,0,0,0,0,0
90201000,5000,10000,0,-490,-1456,-27838,999,-12,-4,0,1220000,1261000,1220000,1204000,1497000,1500000,1227000,1495000,1998000,998000,0,0,0,0,0,0
90401000,5000,10000,0,-1333,-2297,-27836,999,-20,-11,0,1203000,1248000,1225000,1226000,1497000,1500000,1226000,1495000,1998000,998000,0,0,0,0,0,0
90601000,5000,10000,0,-893,-1892,-27853,999,-16,-7,0,1223000,1225000,1233000,1225000,1497000,1499000,1227000,1495000,1999000,997000,0,0,0,0,0,0
90801000,5000,10000,0,-204,-1480,-27830,999,-12,-1,0,1231000,1239000,1224000,1204000,1498000,1500000,1225000,1496000,1999000,997000,0,0,0,0,0,0
91001000,5000,10000,0,-508,-1674,-27868,999,-14,-4,0,1220000,1230000,1240000,1217000,1497000,1499000,1227000,1495000,1998000,998000,0,0,0,0,0,0
91201000,5000,10000,0,-87,-1273,-27851,999,-11,0,0,1224000,1231000,1223000,1224000,1497000,1499000,1226000,1495000,1999000,998000,0,0,0,0,0,0
91401000,5000,10000,0,-401,-1570,-27847,999,-13,-3,0,1224000,1251000,1214000,1213000,1497000,1499000,1226000,1495000,1999000,997000,0,0,0,0,0,0
91601000,5000,10000,0,-136,-1391,-27872,999,-12,-1,0,1221000,1223000,1231000,1231000,1497000,1499000,1227000,1495000,1999000,997000,0,0,0,0,0,0
91801000,5000,10000,0,745,-489,-27856,999,-4,6,0,1241000,1228000,1227000,1210000,1498000,1499000,1227000,1496000,1998000,998000,0,0,0,0,0,0
92001000,5000,10000,0,476,-1113,-27858,999,-9,4,0,1208000,1235000,1231000,1228000,1497000,1500000,1226000,1495000,1999000,997000,0,0,0,0,0,0
92201000,5000,10000,0,-523,-1986,-27851,999,-17,-4,0,1218000,1259000,1224000,1205000,1497000,1500000,1227000,1495000,1999000,998000,0,0,0,0,0,0
92401000,5000,10000,0,-568,-1941,-27850,999,-16,-4,0,1234000,1238000,1230000,1204000,1497000,1499000,1227000,1495000,1999000,997000,0,0,0,0,0,0
92601000,5000,10000,0,-348,-1629,-27855,999,-14,-3,0,1208000,1237000,1229000,1232000,1497000,1499000,1227000,1496000,1999000,997000,0,0,0,0,0,0
92801000,5000,10000,0,-704,-1803,-27861,999,-15,-6,0,1216000,1240000,1217000,1232000,1498000,1499000,1227000,1495000,1998000,998000,0,0,0,0,0,0
93001000,5000,10000,0,-448,-1515,-27848,999,-13,-3,0,1229000,1218000,1232000,1227000,1497000,1500000,1227000,1495000,1999000,997000,0,0,0,0,0,0
93201000,5000,10000,0,229,-1171,-27869,999,-10,2,0,1225000,1230000,1231000,1220000,1497000,1499000,1227000,1495000,1998000,997000,0,0,0,0,0,0
93401000,5000,10000,0,-338,-1529,-27849,999,-13,-2,0,1210000,1240000,1225000,1226000,1497000,1499000,1226000,1495000,1998000,997000,0,0,0,0,0,0
93601000,5000,10000,0,-504,-1659,-27843,999,-14,-4,0,1228000,1239000,1215000,1212000,1498000,1499000,1224000,1496000,1998000,998000,0,0,0,0,0,0
93801000,5000,10000,0,-97,-1159,-27863,999,-10,0,0,1226000,1235000,1223000,1214000,1497000,1499000,1225000,1495000,1998000,998000,0,0,0,0,0,0
94001000,5000,10000,0,-118,-1139,-27881,999,-9,-1,0,1221000,1239000,1221000,1217000,1497000,1500000,1225000,1495000,1998000,998000,0,0,0,0,0,0
94201000,5000,10000,0,151,-1006,-27851,999,-8,1,0,1229000,1220000,1237000,1216000,1497000,1499000,1226000,1495000,1999000,997000,0,0,0,0,0,0
94401000,5000,10000,0,-37,-1104,-27860,999,-9,0,0,1227000,1237000,1226000,1211000,1497000,1499000,1226000,1495000,1998000,998000,0,0,0,0,0,0
1157000 1145000 1496000 1500000 1155000 1495000 1998000 998000 0 0 0 0 0 0 -244 156 
95301000 5000 10000 0 1099 185 -28970 999 1 9 0 1198000 1116000 1168000 1140000 1496000 1500000 1155000 1495000 1998000 998000 0 0 0 0 0 0 -244 156 
95401000 5000 10000 0 1154 291 -28970 999 2 10 0 1103000 1204000 1161000 1154000 1496000 1500000 1155000 1495000 1999000 997000 0 0 0 0 0 0 -244 156 
95501000 5000 10000 0 -1338 -2104 -28977 999 -18 -11 0 1100000 1262000 1149000 1160000 1497000 1499000 1156000 1495000 1998000 998000 0 0 0 0 0 0 -245 155 
95601000 5000 10000 0 -4705 -5286 -28793 998 -46 -41 -1 1100000 1273000 1139000 1171000 1496000 1499000 1156000 1495000 1998000 998000 0 0 0 0 0 0 -244 156 
95701000 5000 10000 0 -6481 -7098 -28585 996 -61 -56 -3 1106000 1201000 1159000 1156000 1496000 1499000 1156000 1495000 1998000 997000 0 0 0 0 0 0 -244 156 
95801000 5000 10000 0 -5775 -6392 -28700 997 -55 -50 -2 1188000 1138000 1155000 1141000 1497000 1499000 1156000 1496000 1998000 998000 0 0 0 0 0 0 -244 156 
95901000 5000 10000 0 -2835 -3733 -28892 999 -32 -24 0 1238000 1100000 1166000 1133000 1496000 1499000 1156000 1495000 1999000 997000 0 0 0 0 0 0 -245 155 
96001000 5000 10000 0 367 -618 -28937 999 -5 3 0 1207000 1104000 1155000 1152000 1496000 1500000 1156000 1495000 1999000 998000 0 0 0 0 0 0 -245 155 
96101000 5000 10000 0 1239 200 -28971 999 1 10 0 1129000 1183000 1164000 1146000 1497000 1499000 1156000 1496000 1999000 997000 0 0 0 0 0 0 -244 156 
96201000 5000 10000 0 -719 -1668 -28990 999 -14 -6 0 1100000 1255000 1156000 1160000 1496000 1499000 1157000 1495000 1998000 998000 0 0 0 0 0 0 -245 155 
96301000 5000 10000 0 -3979 -4736 -28855 998 -41 -34 -1 1100000 1262000 1157000 1156000 1496000 1500000 1156000 1495000 1999000 998000 0 0 0 0 0 0 -245 155 
96401000 5000 10000 0 -6382 -7056 -28627 996 -61 -55 -3 1100000 1232000 1146000 1158000 1497000 1499000 1156000 1496000 1998000 998000 0 0 0 0 0 0 -244 156 
96501000 5000 10000 0 -6318 -7042 -28619 996 -61 -55 -3 1168000 1160000 1148000 1146000 1496000 1499000 1156000 1495000 1999000 997000 0 0 0 0 0 0 -244 156 
96699000 5000 148000 0 -5244 -6011 -28756 997 -52 -45 -2 1196000 1110000 1158000 1158000 1497000 1499000 1156000 1496000 1998000 999000 0 0 0 0 0 0 -244 156 
96700000 140000 1000 1000 -5244 -6011 -28756 997 -52 -45 -2 1209000 1100000 1174000 1142000 1497000 1499000 1156000 1496000 1998000 999000 0 0 0 0 0 0 -244 156 
96801000 5000 10000 0 602 -357 -28985 999 -3 5 0 1219000 1104000 1171000 1127000 1496000 1499000 1156000 1495000 1999000 998000 0 0 0 0 0 0 -244 156 
96901000 5000 10000 0 966 -8 -28997 999 0 8 0 1119000 1195000 1162000 1145000 1496000 1499000 1156000 1495000 1998000 998000 0 0 0 0 0 0 -244 156 
97001000 5000 10000 0 -1536 -2271 -28984 999 -19 -13 0 1100000 1276000 1150000 1165000 1496000 1499000 1156000 1495000 1998000 998000 0 0 0 0 0 0 -244 156 
97101000 5000 10000 0 -5578 -6128 -28741 997 -53 -48 -2 1100000 1307000 1135000 1180000 1496000 1500000 1156000 1495000 1999000 997000 0 0 0 0 0 0 -244 156 
97201000 5000 10000 0 -8126 -8618 -28421 994 -74 -70 -5 1100000 1225000 1148000 1162000 1497000 1499000 1156000 1495000 1998000 997000 0 0 0 0 0 0 -244 156 
97301000 5000 10000 0 -7603 -8269 -28480 995 -71 -66 -4 1177000 1152000 1147000 1146000 1496000 1499000 1155000 1495000 1999000 997000 0 0 0 0 0 0 -244 156 
97401000 5000 10000 0 -4378 -5260 -28814 998 -45 -38 -1 1245000 1100000 1169000 1134000 1496000 1500000 1156000 1495000 1999000 998000 0 0 0 0 0 0 -244 156 
97501000 5000 10000 0 -599 -1742 -28977 999 -15 -5 0 1230000 1100000 1161000 1138000 1497000 1499000 1156000 1496000 1998000 998000 0 0 0 0 0 0 -244 156 
97601000 5000 10000 0 1724 351 -28976 999 3 15 0 1186000 1131000 1167000 1138000 1496000 1499000 1155000 1495000 1999000 998000 0 0 0 0 0 0 -244 156 
97701000 5000 10000 0 1706 441 -28974 999 3 14 0 1110000 1206000 1159000 1143000 1496000 1500000 1156000 1495000 1999000 998000 0 0 0 0 0 0 -245 155 
97801000 5000 10000 0 -922 -2010 -28992 999 -17 -8 0 1100000 1265000 1160000 1164000 1496000 1499000 1155000 1496000 1999000 997000 0 0 0 0 0 0 -245 155 
97901000 5000 10000 0 -5070 -5941 -28768 997 -51 -44 -2 1100000 1301000 1146000 1165000 1496000 1500000 1156000 1495000 1999000 998000 0 0 0 0 0 0 -245 155 
98001000 5000 10000 0 -7716 -8540 -28447 994 -74 -67 -5 1100000 1234000 1132000 1165000 1496000 1499000 1156000 1495000 1999000 998000 0 0 0 0 0 0 -245 155 
98101000 5000 10000 0 -6891 -7885 -28537 995 -68 -59 -4 1184000 1140000 1145000 1149000 1496000 1499000 1156000 1495000 1998000 998000 0 0 0 0 0 0 -245 155 
98201000 5000 10000 0 -3579 -4662 -28879 998 -40 -31 -1 1248000 1100000 1152000 1141000 1496000 1499000 1156000 1495000 1999000 998000 0 0 0 0 0 0 -244 156 
98301000 5000 10000 0 169 -965 -29014 999 -8 1 0 1245000 1100000 1173000 1131000 1496000 1499000 1156000 1495000 1998000 998000 0 0 0 0 0 0 -245 155 
98401000 5000 10000 0 2434 1370 -28943 999 11 21 0 1178000 1144000 1158000 1139000 1496000 1499000 1156000 1495000 1998000 999000 0 0 0 0 0 0 -245 155 
98501000 5000 10000 0 1363 384 -28936 999 3 11 0 1100000 1256000 1160000 1147000 1496000 1499000 1156000 1495000 1999000 997000 0 0 0 0 0 0 -244 156 
98601000 5000 10000 0 -3160 -3846 -28939 999 -33 -27 0 1100000 1332000 1144000 1173000 1497000 1499000 1156000 1495000 1998000 999000 0 0 0 0 0 0 -245 155 
98701000 5000 10000 0 -7390 -8091 -28541 995 -70 -64 -4 1100000 1270000 1147000 1157000 1496000 1499000 1156000 1495000 1998000 998000 0 0 0 0 0 0 -245 155 
98801000 5000 10000 0 -8543 -9237 -28342 993 -80 -74 -5 1124000 1184000 1148000 1166000 1496000 1500000 1156000 1495000 1999000 998000 0 0 0 0 0 0 -244 156 
98901000 5000 10000 0 -6267 -6943 -28648 996 -60 -54 -3 1228000 1100000 1159000 1147000 1497000 1499000 1156000 1496000 1998000 999000 0 0 0 0 0 0 -244 156 
99001000 5000 10000 0 -2293 -3058 -28967 999 -26 -20 0 1254000 1100000 1148000 1147000 1496000 1499000 1157000 1495000 1998000 997000 0 0 0 0 0 0 -244 156 
99101000 5000 10000 0 1328 355 -29011 999 3 11 0 1232000 1100000 1167000 1134000 1496000 1500000 1156000 1495000 1999000 998000 0 0 0 0 0 0 -243 157 
99201000 5000 10000 0 2930 1887 -28960 999 16 25 0 1164000 1149000 1166000 1138000 1496000 1499000 1156000 1496000 1999000 998000 0 0 0 0 0 0 -245 155 
99301000 5000 10000 0 1882 868 -28969 999 7 16 0 1100000 1236000 1153000 1138000 1496000 1499000 1156000 1495000 1999000 998000 0 0 0 0 0 0 -245 155 
99401000 5000 10000 0 -2294 -2948 -28990 999 -25 -20 0 1100000 1323000 1155000 1162000 1496000 1499000 1156000 1495000 1998000 998000 0 0 0 0 0 0 -244 156 
99501000 5000 10000 0 -7313 -7837 -28619 995 -68 -63 -4 1100000 1311000 1139000 1181000 1496000 1499000 1155000 1495000 1998000 998000 0 0 0 0 0 0 -244 156 
99601000 5000 10000 0 -9596 -10213 -28193 992 -88 -83 -7 1100000 1214000 1148000 1163000 1496000 1500000 1156000 1495000 1998000 998000 0 0 0 0 0 0 -244 156 
99701000 5000 10000 0 -8387 -8994 -28383 994 -78 -72 -5 1200000 1130000 1147000 1145000 1497000 1499000 1156000 1495000 1998000 998000 0 0 0 0 0 0 -244 156 
99801000 5000 10000 0 -4360 -5270 -28869 998 -45 -38 -1 1260000 1100000 1172000 1133000 1496000 1499000 1156000 1495000 1998000 998000 0 0 0 0 0 0 -245 155 
99901000 5000 10000 0 -326 -1428 -29016 999 -12 -2 0 1238000 1100000 1160000 1132000 1496000 1500000 1156000 1495000 1999000 996000 0 0 0 0 0 0 -245 155 
100001000 5000 10000 0 1784 559 -28924 999 4 15 0 1156000 1186000 1150000 1130000 1497000 1499000 1156000 1496000 1998000 998000 0 0 0 0 0 0 -244 156 
100101000 5000 10000 0 -1184 -2182 -29057 999 -19 -10 0 1100000 1342000 1138000 1154000 1496000 1499000 1155000 1495000 1998000 998000 0 0 0 0 0 0 -244 156 
100201000 5000 10000 0 -6600 -7340 -28704 996 -63 -57 -3 1100000 1325000 1152000 1158000 1496000 1500000 1156000 1495000 1999000 998000 0 0 0 0 0 0 -244 156 
100301000 5000 10000 0 -9791 -10630 -28089 992 -92 -84 -7 1100000 1244000 1143000 1171000 1496000 1500000 1155000 1496000 1998000 998000 0 0 0 0 0 0 -244 156 
100401000 5000 10000 0 -9058 -9895 -28249 993 -85 -78 -6 1184000 1138000 1157000 1143000 1496000 1500000 1156000 1495000 1998000 998000 0 0 0 0 0 0 -244 156 
100501000 5000 10000 0 -5964 -6897 -28725 996 -60 -51 -3 1238000 1100000 1150000 1138000 1496000 1499000 1156000 1495000 1998000 998000 0 0 0 0 0 0 -244 156 
100601000 5000 10000 0 -2081 -3090 -28968 999 -26 -18 0 1231000 1100000 1161000 1138000 1496000 1500000 1155000 1495000 2000000 995000 0 0 0 0 0 0 -244 156 
100701000 5000 10000 0 677 -508 -29004 999 -4 5 0 1175000 1140000 1169000 1139000 1496000 1500000 1156000 1495000 1999000 998000 0 0 0 0 0 0 -244 156 
100801000 5000 10000 0 -807 -1865 -29029 999 -16 -7 0 1100000 1271000 1163000 1150000 1497000 1499000 1155000 1495000 2002000 993000 0 0 0 0 0 0 -244 156 
100901000 5000 10000 0 -4878 -5694 -28846 997 -49 -42 -2 1100000 1303000 1152000 1163000 1496000 1500000 1155000 1495000 1998000 998000 0 0 0 0 0 0 -245 155 
101001000 5000 10000 0 -8075 -8924 -28454 994 -77 -70 -5 1100000 1260000 1135000 1170000 1496000 1500000 1156000 1495000 1999000 998000 0 0 0 0 0 0 -245 155 
101101000 5000 10000 0 -8290 -9140 -28392 994 -79 -72 -5 1152000 1156000 1152000 1159000 1497000 1499000 1156000 1496000 1998000 998000 0 0 0 0 0 0 -245 155 
101201000 5000 10000 0 -5489 -6562 -28719 997 -57 -47 -2 1226000 1100000 1160000 1148000 1496000 1500000 1156000 1495000 1999000 998000 0 0 0 0 0 0 -244 156 
101301000 5000 10000 0 -1631 -2875 -29038 999 -25 -14 0 1256000 1100000 1171000 1125000 1496000 1500000 1156000 1495000 1999000 998000 0 0 0 0 0 0 -244 156 
101401000 5000 10000 0 1279 11 -29046 999 0 11 0 1204000 1116000 1160000 1142000 1496000 1499000 1156000 1495000 2002000 994000 0 0 0 0 0 0 -244 156 
101501000 5000 10000 0 2074 1058 -28958 999 9 18 0 1132000 1200000 1151000 1139000 1496000 1500000 1156000 1495000 1999000 997000 0 0 0 0 0 0 -244 156 
101601000 5000 10000 0 -1740 -2568 -29052 999 -22 -15 0 1100000 1349000 1156000 1174000 1496000 1499000 1156000 1495000 1998000 998000 0 0 0 0 0 0 -245 155 
101701000 5000 10000 0 -7586 -8186 -28587 995 -71 -65 -4 1100000 1320000 1151000 1157000 1496000 1500000 1155000 1495000 1998000 997000 0 0 0 0 0 0 -245 155 
101809000 5000 97000 0 -8440 -9003 -28460 994 -78 -73 -5 1100000 1330000 1128000 1172000 1496000 1499000 1156000 1496000 1998000 998000 0 0 0 0 0 0 -245 155 
101901000 5000 10000 0 -9997 -10579 -28195 991 -91 -86 -8 1113000 1194000 1143000 1172000 1497000 1500000 1155000 1495000 1998000 999000 0 0 0 0 0 0 -244 156 
102001000 5000 10000 0 -6709 -7442 -28609 996 -64 -58 -3 1283000 1100000 1146000 1153000 1496000 1500000 1155000 1495000 2000000 996000 0 0 0 0 0 0 -244 156 
102101000 5000 10000 0 898 -364 -29078 999 -3 7 0 1424000 1100000 1152000 1117000 1496000 1500000 1156000 1495000 2002000 995000 0 0 0 0 0 0 -245 155 
102201000 5000 10000 0 9230 7551 -28681 994 65 80 -5 1378000 1100000 1209000 1113000 1497000 1499000 1155000 1496000 2003000 994000 0 0 0 0 0 0 -244 156 
102301000 5000 10000 0 12261 10751 -27898 989 93 106 -10 1170000 1130000 1175000 1147000 1496000 1499000 1157000 1495000 2004000 991000 0 0 0 0 0 0 -244 156 
102401000 5000 10000 0 7655 6280 -28682 996 54 66 -3 1100000 1379000 1139000 1135000 1496000 1499000 1156000 1495000 2007000 990000 0 0 0 0 0 0 -243 157 
102501000 5000 10000 0 -3092 -3863 -29188 999 -33 -26 0 1100000 1551000 1107000 1202000 1496000 1499000 1156000 1495000 1998000 999000 0 0 0 0 0 0 -244 156 
102601000 5000 10000 0 -14573 -15207 -27187 983 -131 -125 -16 1100000 1463000 1177000 1190000 1496000 1499000 1156000 1495000 2000000 997000 0 0 0 0 0 0 -244 156 
102701000 5000 10000 0 -15558 -15970 -27276 981 -137 -134 -18 1372000 1100000 1106000 1100000 1497000 1499000 1156000 1495000 2000000 996000 0 0 0 0 0 0 -244 156 
Hello Junta. Starting Potato Controller now
imu.begin()-IMU comm & initialize completed 
imu.dmpBegin() suceeded
IMU SETUP COMPLETED
