Hello Junta. Starting Potato Controller now
imu.begin()-IMU comm & initialize completed 
imu.dmpBegin() suceeded
IMU SETUP COMPLETED
201000 0 1781 -3014 -14545 999 -26 15 0 1137000 1145000 1167000 1121000 1498000 1499000 1165000 1495000 1999000 997000 0 0 0 0 0 0 -257 143 
401000 0 1646 -2990 -14788 999 -26 14 0 1200000 1209000 1224000 1181000 1496000 1498000 1207000 1489000 1998000 997000 0 0 0 0 0 0 -196 204 
601000 0 1674 -3048 -15018 999 -26 14 0 1198000 1209000 1231000 1187000 1499000 1498000 1208000 1495000 1998000 997000 0 0 0 0 0 0 -192 208 
801000 0 1620 -2981 -15260 999 -26 14 0 1199000 1209000 1231000 1188000 1497000 1499000 1207000 1496000 1999000 997000 0 0 0 0 0 0 -193 207 
1001000 0 1422 -2935 -15499 999 -25 12 0 1198000 1205000 1232000 1195000 1497000 1499000 1207000 1496000 1998000 997000 0 0 0 0 0 0 -192 208 
1201000 0 1470 -2997 -15739 999 -26 12 0 1196000 1208000 1234000 1189000 1498000 1499000 1208000 1496000 1998000 997000 0 0 0 0 0 0 -192 208 
1401000 0 1791 -3051 -15977 999 -26 15 0 1199000 1207000 1234000 1185000 1498000 1499000 1207000 1496000 1999000 997000 0 0 0 0 0 0 -193 207 
1601000 0 1791 -3104 -16212 999 -27 15 0 1200000 1207000 1235000 1188000 1497000 1499000 1207000 1496000 1998000 997000 0 0 0 0 0 0 -192 208 
1801000 0 1836 -3040 -16438 999 -26 16 0 1201000 1210000 1228000 1187000 1498000 1499000 1208000 1496000 1998000 997000 0 0 0 0 0 0 -192 208 
2001000 0 1647 -2888 -16664 999 -25 14 0 1201000 1210000 1228000 1187000 1498000 1499000 1207000 1496000 1999000 998000 0 0 0 0 0 0 -193 207 
2201000 0 1628 -2948 -16899 999 -25 14 0 1200000 1210000 1231000 1189000 1497000 1498000 1207000 1496000 1998000 997000 0 0 0 0 0 0 -192 208 
2401000 0 1511 -2893 -17137 999 -25 13 0 1199000 1206000 1227000 1194000 1498000 1498000 1208000 1496000 1998000 997000 0 0 0 0 0 0 -192 208 
2601000 0 1456 -2822 -17369 999 -24 12 0 1197000 1205000 1237000 1188000 1498000 1499000 1207000 1496000 1999000 998000 0 0 0 0 0 0 -193 207 
2801000 0 1464 -2762 -17592 999 -24 12 0 1200000 1208000 1230000 1193000 1498000 1498000 1207000 1496000 1998000 997000 0 0 0 0 0 0 -192 208 
3001000 0 1599 -2776 -17846 999 -24 13 0 1197000 1206000 1233000 1190000 1497000 1498000 1208000 1496000 1998000 997000 0 0 0 0 0 0 -192 208 
3201000 0 1346 -3192 -18078 999 -27 11 0 1197000 1210000 1233000 1186000 1498000 1499000 1207000 1495000 1999000 998000 0 0 0 0 0 0 -193 207 
3401000 0 1433 -3193 -18333 999 -27 12 0 1197000 1208000 1228000 1193000 1498000 1499000 1207000 1496000 1998000 997000 0 0 0 0 0 0 -193 207 
3601000 0 1419 -3004 -18555 999 -26 12 0 1195000 1204000 1235000 1191000 1498000 1498000 1208000 1496000 1998000 997000 0 0 0 0 0 0 -192 208 
3801000 0 1511 -2896 -18798 999 -25 13 0 1199000 1205000 1230000 1192000 1498000 1498000 1207000 1496000 1998000 997000 0 0 0 0 0 0 -193 207 
4001000 0 1506 -2742 -19026 999 -23 13 0 1198000 1205000 1233000 1190000 1498000 1499000 1208000 1496000 1998000 997000 0 0 0 0 0 0 -193 207 
4201000 0 1606 -3127 -19275 999 -27 14 0 1199000 1211000 1231000 1186000 1497000 1499000 1207000 1496000 1998000 997000 0 0 0 0 0 0 -193 207 
4401000 0 1515 -3103 -19511 999 -27 13 0 1198000 1210000 1234000 1189000 1498000 1499000 1208000 1496000 1998000 997000 0 0 0 0 0 0 -192 208 
4601000 0 1242 -2654 -19498 999 -23 10 0 1204000 1211000 1216000 1195000 1498000 1499000 1207000 1496000 1998000 997000 0 0 0 0 0 0 -193 207 
4801000 0 984 -2445 -19490 999 -21 8 0 1204000 1212000 1220000 1189000 1498000 1499000 1208000 1496000 1998000 997000 0 0 0 0 0 0 -192 208 
5001000 0 882 -2192 -19485 999 -19 7 0 1205000 1216000 1212000 1194000 1498000 1499000 1207000 1496000 1998000 997000 0 0 0 0 0 0 -193 207 
5201000 0 741 -1861 -19486 999 -16 6 0 1205000 1210000 1216000 1195000 1498000 1499000 1208000 1496000 1998000 997000 0 0 0 0 0 0 -193 207 
5401000 0 759 -1792 -19487 999 -15 6 0 1205000 1214000 1214000 1192000 1497000 1499000 1207000 1496000 1999000 997000 0 0 0 0 0 0 -193 207 
5601000 0 630 -1533 -19482 999 -13 5 0 1213000 1216000 1218000 1207000 1497000 1499000 1252000 1496000 1998000 997000 0 0 0 0 0 0 -186 214 
5801000 0 612 -1350 -19483 999 -11 5 0 1251000 1258000 1259000 1239000 1497000 1499000 1258000 1495000 1999000 997000 0 0 0 0 0 0 -148 252 
6001000 0 427 -1154 -19483 999 -10 3 0 1279000 1282000 1277000 1271000 1497000 1499000 1279000 1496000 1998000 997000 0 0 0 0 0 0 -120 279 
6201000 0 336 -1088 -19484 999 -9 2 0 1279000 1283000 1279000 1270000 1498000 1499000 1278000 1496000 1999000 997000 0 0 0 0 0 0 -122 278 
6401000 0 350 -982 -19480 999 -8 3 0 1266000 1278000 1278000 1260000 1535000 1498000 1268000 1496000 1998000 997000 0 0 0 0 0 0 -129 271 
6601000 0 289 -797 -19480 999 -6 2 0 1268000 1272000 1271000 1260000 1497000 1499000 1269000 1496000 1999000 997000 0 0 0 0 0 0 -131 269 
6801000 0 257 -695 -19471 999 -6 2 0 1293000 1251000 1241000 1288000 1346000 1499000 1269000 1496000 1998000 997000 0 0 0 0 0 0 -131 269 
7001000 0 325 -889 -19489 999 -7 2 0 1312000 1225000 1233000 1304000 1183000 1508000 1269000 1496000 1999000 998000 0 0 0 0 0 0 -131 269 
7201000 0 54 -532 -19258 999 -4 0 0 1328000 1247000 1183000 1320000 1271000 1498000 1269000 1496000 1998000 997000 0 0 0 0 0 0 -131 269 
7401000 0 287 -1022 -19488 999 -8 2 0 1277000 1277000 1248000 1272000 1498000 1499000 1269000 1496000 1999000 998000 0 0 0 0 0 0 -131 269 
7601000 0 265 -1077 -19473 999 -9 2 0 1251000 1289000 1308000 1230000 1608000 1497000 1269000 1496000 1999000 997000 0 0 0 0 0 0 -130 270 
7801000 0 249 -1089 -19492 999 -9 2 0 1274000 1278000 1254000 1268000 1497000 1499000 1269000 1495000 1998000 998000 0 0 0 0 0 0 -131 269 
8001000 0 239 -1033 -19483 999 -9 2 0 1272000 1262000 1272000 1268000 1370000 1498000 1269000 1496000 1998000 997000 0 0 0 0 0 0 -131 269 
8201000 0 240 -954 -19489 999 -8 2 0 1300000 1242000 1233000 1299000 1270000 1499000 1270000 1496000 1998000 997000 0 0 0 0 0 0 -131 269 
8401000 0 253 -1121 -19491 999 -9 2 0 1301000 1236000 1242000 1295000 1248000 1499000 1269000 1496000 1999000 997000 0 0 0 0 0 0 -131 269 
8601000 0 230 -1035 -19484 999 -9 2 0 1278000 1265000 1261000 1274000 1449000 1498000 1270000 1496000 1998000 997000 0 0 0 0 0 0 -130 270 
8801000 0 228 -1072 -19493 999 -9 1 0 1266000 1273000 1275000 1261000 1497000 1496000 1269000 1496000 1999000 997000 0 0 0 0 0 0 -131 269 
9001000 0 204 -1172 -19484 999 -10 1 0 1250000 1293000 1251000 1280000 1496000 1359000 1269000 1496000 1998000 997000 0 0 0 0 0 0 -131 269 
9201000 0 255 -934 -19495 999 -8 2 0 1242000 1300000 1245000 1286000 1497000 1314000 1269000 1496000 1999000 998000 0 0 0 0 0 0 -131 269 
9401000 0 138 -915 -19477 999 -7 1 0 1258000 1285000 1261000 1274000 1496000 1435000 1269000 1496000 1998000 997000 0 0 0 0 0 0 -130 270 
9601000 0 183 -1161 -19511 999 -10 1 0 1268000 1276000 1268000 1262000 1497000 1507000 1269000 1495000 1999000 998000 0 0 0 0 0 0 -131 269 
9801000 0 117 -1052 -19500 999 -9 1 0 1278000 1264000 1279000 1253000 1497000 1574000 1269000 1496000 1998000 997000 0 0 0 0 0 0 -131 269 
10001000 0 -231 -606 -19402 999 -5 -2 0 1275000 1268000 1267000 1265000 1498000 1528000 1270000 1495000 1998000 997000 0 0 0 0 0 0 -131 269 
10201000 0 -465 -764 -20064 999 -6 -4 0 1287000 1284000 1278000 1226000 1468000 1499000 1269000 1496000 1998000 997000 0 0 0 0 0 0 -131 269 
10401000 0 5 -967 -19844 999 -8 0 0 1269000 1228000 1260000 1321000 1345000 1499000 1270000 1496000 1998000 997000 0 0 0 0 0 0 -130 270 
10601000 0 -52 -852 -19759 999 -7 0 0 1292000 1241000 1239000 1302000 1285000 1498000 1269000 1496000 1999000 997000 0 0 0 0 0 0 -131 269 
10801000 0 -16 -916 -19777 999 -7 0 0 1277000 1267000 1264000 1270000 1441000 1496000 1269000 1496000 1998000 997000 0 0 0 0 0 0 -131 269 
11001000 0 -101 -1066 -19771 999 -9 0 0 1267000 1278000 1266000 1263000 1497000 1497000 1269000 1496000 1999000 998000 0 0 0 0 0 0 -131 269 
11201000 0 65 -1287 -19786 999 -11 0 0 1253000 1293000 1285000 1248000 1614000 1493000 1269000 1496000 1998000 997000 0 0 0 0 0 0 -130 270 
11401000 0 71 -1150 -19787 999 -10 0 0 1260000 1281000 1275000 1257000 1500000 1497000 1270000 1495000 1998000 997000 0 0 0 0 0 0 -130 270 
11601000 0 -42 -1139 -19834 999 -9 0 0 1261000 1270000 1282000 1260000 1465000 1499000 1269000 1496000 1999000 997000 0 0 0 0 0 0 -131 269 
11801000 0 -30 -1002 -19757 999 -8 0 0 1288000 1258000 1237000 1291000 1353000 1498000 1270000 1496000 1998000 997000 0 0 0 0 0 0 -131 269 
12001000 0 -831 160 -19547 999 1 -7 0 1317000 1256000 1230000 1271000 1259000 1499000 1269000 1496000 1999000 998000 0 0 0 0 0 0 -131 269 
12201000 0 789 -1348 -19818 999 -11 6 0 1250000 1233000 1342000 1249000 1466000 1496000 1269000 1496000 1998000 997000 0 0 0 0 0 0 -131 269 
12401000 0 0 -569 -19568 999 -4 0 0 1282000 1283000 1210000 1299000 1548000 1497000 1269000 1495000 1998000 998000 0 0 0 0 0 0 -131 269 
12601000 0 534 -1000 -19666 999 -8 4 0 1251000 1268000 1337000 1219000 1514000 1498000 1269000 1496000 1998000 997000 0 0 0 0 0 0 -131 269 
12801000 0 352 -796 -19637 999 -6 3 0 1283000 1276000 1245000 1274000 1479000 1497000 1270000 1496000 1998000 997000 0 0 0 0 0 0 -130 270 
13001000 0 346 -749 -19657 999 -6 3 0 1281000 1249000 1270000 1274000 1369000 1497000 1269000 1496000 1999000 997000 0 0 0 0 0 0 -131 269 
13201000 0 191 -739 -19636 999 -6 1 0 1289000 1260000 1245000 1285000 1420000 1496000 1269000 1496000 1998000 997000 0 0 0 0 0 0 -131 269 
13401000 0 353 -852 -19674 999 -7 3 0 1267000 1271000 1280000 1256000 1509000 1499000 1269000 1495000 1998000 998000 0 0 0 0 0 0 -131 269 
13601000 0 47 -447 -19630 999 -3 0 0 1258000 1290000 1270000 1256000 1608000 1496000 1269000 1496000 1998000 997000 0 0 0 0 0 0 -131 269 
13801000 0 266 -650 -19664 999 -5 2 0 1267000 1268000 1289000 1250000 1498000 1497000 1270000 1496000 1998000 997000 0 0 0 0 0 0 -130 270 
14001000 0 253 -583 -19638 999 -5 2 0 1300000 1249000 1227000 1298000 1294000 1498000 1269000 1496000 1999000 997000 0 0 0 0 0 0 -131 269 
14201000 0 437 -722 -19650 999 -6 3 0 1306000 1228000 1250000 1294000 1191000 1498000 1269000 1496000 1998000 998000 0 0 0 0 0 0 -130 270 
14401000 0 453 -606 -19648 999 -5 3 0 1298000 1251000 1233000 1293000 1357000 1496000 1269000 1495000 1998000 998000 0 0 0 0 0 0 -131 269 
14601000 0 270 -535 -19646 999 -4 2 0 1268000 1271000 1260000 1276000 1447000 1428000 1269000 1496000 1998000 997000 0 0 0 0 0 0 -131 269 
14801000 0 308 -553 -19658 999 -4 2 0 1247000 1292000 1231000 1304000 1443000 1284000 1270000 1496000 1998000 997000 0 0 0 0 0 0 -131 269 
15001000 0 361 -572 -19663 999 -4 3 0 1246000 1292000 1244000 1292000 1481000 1351000 1269000 1496000 1999000 998000 0 0 0 0 0 0 -131 269 
15201000 0 392 -621 -19659 999 -5 3 0 1268000 1271000 1271000 1264000 1496000 1501000 1269000 1496000 1998000 997000 0 0 0 0 0 0 -131 269 
15401000 0 396 -428 -19662 999 -3 3 0 1282000 1261000 1276000 1255000 1497000 1572000 1270000 1495000 1998000 997000 0 0 0 0 0 0 -131 269 
15601000 0 305 -476 -19653 999 -4 2 0 1270000 1271000 1271000 1263000 1497000 1499000 1269000 1496000 1999000 997000 0 0 0 0 0 0 -131 269 
15801000 0 339 -673 -19664 999 -5 2 0 1292000 1248000 1249000 1284000 1328000 1496000 1269000 1496000 1998000 997000 0 0 0 0 0 0 -131 269 
16001000 0 200 -712 -19653 999 -6 1 0 1294000 1248000 1243000 1288000 1351000 1498000 1269000 1495000 1998000 998000 0 0 0 0 0 0 -131 269 
16201000 0 333 -480 -19656 999 -4 2 0 1271000 1271000 1269000 1263000 1499000 1494000 1269000 1496000 1998000 997000 0 0 0 0 0 0 -131 269 
16401000 0 84 -321 -19659 999 -2 0 0 1251000 1296000 1276000 1255000 1624000 1461000 1270000 1496000 1998000 997000 0 0 0 0 0 0 -130 270 
16601000 0 56 -259 -19658 999 -2 0 0 1268000 1273000 1268000 1265000 1497000 1496000 1269000 1496000 1999000 998000 0 0 0 0 0 0 -131 269 
16801000 0 104 -310 -19662 999 -2 0 0 1289000 1252000 1250000 1287000 1345000 1495000 1269000 1496000 1999000 997000 0 0 0 0 0 0 -131 269 
17001000 0 106 -262 -19658 999 -2 0 0 1300000 1241000 1237000 1300000 1297000 1496000 1270000 1496000 1998000 997000 0 0 0 0 0 0 -130 270 
17201000 0 118 -263 -19667 999 -2 1 0 1270000 1273000 1265000 1266000 1496000 1496000 1269000 1496000 1999000 997000 0 0 0 0 0 0 -131 269 
17401000 0 72 50 -19662 999 0 0 0 1251000 1292000 1278000 1257000 1614000 1467000 1269000 1496000 1998000 997000 0 0 0 0 0 0 -131 269 
17601000 0 77 66 -19665 999 0 0 0 1271000 1273000 1268000 1266000 1498000 1495000 1269000 1495000 1998000 997000 0 0 0 0 0 0 -130 270 
17801000 0 -11 -64 -19660 999 0 0 0 1259000 1282000 1253000 1280000 1495000 1405000 1269000 1496000 1999000 997000 0 0 0 0 0 0 -131 269 
18001000 0 35 -277 -19664 999 -2 0 0 1242000 1299000 1241000 1293000 1494000 1299000 1269000 1496000 1998000 998000 0 0 0 0 0 0 -131 269 
18201000 0 214 -269 -19660 999 -2 1 0 1272000 1274000 1263000 1265000 1496000 1498000 1269000 1495000 1998000 998000 0 0 0 0 0 0 -131 269 
18401000 0 258 -557 -19661 999 -4 2 0 1271000 1273000 1268000 1262000 1497000 1510000 1273000 1495000 1999000 997000 0 0 0 0 0 0 -131 269 
18601000 0 565 -895 -19669 999 -7 4 0 1275000 1279000 1274000 1262000 1497000 1498000 1311000 1489000 1998000 997000 0 0 0 0 0 0 -89 311 
18801000 0 390 -508 -19667 999 -4 3 0 1329000 1329000 1321000 1315000 1498000 1498000 1356000 1490000 1998000 998000 0 0 0 0 0 0 -76 324 
19001000 0 379 -558 -19671 999 -4 3 0 1361000 1362000 1363000 1356000 1496000 1499000 1356000 1496000 1998000 997000 0 0 0 0 0 0 -38 361 
19201000 0 422 -589 -19668 999 -5 3 0 1356000 1358000 1357000 1347000 1496000 1498000 1322000 1496000 1998000 997000 0 0 0 0 0 0 -78 322 
19401000 0 451 -784 -19667 999 -6 3 0 1301000 1304000 1304000 1297000 1497000 1492000 1292000 1496000 1999000 998000 0 0 0 0 0 0 -98 302 
19601000 0 456 -875 -19669 999 -7 3 0 1278000 1296000 1279000 1285000 1496000 1460000 1286000 1496000 1998000 997000 0 0 0 0 0 0 -115 285 
19801000 0 555 -834 -19671 999 -7 4 0 1289000 1292000 1292000 1281000 1496000 1500000 1317000 1496000 1998000 997000 0 0 0 0 0 0 -83 317 
20001000 0 409 -832 -19671 999 -7 3 0 1343000 1334000 1346000 1323000 1497000 1542000 1344000 1495000 1999000 998000 0 0 0 0 0 0 -62 337 
20201000 0 191 -465 -19673 999 -4 1 0 1363000 1367000 1368000 1360000 1496000 1499000 1370000 1496000 1998000 997000 0 0 0 0 0 0 -34 365 
20401000 0 218 -610 -19668 999 -5 1 0 1354000 1396000 1357000 1390000 1496000 1365000 1336000 1496000 1998000 997000 0 0 0 0 0 0 -64 336 
20601000 0 82 -600 -19667 999 -5 0 0 1302000 1337000 1299000 1324000 1497000 1418000 1310000 1495000 1999000 998000 0 0 0 0 0 0 -83 316 
20801000 0 120 -610 -19666 999 -5 1 0 1283000 1288000 1286000 1282000 1497000 1500000 1285000 1497000 1998000 997000 0 0 0 0 0 0 -115 285 
21001000 0 147 -355 -19665 999 -3 1 0 1292000 1278000 1296000 1272000 1496000 1560000 1316000 1496000 1998000 997000 0 0 0 0 0 0 -83 316 
21201000 0 196 -267 -19663 999 -2 1 0 1340000 1320000 1335000 1315000 1497000 1571000 1332000 1495000 1998000 998000 0 0 0 0 0 0 -71 328 
21401000 0 130 -379 -19670 999 -3 1 0 1337000 1338000 1337000 1334000 1495000 1499000 1335000 1496000 1999000 997000 0 0 0 0 0 0 -62 337 
21601000 0 370 -825 -19671 999 -7 3 0 1323000 1345000 1330000 1337000 1496000 1430000 1309000 1496000 1998000 997000 0 0 0 0 0 0 -91 309 
21801000 0 631 -875 -19673 999 -7 5 0 1300000 1303000 1301000 1295000 1497000 1500000 1300000 1495000 1998000 998000 0 0 0 0 0 0 -99 300 
22001000 0 589 -857 -19673 999 -7 5 0 1314000 1299000 1315000 1286000 1495000 1560000 1304000 1496000 1999000 997000 0 0 0 0 0 0 -96 304 
22201000 0 544 -850 -19671 999 -7 4 0 1315000 1298000 1311000 1290000 1490000 1548000 1316000 1496000 1998000 997000 0 0 0 0 0 0 -83 316 
22401000 0 501 -778 -19673 999 -6 4 0 1294000 1287000 1286000 1283000 1467000 1495000 1286000 1495000 1998000 997000 0 0 0 0 0 0 -112 288 
22601000 0 424 -729 -19665 999 -6 3 0 1273000 1298000 1274000 1292000 1495000 1420000 1276000 1497000 1999000 997000 0 0 0 0 0 0 -115 285 
22801000 0 328 -710 -19669 999 -6 2 0 1265000 1275000 1268000 1263000 1495000 1496000 1261000 1495000 1998000 998000 0 0 0 0 0 0 -139 261 
23001000 0 290 -215 -19662 999 -1 2 0 1288000 1277000 1277000 1272000 1495000 1541000 1285000 1496000 1998000 997000 0 0 0 0 0 0 -120 279 
23201000 0 309 -128 -19665 999 -1 2 0 1327000 1306000 1331000 1298000 1495000 1581000 1317000 1495000 1998000 998000 0 0 0 0 0 0 -83 316 
23401000 0 150 -99 -19658 999 0 1 0 1318000 1318000 1314000 1316000 1494000 1499000 1293000 1497000 1998000 997000 0 0 0 0 0 0 -106 293 
23601000 0 180 11 -19668 999 0 1 0 1273000 1289000 1274000 1285000 1494000 1429000 1277000 1496000 1999000 997000 0 0 0 0 0 0 -119 281 
23801000 0 754 -1040 -20045 999 -9 6 0 1249000 1279000 1228000 1318000 1496000 1412000 1267000 1497000 1999000 998000 0 0 0 0 0 0 -131 269 
24001000 0 1223 -1674 -20158 999 -14 10 0 1255000 1296000 1279000 1260000 1587000 1440000 1296000 1495000 1998000 997000 0 0 0 0 0 0 -103 296 
24201000 0 1660 -2104 -20118 999 -18 14 0 1285000 1327000 1378000 1272000 1577000 1496000 1317000 1496000 1998000 997000 0 0 0 0 0 0 -83 316 
24401000 0 3162 -3135 -21256 999 -27 27 0 1327000 1271000 1321000 1347000 1375000 1498000 1318000 1495000 1998000 996000 0 0 0 0 0 0 -83 317 
24601000 0 235 -308 -20747 999 -2 2 0 1307000 1335000 1335000 1286000 1498000 1499000 1290000 1497000 1998000 997000 0 0 0 0 0 0 -110 290 
24801000 0 -311 200 -20744 999 1 -2 0 1261000 1293000 1302000 1273000 1597000 1498000 1282000 1497000 1998000 997000 0 0 0 0 0 0 -117 283 
25001000 0 -513 146 -20743 999 1 -4 0 1293000 1284000 1261000 1289000 1419000 1500000 1285000 1496000 1998000 997000 0 0 0 0 0 0 -117 282 
25201000 0 -1329 1154 -20554 999 10 -11 0 1320000 1268000 1246000 1312000 1298000 1499000 1317000 1496000 1998000 997000 0 0 0 0 0 0 -83 317 
25401000 0 -1329 1177 -20391 999 10 -11 0 1350000 1291000 1301000 1367000 1295000 1500000 1339000 1496000 1999000 998000 0 0 0 0 0 0 -71 328 
25601000 0 -145 -208 -20521 999 -1 -1 0 1368000 1351000 1353000 1358000 1482000 1498000 1376000 1496000 1998000 997000 0 0 0 0 0 0 -41 358 
25801000 0 255 -798 -20582 999 -6 2 0 1369000 1381000 1382000 1370000 1533000 1500000 1382000 1496000 1999000 997000 0 0 0 0 0 0 -18 382 
26001000 0 352 -1500 -19867 999 -13 3 0 1403000 1433000 1363000 1331000 1496000 1500000 1383000 1496000 1999000 997000 0 0 0 0 0 0 -17 383 
26201000 0 1128 -1993 -20190 999 -17 9 0 1373000 1353000 1406000 1399000 1426000 1500000 1383000 1496000 1999000 998000 0 0 0 0 0 0 -17 383 
26401000 0 2211 -3142 -20167 999 -27 19 0 1416000 1385000 1395000 1338000 1347000 1499000 1379000 1496000 1999000 998000 0 0 0 0 0 0 -20 379 
26601000 0 3271 -3408 -21283 999 -29 28 0 1369000 1320000 1365000 1417000 1366000 1500000 1356000 1496000 1999000 998000 0 0 0 0 0 0 -31 368 
26801000 0 623 -1264 -20483 999 -11 5 0 1334000 1361000 1365000 1321000 1496000 1499000 1338000 1497000 1998000 997000 0 0 0 0 0 0 -54 346 
27001000 0 -9 -501 -20396 999 -4 0 0 1333000 1349000 1323000 1337000 1561000 1499000 1321000 1496000 1999000 998000 0 0 0 0 0 0 -78 321 
27201000 0 -846 250 -20282 999 2 -7 0 1330000 1335000 1287000 1306000 1496000 1499000 1312000 1497000 1998000 997000 0 0 0 0 0 0 -85 315 
27401000 0 -176 -577 -20213 999 -5 -1 0 1313000 1305000 1306000 1314000 1449000 1499000 1308000 1496000 1998000 997000 0 0 0 0 0 0 -89 310 
27601000 0 953 -2059 -20700 999 -17 8 0 1306000 1261000 1328000 1326000 1332000 1500000 1291000 1497000 1998000 998000 0 0 0 0 0 0 -108 291 
27801000 0 2135 -3247 -23939 999 -28 18 0 1223000 1219000 1412000 1320000 1482000 1498000 1317000 1496000 1998000 997000 0 0 0 0 0 0 -106 294 
28001000 0 4144 -5535 -26410 998 -48 36 1 1299000 1285000 1429000 1293000 1500000 1494000 1358000 1496000 1999000 997000 0 0 0 0 0 0 -73 327 
28201000 0 5253 -6519 -27620 997 -56 45 2 1342000 1364000 1366000 1362000 1503000 1409000 1354000 1497000 1998000 997000 0 0 0 0 0 0 -45 354 
28401000 0 2873 -4806 -25717 998 -41 25 1 1344000 1384000 1277000 1301000 1496000 1500000 1327000 1497000 1999000 997000 0 0 0 0 0 0 -73 327 
28601000 0 852 -2659 -24258 999 -23 7 0 1361000 1364000 1274000 1303000 1496000 1544000 1326000 1498000 1998000 997000 0 0 0 0 0 0 -73 326 
28801000 0 204 -1159 -23825 999 -10 1 0 1322000 1319000 1320000 1342000 1496000 1531000 1326000 1514000 1999000 998000 0 0 0 0 0 0 -73 326 
29001000 0 -483 -26 -23827 999 0 -4 0 1292000 1294000 1364000 1352000 1472000 1500000 1326000 1533000 1998000 997000 0 0 0 0 0 0 -73 326 
29201000 0 -924 204 -23924 999 1 -8 0 1304000 1300000 1342000 1364000 1497000 1525000 1328000 1565000 1998000 998000 0 0 0 0 0 0 -71 328 
29401000 0 -1303 919 -23396 999 8 -11 0 1334000 1335000 1324000 1316000 1476000 1506000 1336000 1502000 1998000 997000 0 0 0 0 0 0 -64 336 
29601000 0 33 -543 -23765 999 -4 0 0 1406000 1384000 1351000 1413000 1445000 1500000 1390000 1495000 1998000 997000 0 0 0 0 0 0 -11 389 
29801000 0 -563 207 -23407 999 1 -4 0 1411000 1401000 1397000 1345000 1428000 1501000 1389000 1422000 1999000 997000 0 0 0 0 0 0 -11 389 
30001000 0 -531 150 -23591 999 1 -4 0 1420000 1409000 1331000 1394000 1497000 1507000 1389000 1458000 1998000 997000 0 0 0 0 0 0 -11 389 
30201000 0 -3 -416 -23672 999 -3 0 0 1384000 1386000 1388000 1396000 1518000 1513000 1389000 1497000 1999000 998000 0 0 0 0 0 0 -11 389 
30401000 0 -166 -163 -23480 999 -1 -1 0 1363000 1398000 1445000 1352000 1596000 1500000 1389000 1497000 1998000 997000 0 0 0 0 0 0 -10 390 
30601000 0 -570 191 -23469 999 1 -4 0 1403000 1393000 1393000 1365000 1440000 1514000 1389000 1495000 1998000 998000 0 0 0 0 0 0 -11 389 
30801000 0 -437 -225 -23459 999 -1 -3 0 1436000 1371000 1331000 1416000 1275000 1529000 1389000 1495000 1998000 998000 0 0 0 0 0 0 -11 389 
31001000 0 -780 235 -23492 999 2 -6 0 1400000 1397000 1366000 1391000 1498000 1523000 1390000 1496000 1998000 997000 0 0 0 0 0 0 -11 389 
31201000 0 -865 414 -23430 999 3 -7 0 1388000 1386000 1403000 1377000 1536000 1540000 1389000 1496000 1998000 997000 0 0 0 0 0 0 -11 389 
31401000 0 -1120 512 -23394 999 4 -9 0 1368000 1409000 1399000 1378000 1631000 1503000 1389000 1496000 1998000 997000 0 0 0 0 0 0 -11 389 
31601000 0 -1134 763 -23354 999 6 -9 0 1391000 1394000 1377000 1392000 1460000 1499000 1389000 1496000 1999000 998000 0 0 0 0 0 0 -11 389 
31801000 0 -375 -231 -23476 999 -2 -3 0 1420000 1352000 1381000 1405000 1215000 1499000 1389000 1495000 1999000 998000 0 0 0 0 0 0 -11 389 
32001000 0 493 -1100 -23445 999 -9 4 0 1427000 1342000 1373000 1416000 1234000 1499000 1390000 1496000 1998000 998000 0 0 0 0 0 0 -10 390 
32201000 0 722 -1762 -22955 999 -15 6 0 1412000 1425000 1338000 1378000 1356000 1361000 1390000 1495000 1999000 998000 0 0 0 0 0 0 -11 389 
32401000 0 2472 -3891 -22235 999 -33 21 0 1377000 1369000 1418000 1391000 1357000 1402000 1388000 1495000 1998000 997000 0 0 0 0 0 0 -11 388 
32601000 0 4481 -5427 -23348 998 -47 39 1 1391000 1362000 1440000 1357000 1437000 1556000 1388000 1496000 1999000 998000 0 0 0 0 0 0 -11 388 
32801000 0 4313 -5378 -23377 998 -46 37 1 1443000 1410000 1400000 1301000 1435000 1654000 1388000 1496000 1998000 997000 0 0 0 0 0 0 -11 389 
33001000 0 4175 -5705 -21767 998 -49 36 1 1405000 1386000 1408000 1356000 1436000 1502000 1389000 1495000 1998000 997000 0 0 0 0 0 0 -11 389 
33201000 0 5222 -6331 -22420 997 -55 45 2 1359000 1326000 1467000 1402000 1434000 1499000 1388000 1496000 1999000 998000 0 0 0 0 0 0 -11 389 
33401000 0 5201 -6570 -23843 997 -57 45 2 1373000 1366000 1405000 1406000 1433000 1440000 1388000 1496000 1998000 997000 0 0 0 0 0 0 -11 388 
33601000 0 3089 -4608 -23918 998 -40 26 1 1396000 1401000 1351000 1406000 1478000 1563000 1389000 1496000 1999000 998000 0 0 0 0 0 0 -11 389 
33801000 0 2385 -2283 -27305 999 -19 20 0 1262000 1214000 1596000 1483000 1476000 1629000 1389000 1496000 2000000 997000 0 0 0 0 0 0 -11 389 
34001000 0 2910 -4536 -28721 998 -39 25 1 1477000 1471000 1317000 1288000 1472000 1648000 1390000 1496000 1998000 997000 0 0 0 0 0 0 -11 389 
34201000 0 1438 -3571 -23233 999 -31 12 0 1508000 1495000 1298000 1253000 1465000 1644000 1389000 1496000 1999000 997000 0 0 0 0 0 0 -11 389 
34401000 0 2250 -2131 -24114 999 -18 19 0 1277000 1145000 1580000 1552000 1453000 1677000 1389000 1496000 1998000 997000 0 0 0 0 0 0 -11 389 
34601000 0 2590 -2535 -31887 999 -22 22 0 1399000 1322000 1483000 1350000 1454000 1573000 1389000 1495000 1999000 998000 0 0 0 0 0 0 -11 389 
34801000 0 3709 -5843 -25020 998 -50 32 1 1521000 1529000 1260000 1244000 1452000 1497000 1388000 1496000 1998000 998000 0 0 0 0 0 0 -11 388 
35001000 0 1644 -2759 -19357 999 -24 14 0 1442000 1473000 1259000 1379000 1454000 1496000 1389000 1496000 1998000 997000 0 0 0 0 0 0 -11 389 
35201000 0 978 -1170 -19184 999 -10 8 0 1402000 1399000 1372000 1381000 1455000 1500000 1389000 1496000 1999000 998000 0 0 0 0 0 0 -11 389 
35401000 0 918 -1045 -21393 999 -9 8 0 1277000 1261000 1512000 1508000 1455000 1499000 1389000 1496000 1998000 998000 0 0 0 0 0 0 -11 389 
35601000 0 1009 -1446 -29550 999 -12 8 0 1250000 1241000 1537000 1530000 1455000 1503000 1390000 1495000 1998000 997000 0 0 0 0 0 0 -10 390 
35801000 0 375 -1183 -31551 999 -10 3 0 1399000 1389000 1357000 1408000 1454000 1500000 1389000 1496000 1999000 998000 0 0 0 0 0 0 -11 389 
36001000 0 416 -1366 -30215 999 -11 3 0 1475000 1478000 1302000 1299000 1454000 1499000 1389000 1495000 1998000 998000 0 0 0 0 0 0 -11 389 
36201000 0 155 -1227 -22573 999 -10 1 0 1602000 1602000 1164000 1190000 1454000 1499000 1390000 1495000 1999000 998000 0 0 0 0 0 0 -10 390 
36401000 0 292 -203 -15473 999 -1 2 0 1408000 1397000 1365000 1384000 1454000 1500000 1390000 1495000 1998000 998000 0 0 0 0 0 0 -11 389 
36601000 0 282 -452 -17114 999 -3 2 0 1305000 1292000 1480000 1477000 1454000 1499000 1389000 1496000 1998000 997000 0 0 0 0 0 0 -11 389 
36801000 0 871 -1104 -26074 999 -9 7 0 1187000 1176000 1615000 1580000 1454000 1499000 1390000 1495000 1998000 997000 0 0 0 0 0 0 -10 390 
37001000 0 2810 -3557 -28248 999 -31 24 0 1466000 1519000 1366000 1207000 1454000 1499000 1389000 1495000 1998000 998000 0 0 0 0 0 0 -10 390 
37201000 0 5792 -6789 -28400 996 -59 50 2 1395000 1391000 1430000 1342000 1455000 1499000 1390000 1496000 1998000 998000 0 0 0 0 0 0 -10 390 
37401000 0 4389 -5653 -26947 998 -49 38 1 1382000 1387000 1357000 1432000 1454000 1500000 1389000 1495000 1998000 997000 0 0 0 0 0 0 -10 390 
37601000 0 766 -2215 -26066 999 -19 6 0 1425000 1418000 1338000 1378000 1454000 1499000 1389000 1495000 1998000 998000 0 0 0 0 0 0 -10 390 
37801000 0 754 -1297 -25839 999 -11 6 0 1388000 1385000 1395000 1386000 1455000 1498000 1390000 1496000 1998000 997000 0 0 0 0 0 0 -10 390 
38001000 0 309 -601 -25806 999 -5 2 0 1384000 1391000 1380000 1395000 1450000 1437000 1388000 1496000 1998000 997000 0 0 0 0 0 0 -11 388 
38201000 0 353 -801 -25803 999 -6 3 0 1391000 1396000 1371000 1397000 1450000 1451000 1388000 1496000 1999000 997000 0 0 0 0 0 0 -11 389 
38401000 0 259 -572 -25792 999 -4 2 0 1392000 1389000 1390000 1384000 1495000 1510000 1390000 1496000 1998000 997000 0 0 0 0 0 0 -10 390 
38601000 0 258 -624 -25798 999 -5 2 0 1400000 1385000 1387000 1383000 1465000 1540000 1389000 1495000 1999000 998000 0 0 0 0 0 0 -11 389 
38801000 0 217 -630 -25790 999 -5 1 0 1407000 1380000 1392000 1383000 1460000 1547000 1392000 1495000 1998000 998000 0 0 0 0 0 0 -8 391 
39001000 0 169 -636 -25788 999 -5 1 0 1407000 1395000 1384000 1400000 1455000 1492000 1406000 1495000 1998000 997000 0 0 0 0 0 0 0 406 
39201000 0 109 -662 -25789 999 -5 0 0 1407000 1414000 1409000 1400000 1497000 1500000 1409000 1495000 1999000 998000 0 0 0 0 0 0 0 408 
39401000 0 88 -641 -25786 999 -5 0 0 1401000 1436000 1416000 1385000 1621000 1499000 1410000 1484000 1998000 997000 0 0 0 0 0 0 0 410 
39601000 0 180 -705 -25795 999 -6 1 0 1398000 1441000 1423000 1376000 1596000 1499000 1411000 1478000 1998000 997000 0 0 0 0 0 0 0 411 
39801000 0 192 -622 -25797 999 -5 1 0 1455000 1414000 1364000 1409000 1304000 1499000 1411000 1451000 1999000 997000 0 0 0 0 0 0 0 411 
40001000 0 52 -667 -25797 999 -5 0 0 1505000 1432000 1315000 1390000 1226000 1500000 1410000 1382000 1998000 998000 0 0 0 0 0 0 0 411 
40201000 0 13 -682 -25796 999 -5 0 0 1486000 1466000 1334000 1356000 1443000 1499000 1412000 1369000 1998000 998000 0 0 0 0 0 0 0 412 
40401000 0 -150 -608 -25792 999 -5 -1 0 1475000 1478000 1345000 1344000 1499000 1502000 1411000 1366000 1999000 998000 0 0 0 0 0 0 0 411 
40601000 0 -178 -535 -25800 999 -4 -1 0 1464000 1506000 1357000 1319000 1636000 1502000 1411000 1349000 1998000 998000 0 0 0 0 0 0 0 412 
40801000 0 -344 -348 -25799 999 -3 -3 0 1452000 1512000 1366000 1312000 1648000 1501000 1412000 1354000 1998000 997000 0 0 0 0 0 0 0 412 
41001000 0 -228 -568 -25801 999 -4 -1 0 1464000 1419000 1354000 1406000 1291000 1500000 1411000 1440000 1998000 998000 0 0 0 0 0 0 0 411 
41201000 0 -195 -456 -25802 999 -3 -1 0 1487000 1375000 1331000 1449000 1071000 1499000 1412000 1460000 1998000 998000 0 0 0 0 0 0 0 411 
41401000 0 -511 -331 -25695 999 -2 -4 0 1482000 1435000 1298000 1432000 1414000 1499000 1412000 1465000 1998000 998000 0 0 0 0 0 0 0 412 
41601000 0 -389 -185 -25320 999 -1 -3 0 1404000 1450000 1403000 1384000 1646000 1500000 1411000 1477000 1999000 997000 0 0 0 0 0 0 0 411 
41801000 0 -266 -171 -25400 999 -1 -2 0 1418000 1421000 1397000 1406000 1496000 1499000 1411000 1496000 1998000 997000 0 0 0 0 0 0 0 411 
42001000 0 76 -441 -25432 999 -3 0 0 1344000 1350000 1484000 1460000 1496000 1500000 1410000 1622000 1999000 997000 0 0 0 0 0 0 0 410 
42201000 0 -55 -331 -25424 999 -2 0 0 1285000 1288000 1523000 1538000 1496000 1499000 1411000 1750000 1998000 997000 0 0 0 0 0 0 0 409 
42401000 0 41 -223 -25341 999 -1 0 0 1309000 1315000 1514000 1499000 1496000 1500000 1411000 1678000 1999000 997000 0 0 0 0 0 0 0 410 
42601000 0 144 -517 -25468 999 -4 1 0 1438000 1396000 1387000 1421000 1329000 1499000 1411000 1496000 1999000 997000 0 0 0 0 0 0 0 411 
42801000 0 423 -873 -25417 999 -7 3 0 1471000 1405000 1355000 1419000 1261000 1497000 1414000 1452000 1999000 998000 0 0 0 0 0 0 0 413 
43001000 0 511 -878 -25455 999 -7 4 0 1436000 1441000 1336000 1437000 1308000 1292000 1414000 1448000 1998000 998000 0 0 0 0 0 0 0 413 
43201000 0 187 -485 -25418 999 -4 1 0 1454000 1424000 1350000 1422000 1309000 1475000 1484000 1458000 1999000 998000 0 0 0 0 0 0 0 484 
43401000 0 184 -379 -25663 999 -3 1 0 1540000 1473000 1513000 1491000 1369000 1649000 1514000 1462000 1998000 997000 0 0 0 0 0 0 0 505 
43601000 0 571 -753 -28806 999 -6 4 0 1479000 1424000 1578000 1578000 1351000 1552000 1512000 1480000 1998000 998000 0 0 0 0 0 0 0 515 
43801000 0 -188 -518 -29780 999 -4 -1 0 1527000 1513000 1441000 1525000 1351000 1405000 1454000 1488000 1998000 997000 0 0 0 0 0 0 0 454 
44001000 0 -578 -293 -26429 999 -2 -5 0 1618000 1587000 1236000 1317000 1385000 1446000 1441000 1495000 1999000 997000 0 0 0 0 0 0 0 440 
44201000 0 -218 506 -18505 999 4 -1 0 1459000 1410000 1463000 1438000 1362000 1641000 1473000 1494000 1998000 997000 0 0 0 0 0 0 0 443 
44401000 0 -67 -172 -19516 999 -1 0 0 1502000 1450000 1474000 1472000 1358000 1542000 1485000 1493000 1998000 998000 0 0 0 0 0 0 0 485 
44601000 0 498 -907 -22392 999 -7 4 0 1513000 1454000 1535000 1544000 1337000 1499000 1527000 1494000 1998000 997000 0 0 0 0 0 0 0 512 
44801000 0 1208 -881 -23101 999 -7 10 0 1505000 1434000 1586000 1646000 1337000 1522000 1560000 1494000 1999000 997000 0 0 0 0 0 0 0 543 
45001000 0 1334 -830 -30331 999 -7 11 0 1440000 1377000 1694000 1726000 1337000 1504000 1521000 1495000 1998000 998000 0 0 0 0 0 0 0 521 
45201000 0 1111 -1072 -35327 999 -9 9 0 1458000 1419000 1535000 1570000 1337000 1457000 1484000 1495000 1998000 998000 0 0 0 0 0 0 0 496 
45401000 0 577 -1143 -38127 999 -9 5 0 1352000 1500000 1551000 1499000 1496000 1497000 1475000 1495000 1998000 998000 0 0 0 0 0 0 0 476 
45601000 0 773 -2649 -37764 999 -23 6 0 1531000 1632000 1447000 1293000 1668000 1499000 1475000 1495000 1999000 998000 0 0 0 0 0 0 0 475 
45801000 0 1725 -3211 -34754 999 -28 15 0 1509000 1609000 1399000 1381000 1648000 1499000 1474000 1496000 1998000 997000 0 0 0 0 0 0 0 475 
46001000 0 45 -735 -30477 999 -6 0 0 1529000 1545000 1475000 1345000 1497000 1499000 1472000 1495000 1998000 997000 0 0 0 0 0 0 0 474 
46201000 0 -223 -546 -30183 999 -4 -1 0 1471000 1444000 1453000 1510000 1351000 1499000 1460000 1495000 1998000 998000 0 0 0 0 0 0 0 460 
46401000 0 -107 -620 -30218 999 -5 0 0 1463000 1465000 1462000 1448000 1498000 1499000 1459000 1495000 1998000 997000 0 0 0 0 0 0 0 460 
46601000 0 -76 -864 -30324 999 -7 0 0 1450000 1463000 1466000 1451000 1511000 1500000 1459000 1495000 1998000 998000 0 0 0 0 0 0 0 458 
46801000 0 -126 -804 -30265 999 -7 -1 0 1476000 1480000 1435000 1443000 1497000 1499000 1459000 1496000 1998000 998000 0 0 0 0 0 0 0 459 
47001000 0 -201 -816 -28111 999 -7 -1 0 1621000 1553000 1294000 1366000 1297000 1500000 1458000 1495000 1999000 998000 0 0 0 0 0 0 0 459 
47201000 0 248 -34 -20691 999 0 2 0 1426000 1443000 1486000 1479000 1497000 1499000 1458000 1496000 1998000 998000 0 0 0 0 0 0 0 459 
47401000 0 238 -452 -27259 999 -3 2 0 1395000 1398000 1529000 1508000 1534000 1500000 1459000 1495000 1999000 998000 0 0 0 0 0 0 0 459 
47601000 0 -139 -466 -23389 999 -4 -1 0 1591000 1637000 1311000 1291000 1496000 1499000 1458000 1496000 1998000 998000 0 0 0 0 0 0 0 458 
47801000 0 338 -594 -26749 999 -5 2 0 1449000 1386000 1479000 1520000 1362000 1499000 1458000 1495000 1999000 997000 0 0 0 0 0 0 0 459 
48001000 0 350 -738 -24605 999 -6 3 0 1438000 1398000 1530000 1464000 1367000 1500000 1458000 1495000 1999000 997000 0 0 0 0 0 0 0 458 
48201000 0 1457 -2307 -24619 999 -20 12 0 1484000 1535000 1393000 1422000 1497000 1499000 1459000 1495000 1998000 998000 0 0 0 0 0 0 0 459 
48401000 0 249 -1205 -24379 999 -10 2 0 1497000 1459000 1418000 1456000 1357000 1500000 1459000 1495000 1998000 998000 0 0 0 0 0 0 0 458 
48601000 0 74 -835 -24371 999 -7 0 0 1484000 1452000 1441000 1453000 1356000 1498000 1458000 1496000 1998000 997000 0 0 0 0 0 0 0 458 
48801000 0 153 -910 -24406 999 -7 1 0 1484000 1421000 1409000 1492000 1253000 1497000 1450000 1495000 1999000 997000 0 0 0 0 0 0 0 452 
49001000 0 156 -862 -24358 999 -7 1 0 1457000 1443000 1449000 1454000 1447000 1500000 1449000 1495000 1998000 997000 0 0 0 0 0 0 0 451 
49201000 0 58 -818 -24379 999 -7 0 0 1447000 1451000 1444000 1443000 1497000 1501000 1429000 1496000 1998000 997000 0 0 0 0 0 0 0 429 
49401000 0 79 -1167 -24357 999 -10 0 0 1420000 1434000 1429000 1415000 1523000 1500000 1419000 1498000 1998000 998000 0 0 0 0 0 0 0 425 
49601000 0 77 -1134 -24374 999 -9 0 0 1417000 1425000 1425000 1410000 1491000 1499000 1419000 1497000 1998000 998000 0 0 0 0 0 0 0 420 
49801000 0 28 -1036 -24376 999 -9 0 0 1426000 1413000 1412000 1426000 1426000 1499000 1422000 1497000 1999000 998000 0 0 0 0 0 0 0 422 
50001000 0 70 -931 -24378 999 -8 0 0 1427000 1431000 1428000 1421000 1498000 1499000 1431000 1497000 1998000 997000 0 0 0 0 0 0 0 427 
50201000 0 103 -1020 -24366 999 -8 0 0 1427000 1438000 1435000 1422000 1542000 1500000 1433000 1495000 1999000 998000 0 0 0 0 0 0 0 431 
50401000 0 114 -924 -24368 999 -8 1 0 1416000 1451000 1449000 1417000 1601000 1499000 1435000 1497000 1998000 997000 0 0 0 0 0 0 0 435 
50601000 0 44 -914 -24369 999 -7 0 0 1432000 1439000 1441000 1430000 1496000 1499000 1436000 1496000 1998000 997000 0 0 0 0 0 0 0 436 
50801000 0 -56 -858 -24365 999 -7 0 0 1458000 1421000 1411000 1452000 1350000 1500000 1435000 1496000 1998000 997000 0 0 0 0 0 0 0 436 
51001000 0 -928 432 -24554 999 3 -8 0 1438000 1425000 1414000 1465000 1498000 1499000 1436000 1496000 1998000 998000 0 0 0 0 0 0 0 436 
51201000 0 -709 720 -23111 999 6 -6 0 1527000 1524000 1339000 1352000 1496000 1500000 1436000 1496000 1998000 998000 0 0 0 0 0 0 0 436 
51401000 0 -698 857 -20399 999 7 -6 0 1482000 1483000 1389000 1388000 1496000 1500000 1435000 1497000 1998000 998000 0 0 0 0 0 0 0 436 
51601000 0 -394 230 -18066 999 2 -3 0 1454000 1452000 1407000 1424000 1496000 1499000 1436000 1496000 1998000 997000 0 0 0 0 0 0 0 436 
51801000 0 -1521 1451 -17261 999 12 -13 0 1459000 1459000 1404000 1416000 1449000 1497000 1434000 1496000 1998000 998000 0 0 0 0 0 0 0 435 
52001000 0 -1659 2125 -16967 999 18 -14 0 1455000 1408000 1399000 1476000 1305000 1499000 1435000 1496000 1998000 998000 0 0 0 0 0 0 0 435 
52201000 0 -1586 2173 -16592 999 18 -13 0 1503000 1430000 1326000 1480000 1297000 1500000 1436000 1496000 1999000 998000 0 0 0 0 0 0 0 436 
52401000 0 -4594 4495 -15053 998 39 -40 1 1529000 1498000 1273000 1438000 1497000 1500000 1435000 1497000 1998000 997000 0 0 0 0 0 0 0 435 
52601000 0 -5153 5042 -14963 998 43 -44 1 1400000 1420000 1447000 1471000 1497000 1500000 1435000 1496000 1999000 997000 0 0 0 0 0 0 0 435 
52801000 0 -3852 2887 -16329 999 25 -33 0 1436000 1438000 1409000 1459000 1497000 1500000 1436000 1497000 1999000 998000 0 0 0 0 0 0 0 436 
53001000 0 -2708 2276 -16578 999 19 -23 0 1404000 1397000 1480000 1461000 1531000 1499000 1436000 1496000 1998000 998000 0 0 0 0 0 0 0 436 
53201000 0 -2507 2190 -17026 999 19 -21 0 1445000 1467000 1399000 1427000 1496000 1498000 1436000 1497000 1999000 998000 0 0 0 0 0 0 0 435 
53401000 0 -2861 931 -17822 999 8 -24 0 1382000 1411000 1472000 1473000 1496000 1497000 1435000 1496000 1999000 997000 0 0 0 0 0 0 0 435 
53601000 0 -3223 -59 -19145 999 0 -28 0 1416000 1454000 1409000 1463000 1496000 1499000 1436000 1496000 1999000 998000 0 0 0 0 0 0 0 436 
53801000 0 -4444 364 -18530 999 3 -38 0 1447000 1482000 1369000 1440000 1524000 1501000 1435000 1496000 1998000 998000 0 0 0 0 0 0 0 435 
54001000 0 -5230 636 -18448 998 5 -45 0 1417000 1463000 1410000 1453000 1497000 1499000 1436000 1497000 1998000 997000 0 0 0 0 0 0 0 436 
54201000 0 -7487 -902 -18331 997 -7 -65 0 1345000 1520000 1407000 1465000 1495000 1499000 1436000 1496000 1999000 998000 0 0 0 0 0 0 0 435 
54401000 0 -9570 -3243 -18924 996 -28 -83 -2 1408000 1452000 1426000 1456000 1497000 1500000 1435000 1496000 1999000 998000 0 0 0 0 0 0 0 436 
54601000 0 -7726 -2292 -19099 997 -19 -67 -1 1419000 1457000 1417000 1449000 1526000 1499000 1436000 1496000 1998000 998000 0 0 0 0 0 0 0 436 
54801000 0 -4972 -1641 -20076 998 -14 -43 0 1423000 1404000 1491000 1420000 1509000 1500000 1436000 1496000 1999000 998000 0 0 0 0 0 0 0 435 
55001000 0 -1527 2106 -20073 999 18 -13 0 1516000 1396000 1398000 1432000 1457000 1499000 1436000 1496000 1998000 998000 0 0 0 0 0 0 0 436 
55201000 0 2294 6267 -19724 998 54 19 -1 1523000 1390000 1383000 1442000 1343000 1499000 1436000 1496000 1999000 998000 0 0 0 0 0 0 0 436 
55401000 0 398 5081 -19832 999 44 3 0 1420000 1479000 1393000 1450000 1498000 1500000 1435000 1496000 1998000 998000 0 0 0 0 0 0 0 436 
55601000 0 -4618 965 -19566 999 8 -40 0 1370000 1566000 1429000 1473000 1520000 1545000 1467000 1496000 1998000 998000 0 0 0 0 0 0 0 460 
55801000 0 -7218 -1871 -19822 997 -16 -62 -1 1472000 1465000 1452000 1473000 1496000 1517000 1458000 1498000 1999000 998000 0 0 0 0 0 0 0 458 
56001000 0 -4583 118 -19905 999 1 -39 0 1465000 1423000 1396000 1454000 1496000 1444000 1427000 1501000 1998000 998000 0 0 0 0 0 0 0 435 
56201000 0 -1212 3104 -19862 999 27 -10 0 1473000 1359000 1412000 1430000 1497000 1499000 1418000 1508000 1998000 997000 0 0 0 0 0 0 0 419 
56401000 0 317 5382 -19640 998 46 2 0 1401000 1407000 1420000 1446000 1496000 1562000 1406000 1529000 1999000 997000 0 0 0 0 0 0 0 406 
56601000 0 -2561 2443 -19598 999 21 -22 0 1304000 1433000 1415000 1434000 1600000 1542000 1397000 1552000 1998000 997000 0 0 0 0 0 0 -2 397 
56801000 0 -6307 -799 -19785 998 -6 -55 0 1339000 1350000 1440000 1461000 1497000 1555000 1399000 1571000 1998000 998000 0 0 0 0 0 0 -1 398 
57001000 0 -5648 -8 -19782 998 0 -49 0 1367000 1343000 1418000 1470000 1440000 1502000 1432000 1587000 1998000 997000 0 0 0 0 0 0 0 432 
57201000 0 -3619 1835 -19820 999 16 -31 0 1389000 1330000 1496000 1515000 1496000 1521000 1433000 1626000 1998000 998000 0 0 0 0 0 0 0 433 
57401000 0 -669 3727 -20165 999 32 -5 0 1479000 1379000 1429000 1447000 1497000 1556000 1434000 1515000 1998000 997000 0 0 0 0 0 0 0 434 
57601000 0 -297 4321 -20225 999 37 -2 0 1441000 1426000 1424000 1440000 1472000 1551000 1434000 1480000 1999000 998000 0 0 0 0 0 0 0 434 
57801000 0 -2034 2121 -20663 999 18 -17 0 1461000 1535000 1325000 1413000 1432000 1556000 1433000 1432000 1998000 998000 0 0 0 0 0 0 0 434 
58001000 0 -5814 -1392 -20568 998 -12 -50 0 1495000 1498000 1341000 1404000 1460000 1554000 1434000 1380000 1999000 998000 0 0 0 0 0 0 0 435 
58201000 0 -3652 127 -20407 999 1 -31 0 1527000 1459000 1365000 1383000 1496000 1560000 1434000 1383000 1999000 998000 0 0 0 0 0 0 0 434 
58401000 0 -969 2897 -20004 999 25 -8 0 1479000 1377000 1458000 1421000 1566000 1551000 1434000 1495000 1999000 998000 0 0 0 0 0 0 0 434 
58601000 0 683 4248 -19828 999 37 5 0 1423000 1426000 1438000 1443000 1497000 1499000 1431000 1495000 1998000 998000 0 0 0 0 0 0 0 433 
58801000 0 -668 3100 -20103 999 27 -5 0 1415000 1440000 1420000 1452000 1497000 1498000 1411000 1495000 1998000 998000 0 0 0 0 0 0 0 411 
59001000 0 -3149 617 -19963 999 5 -27 0 1450000 1558000 1478000 1515000 1496000 1499000 1503000 1494000 1998000 998000 0 0 0 0 0 0 0 501 
59201000 0 -5262 -1169 -20026 998 -10 -45 0 1521000 1551000 1508000 1542000 1497000 1499000 1553000 1493000 1998000 997000 0 0 0 0 0 0 0 531 
59401000 0 -3947 47 -20034 999 0 -34 0 1592000 1554000 1542000 1566000 1496000 1563000 1576000 1494000 1998000 997000 0 0 0 0 0 0 0 576 
59601000 0 -2316 1912 -20109 999 16 -20 0 1560000 1479000 1526000 1526000 1496000 1511000 1501000 1495000 1998000 998000 0 0 0 0 0 0 0 523 
59801000 0 -636 3576 -20096 999 31 -5 0 1436000 1447000 1449000 1467000 1497000 1500000 1430000 1495000 1998000 998000 0 0 0 0 0 0 0 450 
60001000 0 -1089 2515 -20357 999 21 -9 0 1409000 1427000 1411000 1440000 1496000 1500000 1399000 1495000 1999000 998000 0 0 0 0 0 0 -1 399 
60201000 0 -3063 1202 -20080 999 10 -26 0 1494000 1583000 1498000 1539000 1496000 1499000 1561000 1494000 1999000 998000 0 0 0 0 0 0 0 529 
60401000 0 -5197 -991 -20165 998 -8 -45 0 1581000 1620000 1565000 1617000 1496000 1499000 1538000 1495000 1998000 997000 0 0 0 0 0 0 0 596 
60601000 0 -3919 80 -20051 999 0 -34 0 1505000 1488000 1485000 1516000 1497000 1497000 1505000 1495000 1998000 998000 0 0 0 0 0 0 0 505 
60801000 0 -1924 1974 -20036 999 17 -16 0 1597000 1521000 1551000 1565000 1498000 1500000 1525000 1496000 1998000 997000 0 0 0 0 0 0 0 559 
61001000 0 -379 3402 -19916 999 29 -3 0 1464000 1475000 1468000 1483000 1496000 1509000 1513000 1495000 1998000 997000 0 0 0 0 0 0 0 473 
61201000 0 -1322 2256 -20121 999 19 -11 0 1512000 1530000 1526000 1538000 1496000 1514000 1531000 1495000 1998000 998000 0 0 0 0 0 0 0 531 
61401000 0 -2499 1071 -20269 999 9 -21 0 1409000 1468000 1406000 1447000 1496000 1498000 1428000 1496000 1999000 998000 0 0 0 0 0 0 0 433 
61601000 0 -4416 -686 -20249 999 -5 -38 0 1405000 1440000 1389000 1432000 1496000 1499000 1374000 1500000 1998000 998000 0 0 0 0 0 0 0 417 
61801000 0 -3167 314 -20324 999 2 -27 0 1387000 1351000 1369000 1391000 1497000 1499000 1510000 1496000 1998000 997000 0 0 0 0 0 0 0 510 
62001000 0 -575 2606 -20256 999 22 -5 0 1630000 1525000 1578000 1585000 1496000 1501000 1535000 1496000 1999000 998000 0 0 0 0 0 0 0 580 
62201000 0 144 3096 -20418 999 27 1 0 1402000 1419000 1441000 1468000 1496000 1498000 1369000 1522000 1999000 997000 0 0 0 0 0 0 0 433 
62401000 0 -1853 1716 -20622 999 14 -16 0 1332000 1400000 1345000 1377000 1496000 1499000 1457000 1496000 1999000 997000 0 0 0 0 0 0 0 457 
62601000 0 -4195 -353 -20776 999 -3 -36 0 1518000 1532000 1501000 1543000 1496000 1500000 1539000 1495000 1998000 998000 0 0 0 0 0 0 0 524 
62801000 0 -3044 519 -20755 999 4 -26 0 1601000 1566000 1554000 1588000 1497000 1508000 1596000 1496000 1998000 997000 0 0 0 0 0 0 0 578 
63001000 0 -1603 2420 -20666 999 21 -13 0 1652000 1586000 1608000 1628000 1496000 1528000 1671000 1495000 1999000 998000 0 0 0 0 0 0 71 671 
63201000 0 -526 3210 -20594 999 28 -4 0 1625000 1650000 1644000 1642000 1496000 1499000 1629000 1496000 1998000 997000 0 0 0 0 0 0 40 641 
63401000 0 -2045 1743 -20620 999 15 -17 0 1582000 1629000 1583000 1616000 1496000 1499000 1633000 1495000 1998000 997000 0 0 0 0 0 0 2 603 
63601000 0 -3330 297 -20594 999 2 -29 0 1641000 1681000 1644000 1672000 1496000 1508000 1671000 1495000 1999000 998000 0 0 0 0 0 0 71 671 
63801000 0 -3666 -305 -20667 999 -2 -31 0 1556000 1581000 1568000 1588000 1496000 1496000 1555000 1497000 1998000 997000 0 0 0 0 0 0 0 574 
64001000 0 -2891 -43 -20751 999 0 -25 0 1522000 1536000 1511000 1545000 1496000 1453000 1601000 1495000 1999000 998000 0 0 0 0 0 0 0 529 
64201000 0 -1622 517 -20994 999 4 -14 0 1608000 1618000 1640000 1625000 1605000 1498000 1632000 1495000 1998000 998000 0 0 0 0 0 0 32 632 
64401000 0 -1094 1166 -21162 999 10 -9 0 1621000 1667000 1645000 1605000 1673000 1499000 1641000 1496000 1998000 997000 0 0 0 0 0 0 34 635 
64601000 0 358 1468 -21539 999 12 3 0 1641000 1589000 1729000 1643000 1475000 1499000 1623000 1496000 1999000 998000 0 0 0 0 0 0 51 651 
64801000 0 7130 -1506 -25114 997 -13 62 0 1584000 1492000 1763000 1599000 1554000 1500000 1552000 1496000 1998000 998000 0 0 0 0 0 0 0 552 
65001000 0 10056 -3007 -27116 995 -26 87 2 1555000 1554000 1562000 1475000 1583000 1500000 1537000 1496000 1998000 997000 0 0 0 0 0 0 0 537 
65201000 0 5758 355 -24108 998 3 50 0 1634000 1578000 1409000 1530000 1300000 1500000 1538000 1496000 1998000 998000 0 0 0 0 0 0 0 538 
65401000 0 1776 1952 -21968 999 17 15 0 1606000 1558000 1435000 1554000 1309000 1499000 1574000 1495000 1998000 998000 0 0 0 0 0 0 0 574 
65601000 0 -2824 4560 -19196 998 39 -24 0 1677000 1704000 1420000 1600000 1497000 1501000 1601000 1495000 1999000 998000 0 0 0 0 0 0 1 601 
65801000 0 -8061 8187 -15151 994 71 -70 5 1728000 1650000 1358000 1666000 1198000 1500000 1600000 1495000 1999000 997000 0 0 0 0 0 0 1 601 
66001000 0 -9912 11037 -13401 991 95 -85 8 1583000 1535000 1556000 1723000 1325000 1396000 1598000 1496000 1998000 998000 0 0 0 0 0 0 0 598 
66201000 0 -1999 7988 -19257 997 69 -17 1 1398000 1283000 1800000 1701000 1497000 1432000 1563000 1496000 1999000 998000 0 0 0 0 0 0 0 568 
66401000 0 10061 1288 -28827 996 11 87 0 1479000 1329000 1800000 1595000 1557000 1455000 1555000 1495000 1998000 998000 0 0 0 0 0 0 0 556 
66601000 0 15764 -599 -32589 990 -5 137 0 1585000 1444000 1645000 1548000 1474000 1416000 1561000 1496000 1998000 998000 0 0 0 0 0 0 0 561 
66801000 0 19127 -1301 -36472 986 -11 166 1 1531000 1350000 1780000 1588000 1450000 1451000 1563000 1495000 1998000 997000 0 0 0 0 0 0 0 563 
67001000 0 22867 -4205 -44098 979 -35 198 7 1556000 1350000 1784000 1572000 1451000 1500000 1569000 1495000 1999000 998000 0 0 0 0 0 0 0 566 
67201000 0 26461 -4744 -49351 972 -40 228 9 1601000 1361000 1761000 1551000 1450000 1497000 1567000 1496000 1998000 997000 0 0 0 0 0 0 0 567 
67401000 0 29561 -4633 -55186 966 -39 254 10 1613000 1335000 1780000 1541000 1469000 1424000 1566000 1495000 1999000 998000 0 0 0 0 0 0 0 568 
67601000 0 34175 -2578 -58774 955 -21 293 6 1712000 1388000 1695000 1462000 1472000 1433000 1563000 1496000 1998000 998000 0 0 0 0 0 0 0 565 
67801000 0 35358 32 -56590 952 0 303 0 1675000 1545000 1638000 1396000 1469000 1495000 1566000 1497000 1999000 997000 0 0 0 0 0 0 0 566 
68001000 0 27326 -6042 -53387 970 -51 235 12 1537000 1740000 1563000 1406000 1468000 1436000 1526000 1496000 1999000 998000 0 0 0 0 0 0 0 562 
68201000 0 15988 -11894 -44142 984 -102 138 14 1585000 1800000 1335000 1349000 1468000 1448000 1522000 1496000 1998000 998000 0 0 0 0 0 0 0 521 
68401000 0 5348 -8785 -30955 995 -76 46 3 1706000 1800000 1200000 1356000 1469000 1500000 1521000 1497000 1998000 998000 0 0 0 0 0 0 0 521 
68601000 0 -6183 -2410 -19283 998 -21 -53 -1 1596000 1758000 1229000 1499000 1468000 1540000 1521000 1496000 1998000 998000 0 0 0 0 0 0 0 521 
68801000 0 -14694 -831 -14459 991 -7 -127 0 1502000 1688000 1341000 1540000 1410000 1499000 1521000 1495000 1998000 997000 0 0 0 0 0 0 0 518 
69001000 0 -22491 -2317 -9605 980 -19 -194 -3 1516000 1767000 1248000 1587000 1313000 1497000 1558000 1495000 1998000 998000 0 0 0 0 0 0 0 558 
69201000 0 -29543 -5842 -6805 965 -49 -254 -12 1309000 1694000 1557000 1634000 1497000 1496000 1550000 1495000 1998000 997000 0 0 0 0 0 0 0 549 
69401000 0 -27812 -16457 -11500 960 -138 -237 -34 1250000 1700000 1747000 1522000 1496000 1500000 1549000 1495000 1999000 998000 0 0 0 0 0 0 0 555 
69601000 0 -26288 -32362 -17506 935 -271 -218 -63 1199000 1779000 1680000 1520000 1498000 1520000 1547000 1496000 1998000 998000 0 0 0 0 0 0 0 547 
69801000 0 -29937 -44057 -16206 895 -362 -239 -96 1276000 1799000 1606000 1493000 1496000 1499000 1539000 1495000 1998000 998000 0 0 0 0 0 0 0 544 
70001000 0 -24418 -37199 -20728 926 -311 -200 -67 1527000 1560000 1565000 1501000 1497000 1520000 1543000 1496000 1999000 998000 0 0 0 0 0 0 0 539 
70201000 0 -9983 -22681 -31801 976 -195 -85 -17 1465000 1356000 1800000 1509000 1496000 1525000 1532000 1495000 1999000 998000 0 0 0 0 0 0 0 532 
70401000 0 3127 -18684 -43443 986 -162 26 4 1487000 1404000 1775000 1476000 1492000 1535000 1535000 1496000 1998000 997000 0 0 0 0 0 0 0 536 
70601000 0 8381 -18286 -48481 984 -158 72 11 1508000 1511000 1664000 1455000 1426000 1530000 1541000 1495000 1998000 998000 0 0 0 0 0 0 0 535 
70801000 0 11389 -16834 -47661 984 -145 98 14 1716000 1663000 1468000 1311000 1429000 1516000 1527000 1496000 1998000 998000 0 0 0 0 0 0 0 527 
71001000 0 13345 -4494 -33437 992 -38 116 4 1800000 1789000 1100000 1185000 1470000 1500000 1526000 1495000 1999000 997000 0 0 0 0 0 0 0 529 
71201000 0 12343 18210 -9677 981 157 106 -17 1800000 1751000 1100000 1115000 1474000 1500000 1518000 1496000 1998000 998000 0 0 0 0 0 0 0 519 
71401000 0 15031 39900 10435 931 338 122 -44 1800000 1257000 1391000 1499000 1473000 1499000 1520000 1495000 1998000 998000 0 0 0 0 0 0 0 520 
71601000 0 17860 43721 13187 916 367 144 -57 1607000 1376000 1452000 1640000 1473000 1499000 1520000 1496000 1998000 997000 0 0 0 0 0 0 0 519 
71801000 0 15257 37640 6709 938 319 125 -42 1556000 1266000 1527000 1729000 1475000 1500000 1521000 1495000 1999000 998000 0 0 0 0 0 0 0 520 
72001000 0 16800 31708 -2318 951 270 140 -39 1462000 1230000 1644000 1742000 1476000 1499000 1521000 1496000 1998000 997000 0 0 0 0 0 0 0 521 
72201000 0 18278 22356 -12808 968 191 155 -30 1388000 1241000 1723000 1729000 1475000 1500000 1520000 1495000 1999000 998000 0 0 0 0 0 0 0 521 
72401000 0 20586 11111 -25814 979 95 177 -17 1290000 1152000 1800000 1738000 1475000 1499000 1521000 1496000 1999000 998000 0 0 0 0 0 0 0 520 
72601000 0 20846 -4578 -44131 982 -39 180 7 1147000 1212000 1800000 1751000 1475000 1499000 1520000 1495000 1998000 998000 0 0 0 0 0 0 0 520 
72801000 0 7502 -18522 -47893 984 -160 64 10 1330000 1800000 1421000 1455000 1475000 1500000 1519000 1496000 1999000 997000 0 0 0 0 0 0 0 520 
73001000 0 -8824 -27293 -33424 968 -235 -74 -18 1376000 1800000 1385000 1465000 1475000 1499000 1520000 1495000 1998000 998000 0 0 0 0 0 0 0 519 
73201000 0 -14143 -25634 -26467 967 -220 -120 -27 1560000 1709000 1326000 1478000 1476000 1499000 1520000 1496000 1998000 998000 0 0 0 0 0 0 0 520 
73401000 0 -15988 -13357 -15868 983 -115 -138 -16 1684000 1744000 1182000 1468000 1475000 1500000 1520000 1495000 1999000 998000 0 0 0 0 0 0 0 520 
73601000 0 -10339 1563 -12058 995 13 -90 1 1698000 1365000 1490000 1521000 1475000 1499000 1519000 1496000 1998000 997000 0 0 0 0 0 0 0 519 
73801000 0 7614 18496 -9986 984 160 65 -10 1778000 1144000 1574000 1577000 1475000 1499000 1520000 1495000 1998000 997000 0 0 0 0 0 0 0 520 
74001000 0 23530 32062 -7065 940 270 195 -56 1732000 1137000 1619000 1586000 1475000 1499000 1520000 1495000 1998000 997000 0 0 0 0 0 0 0 519 
74201000 0 28926 33829 -10125 926 281 238 -72 1528000 1181000 1666000 1703000 1475000 1500000 1520000 1495000 1998000 998000 0 0 0 0 0 0 0 520 
74401000 0 31723 24733 -22534 939 206 266 -58 1445000 1148000 1766000 1719000 1479000 1499000 1520000 1495000 1998000 998000 0 0 0 0 0 0 0 520 
74601000 0 29994 13349 -34071 959 112 257 -30 1413000 1344000 1693000 1625000 1474000 1499000 1520000 1495000 1998000 998000 0 0 0 0 0 0 0 519 
74801000 0 19999 850 -38862 984 7 173 -1 1480000 1645000 1509000 1440000 1476000 1499000 1520000 1495000 1998000 998000 0 0 0 0 0 0 0 519 
75001000 0 5960 -6514 -30858 997 -56 51 2 1600000 1800000 1275000 1356000 1474000 1499000 1520000 1495000 1998000 998000 0 0 0 0 0 0 0 520 
75201000 0 -8365 -5036 -14981 996 -43 -72 -3 1753000 1800000 1100000 1389000 1475000 1499000 1520000 1495000 1998000 998000 0 0 0 0 0 0 0 519 
75401000 0 -14610 1739 -5033 991 15 -127 1 1609000 1521000 1408000 1540000 1476000 1499000 1520000 1495000 1998000 998000 0 0 0 0 0 0 0 520 
75601000 0 -5910 12151 -1043 993 105 -51 5 1774000 1379000 1387000 1534000 1476000 1500000 1519000 1495000 1999000 997000 0 0 0 0 0 0 0 519 
75801000 0 7640 28043 3478 968 241 64 -16 1777000 1100000 1571000 1637000 1476000 1499000 1519000 1496000 1998000 998000 0 0 0 0 0 0 0 520 
76001000 0 23298 43316 6969 910 361 187 -74 1750000 1100000 1620000 1717000 1476000 1499000 1520000 1495000 1998000 998000 0 0 0 0 0 0 0 519 
76201000 0 25558 40199 1324 915 335 207 -76 1551000 1192000 1604000 1731000 1476000 1499000 1520000 1496000 1998000 998000 0 0 0 0 0 0 0 520 
76401000 0 29238 33549 -10345 926 279 241 -72 1491000 1117000 1706000 1763000 1479000 1500000 1520000 1495000 1998000 998000 0 0 0 0 0 0 0 520 
76601000 0 30333 27207 -18767 938 227 254 -61 1577000 1248000 1624000 1629000 1480000 1499000 1519000 1495000 1998000 997000 0 0 0 0 0 0 0 520 
76801000 0 30038 21895 -23711 948 183 254 -49 1650000 1344000 1572000 1512000 1481000 1499000 1520000 1495000 1998000 998000 0 0 0 0 0 0 0 520 
77001000 0 27687 19015 -24088 957 160 235 -39 1645000 1403000 1525000 1501000 1481000 1499000 1520000 1495000 1998000 998000 0 0 0 0 0 0 0 519 
77201000 0 23440 15405 -24278 970 131 201 -27 1647000 1517000 1458000 1456000 1483000 1500000 1519000 1495000 1998000 997000 0 0 0 0 0 0 0 520 
77401000 0 14857 11687 -21927 986 100 128 -13 1656000 1604000 1390000 1428000 1482000 1500000 1520000 1495000 1999000 997000 0 0 0 0 0 0 0 520 
77601000 0 10550 11951 -19229 990 103 91 -9 1678000 1440000 1473000 1487000 1483000 1499000 1520000 1496000 1998000 998000 0 0 0 0 0 0 0 520 
77801000 0 15979 18175 -15691 977 156 137 -21 1593000 1452000 1510000 1520000 1480000 1499000 1520000 1495000 1998000 998000 0 0 0 0 0 0 0 519 
78001000 0 15475 17144 -16818 979 147 133 -20 1557000 1374000 1587000 1555000 1497000 1497000 1517000 1495000 1998000 998000 0 0 0 0 0 0 0 517 
78201000 0 15085 15363 -17743 982 132 130 -17 1608000 1410000 1468000 1473000 1496000 1497000 1480000 1495000 1999000 998000 0 0 0 0 0 0 0 490 
78401000 0 14083 13934 -17842 985 120 121 -14 1557000 1401000 1469000 1458000 1499000 1491000 1471000 1495000 1999000 997000 0 0 0 0 0 0 0 472 
78601000 0 12245 11844 -18212 988 102 106 -11 1504000 1431000 1463000 1484000 1506000 1482000 1461000 1495000 1998000 998000 0 0 0 0 0 0 0 461 
78801000 0 10162 10124 -19097 992 87 88 -7 1485000 1378000 1457000 1474000 1508000 1488000 1448000 1496000 1998000 997000 0 0 0 0 0 0 0 449 
79001000 0 7770 7922 -19869 995 68 67 -4 1450000 1401000 1464000 1479000 1496000 1500000 1474000 1496000 1998000 998000 0 0 0 0 0 0 0 449 
79201000 0 6841 6740 -20568 996 58 59 -3 1568000 1417000 1460000 1498000 1359000 1501000 1511000 1494000 1999000 998000 0 0 0 0 0 0 0 510 
79401000 0 7724 7615 -19786 995 66 67 -4 1554000 1510000 1512000 1469000 1756000 1499000 1510000 1495000 1998000 997000 0 0 0 0 0 0 0 512 
79601000 0 6304 6520 -18766 996 56 54 -3 1557000 1487000 1476000 1514000 1353000 1498000 1508000 1495000 1999000 998000 0 0 0 0 0 0 0 509 
79801000 0 4530 4995 -19695 998 43 39 -1 1522000 1441000 1498000 1561000 1443000 1362000 1487000 1495000 1999000 997000 0 0 0 0 0 0 0 487 
80001000 0 6806 7050 -20088 996 61 59 -3 1597000 1368000 1410000 1539000 1128000 1350000 1479000 1496000 1998000 998000 0 0 0 0 0 0 0 479 
80201000 0 6742 7316 -20053 996 63 58 -3 1523000 1430000 1385000 1563000 1119000 1373000 1477000 1495000 1998000 997000 0 0 0 0 0 0 0 476 
80401000 0 5647 6090 -19884 997 53 49 -2 1512000 1457000 1443000 1490000 1497000 1412000 1474000 1495000 1999000 997000 0 0 0 0 0 0 0 474 
80601000 0 2804 3751 -18095 999 32 24 0 1463000 1526000 1363000 1426000 1496000 1448000 1436000 1495000 1999000 997000 0 0 0 0 0 0 0 445 
80801000 0 1952 4347 -18813 999 37 17 0 1403000 1260000 1421000 1466000 1496000 1500000 1326000 1496000 1998000 997000 0 0 0 0 0 0 -11 388 
81001000 0 3336 5457 -20319 998 47 29 -1 1276000 1268000 1314000 1336000 1497000 1499000 1111000 1496000 1998000 998000 0 0 0 0 0 0 -289 111 
81201000 0 3705 5228 -20573 998 45 32 -1 1100000 1100000 1100000 1100000 1496000 1500000 998000 1496000 1998000 997000 0 0 0 0 0 0 -400 0 
81401000 0 3824 4363 -20819 998 38 33 -1 1100000 1100000 1100000 1100000 1496000 1500000 997000 1495000 1998000 998000 0 0 0 0 0 0 -400 0 
81601000 0 3419 3613 -20328 999 31 29 0 1159000 1100000 1100000 1100000 1496000 1499000 998000 1497000 1998000 997000 0 0 0 0 0 0 -400 0 
81801000 0 394 1340 -19556 999 11 3 0 1100000 1100000 1239000 1273000 1496000 1500000 997000 1870000 1999000 997000 0 0 0 0 0 0 -400 0 
82001000 0 -888 425 -26391 999 3 -7 0 1100000 1100000 1316000 1335000 1497000 1500000 997000 1997000 1998000 998000 0 0 0 0 0 0 -400 0 
82201000 0 -303 -79 -27001 999 0 -2 0 1167000 1163000 1100000 1100000 1496000 1499000 998000 1166000 1998000 999000 0 0 0 0 0 0 -400 0 
Hello Junta. Starting Potato Controller now
imu.begin()-IMU comm & initialize completed 
imu.dmpBegin() suceeded
IMU SETUP COMPLETED
Hello Junta. Starting Potato Controller now
imu.begin()-IMU comm & initialize completed 
imu.dmpBegin() suceeded
IMU SETUP COMPLETED
201000 0 1735 -2854 -8722 999 -24 15 0 1128000 1136000 1158000 1116000 1497000 1499000 1136000 1496000 1999000 997000 0 0 0 0 0 0 -265 135 
401000 0 1757 -2840 -8942 999 -24 15 0 1132000 1140000 1158000 1116000 1497000 1498000 1028000 1497000 1998000 997000 0 0 0 0 0 0 -263 137 
601000 0 1761 -2870 -9202 999 -25 15 0 1100000 1100000 1100000 1100000 1497000 1499000 997000 1497000 1998000 998000 0 0 0 0 0 0 -400 0 
801000 0 1441 -2868 -9415 999 -25 12 0 1100000 1100000 1100000 1100000 1496000 1498000 1051000 1496000 1998000 997000 0 0 0 0 0 0 -377 23 
1001000 0 1533 -2873 -9650 999 -25 13 0 1100000 1100000 1100000 1100000 1497000 1499000 1102000 1496000 1999000 998000 0 0 0 0 0 0 -319 81 
1201000 0 1367 -2751 -9878 999 -24 11 0 1101000 1111000 1128000 1100000 1497000 1498000 1117000 1496000 1998000 997000 0 0 0 0 0 0 -283 117 
1401000 0 1389 -2841 -10111 999 -24 12 0 1133000 1141000 1156000 1120000 1497000 1498000 1165000 1495000 1998000 998000 0 0 0 0 0 0 -262 138 
1601000 0 1605 -2906 -10320 999 -25 14 0 1189000 1198000 1208000 1167000 1497000 1498000 1202000 1496000 1999000 997000 0 0 0 0 0 0 -209 191 
1801000 0 1848 -2966 -10580 999 -25 16 0 1200000 1207000 1222000 1181000 1497000 1499000 1207000 1495000 1998000 998000 0 0 0 0 0 0 -193 207 
2001000 0 1738 -2849 -10814 999 -24 15 0 1205000 1215000 1229000 1181000 1496000 1499000 1208000 1496000 1998000 997000 0 0 0 0 0 0 -192 208 
2201000 0 1875 -2656 -11010 999 -23 16 0 1201000 1229000 1238000 1159000 1610000 1499000 1208000 1496000 1998000 997000 0 0 0 0 0 0 -193 207 
2401000 0 1799 -2579 -11265 999 -22 15 0 1143000 1258000 1285000 1140000 1917000 1499000 1207000 1501000 1994000 997000 0 0 0 0 0 0 -193 207 
2601000 0 1761 -2760 -11504 999 -24 15 0 1158000 1251000 1273000 1144000 1782000 1499000 1207000 1497000 1998000 997000 0 0 0 0 0 0 -193 207 
2801000 0 1728 -2704 -11728 999 -23 15 0 1199000 1206000 1229000 1188000 1497000 1498000 1207000 1497000 1999000 997000 0 0 0 0 0 0 -194 206 
3001000 0 1764 -2891 -11942 999 -25 15 0 1256000 1156000 1178000 1235000 1059000 1499000 1206000 1497000 1999000 998000 0 0 0 0 0 0 -194 206 
3201000 0 1865 -2767 -12174 999 -24 16 0 1254000 1127000 1171000 1271000 1060000 1499000 1206000 1497000 1999000 998000 0 0 0 0 0 0 -194 206 
3401000 0 1773 -2745 -12385 999 -23 15 0 1202000 1207000 1228000 1189000 1496000 1499000 1206000 1497000 1998000 997000 0 0 0 0 0 0 -193 207 
3601000 0 1647 -2827 -12651 999 -24 14 0 1159000 1233000 1189000 1240000 1498000 1215000 1206000 1496000 1998000 998000 0 0 0 0 0 0 -194 206 
3801000 0 1682 -2812 -12792 999 -24 14 0 1142000 1272000 1179000 1229000 1497000 1059000 1206000 1497000 1999000 998000 0 0 0 0 0 0 -194 206 
4001000 0 1798 -2721 -13104 999 -23 15 0 1191000 1245000 1182000 1204000 1497000 1398000 1207000 1496000 1998000 997000 0 0 0 0 0 0 -194 206 
4201000 0 1691 -2560 -13385 999 -22 14 0 1247000 1136000 1296000 1143000 1495000 1969000 1206000 1497000 1998000 997000 0 0 0 0 0 0 -194 206 
4401000 0 1666 -2492 -13559 999 -21 14 0 1226000 1165000 1267000 1164000 1498000 1633000 1206000 1496000 1998000 997000 0 0 0 0 0 0 -194 206 
4601000 0 1585 -2652 -13778 999 -23 13 0 1146000 1243000 1185000 1249000 1497000 1167000 1206000 1497000 1999000 998000 0 0 0 0 0 0 -194 206 
4801000 0 1765 -2674 -13985 999 -23 15 0 1147000 1256000 1178000 1241000 1497000 1169000 1206000 1496000 1998000 998000 0 0 0 0 0 0 -194 206 
5001000 0 1725 -2731 -14230 999 -23 15 0 1213000 1175000 1263000 1171000 1497000 1711000 1206000 1495000 1998000 998000 0 0 0 0 0 0 -194 206 
5201000 0 1749 -2677 -14466 999 -23 15 0 1205000 1190000 1242000 1197000 1497000 1517000 1248000 1496000 1998000 997000 0 0 0 0 0 0 -191 209 
5401000 0 1655 -2712 -14693 999 -23 14 0 1248000 1258000 1292000 1240000 1498000 1495000 1341000 1496000 1998000 997000 0 0 0 0 0 0 -59 341 
5601000 0 1708 -2765 -14922 999 -24 14 0 1393000 1400000 1420000 1381000 1496000 1499000 1427000 1496000 1998000 997000 0 0 0 0 0 0 -1 399 
5801000 0 1727 -2821 -15153 999 -24 15 0 1441000 1450000 1474000 1433000 1497000 1498000 1502000 1496000 1999000 997000 0 0 0 0 0 0 0 450 
6001000 0 1753 -2753 -15381 999 -24 15 0 1504000 1513000 1540000 1497000 1498000 1498000 1570000 1496000 1998000 998000 0 0 0 0 0 0 0 570 
6201000 0 1667 -2865 -15612 999 -25 14 0 1616000 1622000 1643000 1605000 1497000 1498000 1624000 1496000 1999000 997000 0 0 0 0 0 0 21 622 
6401000 0 1835 -2862 -15842 999 -24 16 0 1548000 1688000 1714000 1540000 1987000 1498000 1623000 1497000 1997000 997000 0 0 0 0 0 0 23 623 
6601000 0 1583 -2789 -16070 999 -24 13 0 1600000 1635000 1655000 1592000 1447000 1495000 1610000 1497000 1998000 997000 0 0 0 0 0 0 10 610 
6801000 0 2194 -2775 -16296 999 -24 19 0 1672000 1537000 1566000 1662000 1002000 1498000 1609000 1497000 1999000 997000 0 0 0 0 0 0 10 610 
7001000 0 2068 -2782 -16522 999 -24 18 0 1671000 1538000 1562000 1659000 1004000 1497000 1607000 1497000 1999000 998000 0 0 0 0 0 0 7 608 
7201000 0 1924 -2684 -16741 999 -23 16 0 1581000 1628000 1651000 1570000 1717000 1496000 1606000 1497000 1998000 997000 0 0 0 0 0 0 6 606 
7401000 0 2131 -2922 -16973 999 -25 18 0 1532000 1670000 1696000 1520000 1986000 1499000 1605000 1497000 1998000 997000 0 0 0 0 0 0 5 605 
7601000 0 2077 -2921 -17203 999 -25 18 0 1562000 1634000 1664000 1554000 1645000 1499000 1603000 1499000 1997000 997000 0 0 0 0 0 0 3 604 
7801000 0 1795 -3022 -17432 999 -26 15 0 1596000 1604000 1629000 1585000 1497000 1498000 1604000 1497000 1999000 997000 0 0 0 0 0 0 3 604 
8001000 0 2051 -2941 -17662 999 -25 17 0 1617000 1582000 1649000 1566000 1497000 1724000 1603000 1498000 1998000 998000 0 0 0 0 0 0 3 604 
8201000 0 2523 -3073 -17894 999 -26 22 0 1666000 1533000 1699000 1516000 1497000 1997000 1603000 1497000 1997000 997000 0 0 0 0 0 0 3 604 
8401000 0 2400 -3124 -18119 999 -27 20 0 1665000 1532000 1698000 1515000 1497000 1972000 1603000 1498000 1997000 997000 0 0 0 0 0 0 2 603 
8601000 0 2171 -3094 -18277 999 -26 18 0 1609000 1615000 1620000 1574000 1498000 1499000 1605000 1497000 1998000 997000 0 0 0 0 0 0 5 605 
8801000 0 2617 -2900 -17309 999 -25 22 0 1646000 1650000 1578000 1540000 1496000 1405000 1604000 1496000 1999000 997000 0 0 0 0 0 0 3 604 
9001000 0 2557 -3038 -16481 999 -26 22 0 1524000 1671000 1568000 1651000 1497000 1002000 1604000 1495000 1998000 998000 0 0 0 0 0 0 3 604 
9201000 0 2260 -3312 -19797 999 -28 19 0 1512000 1654000 1582000 1667000 1497000 1002000 1604000 1496000 1998000 997000 0 0 0 0 0 0 3 604 
9401000 0 2592 -2670 -16928 999 -23 22 0 1649000 1731000 1524000 1511000 1497000 1320000 1604000 1496000 1998000 998000 0 0 0 0 0 0 3 604 
9601000 0 1969 -3563 -18667 999 -31 17 0 1460000 1472000 1764000 1722000 1496000 1498000 1604000 1496000 1998000 997000 0 0 0 0 0 0 3 604 
9801000 0 2397 -2979 -20798 999 -25 20 0 1741000 1591000 1622000 1460000 1496000 1998000 1604000 1497000 1998000 997000 0 0 0 0 0 0 3 604 
10001000 0 2306 -3148 -17855 999 -27 20 0 1612000 1499000 1754000 1554000 1495000 1998000 1606000 1496000 1998000 997000 0 0 0 0 0 0 5 605 
10201000 0 2215 -3533 -22881 999 -30 19 0 1637000 1622000 1602000 1557000 1456000 1549000 1605000 1496000 1998000 997000 0 0 0 0 0 0 5 605 
10401000 0 1941 -3059 -17510 999 -26 16 0 1738000 1762000 1473000 1446000 1456000 1499000 1605000 1302000 1998000 997000 0 0 0 0 0 0 5 605 
10601000 0 1839 -3595 -20740 999 -31 16 0 1800000 1800000 1427000 1378000 1452000 1498000 1606000 1007000 1998000 997000 0 0 0 0 0 0 3 604 
10801000 0 1872 -3232 -20985 999 -28 16 0 1800000 1800000 1378000 1358000 1455000 1499000 1624000 1007000 1998000 998000 0 0 0 0 0 0 24 624 
11001000 0 1943 -3274 -21140 999 -28 16 0 1622000 1629000 1644000 1599000 1498000 1498000 1624000 1496000 1999000 997000 0 0 0 0 0 0 24 624 
11201000 0 2225 -2836 -20875 999 -24 19 0 1565000 1671000 1702000 1552000 1961000 1498000 1623000 1501000 1998000 998000 0 0 0 0 0 0 23 623 
11401000 0 2034 -2602 -20959 999 -22 17 0 1532000 1653000 1732000 1573000 1861000 1498000 1623000 1542000 1998000 997000 0 0 0 0 0 0 23 623 
11601000 0 2373 -1860 -21479 999 -16 20 0 1599000 1601000 1626000 1665000 1266000 1352000 1622000 1496000 1999000 998000 0 0 0 0 0 0 23 623 
11801000 0 2501 -1809 -21810 999 -15 21 0 1660000 1576000 1546000 1709000 997000 1304000 1623000 1496000 1999000 998000 0 0 0 0 0 0 23 623 
12001000 0 1904 -1362 -21997 999 -11 16 0 1672000 1562000 1548000 1708000 1012000 1439000 1624000 1495000 1999000 997000 0 0 0 0 0 0 24 624 
12201000 0 1017 -616 -22339 999 -5 8 0 1622000 1625000 1615000 1624000 1472000 1430000 1624000 1497000 1998000 997000 0 0 0 0 0 0 21 622 
12401000 0 2068 -1610 -22292 999 -14 18 0 1584000 1654000 1683000 1569000 1771000 1432000 1623000 1504000 1996000 997000 0 0 0 0 0 0 23 623 
12601000 0 286 -801 -22597 999 -6 2 0 1531000 1694000 1663000 1602000 1987000 1453000 1624000 1497000 1998000 997000 0 0 0 0 0 0 24 624 
12801000 0 -1436 717 -22800 999 6 -12 0 1616000 1638000 1609000 1628000 1497000 1450000 1623000 1497000 1999000 997000 0 0 0 0 0 0 23 623 
13001000 0 -1964 1358 -22826 999 11 -17 0 1567000 1675000 1556000 1692000 1498000 1085000 1623000 1496000 1998000 997000 0 0 0 0 0 0 23 623 
13201000 0 -3107 2549 -22904 999 22 -27 0 1554000 1699000 1522000 1710000 1497000 1003000 1622000 1496000 1998000 997000 0 0 0 0 0 0 21 622 
13401000 0 -3766 3954 -22698 998 34 -32 1 1565000 1701000 1502000 1722000 1498000 1049000 1622000 1496000 1998000 998000 0 0 0 0 0 0 23 623 
13601000 0 -5037 5424 -22598 997 47 -43 2 1624000 1627000 1552000 1684000 1496000 1498000 1622000 1497000 1999000 997000 0 0 0 0 0 0 21 622 
13801000 0 -7959 8185 -23018 995 71 -69 4 1685000 1536000 1606000 1659000 1404000 1997000 1622000 1496000 1997000 998000 0 0 0 0 0 0 21 622 
14001000 0 -9942 10003 -23464 992 86 -86 7 1679000 1560000 1568000 1683000 1433000 1997000 1623000 1496000 1998000 997000 0 0 0 0 0 0 23 623 
14201000 0 -11468 11635 -23880 989 100 -99 10 1724000 1567000 1603000 1596000 1400000 1952000 1622000 1497000 1997000 998000 0 0 0 0 0 0 23 623 
14401000 0 -7859 8346 -21348 995 72 -68 4 1655000 1632000 1590000 1609000 1385000 1362000 1622000 1497000 1998000 997000 0 0 0 0 0 0 21 622 
14601000 0 -1995 2449 -20610 999 21 -17 0 1592000 1673000 1616000 1605000 1459000 1004000 1620000 1496000 1998000 998000 0 0 0 0 0 0 21 622 
14801000 0 1609 -2078 -20931 999 -18 14 0 1584000 1659000 1554000 1685000 1450000 1201000 1620000 1497000 1998000 997000 0 0 0 0 0 0 20 621 
15001000 0 1832 -2471 -21133 999 -21 15 0 1605000 1600000 1661000 1612000 1452000 1499000 1621000 1496000 1999000 998000 0 0 0 0 0 0 20 621 
15201000 0 1738 -2542 -21339 999 -22 15 0 1619000 1618000 1632000 1613000 1497000 1498000 1621000 1496000 1998000 997000 0 0 0 0 0 0 20 621 
15401000 0 1931 -2600 -21579 999 -22 16 0 1614000 1619000 1649000 1600000 1497000 1499000 1621000 1495000 1999000 998000 0 0 0 0 0 0 20 621 
15601000 0 1826 -2689 -21792 999 -23 15 0 1616000 1622000 1638000 1606000 1496000 1498000 1621000 1496000 1998000 997000 0 0 0 0 0 0 20 621 
15801000 0 1716 -2719 -22030 999 -23 14 0 1615000 1622000 1642000 1603000 1497000 1499000 1621000 1495000 1998000 998000 0 0 0 0 0 0 20 621 
16001000 0 1183 -1849 -21994 999 -16 10 0 1640000 1629000 1622000 1595000 1497000 1498000 1621000 1496000 1998000 997000 0 0 0 0 0 0 21 622 
16201000 0 289 -871 -21826 999 -7 2 0 1615000 1623000 1616000 1628000 1497000 1499000 1621000 1495000 1998000 998000 0 0 0 0 0 0 20 621 
16401000 0 40 -466 -22076 999 -4 0 0 1608000 1617000 1626000 1631000 1496000 1499000 1621000 1496000 1998000 997000 0 0 0 0 0 0 20 621 
16601000 0 -246 244 -21678 999 2 -2 0 1651000 1638000 1587000 1606000 1497000 1499000 1621000 1495000 1998000 997000 0 0 0 0 0 0 20 621 
16801000 0 -3341 3166 -21857 999 27 -29 0 1595000 1613000 1548000 1726000 1496000 1499000 1621000 1496000 1999000 997000 0 0 0 0 0 0 20 621 
17001000 0 -7067 6406 -23301 996 55 -61 3 1604000 1627000 1559000 1696000 1497000 1499000 1622000 1495000 1998000 997000 0 0 0 0 0 0 21 622 
17201000 0 -10691 10098 -24023 991 87 -92 8 1605000 1623000 1513000 1740000 1497000 1499000 1621000 1496000 1999000 997000 0 0 0 0 0 0 20 621 
17401000 0 -15031 15301 -26174 982 131 -129 17 1566000 1588000 1517000 1800000 1498000 1498000 1622000 1496000 1998000 997000 0 0 0 0 0 0 21 622 
17601000 0 -17293 17825 -27959 976 153 -148 23 1618000 1622000 1473000 1769000 1496000 1499000 1621000 1496000 1998000 997000 0 0 0 0 0 0 20 621 
17801000 0 -19862 20937 -29199 968 178 -169 31 1596000 1602000 1480000 1800000 1497000 1499000 1622000 1496000 1998000 997000 0 0 0 0 0 0 20 621 
18001000 0 -20343 22187 -29973 965 189 -173 33 1631000 1621000 1475000 1756000 1496000 1499000 1621000 1496000 1998000 997000 0 0 0 0 0 0 20 621 
18201000 0 -20619 22593 -30328 964 192 -175 35 1625000 1612000 1478000 1767000 1496000 1498000 1621000 1496000 1998000 997000 0 0 0 0 0 0 20 621 
18401000 0 -16896 18165 -29292 976 156 -145 23 1635000 1622000 1641000 1583000 1497000 1498000 1621000 1496000 1998000 998000 0 0 0 0 0 0 20 621 
18601000 0 -4564 3765 -24609 998 32 -39 1 1722000 1659000 1739000 1365000 1497000 1498000 1621000 1496000 1999000 997000 0 0 0 0 0 0 20 621 
18801000 0 1542 -2218 -22118 999 -19 13 0 1635000 1612000 1635000 1599000 1497000 1499000 1621000 1496000 1998000 998000 0 0 0 0 0 0 20 621 
19001000 0 1950 -2776 -22799 999 -24 17 0 1623000 1616000 1595000 1652000 1496000 1499000 1621000 1496000 1999000 997000 0 0 0 0 0 0 21 622 
19201000 0 1840 -2632 -23064 999 -22 16 0 1605000 1613000 1684000 1580000 1497000 1499000 1621000 1495000 1998000 998000 0 0 0 0 0 0 20 621 
19401000 0 1504 -2771 -23336 999 -24 13 0 1685000 1683000 1557000 1549000 1496000 1499000 1502000 1383000 1998000 997000 0 0 0 0 0 0 19 619 
19601000 0 1880 -2687 -23566 999 -23 16 0 1100000 1100000 1100000 1100000 1497000 1499000 998000 1520000 1998000 998000 0 0 0 0 0 0 -400 0 
19801000 0 2096 -3173 -23833 999 -27 18 0 1100000 1100000 1100000 1100000 1497000 1499000 997000 1496000 1999000 998000 0 0 0 0 0 0 -400 0 
20001000 0 1984 -2707 -24045 999 -23 17 0 1100000 1100000 1100000 1100000 1497000 1498000 997000 1604000 1998000 998000 0 0 0 0 0 0 -400 0 
20201000 0 1777 -2628 -24273 999 -22 15 0 1192000 1197000 1100000 1100000 1497000 1498000 997000 1095000 1998000 998000 0 0 0 0 0 0 -400 0 
