0.758567 -1.067626 -14.084953 0.999935 -0.009316 0.006619 0.000062 0.000000 0.000000 0.000000 -0.400000 0.000000 
0.767734 -1.071018 -14.081104 0.999934 -0.009346 0.006699 0.000063 -0.013000 1.029000 0.014000 -0.400000 0.000000 
0.761940 -1.067673 -14.077971 0.999934 -0.009317 0.006649 0.000062 -0.013000 1.029000 0.016000 -0.344000 0.056000 
0.750047 -1.069251 -14.078149 0.999935 -0.009331 0.006545 0.000061 -0.015000 1.028000 0.012000 -0.343000 0.057000 
0.751846 -1.061056 -14.076587 0.999936 -0.009259 0.006561 0.000061 -0.015000 1.030000 0.015000 -0.371000 0.029000 
0.758554 -1.057007 -14.077170 0.999936 -0.009224 0.006619 0.000061 -0.012000 1.030000 0.015000 -0.341000 0.059000 
0.761270 -1.055616 -14.077109 0.999936 -0.009212 0.006643 0.000061 -0.015000 1.033000 0.013000 -0.320000 0.080000 
0.770570 -1.059928 -14.077699 0.999935 -0.009249 0.006724 0.000062 -0.014000 1.033000 0.015000 -0.297000 0.103000 
0.863872 -1.057380 -14.034286 0.999929 -0.009227 0.007538 0.000070 -0.008000 1.033000 0.014000 -0.265000 0.135000 
0.546839 -1.167076 -14.082224 0.999937 -0.010184 0.004772 0.000049 0.046000 1.174000 0.041000 -0.266000 0.134000 
0.552031 -1.200678 -14.093634 0.999933 -0.010478 0.004817 0.000050 0.021000 1.207000 0.022000 -0.264000 0.136000 
0.437011 -1.125348 -14.062182 0.999945 -0.009820 0.003813 0.000037 0.120000 1.264000 0.013000 -0.216000 0.184000 
0.378228 -1.267740 -14.075144 0.999933 -0.011063 0.003300 0.000037 -0.102000 1.098000 0.011000 -0.197000 0.203000 
0.346954 -1.214782 -14.062909 0.999939 -0.010601 0.003028 0.000032 -0.030000 1.285000 0.051000 -0.184000 0.216000 
0.610923 -1.320356 -14.071686 0.999919 -0.011522 0.005331 0.000061 0.043000 1.280000 0.044000 -0.152000 0.248000 
0.930419 -1.436447 -14.065733 0.999888 -0.012535 0.008119 0.000102 -0.198000 1.693000 -0.125000 -0.144000 0.256000 
0.801462 -1.297035 -14.066634 0.999911 -0.011318 0.006994 0.000079 -0.017000 2.097000 0.034000 -0.138000 0.262000 
0.706219 -1.146102 -14.040569 0.999931 -0.010001 0.006163 0.000062 -0.076000 1.133000 -0.075000 -0.110000 0.290000 
0.527219 -1.261050 -14.043345 0.999929 -0.011004 0.004601 0.000051 -0.107000 1.212000 0.079000 -0.097000 0.303000 
1.048126 -0.979147 -14.050203 0.999922 -0.008544 0.009146 0.000078 -0.182000 1.213000 0.029000 -0.079000 0.321000 
1.119280 -1.151906 -14.065015 0.999902 -0.010052 0.009767 0.000098 0.111000 1.712000 0.125000 -0.059000 0.341000 
0.900568 -1.217606 -14.031306 0.999913 -0.010625 0.007858 0.000084 0.070000 1.531000 -0.019000 -0.048000 0.352000 
1.254553 -1.699490 -14.076161 0.999830 -0.014829 0.010947 0.000162 0.060000 1.449000 0.072000 -0.034000 0.366000 
1.232235 -1.873958 -14.071137 0.999808 -0.016352 0.010752 0.000176 0.066000 1.308000 0.048000 -0.014000 0.386000 
1.039769 -2.076330 -14.048363 0.999795 -0.018118 0.009072 0.000164 -0.082000 1.297000 -0.033000 -0.005000 0.395000 
1.087175 -1.925823 -14.061451 0.999814 -0.016804 0.009486 0.000159 -0.070000 1.127000 -0.150000 0.000000 0.404000 
0.723221 -2.208154 -14.057760 0.999794 -0.019268 0.006310 0.000122 -0.334000 1.103000 0.013000 0.000000 0.419000 
0.027392 -2.154113 -14.066599 0.999823 -0.018797 0.000239 0.000004 -0.419000 1.332000 0.136000 0.000000 0.434000 
0.010932 -1.888719 -14.026624 0.999864 -0.016481 0.000095 0.000002 -0.420000 1.596000 0.290000 0.000000 0.444000 
-0.381832 -2.950296 -14.064078 0.999663 -0.025743 -0.003331 -0.000086 -0.004000 1.506000 -0.051000 0.000000 0.474000 
0.481696 -2.507485 -14.050153 0.999752 -0.021880 0.004203 0.000092 0.244000 1.414000 -0.066000 0.000000 0.487000 
1.072754 -2.458620 -13.995643 0.999726 -0.021453 0.009359 0.000201 0.081000 1.424000 0.102000 0.000000 0.499000 
1.141515 -3.141542 -14.041502 0.999575 -0.027410 0.009958 0.000273 0.749000 1.323000 0.037000 0.000000 0.520000 
1.315434 -2.740266 -14.060424 0.999648 -0.023909 0.011476 0.000274 0.838000 1.131000 -0.028000 0.000000 0.521000 
0.987463 -2.691204 -14.144781 0.999687 -0.023482 0.008615 0.000202 0.805000 1.313000 0.070000 0.000000 0.527000 
0.077065 -2.240662 -14.242691 0.999809 -0.019552 0.000672 0.000013 0.939000 1.349000 0.054000 0.000000 0.539000 
-1.122666 -0.761395 -14.408427 0.999930 -0.006644 -0.009797 -0.000065 0.864000 1.227000 -0.027000 0.000000 0.548000 
-2.893478 -0.589903 -14.413274 0.999668 -0.005146 -0.025247 -0.000130 1.159000 1.611000 0.129000 0.000000 0.548000 
-1.370363 -1.977479 -14.666006 0.999780 -0.017255 -0.011957 -0.000206 0.799000 1.709000 -0.008000 0.000000 0.544000 
-0.716329 -2.880108 -15.532586 0.999665 -0.025131 -0.006249 -0.000157 1.333000 1.555000 0.107000 0.000000 0.544000 
-3.606321 -5.916141 -15.612423 0.998173 -0.051580 -0.031424 -0.001624 0.643000 2.040000 0.125000 0.000000 0.544000 
-5.159394 -5.276473 -15.833035 0.997928 -0.045983 -0.044961 -0.002072 0.702000 2.173000 0.030000 0.000000 0.544000 
-2.498902 -9.299253 -15.702383 0.996472 -0.081043 -0.021734 -0.001768 1.480000 1.901000 0.261000 0.000000 0.543000 
0.078282 -7.702513 -15.225320 0.997742 -0.067166 0.000682 0.000046 1.204000 2.432000 0.025000 0.000000 0.545000 
-0.667465 -9.132689 -18.378448 0.996809 -0.079612 -0.005806 -0.000464 1.121000 2.250000 0.107000 0.000000 0.543000 
3.879124 -4.109663 -19.915430 0.998784 -0.035835 0.033824 0.001214 1.156000 2.286000 0.078000 0.000000 0.543000 
3.866534 -5.140109 -21.947784 0.998425 -0.044815 0.033702 0.001513 1.494000 2.017000 -0.184000 0.000000 0.542000 
2.781372 -3.350566 -24.293076 0.999278 -0.029226 0.024259 0.000710 1.798000 1.842000 -0.057000 0.000000 0.544000 
-1.843541 -4.306254 -26.970297 0.999165 -0.037565 -0.016076 -0.000604 1.858000 1.865000 -0.027000 0.000000 0.544000 
-0.010624 0.815557 -29.111855 0.999975 0.007117 -0.000093 0.000001 1.967000 2.485000 0.041000 0.000000 0.547000 
-1.852391 0.957168 -29.625946 0.999834 0.008352 -0.016164 0.000135 2.386000 2.259000 -0.045000 0.000000 0.548000 
-6.204469 -3.892253 -30.430071 0.997959 -0.033910 -0.054087 -0.001838 2.468000 2.022000 -0.080000 0.000000 0.550000 
-3.920649 -1.178209 -30.869190 0.999362 -0.010276 -0.034206 -0.000352 2.388000 1.932000 0.081000 0.000000 0.557000 
-0.677326 -1.107577 -30.509800 0.999936 -0.009665 -0.005910 -0.000057 2.202000 2.240000 0.051000 0.000000 0.553000 
-0.903990 -3.165233 -29.902933 0.999587 -0.027617 -0.007886 -0.000218 2.237000 2.259000 0.054000 0.000000 0.553000 
0.290977 -2.041167 -29.794357 0.999838 -0.017812 0.002539 0.000045 2.056000 2.773000 0.396000 0.000000 0.553000 
0.929399 -1.401195 -29.142170 0.999892 -0.012227 0.008110 0.000099 1.901000 2.984000 0.071000 0.000000 0.555000 
0.202173 -1.753039 -28.031076 0.999881 -0.015298 0.001764 0.000027 1.639000 2.502000 -0.032000 0.000000 0.555000 
2.018308 -0.528911 -25.961617 0.999834 -0.004615 0.017612 0.000081 1.599000 2.407000 -0.023000 0.000000 0.557000 
2.607098 -1.473560 -24.119085 0.999659 -0.012856 0.022747 0.000293 1.767000 2.135000 -0.151000 0.000000 0.572000 
0.209376 -2.912739 -22.594345 0.999675 -0.025416 0.001827 0.000046 2.117000 1.951000 -0.068000 0.000000 0.575000 
-1.638980 -2.995862 -21.471292 0.999556 -0.026138 -0.014297 -0.000374 2.205000 1.756000 0.008000 0.000000 0.579000 
-3.563070 -3.441409 -20.645035 0.999066 -0.030013 -0.031075 -0.000934 2.024000 1.715000 0.146000 0.000000 0.581000 
-0.838487 -4.898196 -20.186604 0.999060 -0.042731 -0.007310 -0.000313 1.710000 1.779000 -0.019000 0.000000 0.578000 
1.985506 -3.773015 -19.939116 0.999308 -0.032915 0.017317 0.000570 2.053000 1.534000 -0.056000 0.000000 0.578000 
4.052711 -2.000193 -19.658642 0.999222 -0.017443 0.035354 0.000617 1.969000 1.988000 0.085000 0.000000 0.579000 
5.786380 -0.390582 -19.190924 0.998720 -0.003404 0.050474 0.000172 1.969000 2.028000 0.103000 0.000000 0.580000 
6.969842 0.821076 -18.622070 0.998125 0.007152 0.060784 -0.000436 2.074000 2.177000 0.076000 0.000000 0.580000 
5.400996 1.220102 -18.257156 0.998833 0.010635 0.047112 -0.000502 2.596000 1.699000 0.025000 0.000000 0.586000 
0.954862 -0.354779 -18.029392 0.999960 -0.003096 0.008333 0.000026 3.012000 1.617000 0.090000 0.000000 0.589000 
-1.760368 -2.031008 -17.694382 0.999725 -0.017721 -0.015359 -0.000272 3.246000 1.413000 -0.009000 0.000000 0.589000 
-3.426394 -2.624097 -17.340942 0.999291 -0.022887 -0.029889 -0.000685 3.347000 1.472000 0.051000 0.000000 0.590000 
-3.965440 -4.513241 -16.653934 0.998626 -0.039352 -0.034571 -0.001362 3.450000 1.461000 0.156000 0.000000 0.589000 
-3.596600 -4.395546 -15.859972 0.998772 -0.038330 -0.031358 -0.001203 3.499000 1.497000 0.105000 0.000000 0.587000 
-1.214697 -3.883008 -15.149908 0.999370 -0.033877 -0.010594 -0.000359 2.858000 1.819000 0.080000 0.000000 0.586000 
0.415154 -2.906708 -14.531919 0.999672 -0.025363 0.003622 0.000092 2.980000 1.653000 -0.073000 0.000000 0.586000 
2.538967 -2.216996 -14.246214 0.999567 -0.019341 0.022151 0.000429 3.032000 1.544000 -0.089000 0.000000 0.589000 
3.184735 -0.792569 -14.176636 0.999590 -0.006914 0.027788 0.000192 3.523000 1.267000 0.000000 0.000000 0.589000 
3.514650 -0.199304 -14.150858 0.999528 -0.001738 0.030666 0.000053 3.642000 1.256000 0.023000 0.000000 0.590000 
1.633481 -2.218967 -14.154546 0.999711 -0.019361 0.014252 0.000276 3.944000 1.275000 0.047000 0.000000 0.594000 
-0.885037 -3.840980 -14.048393 0.999408 -0.033512 -0.007719 -0.000259 3.696000 1.295000 -0.073000 0.008000 0.608000 
-2.824688 -4.574934 -13.784543 0.998900 -0.039901 -0.024628 -0.000984 3.628000 1.498000 -0.054000 0.007000 0.607000 
-1.509515 -3.279795 -13.611073 0.999504 -0.028615 -0.013167 -0.000377 3.638000 1.748000 -0.039000 0.004000 0.604000 
1.602610 -1.687804 -13.468863 0.999794 -0.014727 0.013983 0.000206 3.402000 2.171000 0.036000 0.000000 0.600000 
3.779737 -0.117507 -13.187563 0.999456 -0.001025 0.032978 0.000034 3.217000 2.687000 -0.078000 0.001000 0.601000 
4.880144 0.580073 -12.870966 0.999080 0.005057 0.042574 -0.000216 3.108000 2.864000 0.095000 0.001000 0.601000 
4.849377 0.584573 -12.598420 0.999092 0.005097 0.042306 -0.000216 2.900000 3.113000 0.112000 0.002000 0.602000 
1.420077 0.250555 -12.459721 0.999921 0.002186 0.012392 -0.000027 2.730000 3.683000 0.117000 0.007000 0.607000 
-1.118162 -0.461190 -12.280768 0.999944 -0.004024 -0.009758 -0.000039 2.703000 3.544000 0.018000 0.007000 0.607000 
-3.406775 -2.855007 -11.830080 0.999248 -0.024901 -0.029716 -0.000741 2.576000 3.175000 0.033000 0.007000 0.607000 
-4.523213 -5.607529 -11.042952 0.998025 -0.048877 -0.039415 -0.001930 2.809000 2.589000 -0.043000 0.007000 0.607000 
-4.747751 -7.122484 -10.114949 0.997212 -0.062062 -0.041340 -0.002573 2.884000 2.750000 0.002000 0.007000 0.607000 
-3.211237 -3.990939 -9.393405 0.999001 -0.034807 -0.028003 -0.000976 2.547000 3.187000 0.118000 0.004000 0.604000 
-2.921733 -0.844588 -8.704747 0.999648 -0.007368 -0.025493 -0.000188 2.235000 3.677000 -0.056000 0.003000 0.603000 
-1.411472 -0.203947 -8.392827 0.999923 -0.001780 -0.012317 -0.000022 2.041000 3.565000 -0.038000 0.003000 0.603000 
-0.042242 -1.985021 -8.369090 0.999850 -0.017322 -0.000369 -0.000006 2.092000 3.461000 -0.042000 0.002000 0.602000 
1.952032 -2.985674 -8.556259 0.999516 -0.026048 0.017028 0.000444 1.967000 3.712000 0.090000 0.002000 0.602000 
4.263366 -2.536410 -8.855945 0.999063 -0.022117 0.037187 0.000823 2.103000 3.714000 0.091000 0.002000 0.602000 
6.160332 -1.166678 -9.147744 0.998504 -0.010166 0.053730 0.000547 2.355000 4.002000 0.092000 0.002000 0.602000 
6.860604 -0.098136 -9.470387 0.998208 -0.000855 0.059834 0.000051 2.481000 4.077000 0.088000 0.003000 0.603000 
4.998930 -0.032874 -9.860403 0.999049 -0.000287 0.043610 0.000013 2.488000 4.253000 -0.047000 0.003000 0.603000 
2.244905 0.189302 -10.237248 0.999807 0.001652 0.019589 -0.000032 2.930000 3.919000 0.055000 0.008000 0.608000 
0.041611 -0.210388 -10.536446 0.999998 -0.001836 0.000363 0.000001 2.944000 3.765000 0.012000 0.007000 0.607000 
0.193740 -0.930973 -10.788849 0.999966 -0.008124 0.001691 0.000014 3.148000 3.496000 -0.061000 0.007000 0.607000 
0.257957 -1.694392 -10.987430 0.999888 -0.014786 0.002251 0.000033 3.582000 3.300000 0.045000 0.008000 0.608000 
-2.087478 -3.819809 -11.122905 0.999279 -0.033322 -0.018206 -0.000607 3.503000 3.408000 -0.028000 0.008000 0.608000 
-3.219964 -6.902439 -11.204997 0.997792 -0.060175 -0.028045 -0.001691 3.482000 3.353000 -0.073000 0.009000 0.609000 
-2.451041 -5.664504 -11.373622 0.998550 -0.049401 -0.021362 -0.001057 3.256000 3.853000 0.015000 0.007000 0.607000 
-1.379707 -1.681435 -11.593445 0.999820 -0.014672 -0.012039 -0.000177 3.033000 4.302000 0.005000 0.007000 0.607000 
0.552315 0.957601 -11.790783 0.999953 0.008356 0.004820 -0.000040 3.067000 4.439000 0.070000 0.006000 0.606000 
2.590483 1.549070 -11.973685 0.999653 0.013514 0.022602 -0.000306 2.908000 4.314000 0.060000 0.006000 0.606000 
4.872505 1.459140 -12.126374 0.999015 0.012722 0.042504 -0.000541 3.319000 4.119000 0.067000 0.008000 0.608000 
3.325762 -1.740636 -12.500247 0.999464 -0.015183 0.029015 0.000441 3.728000 4.049000 0.078000 0.008000 0.608000 
1.077825 -1.686976 -12.653509 0.999847 -0.014720 0.009405 0.000138 4.004000 3.792000 -0.070000 0.007000 0.607000 
-2.532218 -0.975373 -12.726317 0.999720 -0.008510 -0.022095 -0.000188 4.308000 3.369000 -0.028000 0.008000 0.608000 
-5.266041 0.095310 -12.823518 0.998944 0.000831 -0.045939 0.000038 4.477000 3.143000 0.098000 0.008000 0.608000 
-5.108921 -2.713791 -12.928556 0.998726 -0.023657 -0.044556 -0.001055 4.684000 2.952000 0.044000 0.008000 0.608000 
-4.681139 -6.492793 -13.208385 0.997562 -0.056583 -0.040774 -0.002313 4.501000 2.462000 -0.107000 0.007000 0.607000 
-3.739480 -7.018384 -13.645293 0.997594 -0.061176 -0.032566 -0.001997 4.528000 2.543000 0.075000 0.004000 0.604000 
-1.140422 -4.851127 -14.181458 0.999055 -0.042319 -0.009943 -0.000421 4.350000 2.467000 0.027000 0.002000 0.602000 
0.116660 -3.172311 -14.581916 0.999616 -0.027680 0.001018 0.000028 4.294000 2.579000 -0.005000 0.002000 0.602000 
0.537717 -3.085366 -14.898671 0.999627 -0.026921 0.004691 0.000126 4.255000 2.786000 0.123000 0.000000 0.600000 
2.042581 -3.115488 -15.430212 0.999472 -0.027180 0.017817 0.000485 4.753000 2.737000 -0.009000 0.000000 0.597000 
3.595114 -2.143742 -16.050774 0.999333 -0.018697 0.031363 0.000587 4.578000 2.974000 -0.040000 0.000000 0.598000 
4.397040 -1.272974 -16.745110 0.999202 -0.011100 0.038360 0.000426 4.693000 2.909000 -0.053000 0.000000 0.599000 
4.701716 -0.039340 -17.326511 0.999158 -0.000343 0.041019 0.000014 4.685000 3.011000 0.094000 0.003000 0.603000 
5.387557 0.299807 -17.928513 0.998892 0.002613 0.046998 -0.000123 4.826000 2.908000 0.130000 0.006000 0.606000 
3.802759 0.443297 -18.494051 0.999442 0.003866 0.033179 -0.000128 4.826000 2.649000 -0.094000 0.006000 0.606000 
1.049677 -0.284042 -18.999538 0.999955 -0.002479 0.009160 0.000023 4.826000 2.405000 0.040000 0.006000 0.606000 
0.465526 -1.358048 -19.516254 0.999922 -0.011851 0.004062 0.000048 4.826000 2.168000 -0.060000 0.006000 0.606000 
1.198820 -1.682062 -20.086887 0.999838 -0.014677 0.010460 0.000154 4.826000 1.861000 0.075000 0.003000 0.603000 
1.727240 -1.369803 -20.679718 0.999815 -0.011952 0.015071 0.000180 4.826000 1.987000 0.110000 0.000000 0.577000 
1.185214 -1.756407 -21.262217 0.999829 -0.015326 0.010342 0.000159 4.826000 2.069000 0.122000 0.000000 0.574000 
-0.461358 -2.231446 -21.769789 0.999802 -0.019472 -0.004025 -0.000078 4.826000 2.235000 0.011000 0.000000 0.579000 
-1.617591 -3.733603 -22.293413 0.999370 -0.032573 -0.014108 -0.000460 4.998000 2.095000 -0.089000 0.000000 0.593000 
-2.459361 -4.910090 -22.875154 0.998852 -0.042826 -0.021441 -0.000919 4.998000 2.163000 -0.034000 0.000000 0.593000 
-2.036071 -5.848827 -23.553047 0.998540 -0.051010 -0.017744 -0.000906 4.915000 2.171000 -0.011000 0.000000 0.590000 
-4.112889 -4.393905 -25.521580 0.998621 -0.038310 -0.035858 -0.001376 4.063000 2.617000 -0.107000 0.000000 0.583000 
0.513482 -5.066753 -27.806293 0.999013 -0.044201 0.004477 0.000198 3.879000 1.200000 0.351000 0.000000 0.570000 
1.792783 -3.313156 -28.525337 0.999460 -0.028905 0.015638 0.000452 3.703000 1.185000 0.109000 0.000000 0.558000 
3.164431 -1.903666 -29.036877 0.999481 -0.016606 0.027608 0.000459 3.357000 1.259000 -0.037000 0.000000 0.522000 
5.274701 -1.070308 -29.418482 0.998897 -0.009330 0.046012 0.000430 3.702000 0.967000 -0.124000 0.000000 0.522000 
-0.161388 -5.715131 -34.085339 0.998756 -0.049853 -0.001407 -0.000070 3.724000 1.228000 0.007000 0.000000 0.522000 
4.576676 0.915268 -37.756294 0.999171 0.007981 0.039927 -0.000319 2.821000 1.686000 0.093000 -0.170000 0.230000 
4.460743 -7.454994 -38.991371 0.997129 -0.064962 0.038835 0.002530 2.802000 1.459000 -0.097000 -0.400000 0.000000 
-6.820532 4.275422 -36.415237 0.997534 0.037235 -0.059444 0.002219 2.862000 1.480000 -0.218000 -0.400000 0.000000 
1.330192 -5.069528 -29.833853 0.998954 -0.044223 0.011597 0.000513 3.244000 2.350000 -0.266000 -0.400000 0.000000 
0.216028 -3.484708 -25.621626 0.999536 -0.030405 0.001884 0.000057 1.988000 0.524000 -0.433000 -0.400000 0.000000 
-1.599828 -1.284457 -24.685061 0.999840 -0.011208 -0.013960 -0.000156 2.096000 1.091000 -0.146000 -0.400000 0.000000 
-1.457225 -1.071468 -24.504423 0.999875 -0.009349 -0.012716 -0.000119 2.145000 2.141000 0.070000 -0.400000 0.000000 
-0.399347 -1.742237 -24.727512 0.999878 -0.015203 -0.003485 -0.000053 1.867000 2.048000 0.055000 -0.400000 0.000000 
-0.760825 -1.196464 -24.621481 0.999923 -0.010441 -0.006639 -0.000069 1.806000 2.028000 -0.025000 -0.400000 0.000000 
Hello Junta. Starting Potato Controller now
imu.begin()-IMU comm & initialize completed 
imu.dmpBegin() suceeded
IMU SETUP COMPLETED
