201000 0 -806 -518 -16878 999 -4 -7 0 1100000 1100000 1100000 1100000 1496000 1499000 997000 1496000 1998000 997000 0 0 0 0 0 0 -400 0 
401000 0 -817 -514 -16882 999 -4 -7 0 1100000 1100000 1100000 1100000 1497000 1499000 998000 1496000 1998000 997000 0 0 0 0 0 0 -400 0 
601000 0 -818 -510 -16885 999 -4 -7 0 1100000 1100000 1100000 1100000 1497000 1499000 997000 1496000 1999000 997000 0 0 0 0 0 0 -400 0 
801000 0 -822 -505 -16885 999 -4 -7 0 1100000 1100000 1100000 1100000 1496000 1498000 997000 1496000 1998000 997000 0 0 0 0 0 0 -400 0 
1001000 0 -819 -507 -16887 999 -4 -7 0 1100000 1100000 1100000 1100000 1497000 1499000 997000 1496000 1999000 998000 0 0 0 0 0 0 -400 0 
1201000 0 -821 -511 -16882 999 -4 -7 0 1100000 1100000 1100000 1100000 1497000 1498000 997000 1496000 1998000 997000 0 0 0 0 0 0 -400 0 
1401000 0 -819 -517 -16880 999 -4 -7 0 1100000 1100000 1100000 1100000 1497000 1498000 997000 1496000 1999000 998000 0 0 0 0 0 0 -400 0 
1601000 0 -817 -518 -16875 999 -4 -7 0 1100000 1100000 1100000 1100000 1497000 1498000 997000 1496000 1998000 997000 0 0 0 0 0 0 -400 0 
1801000 0 -813 -512 -16879 999 -4 -7 0 1100000 1100000 1100000 1100000 1497000 1499000 997000 1495000 1998000 998000 0 0 0 0 0 0 -400 0 
2001000 0 -822 -506 -16879 999 -4 -7 0 1100000 1100000 1100000 1100000 1496000 1499000 1044000 1496000 1998000 997000 0 0 0 0 0 0 -383 17 
2201000 0 -814 -522 -16880 999 -4 -7 0 1100000 1100000 1100000 1100000 1497000 1499000 1051000 1495000 1998000 997000 0 0 0 0 0 0 -352 48 
2401000 0 -809 -504 -16881 999 -4 -7 0 1100000 1100000 1100000 1100000 1497000 1499000 1065000 1495000 1999000 997000 0 0 0 0 0 0 -335 65 
2601000 0 -815 -501 -16881 999 -4 -7 0 1100000 1106000 1100000 1100000 1497000 1498000 1121000 1491000 1998000 997000 0 0 0 0 0 0 -303 97 
2801000 0 -819 -517 -16929 999 -4 -7 0 1116000 1128000 1133000 1129000 1498000 1498000 1127000 1494000 1999000 998000 0 0 0 0 0 0 -273 127 
3001000 0 -756 -522 -16874 999 -4 -6 0 1125000 1138000 1117000 1130000 1497000 1498000 1131000 1484000 1998000 997000 0 0 0 0 0 0 -269 131 
3201000 0 -779 -493 -16873 999 -4 -6 0 1137000 1148000 1124000 1125000 1497000 1499000 1134000 1480000 1998000 998000 0 0 0 0 0 0 -266 134 
3401000 0 -804 -499 -16895 999 -4 -7 0 1134000 1148000 1122000 1130000 1496000 1499000 1134000 1484000 1998000 997000 0 0 0 0 0 0 -266 134 
3601000 0 -733 -505 -16897 999 -4 -6 0 1150000 1150000 1116000 1122000 1497000 1499000 1139000 1466000 1998000 997000 0 0 0 0 0 0 -261 139 
3801000 0 -716 -553 -16894 999 -4 -6 0 1213000 1241000 1183000 1181000 1497000 1499000 1224000 1455000 1999000 997000 0 0 0 0 0 0 -195 205 
4001000 0 -779 -449 -16893 999 -3 -6 0 1258000 1261000 1222000 1237000 1497000 1498000 1251000 1452000 1998000 997000 0 0 0 0 0 0 -155 245 
4201000 0 -896 -212 -16838 999 -1 -7 0 1274000 1288000 1222000 1215000 1496000 1499000 1266000 1446000 1999000 997000 0 0 0 0 0 0 -134 266 
4401000 0 -701 -26 -16824 999 0 -6 0 1288000 1296000 1254000 1275000 1497000 1499000 1287000 1437000 1998000 997000 0 0 0 0 0 0 -120 279 
4601000 0 -662 -142 -16820 999 -1 -5 0 1339000 1337000 1285000 1293000 1496000 1499000 1321000 1429000 1998000 997000 0 0 0 0 0 0 -85 314 
4801000 0 -868 -2 -16803 999 0 -7 0 1352000 1357000 1287000 1290000 1497000 1499000 1327000 1430000 2000000 998000 0 0 0 0 0 0 -73 327 
5001000 0 -727 -1 -16802 999 0 -6 0 1395000 1396000 1293000 1298000 1496000 1498000 1348000 1405000 1998000 997000 0 0 0 0 0 0 -54 346 
5201000 0 -916 -253 -16805 999 -2 -7 0 1394000 1408000 1313000 1311000 1497000 1499000 1384000 1403000 1999000 997000 0 0 0 0 0 0 -43 357 
5401000 0 -1063 -366 -16813 999 -3 -9 0 1438000 1449000 1329000 1338000 1497000 1499000 1398000 1397000 1998000 997000 0 0 0 0 0 0 -1 398 
5601000 0 -1215 -195 -16862 999 -1 -10 0 1443000 1446000 1347000 1374000 1497000 1499000 1406000 1389000 1999000 997000 0 0 0 0 0 0 0 403 
5801000 0 -1284 -690 -16848 999 -6 -11 0 1469000 1487000 1367000 1367000 1498000 1498000 1445000 1380000 1998000 997000 0 0 0 0 0 0 0 423 
6001000 0 -1451 -495 -16901 999 -4 -12 0 1507000 1518000 1374000 1391000 1496000 1499000 1473000 1381000 1999000 997000 0 0 0 0 0 0 0 473 
6201000 0 -1238 -566 -17131 999 -4 -10 0 1545000 1571000 1410000 1392000 1497000 1499000 1484000 1380000 1998000 998000 0 0 0 0 0 0 0 480 
6401000 0 -854 -855 -17901 999 -7 -7 0 1497000 1498000 1476000 1478000 1496000 1499000 1491000 1381000 1999000 997000 0 0 0 0 0 0 0 488 
6601000 0 -1181 -703 -19032 999 -6 -10 0 1503000 1503000 1478000 1489000 1497000 1499000 1499000 1385000 1998000 998000 0 0 0 0 0 0 0 499 
6801000 0 -508 -1103 -20312 999 -9 -4 0 1475000 1495000 1528000 1491000 1497000 1498000 1498000 1449000 1998000 997000 0 0 0 0 0 0 0 498 
7001000 0 -618 -1392 -20566 999 -12 -5 0 1514000 1521000 1472000 1476000 1496000 1499000 1496000 1446000 1998000 997000 0 0 0 0 0 0 0 496 
7201000 0 -983 -1164 -20609 999 -10 -8 0 1500000 1503000 1489000 1494000 1496000 1499000 1500000 1436000 1998000 997000 0 0 0 0 0 0 0 500 
7401000 0 -1726 -690 -20637 999 -6 -15 0 1573000 1561000 1461000 1471000 1496000 1499000 1519000 1423000 1998000 997000 0 0 0 0 0 0 0 517 
7601000 0 -305 -736 -20959 999 -6 -2 0 1559000 1614000 1449000 1452000 1497000 1498000 1520000 1424000 1998000 997000 0 0 0 0 0 0 0 519 
7801000 0 226 -1324 -21252 999 -11 1 0 1576000 1583000 1500000 1416000 1497000 1484000 1519000 1422000 1998000 997000 0 0 0 0 0 0 0 519 
8001000 0 479 -1556 -21857 999 -13 4 0 1497000 1507000 1553000 1518000 1497000 1440000 1517000 1406000 1998000 997000 0 0 0 0 0 0 0 519 
8201000 0 1744 -1338 -22866 999 -11 15 0 1507000 1508000 1460000 1519000 1497000 1430000 1496000 1403000 1998000 997000 0 0 0 0 0 0 0 499 
8401000 0 2675 -1471 -24007 999 -12 23 0 1525000 1510000 1469000 1454000 1498000 1494000 1485000 1401000 1998000 997000 0 0 0 0 0 0 0 485 
8601000 0 964 -996 -25375 999 -8 8 0 1474000 1489000 1470000 1469000 1497000 1496000 1475000 1397000 1998000 997000 0 0 0 0 0 0 0 476 
8801000 0 944 -957 -27162 999 -8 8 0 1510000 1516000 1436000 1452000 1497000 1517000 1479000 1386000 1998000 997000 0 0 0 0 0 0 0 479 
9001000 0 -2129 -1066 -29226 999 -9 -18 0 1255000 1613000 1325000 1726000 1496000 1551000 1499000 1384000 1999000 997000 0 0 0 0 0 0 0 499 
9201000 0 3844 -2573 -31323 999 -22 33 0 1543000 1466000 1391000 1599000 1497000 1544000 1498000 1384000 1998000 998000 0 0 0 0 0 0 0 500 
9401000 0 -232 -2499 -32536 999 -21 -2 0 1557000 1495000 1509000 1417000 1496000 1506000 1491000 1387000 1998000 997000 0 0 0 0 0 0 0 495 
9601000 0 -678 -220 -34299 999 -1 -5 0 1479000 1522000 1527000 1430000 1497000 1613000 1475000 1387000 1998000 998000 0 0 0 0 0 0 0 475 
9801000 0 -2739 15 -35990 999 0 -23 0 1495000 1492000 1419000 1449000 1496000 1566000 1465000 1387000 1999000 997000 0 0 0 0 0 0 0 464 
10001000 0 -1433 -69 -37879 999 0 -12 0 1495000 1482000 1447000 1467000 1497000 1620000 1478000 1380000 1998000 998000 0 0 0 0 0 0 0 473 
10201000 0 -3279 278 -39940 999 2 -28 0 1501000 1505000 1435000 1477000 1497000 1668000 1516000 1382000 1999000 997000 0 0 0 0 0 0 0 516 
10401000 0 -3860 -608 -41903 999 -5 -33 0 1532000 1556000 1491000 1500000 1497000 1644000 1521000 1381000 1998000 998000 0 0 0 0 0 0 0 520 
10601000 0 -1856 3345 -45643 999 29 -16 0 1430000 1714000 1299000 1631000 1496000 1547000 1517000 1385000 1999000 997000 0 0 0 0 0 0 0 519 
10801000 0 -2256 597 -47852 999 5 -19 0 1587000 1497000 1403000 1579000 1489000 1499000 1505000 1390000 1998000 997000 0 0 0 0 0 0 0 505 
11001000 0 -553 -1902 -49391 999 -16 -4 0 1500000 1473000 1487000 1462000 1388000 1464000 1478000 1436000 1998000 997000 0 0 0 0 0 0 0 481 
11201000 0 92 -2571 -49724 999 -22 0 0 1479000 1488000 1536000 1403000 1388000 1423000 1479000 1496000 1998000 997000 0 0 0 0 0 0 0 477 
11401000 0 1214 -4238 -49031 999 -36 10 0 1476000 1500000 1482000 1460000 1369000 1429000 1503000 1498000 1998000 997000 0 0 0 0 0 0 0 503 
11601000 0 1124 -5026 -48189 998 -43 9 0 1555000 1553000 1527000 1530000 1326000 1509000 1549000 1496000 1998000 997000 0 0 0 0 0 0 0 542 
11801000 0 657 -5401 -47496 998 -47 5 0 1544000 1542000 1608000 1604000 1330000 1554000 1579000 1496000 1998000 997000 0 0 0 0 0 0 0 575 
12001000 0 170 -5195 -46607 998 -45 1 0 1587000 1580000 1562000 1593000 1430000 1499000 1574000 1496000 1998000 997000 0 0 0 0 0 0 0 574 
12201000 0 631 -3509 -45778 999 -30 5 0 1567000 1531000 1528000 1544000 1497000 1434000 1534000 1494000 1998000 997000 0 0 0 0 0 0 0 543 
12401000 0 1321 -1946 -45304 999 -16 11 0 1552000 1553000 1468000 1525000 1497000 1420000 1519000 1473000 1998000 997000 0 0 0 0 0 0 0 525 
12601000 0 2080 -839 -44931 999 -7 18 0 1570000 1564000 1447000 1485000 1534000 1411000 1516000 1496000 1999000 997000 0 0 0 0 0 0 0 516 
12801000 0 3239 617 -44574 999 5 28 0 1501000 1452000 1537000 1571000 1609000 1411000 1516000 1524000 1998000 997000 0 0 0 0 0 0 0 516 
13001000 0 3520 2565 -43609 999 22 30 0 1536000 1503000 1490000 1534000 1565000 1439000 1517000 1542000 1998000 998000 0 0 0 0 0 0 0 516 
13201000 0 2644 2759 -42364 999 24 23 0 1532000 1539000 1496000 1503000 1499000 1499000 1518000 1542000 1999000 997000 0 0 0 0 0 0 0 518 
13401000 0 1810 1760 -40920 999 15 15 0 1509000 1509000 1547000 1510000 1521000 1500000 1522000 1564000 1998000 998000 0 0 0 0 0 0 0 519 
13601000 0 -165 1226 -38790 999 10 -1 0 1567000 1570000 1465000 1488000 1513000 1530000 1524000 1571000 1999000 997000 0 0 0 0 0 0 0 523 
13801000 0 -1381 660 -36808 999 5 -12 0 1533000 1548000 1496000 1524000 1497000 1598000 1530000 1495000 1998000 998000 0 0 0 0 0 0 0 530 
14001000 0 -3020 98 -35680 999 0 -26 0 1511000 1523000 1548000 1548000 1473000 1666000 1533000 1496000 1999000 997000 0 0 0 0 0 0 0 533 
14201000 0 -4195 -1215 -34673 999 -10 -36 0 1534000 1575000 1508000 1517000 1471000 1665000 1545000 1501000 1998000 997000 0 0 0 0 0 0 0 534 
14401000 0 -5547 -933 -33212 998 -8 -48 0 1573000 1592000 1473000 1532000 1476000 1651000 1544000 1532000 1998000 997000 0 0 0 0 0 0 0 544 
14601000 0 -3603 -1501 -31570 999 -13 -31 0 1531000 1475000 1584000 1580000 1477000 1542000 1542000 1520000 1998000 997000 0 0 0 0 0 0 0 543 
14801000 0 -2232 -1237 -30287 999 -10 -19 0 1585000 1554000 1491000 1511000 1471000 1499000 1533000 1496000 1998000 997000 0 0 0 0 0 0 0 536 
15001000 0 -434 -2168 -29418 999 -18 -3 0 1550000 1545000 1537000 1491000 1449000 1490000 1519000 1494000 1998000 997000 0 0 0 0 0 0 0 519 
15201000 0 150 -1984 -28824 999 -17 1 0 1496000 1498000 1532000 1515000 1448000 1485000 1512000 1483000 1999000 998000 0 0 0 0 0 0 0 510 
15401000 0 925 -1974 -28458 999 -17 8 0 1528000 1533000 1505000 1493000 1447000 1499000 1516000 1482000 1998000 997000 0 0 0 0 0 0 0 515 
15601000 0 785 -2120 -28059 999 -18 6 0 1572000 1580000 1457000 1476000 1445000 1539000 1543000 1482000 1998000 997000 0 0 0 0 0 0 0 543 
15801000 0 120 -2713 -27552 999 -23 1 0 1562000 1585000 1513000 1511000 1438000 1525000 1541000 1487000 1998000 997000 0 0 0 0 0 0 0 543 
16001000 0 260 -2735 -26849 999 -23 2 0 1543000 1547000 1519000 1541000 1424000 1499000 1535000 1486000 1998000 997000 0 0 0 0 0 0 0 538 
16201000 0 -163 -3039 -25999 999 -26 -1 0 1522000 1543000 1484000 1573000 1427000 1495000 1523000 1489000 1999000 997000 0 0 0 0 0 0 0 523 
16401000 0 454 -3653 -25173 999 -31 3 0 1528000 1533000 1495000 1538000 1447000 1473000 1523000 1489000 1998000 997000 0 0 0 0 0 0 0 524 
16601000 0 562 -3254 -24140 999 -28 4 0 1532000 1528000 1546000 1479000 1496000 1443000 1520000 1488000 2001000 998000 0 0 0 0 0 0 0 522 
16801000 0 1656 -1649 -23300 999 -14 14 0 1545000 1560000 1552000 1422000 1496000 1435000 1519000 1488000 1998000 997000 0 0 0 0 0 0 0 519 
17001000 0 1483 -274 -22553 999 -2 12 0 1536000 1560000 1496000 1477000 1497000 1424000 1517000 1484000 1998000 997000 0 0 0 0 0 0 0 518 
17201000 0 2403 -288 -22013 999 -2 20 0 1544000 1533000 1461000 1523000 1497000 1428000 1516000 1483000 1999000 997000 0 0 0 0 0 0 0 516 
17401000 0 2556 -464 -21459 999 -4 22 0 1556000 1550000 1463000 1493000 1496000 1452000 1520000 1482000 1998000 997000 0 0 0 0 0 0 0 520 
17601000 0 1543 -1043 -20928 999 -9 13 0 1506000 1529000 1526000 1553000 1497000 1499000 1529000 1482000 1999000 998000 0 0 0 0 0 0 0 529 
17801000 0 1187 -1594 -20323 999 -13 10 0 1552000 1561000 1502000 1503000 1496000 1499000 1529000 1482000 1998000 997000 0 0 0 0 0 0 0 530 
18001000 0 145 -1261 -19646 999 -11 1 0 1529000 1549000 1495000 1541000 1497000 1500000 1530000 1485000 1998000 997000 0 0 0 0 0 0 0 530 
18201000 0 712 -1143 -18862 999 -9 6 0 1540000 1529000 1523000 1515000 1497000 1521000 1526000 1484000 1999000 997000 0 0 0 0 0 0 0 527 
18401000 0 -392 -1035 -18049 999 -9 -3 0 1527000 1549000 1533000 1492000 1494000 1554000 1525000 1473000 1998000 997000 0 0 0 0 0 0 0 526 
18601000 0 -935 -793 -17583 999 -6 -8 0 1529000 1526000 1550000 1494000 1468000 1518000 1517000 1449000 1999000 998000 0 0 0 0 0 0 0 517 
18801000 0 -1068 -1280 -17264 999 -11 -9 0 1538000 1522000 1500000 1490000 1470000 1507000 1503000 1449000 1998000 997000 0 0 0 0 0 0 0 513 
19001000 0 -1180 -1712 -16902 999 -14 -10 0 1548000 1564000 1433000 1452000 1456000 1546000 1502000 1448000 1998000 997000 0 0 0 0 0 0 0 500 
19201000 0 -1164 -1963 -16516 999 -17 -10 0 1524000 1537000 1467000 1474000 1458000 1608000 1504000 1446000 1999000 997000 0 0 0 0 0 0 0 504 
19401000 0 -2894 -2055 -16132 999 -17 -25 0 1592000 1596000 1434000 1444000 1449000 1644000 1526000 1448000 1999000 997000 0 0 0 0 0 0 0 517 
19601000 0 -4345 -2042 -15714 999 -17 -37 0 1577000 1600000 1502000 1434000 1447000 1642000 1531000 1449000 1998000 998000 0 0 0 0 0 0 0 529 
19801000 0 -466 1005 -15413 999 8 -4 0 1359000 1714000 1515000 1530000 1450000 1583000 1528000 1455000 1999000 997000 0 0 0 0 0 0 0 528 
20001000 0 62 -1347 -15936 999 -11 0 0 1627000 1421000 1469000 1582000 1471000 1540000 1525000 1450000 1998000 997000 0 0 0 0 0 0 0 525 
20201000 0 -1533 -3578 -15867 999 -31 -13 0 1624000 1546000 1507000 1413000 1469000 1536000 1522000 1446000 1998000 997000 0 0 0 0 0 0 0 523 
20401000 0 -1056 -3201 -15722 999 -27 -9 0 1517000 1562000 1558000 1449000 1469000 1500000 1517000 1439000 1998000 997000 0 0 0 0 0 0 0 517 
20601000 0 -823 -1757 -15502 999 -15 -7 0 1487000 1554000 1517000 1435000 1469000 1496000 1497000 1437000 1998000 997000 0 0 0 0 0 0 0 499 
20801000 0 746 -1690 -15565 999 -14 6 0 1553000 1531000 1416000 1490000 1474000 1500000 1502000 1437000 1998000 998000 0 0 0 0 0 0 0 498 
21001000 0 1119 -1135 -15615 999 -9 9 0 1587000 1546000 1455000 1434000 1483000 1505000 1521000 1440000 1998000 997000 0 0 0 0 0 0 0 521 
21201000 0 911 -1447 -15659 999 -12 7 0 1567000 1571000 1510000 1451000 1484000 1500000 1527000 1440000 1999000 998000 0 0 0 0 0 0 0 525 
21401000 0 1013 -1141 -15848 999 -9 8 0 1570000 1602000 1532000 1422000 1481000 1497000 1530000 1439000 1998000 997000 0 0 0 0 0 0 0 532 
21601000 0 782 -1116 -16044 999 -9 6 0 1573000 1602000 1498000 1445000 1483000 1473000 1530000 1439000 1999000 998000 0 0 0 0 0 0 0 530 
21801000 0 207 -1058 -16255 999 -9 1 0 1570000 1585000 1486000 1481000 1483000 1495000 1533000 1439000 1998000 997000 0 0 0 0 0 0 0 531 
22001000 0 209 -1499 -16338 999 -13 1 0 1590000 1627000 1451000 1470000 1485000 1495000 1535000 1440000 1999000 997000 0 0 0 0 0 0 0 535 
22201000 0 725 -993 -16374 999 -8 6 0 1583000 1587000 1471000 1496000 1498000 1439000 1532000 1441000 1998000 997000 0 0 0 0 0 0 0 532 
22401000 0 2273 -927 -16247 999 -8 19 0 1561000 1530000 1486000 1541000 1497000 1427000 1529000 1440000 1999000 997000 0 0 0 0 0 0 0 530 
22601000 0 2967 -1023 -16168 999 -8 25 0 1574000 1579000 1475000 1486000 1497000 1445000 1531000 1439000 1998000 997000 0 0 0 0 0 0 0 529 
22801000 0 2643 -680 -16174 999 -5 23 0 1555000 1529000 1547000 1490000 1496000 1499000 1533000 1439000 1998000 997000 0 0 0 0 0 0 0 533 
23001000 0 1077 -696 -16139 999 -6 9 0 1579000 1585000 1506000 1469000 1497000 1500000 1535000 1439000 1998000 997000 0 0 0 0 0 0 0 535 
23201000 0 498 -364 -16095 999 -3 4 0 1544000 1570000 1502000 1514000 1497000 1501000 1533000 1439000 1998000 997000 0 0 0 0 0 0 0 533 
23401000 0 112 59 -15964 999 0 0 0 1583000 1536000 1489000 1522000 1497000 1517000 1534000 1436000 1998000 997000 0 0 0 0 0 0 0 534 
23601000 0 -1076 -582 -15723 999 -5 -9 0 1591000 1581000 1434000 1508000 1494000 1499000 1526000 1437000 1998000 997000 0 0 0 0 0 0 0 529 
23801000 0 -651 -1775 -15366 999 -15 -5 0 1531000 1550000 1534000 1475000 1451000 1497000 1522000 1432000 1998000 997000 0 0 0 0 0 0 0 523 
24001000 0 106 -1483 -14799 999 -12 0 0 1563000 1602000 1452000 1469000 1455000 1478000 1522000 1434000 1998000 997000 0 0 0 0 0 0 0 522 
24201000 0 680 -1638 -14087 999 -14 5 0 1558000 1572000 1506000 1454000 1457000 1490000 1522000 1433000 1998000 998000 0 0 0 0 0 0 0 523 
24401000 0 671 -2045 -13139 999 -17 5 0 1551000 1528000 1529000 1478000 1451000 1496000 1522000 1432000 1999000 997000 0 0 0 0 0 0 0 522 
24601000 0 175 -2343 -12482 999 -20 1 0 1574000 1596000 1440000 1477000 1425000 1496000 1522000 1415000 1998000 998000 0 0 0 0 0 0 0 522 
24801000 0 -174 -3351 -12540 999 -29 -1 0 1523000 1565000 1542000 1465000 1375000 1499000 1524000 1381000 1998000 997000 0 0 0 0 0 0 0 524 
25001000 0 -817 -4140 -13380 999 -36 -7 0 1549000 1558000 1513000 1474000 1406000 1528000 1524000 1380000 1998000 998000 0 0 0 0 0 0 0 524 
25201000 0 -1288 -3574 -14646 999 -31 -11 0 1557000 1541000 1495000 1501000 1428000 1553000 1524000 1383000 1998000 997000 0 0 0 0 0 0 0 524 
25401000 0 -1946 -2858 -16064 999 -24 -16 0 1566000 1529000 1501000 1503000 1451000 1551000 1524000 1392000 1999000 998000 0 0 0 0 0 0 0 525 
25601000 0 -1798 -1232 -17313 999 -10 -15 0 1560000 1534000 1514000 1483000 1472000 1573000 1523000 1397000 1998000 997000 0 0 0 0 0 0 0 523 
25801000 0 -1963 -467 -18529 999 -4 -17 0 1569000 1554000 1490000 1477000 1476000 1581000 1523000 1398000 1998000 997000 0 0 0 0 0 0 0 523 
26001000 0 -1761 -193 -19854 999 -1 -15 0 1564000 1574000 1468000 1485000 1490000 1570000 1522000 1406000 1998000 997000 0 0 0 0 0 0 0 523 
26201000 0 -2086 -418 -20859 999 -3 -18 0 1563000 1577000 1476000 1466000 1497000 1513000 1522000 1406000 1998000 997000 0 0 0 0 0 0 0 521 
26401000 0 -1811 -69 -21843 999 0 -15 0 1535000 1554000 1490000 1503000 1496000 1506000 1521000 1406000 1998000 997000 0 0 0 0 0 0 0 521 
26601000 0 -1406 -139 -22902 999 -1 -12 0 1527000 1537000 1495000 1527000 1497000 1501000 1522000 1407000 1998000 997000 0 0 0 0 0 0 0 522 
26801000 0 -846 -170 -24103 999 -1 -7 0 1541000 1572000 1456000 1513000 1495000 1499000 1521000 1408000 1998000 997000 0 0 0 0 0 0 0 521 
27001000 0 -362 -1089 -25416 999 -9 -3 0 1548000 1524000 1466000 1544000 1493000 1490000 1521000 1411000 1998000 997000 0 0 0 0 0 0 0 521 
27201000 0 -419 -1322 -26584 999 -11 -3 0 1527000 1523000 1515000 1512000 1494000 1488000 1521000 1432000 1999000 997000 0 0 0 0 0 0 0 520 
27401000 0 -27 -1484 -27372 999 -12 0 0 1504000 1544000 1532000 1506000 1481000 1493000 1523000 1462000 2000000 997000 0 0 0 0 0 0 0 522 
27601000 0 -13 -2650 -27435 999 -23 0 0 1544000 1567000 1497000 1482000 1483000 1492000 1524000 1486000 1999000 997000 0 0 0 0 0 0 0 524 
27801000 0 410 -3732 -26556 999 -32 3 0 1596000 1619000 1470000 1428000 1480000 1491000 1534000 1481000 1998000 997000 0 0 0 0 0 0 0 529 
28001000 0 951 -3068 -25459 999 -26 8 0 1582000 1576000 1484000 1496000 1483000 1487000 1536000 1461000 2000000 998000 0 0 0 0 0 0 0 535 
28201000 0 672 -1746 -24036 999 -15 5 0 1590000 1553000 1532000 1470000 1484000 1482000 1539000 1456000 1998000 997000 0 0 0 0 0 0 0 539 
28401000 0 952 -573 -22975 999 -5 8 0 1616000 1606000 1466000 1446000 1486000 1452000 1534000 1445000 1999000 998000 0 0 0 0 0 0 0 534 
28601000 0 1891 -351 -22197 999 -3 16 0 1596000 1612000 1466000 1444000 1486000 1444000 1528000 1444000 1998000 997000 0 0 0 0 0 0 0 530 
28801000 0 2231 55 -21543 999 0 19 0 1596000 1562000 1484000 1468000 1483000 1450000 1528000 1439000 1998000 998000 0 0 0 0 0 0 0 528 
29001000 0 1527 -758 -21218 999 -6 13 0 1542000 1548000 1517000 1507000 1455000 1486000 1529000 1439000 1998000 997000 0 0 0 0 0 0 0 529 
29201000 0 1173 -2532 -20729 999 -22 10 0 1543000 1580000 1508000 1483000 1447000 1491000 1530000 1437000 1998000 997000 0 0 0 0 0 0 0 529 
29401000 0 525 -2542 -20209 999 -22 4 0 1535000 1541000 1527000 1511000 1449000 1492000 1529000 1440000 1999000 997000 0 0 0 0 0 0 0 529 
29601000 0 390 -3208 -19573 999 -27 3 0 1547000 1552000 1503000 1508000 1454000 1488000 1528000 1439000 1998000 997000 0 0 0 0 0 0 0 528 
29801000 0 -370 -2213 -18949 999 -19 -3 0 1586000 1587000 1456000 1481000 1462000 1498000 1528000 1419000 1999000 998000 0 0 0 0 0 0 0 528 
30001000 0 18 -1781 -19033 999 -15 0 0 1547000 1529000 1549000 1490000 1495000 1500000 1528000 1384000 1998000 997000 0 0 0 0 0 0 0 528 
30201000 0 -838 -599 -19385 999 -5 -7 0 1576000 1613000 1482000 1438000 1496000 1500000 1528000 1381000 1999000 998000 0 0 0 0 0 0 0 528 
30401000 0 -574 -545 -19751 999 -4 -5 0 1588000 1613000 1416000 1497000 1496000 1511000 1528000 1383000 1998000 997000 0 0 0 0 0 0 0 529 
30601000 0 -237 -691 -20530 999 -6 -2 0 1560000 1548000 1495000 1507000 1497000 1521000 1529000 1384000 1998000 997000 0 0 0 0 0 0 0 529 
30801000 0 -635 -496 -21729 999 -4 -5 0 1518000 1525000 1540000 1527000 1496000 1538000 1528000 1386000 1999000 997000 0 0 0 0 0 0 0 528 
31001000 0 -1296 -695 -23332 999 -6 -11 0 1526000 1538000 1542000 1508000 1496000 1541000 1529000 1388000 1998000 997000 0 0 0 0 0 0 0 529 
31201000 0 -1816 -924 -24973 999 -8 -15 0 1579000 1579000 1476000 1480000 1496000 1541000 1531000 1399000 1999000 998000 0 0 0 0 0 0 0 531 
31401000 0 -2368 -738 -26656 999 -6 -20 0 1551000 1578000 1491000 1502000 1496000 1540000 1531000 1403000 1998000 997000 0 0 0 0 0 0 0 531 
31601000 0 -1349 -996 -28474 999 -8 -11 0 1496000 1511000 1541000 1574000 1496000 1545000 1534000 1405000 1998000 998000 0 0 0 0 0 0 0 531 
31801000 0 -1784 -1156 -30210 999 -10 -15 0 1572000 1573000 1470000 1519000 1496000 1554000 1537000 1414000 1998000 997000 0 0 0 0 0 0 0 537 
32001000 0 -1305 -701 -31649 999 -6 -11 0 1535000 1516000 1572000 1559000 1497000 1545000 1547000 1464000 1998000 997000 0 0 0 0 0 0 0 546 
32201000 0 -1233 -1170 -31883 999 -10 -10 0 1587000 1609000 1495000 1487000 1496000 1522000 1546000 1494000 1999000 997000 0 0 0 0 0 0 0 545 
32401000 0 -930 -1305 -31456 999 -11 -8 0 1617000 1636000 1499000 1442000 1496000 1515000 1545000 1466000 1998000 997000 0 0 0 0 0 0 0 545 
32601000 0 -252 -750 -31431 999 -6 -2 0 1545000 1501000 1556000 1524000 1496000 1499000 1530000 1434000 1999000 998000 0 0 0 0 0 0 0 532 
32801000 0 -394 -306 -31726 999 -2 -3 0 1605000 1599000 1441000 1470000 1495000 1499000 1528000 1427000 1998000 997000 0 0 0 0 0 0 0 529 
33001000 0 40 -399 -32475 999 -3 0 0 1560000 1595000 1478000 1477000 1452000 1496000 1528000 1430000 2001000 997000 0 0 0 0 0 0 0 528 
33201000 0 230 -1903 -33152 999 -16 2 0 1546000 1560000 1497000 1507000 1452000 1497000 1529000 1464000 1999000 997000 0 0 0 0 0 0 0 528 
33401000 0 478 -2772 -33354 999 -24 4 0 1563000 1579000 1483000 1489000 1454000 1496000 1529000 1467000 1998000 997000 0 0 0 0 0 0 0 529 
33601000 0 444 -3524 -33145 999 -30 3 0 1528000 1540000 1506000 1540000 1464000 1500000 1531000 1476000 1998000 998000 0 0 0 0 0 0 0 531 
33801000 0 356 -3291 -32810 999 -28 3 0 1548000 1548000 1568000 1549000 1473000 1518000 1554000 1462000 1998000 997000 0 0 0 0 0 0 0 554 
34001000 0 -117 -3784 -32578 999 -33 -1 0 1545000 1565000 1590000 1510000 1473000 1500000 1553000 1462000 1998000 997000 0 0 0 0 0 0 0 553 
34201000 0 -166 -2798 -32575 999 -24 -1 0 1548000 1546000 1584000 1528000 1471000 1500000 1550000 1466000 1999000 997000 0 0 0 0 0 0 0 550 
34401000 0 -382 -2488 -32564 999 -21 -3 0 1564000 1553000 1524000 1545000 1495000 1499000 1532000 1463000 1998000 997000 0 0 0 0 0 0 0 547 
34601000 0 -722 -2386 -32603 999 -20 -6 0 1482000 1508000 1533000 1570000 1496000 1497000 1524000 1457000 1998000 998000 0 0 0 0 0 0 0 524 
34801000 0 655 -2151 -32766 999 -18 5 0 1539000 1550000 1486000 1523000 1495000 1496000 1524000 1457000 1999000 997000 0 0 0 0 0 0 0 524 
35001000 0 1374 -2747 -33156 999 -23 11 0 1550000 1531000 1528000 1489000 1495000 1492000 1526000 1458000 1998000 997000 0 0 0 0 0 0 0 525 
35201000 0 834 -2450 -33523 999 -21 7 0 1547000 1560000 1546000 1456000 1496000 1497000 1528000 1460000 1999000 998000 0 0 0 0 0 0 0 528 
35401000 0 758 -2553 -33822 999 -22 6 0 1515000 1519000 1581000 1502000 1496000 1500000 1530000 1457000 1998000 997000 0 0 0 0 0 0 0 530 
35601000 0 -213 -2337 -33964 999 -20 -1 0 1525000 1568000 1537000 1513000 1497000 1500000 1541000 1457000 1998000 997000 0 0 0 0 0 0 0 536 
35801000 0 -165 -2647 -33816 999 -23 -1 0 1542000 1586000 1549000 1492000 1496000 1504000 1543000 1457000 1999000 997000 0 0 0 0 0 0 0 543 
36001000 0 -655 -2528 -33446 999 -22 -5 0 1545000 1556000 1543000 1526000 1508000 1499000 1542000 1467000 1998000 997000 0 0 0 0 0 0 0 542 
36201000 0 -102 -1437 -32966 999 -12 0 0 1572000 1558000 1521000 1519000 1547000 1500000 1543000 1489000 1998000 997000 0 0 0 0 0 0 0 543 
36401000 0 498 383 -32374 999 3 4 0 1573000 1532000 1514000 1551000 1580000 1499000 1543000 1488000 1998000 997000 0 0 0 0 0 0 0 543 
36601000 0 -30 1098 -31925 999 9 0 0 1543000 1552000 1512000 1559000 1646000 1499000 1542000 1488000 1999000 997000 0 0 0 0 0 0 0 542 
36801000 0 33 2973 -31453 999 25 0 0 1553000 1571000 1508000 1534000 1581000 1498000 1543000 1484000 1998000 997000 0 0 0 0 0 0 0 542 
37001000 0 308 3026 -30994 999 26 2 0 1554000 1555000 1511000 1542000 1577000 1498000 1541000 1484000 1999000 997000 0 0 0 0 0 0 0 541 
37201000 0 282 1910 -30424 999 16 2 0 1570000 1580000 1501000 1507000 1557000 1499000 1541000 1484000 1998000 997000 0 0 0 0 0 0 0 541 
37401000 0 497 1089 -29941 999 9 4 0 1553000 1542000 1559000 1499000 1499000 1500000 1539000 1482000 1999000 997000 0 0 0 0 0 0 0 539 
37601000 0 422 53 -29651 999 0 3 0 1527000 1530000 1575000 1518000 1498000 1500000 1538000 1475000 1998000 997000 0 0 0 0 0 0 0 538 
37801000 0 575 -834 -29711 999 -7 5 0 1560000 1574000 1561000 1452000 1496000 1501000 1537000 1474000 2000000 997000 0 0 0 0 0 0 0 537 
38001000 0 295 -1049 -29907 999 -9 2 0 1545000 1573000 1551000 1481000 1443000 1500000 1539000 1475000 1998000 997000 0 0 0 0 0 0 0 538 
38201000 0 155 -2426 -30038 999 -21 1 0 1532000 1566000 1540000 1508000 1433000 1501000 1537000 1476000 1998000 998000 0 0 0 0 0 0 0 537 
38401000 0 2 -3116 -30053 999 -27 0 0 1555000 1592000 1523000 1476000 1442000 1555000 1539000 1474000 1998000 997000 0 0 0 0 0 0 0 539 
38601000 0 -1409 -3664 -29877 999 -31 -12 0 1525000 1574000 1550000 1501000 1444000 1562000 1538000 1476000 1998000 997000 0 0 0 0 0 0 0 538 
38801000 0 -2412 -4069 -29604 999 -35 -21 0 1544000 1571000 1531000 1504000 1446000 1561000 1539000 1475000 1998000 997000 0 0 0 0 0 0 0 538 
39001000 0 -2488 -3433 -29379 999 -29 -21 0 1544000 1548000 1524000 1534000 1455000 1553000 1538000 1479000 1998000 997000 0 0 0 0 0 0 0 538 
39201000 0 -2138 -2750 -29162 999 -23 -18 0 1522000 1525000 1542000 1565000 1482000 1522000 1539000 1478000 1998000 997000 0 0 0 0 0 0 0 539 
39401000 0 -996 -1558 -29027 999 -13 -8 0 1542000 1526000 1522000 1560000 1496000 1500000 1538000 1478000 1998000 997000 0 0 0 0 0 0 0 538 
39601000 0 -28 -717 -28835 999 -6 0 0 1574000 1551000 1498000 1526000 1497000 1532000 1539000 1477000 1999000 997000 0 0 0 0 0 0 0 539 
39801000 0 -674 -480 -28682 999 -4 -5 0 1594000 1589000 1465000 1502000 1496000 1540000 1538000 1478000 1998000 997000 0 0 0 0 0 0 0 538 
40001000 0 -1034 -598 -28586 999 -5 -9 0 1572000 1577000 1484000 1516000 1497000 1540000 1539000 1477000 1998000 997000 0 0 0 0 0 0 0 538 
40201000 0 -520 -968 -28608 999 -8 -4 0 1526000 1518000 1551000 1556000 1496000 1540000 1538000 1478000 1999000 997000 0 0 0 0 0 0 0 538 
40401000 0 -540 -1101 -28666 999 -9 -4 0 1544000 1545000 1546000 1519000 1497000 1541000 1539000 1479000 1998000 997000 0 0 0 0 0 0 0 539 
40601000 0 -814 -1066 -28745 999 -9 -7 0 1542000 1551000 1541000 1516000 1496000 1562000 1538000 1480000 1999000 997000 0 0 0 0 0 0 0 538 
40801000 0 -583 -857 -28720 999 -7 -5 0 1573000 1551000 1510000 1517000 1497000 1560000 1539000 1482000 1998000 997000 0 0 0 0 0 0 0 539 
41001000 0 -970 -1206 -28472 999 -10 -8 0 1537000 1538000 1562000 1513000 1496000 1557000 1538000 1483000 1999000 997000 0 0 0 0 0 0 0 538 
41201000 0 -803 -1486 -28225 999 -12 -7 0 1554000 1549000 1571000 1476000 1496000 1556000 1538000 1482000 1998000 997000 0 0 0 0 0 0 0 538 
41401000 0 -763 -1275 -27907 999 -11 -6 0 1551000 1553000 1551000 1495000 1496000 1564000 1538000 1484000 1999000 997000 0 0 0 0 0 0 0 538 
41601000 0 -1493 -1522 -27446 999 -13 -13 0 1555000 1556000 1537000 1501000 1496000 1562000 1538000 1483000 1998000 997000 0 0 0 0 0 0 0 538 
41801000 0 -582 -1190 -26864 999 -10 -5 0 1552000 1541000 1542000 1515000 1499000 1556000 1537000 1484000 1999000 998000 0 0 0 0 0 0 0 538 
42001000 0 -257 -945 -26088 999 -8 -2 0 1551000 1539000 1553000 1507000 1558000 1535000 1537000 1484000 1998000 997000 0 0 0 0 0 0 0 537 
42201000 0 -343 409 -25287 999 3 -3 0 1542000 1551000 1521000 1537000 1548000 1538000 1538000 1482000 1999000 998000 0 0 0 0 0 0 0 538 
42401000 0 -546 846 -24388 999 7 -4 0 1586000 1612000 1505000 1455000 1524000 1556000 1540000 1481000 1998000 997000 0 0 0 0 0 0 0 540 
42601000 0 -1569 279 -23396 999 2 -13 0 1540000 1536000 1540000 1547000 1499000 1563000 1543000 1477000 1998000 998000 0 0 0 0 0 0 0 543 
42801000 0 -1132 -332 -22285 999 -2 -9 0 1589000 1622000 1468000 1491000 1496000 1542000 1543000 1476000 1998000 995000 0 0 0 0 0 0 0 543 
43001000 0 -426 -1749 -21313 999 -15 -3 0 1554000 1558000 1499000 1563000 1497000 1500000 1544000 1477000 1998000 997000 0 0 0 0 0 0 0 544 
43201000 0 1059 -2223 -20168 999 -19 9 0 1587000 1542000 1541000 1501000 1496000 1500000 1544000 1474000 1999000 998000 0 0 0 0 0 0 0 544 
43401000 0 645 -2119 -18901 999 -18 5 0 1580000 1588000 1542000 1457000 1498000 1496000 1543000 1475000 1998000 997000 0 0 0 0 0 0 0 542 
43601000 0 516 -1537 -17481 999 -13 4 0 1627000 1635000 1458000 1446000 1496000 1497000 1543000 1474000 1999000 998000 0 0 0 0 0 0 0 542 
43801000 0 2409 -1809 -17996 999 -15 21 0 1595000 1554000 1564000 1449000 1496000 1493000 1541000 1471000 1998000 998000 0 0 0 0 0 0 0 541 
44001000 0 1794 -1288 -16977 999 -11 15 0 1602000 1608000 1508000 1444000 1496000 1497000 1540000 1471000 1999000 998000 0 0 0 0 0 0 0 541 
44201000 0 669 -1074 -15731 999 -9 5 0 1550000 1528000 1585000 1494000 1496000 1498000 1537000 1468000 1998000 998000 0 0 0 0 0 0 0 540 
44401000 0 944 -1147 -14457 999 -10 8 0 1534000 1549000 1599000 1468000 1497000 1498000 1538000 1467000 1998000 997000 0 0 0 0 0 0 0 538 
44601000 0 -250 -417 -13150 999 -3 -2 0 1594000 1653000 1455000 1445000 1496000 1499000 1535000 1468000 1998000 998000 0 0 0 0 0 0 0 537 
44801000 0 -229 -692 -12108 999 -6 -2 0 1577000 1600000 1469000 1492000 1497000 1499000 1535000 1467000 1998000 997000 0 0 0 0 0 0 0 535 
45001000 0 198 -1123 -11196 999 -9 1 0 1564000 1570000 1485000 1514000 1497000 1500000 1533000 1466000 1998000 998000 0 0 0 0 0 0 0 533 
45201000 0 870 -1340 -10192 999 -11 7 0 1589000 1557000 1514000 1470000 1497000 1499000 1533000 1456000 1999000 997000 0 0 0 0 0 0 0 533 
45401000 0 622 -1404 -9356 999 -12 5 0 1606000 1593000 1490000 1448000 1497000 1500000 1536000 1438000 1999000 997000 0 0 0 0 0 0 0 535 
45601000 0 -626 -1078 -8583 999 -9 -5 0 1579000 1611000 1484000 1468000 1497000 1500000 1535000 1433000 1998000 998000 0 0 0 0 0 0 0 535 
45801000 0 -547 -1681 -7965 999 -14 -4 0 1572000 1591000 1486000 1497000 1498000 1500000 1537000 1407000 1998000 998000 0 0 0 0 0 0 0 537 
46001000 0 -647 -1953 -7728 999 -17 -5 0 1559000 1575000 1486000 1522000 1497000 1502000 1537000 1400000 1999000 998000 0 0 0 0 0 0 0 536 
46201000 0 134 -2457 -7683 999 -21 1 0 1615000 1659000 1382000 1494000 1499000 1504000 1537000 1402000 1998000 998000 0 0 0 0 0 0 0 537 
46401000 0 350 -2215 -7397 999 -19 3 0 1610000 1611000 1493000 1436000 1534000 1500000 1538000 1404000 1998000 998000 0 0 0 0 0 0 0 538 
46601000 0 -345 -1731 -7150 999 -15 -3 0 1597000 1599000 1538000 1417000 1562000 1498000 1536000 1414000 1999000 998000 0 0 0 0 0 0 0 538 
46801000 0 433 313 -6318 999 2 3 0 1602000 1569000 1501000 1474000 1587000 1496000 1536000 1419000 1998000 997000 0 0 0 0 0 0 0 536 
47001000 0 -158 2066 -5255 999 18 -1 0 1581000 1549000 1471000 1541000 1605000 1496000 1536000 1422000 1998000 998000 0 0 0 0 0 0 0 536 
47201000 0 -409 2817 -4072 999 24 -3 0 1597000 1592000 1424000 1529000 1575000 1451000 1537000 1422000 1998000 997000 0 0 0 0 0 0 0 536 
47401000 0 653 2796 -2857 999 24 5 0 1605000 1604000 1402000 1531000 1572000 1438000 1537000 1420000 1999000 997000 0 0 0 0 0 0 0 537 
47601000 0 3107 2697 -1716 999 23 27 0 1629000 1601000 1441000 1476000 1555000 1438000 1537000 1414000 1998000 998000 0 0 0 0 0 0 0 537 
47801000 0 2237 2376 -1010 999 20 19 0 1588000 1537000 1605000 1425000 1508000 1492000 1541000 1380000 1998000 997000 0 0 0 0 0 0 0 539 
48001000 0 891 1685 -480 999 14 7 0 1609000 1625000 1507000 1417000 1496000 1501000 1538000 1377000 1999000 998000 0 0 0 0 0 0 0 538 
48201000 0 558 68 -686 999 0 4 0 1607000 1646000 1408000 1472000 1447000 1501000 1528000 1379000 1998000 997000 0 0 0 0 0 0 0 534 
48401000 0 989 -1270 -1254 999 -11 8 0 1591000 1625000 1400000 1485000 1403000 1520000 1508000 1379000 1998000 997000 0 0 0 0 0 0 0 526 
48601000 0 29 -4555 -2395 999 -39 0 0 1557000 1572000 1462000 1439000 1389000 1536000 1504000 1378000 1998000 998000 0 0 0 0 0 0 0 504 
48801000 0 -1458 -4783 -3458 999 -41 -12 0 1555000 1548000 1527000 1444000 1377000 1554000 1525000 1378000 1998000 997000 0 0 0 0 0 0 0 519 
49001000 0 -2094 -5314 -4395 998 -46 -18 0 1540000 1558000 1547000 1477000 1381000 1575000 1542000 1374000 1999000 997000 0 0 0 0 0 0 0 531 
49201000 0 -3098 -4849 -5306 998 -42 -27 -1 1565000 1622000 1460000 1524000 1384000 1573000 1547000 1375000 1998000 998000 0 0 0 0 0 0 0 547 
49401000 0 -2363 -4395 -6166 999 -38 -20 0 1649000 1644000 1433000 1476000 1387000 1571000 1551000 1373000 1998000 998000 0 0 0 0 0 0 0 551 
49601000 0 -2405 -4261 -7321 999 -37 -20 0 1638000 1642000 1442000 1476000 1421000 1563000 1551000 1372000 1999000 997000 0 0 0 0 0 0 0 550 
49801000 0 -2063 -3854 -8399 999 -33 -17 0 1629000 1640000 1450000 1483000 1429000 1526000 1546000 1373000 1998000 998000 0 0 0 0 0 0 0 546 
50001000 0 -1014 -3050 -9661 999 -26 -8 0 1551000 1562000 1564000 1497000 1494000 1499000 1542000 1375000 1999000 998000 0 0 0 0 0 0 0 544 
50201000 0 -2173 1380 -9634 999 12 -18 0 1673000 1613000 1277000 1563000 1496000 1491000 1530000 1375000 1998000 998000 0 0 0 0 0 0 0 532 
50401000 0 -1399 -707 -10243 999 -6 -12 0 1560000 1472000 1531000 1559000 1497000 1445000 1529000 1376000 1998000 998000 0 0 0 0 0 0 0 529 
50601000 0 491 -260 -10767 999 -2 4 0 1346000 1371000 1375000 1266000 1346000 1427000 1343000 1403000 1999000 998000 0 0 0 0 0 0 -59 340 
50801000 0 1293 -2269 -11359 999 -19 11 0 1423000 1390000 1301000 1355000 1356000 1425000 1395000 1383000 1998000 998000 0 0 0 0 0 0 -31 368 
51001000 0 2102 -3257 -12482 999 -28 18 0 1462000 1478000 1349000 1305000 1382000 1450000 1401000 1388000 1998000 998000 0 0 0 0 0 0 0 401 
51201000 0 1544 -4565 -13830 999 -39 13 0 1100000 1100000 1111000 1100000 1496000 1499000 998000 1389000 1998000 998000 0 0 0 0 0 0 -400 0 
51401000 0 7207 -9896 -14665 994 -86 62 5 1100000 1100000 1100000 1605000 1496000 1500000 997000 1388000 1998000 998000 0 0 0 0 0 0 -400 0 
51601000 0 5891 -4826 -12971 997 -42 51 2 1119000 1188000 1230000 1100000 1497000 1499000 998000 1390000 1998000 998000 0 0 0 0 0 0 -400 0 
51801000 0 -128 -2441 -7908 999 -21 -1 0 1198000 1187000 1100000 1100000 1496000 1499000 998000 1389000 1999000 998000 0 0 0 0 0 0 -400 0 
52001000 0 -1447 -1691 -6043 999 -14 -12 0 1100000 1221000 1100000 1100000 1496000 1499000 998000 1389000 1999000 997000 0 0 0 0 0 0 -400 0 
52201000 0 -46 -1303 -7258 999 -11 0 0 1100000 1100000 1100000 1100000 1497000 1499000 998000 1389000 1998000 998000 0 0 0 0 0 0 -400 0 
52401000 0 -1231 161 -6612 999 1 -10 0 1100000 1100000 1100000 1100000 1496000 1499000 998000 1390000 1998000 998000 0 0 0 0 0 0 -400 0 
52601000 0 -818 -14 -6477 999 0 -7 0 1100000 1100000 1100000 1100000 1496000 1499000 998000 1481000 1998000 998000 0 0 0 0 0 0 -400 0 
52801000 0 -841 61 -6601 999 0 -7 0 1100000 1100000 1100000 1100000 1497000 1499000 998000 1497000 1998000 998000 0 0 0 0 0 0 -400 0 
53001000 0 -1044 427 -6555 999 3 -9 0 1100000 1100000 1100000 1100000 1496000 1500000 998000 1495000 1998000 997000 0 0 0 0 0 0 -400 0 
53201000 0 -646 264 -6585 999 2 -5 0 1100000 1100000 1100000 1100000 1497000 1499000 997000 1497000 1999000 997000 0 0 0 0 0 0 -400 0 
53401000 0 -713 487 -6542 999 4 -6 0 1100000 1100000 1100000 1100000 1496000 1500000 998000 1495000 1999000 997000 0 0 0 0 0 0 -400 0 
53601000 0 -502 568 -6577 999 4 -4 0 1100000 1100000 1100000 1100000 1497000 1499000 998000 1496000 1998000 998000 0 0 0 0 0 0 -400 0 
53801000 0 -483 597 -6576 999 5 -4 0 1100000 1100000 1100000 1100000 1496000 1499000 1067000 1495000 1999000 997000 0 0 0 0 0 0 -400 0 
54001000 0 -492 608 -6561 999 5 -4 0 1100000 1100000 1100000 1100000 1497000 1499000 1126000 1496000 1998000 1000000 0 0 0 0 0 0 -274 126 
54201000 0 -515 651 -6569 999 5 -4 0 1175000 1171000 1156000 1165000 1496000 1500000 1170000 1493000 1998000 998000 0 0 0 0 0 0 -233 167 
54401000 0 -453 734 -6567 999 6 -3 0 1207000 1211000 1185000 1195000 1497000 1500000 1213000 1482000 1998000 997000 0 0 0 0 0 0 -200 200 
54601000 0 -377 591 -6561 999 5 -3 0 1234000 1241000 1187000 1192000 1496000 1500000 1248000 1470000 1998000 998000 0 0 0 0 0 0 -152 248 
54801000 0 -390 332 -6585 999 2 -3 0 1295000 1287000 1228000 1236000 1497000 1499000 1267000 1462000 1998000 997000 0 0 0 0 0 0 -138 262 
55001000 0 -516 280 -6589 999 2 -4 0 1281000 1286000 1252000 1251000 1496000 1499000 1266000 1483000 1998000 998000 0 0 0 0 0 0 -132 268 
55201000 0 -432 256 -6609 999 2 -3 0 1279000 1282000 1242000 1259000 1497000 1500000 1282000 1466000 1998000 997000 0 0 0 0 0 0 -117 282 
55401000 0 -281 216 -6636 999 1 -2 0 1354000 1354000 1297000 1305000 1496000 1499000 1329000 1451000 1999000 998000 0 0 0 0 0 0 -71 328 
55601000 0 -331 108 -6638 999 0 -2 0 1354000 1354000 1314000 1327000 1497000 1499000 1358000 1452000 1999000 998000 0 0 0 0 0 0 -62 338 
55801000 0 -276 380 -6613 999 3 -2 0 1383000 1391000 1311000 1346000 1496000 1435000 1362000 1452000 1998000 998000 0 0 0 0 0 0 -38 362 
56001000 0 -731 56 -6661 999 0 -6 0 1374000 1408000 1310000 1354000 1497000 1380000 1362000 1453000 1998000 998000 0 0 0 0 0 0 -38 362 
56201000 0 -1243 413 -6667 999 3 -10 0 1390000 1412000 1333000 1379000 1496000 1425000 1397000 1446000 1998000 998000 0 0 0 0 0 0 -20 379 
56401000 0 -700 216 -6743 999 1 -6 0 1424000 1432000 1378000 1376000 1496000 1497000 1438000 1437000 1998000 997000 0 0 0 0 0 0 0 438 
56601000 0 -1379 622 -6839 999 5 -12 0 1477000 1482000 1399000 1448000 1496000 1502000 1458000 1435000 1998000 997000 0 0 0 0 0 0 0 452 
56801000 0 -1063 884 -7002 999 7 -9 0 1481000 1486000 1461000 1425000 1496000 1499000 1467000 1436000 1998000 997000 0 0 0 0 0 0 0 464 
57001000 0 -1265 1402 -7000 999 12 -11 0 1498000 1513000 1389000 1467000 1496000 1432000 1468000 1435000 1998000 998000 0 0 0 0 0 0 0 468 
57201000 0 -735 1179 -7016 999 10 -6 0 1525000 1529000 1459000 1488000 1496000 1442000 1504000 1423000 1998000 998000 0 0 0 0 0 0 0 501 
57401000 0 -455 891 -7022 999 7 -3 0 1526000 1549000 1462000 1477000 1496000 1406000 1505000 1423000 1998000 997000 0 0 0 0 0 0 0 504 
57601000 0 730 48 -7059 999 0 6 0 1542000 1573000 1454000 1448000 1496000 1387000 1508000 1421000 1999000 998000 0 0 0 0 0 0 0 508 
57801000 0 1542 -232 -7105 999 -2 13 0 1552000 1528000 1495000 1484000 1497000 1380000 1513000 1421000 1998000 997000 0 0 0 0 0 0 0 515 
58001000 0 2720 -502 -7648 999 -4 23 0 1506000 1537000 1515000 1488000 1496000 1403000 1513000 1423000 1998000 998000 0 0 0 0 0 0 0 512 
58201000 0 2981 -866 -8419 999 -7 26 0 1515000 1541000 1496000 1498000 1497000 1499000 1512000 1425000 1998000 997000 0 0 0 0 0 0 0 512 
58401000 0 1525 -1114 -8914 999 -9 13 0 1572000 1556000 1465000 1458000 1496000 1613000 1512000 1429000 1998000 998000 0 0 0 0 0 0 0 513 
58601000 0 -726 274 -8806 999 2 -6 0 1573000 1506000 1485000 1482000 1496000 1586000 1512000 1430000 1998000 998000 0 0 0 0 0 0 0 512 
58801000 0 -2706 -2279 -8730 999 -19 -23 0 1525000 1582000 1441000 1498000 1496000 1501000 1511000 1432000 1999000 997000 0 0 0 0 0 0 0 510 
59001000 0 -1481 -1363 -9080 999 -11 -12 0 1530000 1579000 1464000 1465000 1496000 1500000 1509000 1438000 1998000 998000 0 0 0 0 0 0 0 510 
59201000 0 -1223 -1100 -9367 999 -9 -10 0 1561000 1557000 1471000 1452000 1496000 1499000 1505000 1459000 1998000 998000 0 0 0 0 0 0 0 510 
59401000 0 -656 -582 -9007 999 -5 -5 0 1594000 1454000 1444000 1518000 1496000 1504000 1471000 1457000 1998000 998000 0 0 0 0 0 0 0 471 
59601000 0 -522 -778 -7971 999 -6 -4 0 1489000 1482000 1360000 1503000 1497000 1501000 1458000 1457000 1998000 998000 0 0 0 0 0 0 0 459 
59801000 0 973 -11 -7199 999 0 8 0 1487000 1508000 1351000 1484000 1496000 1500000 1465000 1437000 1999000 998000 0 0 0 0 0 0 0 458 
60001000 0 1029 291 -7706 999 2 8 0 1442000 1480000 1440000 1500000 1496000 1500000 1484000 1396000 1998000 998000 0 0 0 0 0 0 0 484 
60201000 0 924 -320 -9114 999 -2 8 0 1488000 1528000 1464000 1502000 1494000 1501000 1500000 1378000 1999000 998000 0 0 0 0 0 0 0 496 
60401000 0 299 -376 -10127 999 -3 2 0 1540000 1474000 1459000 1533000 1452000 1499000 1503000 1375000 1998000 998000 0 0 0 0 0 0 0 501 
60601000 0 -203 -792 -11615 999 -6 -1 0 1571000 1545000 1428000 1466000 1422000 1499000 1503000 1375000 1998000 998000 0 0 0 0 0 0 0 503 
60801000 0 27 -1149 -13506 999 -10 0 0 1527000 1520000 1479000 1485000 1439000 1498000 1502000 1380000 1998000 998000 0 0 0 0 0 0 0 503 
61001000 0 -327 -1507 -15280 999 -13 -2 0 1539000 1560000 1456000 1456000 1476000 1495000 1503000 1382000 1999000 998000 0 0 0 0 0 0 0 503 
61201000 0 -18 -1125 -16898 999 -9 0 0 1522000 1499000 1464000 1520000 1480000 1495000 1516000 1390000 1999000 998000 0 0 0 0 0 0 0 516 
61401000 0 -310 -1709 -17773 999 -14 -2 0 1531000 1509000 1522000 1504000 1496000 1497000 1517000 1407000 1998000 998000 0 0 0 0 0 0 0 517 
61601000 0 -576 -267 -18623 999 -2 -5 0 1519000 1510000 1539000 1498000 1496000 1499000 1516000 1412000 1999000 997000 0 0 0 0 0 0 0 517 
61801000 0 -343 -411 -19329 999 -3 -3 0 1587000 1566000 1425000 1480000 1472000 1500000 1516000 1408000 1998000 998000 0 0 0 0 0 0 0 516 
62001000 0 585 -782 -20341 999 -6 5 0 1585000 1587000 1438000 1456000 1444000 1499000 1520000 1398000 1998000 998000 0 0 0 0 0 0 0 517 
62201000 0 769 -2170 -21572 999 -18 6 0 1544000 1580000 1499000 1463000 1455000 1497000 1522000 1396000 1998000 998000 0 0 0 0 0 0 0 522 
62401000 0 637 -2892 -22805 999 -25 5 0 1528000 1516000 1551000 1487000 1447000 1484000 1519000 1400000 1998000 998000 0 0 0 0 0 0 0 519 
62601000 0 977 -2447 -24188 999 -21 8 0 1571000 1510000 1481000 1516000 1447000 1483000 1519000 1400000 1998000 998000 0 0 0 0 0 0 0 520 
62801000 0 538 -2339 -25300 999 -20 4 0 1537000 1551000 1468000 1522000 1453000 1499000 1521000 1399000 1998000 998000 0 0 0 0 0 0 0 520 
63001000 0 13 -1553 -26398 999 -13 0 0 1591000 1604000 1412000 1475000 1447000 1500000 1520000 1399000 1998000 998000 0 0 0 0 0 0 0 520 
63201000 0 236 -1497 -27699 999 -13 2 0 1564000 1571000 1462000 1488000 1458000 1499000 1523000 1394000 1999000 998000 0 0 0 0 0 0 0 522 
63401000 0 265 -1863 -28861 999 -16 2 0 1530000 1545000 1495000 1519000 1449000 1500000 1523000 1395000 1998000 998000 0 0 0 0 0 0 0 523 
63601000 0 -14 -1569 -29662 999 -13 0 0 1538000 1542000 1539000 1478000 1476000 1500000 1525000 1397000 1998000 998000 0 0 0 0 0 0 0 525 
63801000 0 -401 -1052 -30426 999 -9 -3 0 1569000 1537000 1504000 1492000 1481000 1501000 1528000 1397000 1998000 998000 0 0 0 0 0 0 0 526 
64001000 0 -607 -346 -31514 999 -3 -5 0 1579000 1586000 1468000 1477000 1494000 1501000 1527000 1400000 1998000 997000 0 0 0 0 0 0 0 528 
64201000 0 48 180 -32745 999 1 0 0 1575000 1578000 1476000 1476000 1496000 1498000 1523000 1412000 1998000 998000 0 0 0 0 0 0 0 523 
64401000 0 358 -329 -33712 999 -2 3 0 1546000 1523000 1510000 1511000 1497000 1500000 1523000 1424000 1998000 998000 0 0 0 0 0 0 0 523 
64601000 0 608 -544 -34559 999 -4 5 0 1506000 1512000 1554000 1526000 1497000 1501000 1525000 1434000 1998000 997000 0 0 0 0 0 0 0 525 
64801000 0 -48 -304 -35040 999 -2 0 0 1564000 1562000 1489000 1479000 1496000 1554000 1526000 1435000 1998000 998000 0 0 0 0 0 0 0 526 
65001000 0 -691 -739 -35364 999 -6 -6 0 1553000 1543000 1490000 1509000 1497000 1553000 1524000 1460000 1998000 998000 0 0 0 0 0 0 0 524 
65201000 0 -776 -467 -35316 999 -4 -6 0 1519000 1525000 1532000 1517000 1503000 1552000 1524000 1482000 1998000 997000 0 0 0 0 0 0 0 524 
65401000 0 -743 -409 -34753 999 -3 -6 0 1536000 1529000 1531000 1493000 1501000 1553000 1520000 1495000 1999000 997000 0 0 0 0 0 0 0 520 
65601000 0 -2141 512 -34195 999 4 -18 0 1511000 1533000 1531000 1503000 1501000 1559000 1519000 1495000 1998000 998000 0 0 0 0 0 0 0 520 
65801000 0 -1953 362 -33586 999 3 -17 0 1569000 1555000 1463000 1499000 1503000 1573000 1527000 1493000 1998000 998000 0 0 0 0 0 0 0 522 
66001000 0 -2651 -650 -33078 999 -5 -23 0 1553000 1578000 1483000 1504000 1508000 1570000 1535000 1484000 1999000 997000 0 0 0 0 0 0 0 535 
66201000 0 -2068 -415 -32717 999 -3 -18 0 1537000 1534000 1511000 1555000 1509000 1577000 1536000 1484000 1998000 997000 0 0 0 0 0 0 0 535 
66401000 0 -2029 -895 -32154 999 -7 -17 0 1600000 1603000 1467000 1467000 1510000 1579000 1535000 1492000 1999000 998000 0 0 0 0 0 0 0 535 
66601000 0 -1953 -616 -31375 999 -5 -17 0 1563000 1582000 1494000 1495000 1509000 1571000 1532000 1493000 1999000 998000 0 0 0 0 0 0 0 532 
66801000 0 -2168 -1059 -30557 999 -9 -18 0 1528000 1547000 1541000 1490000 1499000 1563000 1527000 1490000 1998000 997000 0 0 0 0 0 0 0 527 
67001000 0 -2025 -1390 -30030 999 -12 -17 0 1542000 1564000 1513000 1491000 1497000 1570000 1531000 1483000 1999000 998000 0 0 0 0 0 0 0 528 
67201000 0 -1863 -2026 -29741 999 -17 -16 0 1546000 1557000 1545000 1477000 1497000 1566000 1531000 1473000 1999000 998000 0 0 0 0 0 0 0 531 
67401000 0 -2290 -2000 -29587 999 -17 -19 0 1519000 1547000 1537000 1519000 1497000 1564000 1531000 1487000 1998000 997000 0 0 0 0 0 0 0 531 
67601000 0 -1762 -1897 -29260 999 -16 -15 0 1526000 1536000 1524000 1544000 1498000 1576000 1537000 1488000 1999000 998000 0 0 0 0 0 0 0 533 
67801000 0 -1637 -2009 -28987 999 -17 -14 0 1541000 1527000 1528000 1562000 1499000 1569000 1547000 1485000 1998000 998000 0 0 0 0 0 0 0 547 
68001000 0 -815 -1877 -28710 999 -16 -7 0 1569000 1570000 1490000 1556000 1499000 1558000 1548000 1486000 1999000 998000 0 0 0 0 0 0 0 547 
68201000 0 -183 -2138 -28309 999 -18 -1 0 1587000 1603000 1472000 1527000 1499000 1525000 1546000 1486000 1999000 997000 0 0 0 0 0 0 0 548 
68401000 0 1619 -2451 -27969 999 -21 14 0 1595000 1595000 1498000 1490000 1499000 1513000 1546000 1485000 1998000 997000 0 0 0 0 0 0 0 546 
68601000 0 1950 -2353 -27616 999 -20 17 0 1565000 1555000 1548000 1517000 1526000 1524000 1547000 1488000 1998000 998000 0 0 0 0 0 0 0 547 
68801000 0 1689 -1648 -27062 999 -14 14 0 1535000 1522000 1592000 1529000 1532000 1516000 1544000 1489000 1998000 997000 0 0 0 0 0 0 0 545 
69001000 0 1656 -908 -26486 999 -7 14 0 1537000 1537000 1564000 1528000 1531000 1500000 1528000 1493000 1999000 998000 0 0 0 0 0 0 0 528 
69201000 0 1294 162 -26039 999 1 11 0 1536000 1510000 1523000 1532000 1531000 1499000 1525000 1490000 1998000 997000 0 0 0 0 0 0 0 526 
69401000 0 956 508 -25734 999 4 8 0 1555000 1542000 1505000 1512000 1539000 1521000 1532000 1483000 1998000 998000 0 0 0 0 0 0 0 529 
69601000 0 79 1402 -25520 999 12 0 0 1562000 1571000 1487000 1506000 1560000 1547000 1535000 1485000 1998000 997000 0 0 0 0 0 0 0 535 
69801000 0 -473 1423 -25198 999 12 -4 0 1535000 1513000 1526000 1567000 1561000 1555000 1537000 1491000 1999000 998000 0 0 0 0 0 0 0 536 
70001000 0 -795 1380 -24704 999 12 -6 0 1555000 1522000 1547000 1537000 1515000 1558000 1551000 1482000 1998000 997000 0 0 0 0 0 0 0 541 
70201000 0 -2056 271 -24240 999 2 -17 0 1509000 1498000 1601000 1603000 1496000 1572000 1556000 1479000 1999000 998000 0 0 0 0 0 0 0 556 
70401000 0 -1413 -436 -23701 999 -3 -12 0 1566000 1593000 1529000 1525000 1496000 1554000 1554000 1479000 1999000 998000 0 0 0 0 0 0 0 554 
70601000 0 -1622 -396 -23374 999 -3 -14 0 1549000 1532000 1584000 1545000 1495000 1512000 1553000 1483000 1999000 998000 0 0 0 0 0 0 0 553 
70801000 0 -1019 -409 -22890 999 -3 -8 0 1576000 1560000 1551000 1523000 1474000 1506000 1552000 1481000 1999000 998000 0 0 0 0 0 0 0 552 
71001000 0 -849 -1600 -22421 999 -13 -7 0 1560000 1570000 1545000 1523000 1430000 1500000 1550000 1477000 1998000 998000 0 0 0 0 0 0 0 550 
71201000 0 163 -2523 -21927 999 -22 1 0 1559000 1559000 1560000 1520000 1426000 1505000 1551000 1477000 1998000 998000 0 0 0 0 0 0 0 550 
71401000 0 31 -3384 -21219 999 -29 0 0 1584000 1612000 1519000 1491000 1380000 1517000 1552000 1475000 1998000 997000 0 0 0 0 0 0 0 552 
71601000 0 4 -4642 -20381 999 -40 0 0 1599000 1616000 1489000 1502000 1392000 1556000 1552000 1476000 1998000 998000 0 0 0 0 0 0 0 552 
71801000 0 -826 -4301 -19132 999 -37 -7 0 1587000 1605000 1493000 1518000 1432000 1520000 1550000 1477000 1998000 998000 0 0 0 0 0 0 0 551 
72001000 0 -331 -3928 -17756 999 -34 -2 0 1566000 1562000 1521000 1545000 1429000 1500000 1538000 1456000 1999000 998000 0 0 0 0 0 0 0 538 
72201000 0 -189 -2865 -16332 999 -25 -1 0 1613000 1603000 1473000 1457000 1482000 1539000 1538000 1450000 1998000 997000 0 0 0 0 0 0 0 537 
72401000 0 -569 -1833 -14977 999 -16 -4 0 1601000 1569000 1518000 1465000 1496000 1566000 1541000 1441000 1999000 998000 0 0 0 0 0 0 0 539 
72601000 0 -883 -1441 -13766 999 -12 -7 0 1599000 1592000 1500000 1468000 1496000 1579000 1542000 1441000 1998000 998000 0 0 0 0 0 0 0 542 
72801000 0 -1725 -932 -12584 999 -8 -15 0 1632000 1654000 1429000 1471000 1496000 1595000 1554000 1392000 1999000 998000 0 0 0 0 0 0 0 547 
73001000 0 -2589 -193 -12337 999 -1 -22 0 1613000 1635000 1488000 1478000 1496000 1597000 1554000 1380000 1998000 998000 0 0 0 0 0 0 0 554 
73201000 0 -2838 -94 -12406 999 0 -24 0 1598000 1589000 1529000 1498000 1498000 1563000 1555000 1383000 1998000 998000 0 0 0 0 0 0 0 555 
73401000 0 -999 317 -12660 999 2 -8 0 1607000 1556000 1551000 1484000 1496000 1500000 1550000 1397000 1998000 998000 0 0 0 0 0 0 0 550 
73601000 0 -129 810 -13145 999 7 -1 0 1576000 1522000 1560000 1536000 1497000 1500000 1549000 1398000 1998000 998000 0 0 0 0 0 0 0 549 
73801000 0 579 892 -13999 999 7 5 0 1551000 1531000 1581000 1534000 1496000 1499000 1550000 1397000 1999000 997000 0 0 0 0 0 0 0 550 
74001000 0 735 414 -15128 999 3 6 0 1579000 1596000 1538000 1489000 1496000 1497000 1550000 1400000 1999000 997000 0 0 0 0 0 0 0 551 
74201000 0 824 14 -16552 999 0 7 0 1552000 1584000 1557000 1510000 1490000 1498000 1551000 1402000 1999000 998000 0 0 0 0 0 0 0 551 
74401000 0 641 -1064 -18188 999 -9 5 0 1555000 1511000 1562000 1574000 1440000 1496000 1548000 1402000 1999000 997000 0 0 0 0 0 0 0 548 
74601000 0 741 -2677 -20196 999 -23 6 0 1555000 1552000 1552000 1524000 1455000 1490000 1546000 1405000 1998000 998000 0 0 0 0 0 0 0 546 
74801000 0 1070 -3249 -22209 999 -28 9 0 1530000 1539000 1578000 1524000 1470000 1468000 1534000 1410000 1998000 998000 0 0 0 0 0 0 0 543 
75001000 0 2233 -2418 -24022 999 -21 19 0 1569000 1589000 1519000 1445000 1469000 1482000 1532000 1411000 1999000 997000 0 0 0 0 0 0 0 532 
75201000 0 1801 -2482 -25281 999 -21 15 0 1564000 1552000 1528000 1486000 1494000 1498000 1534000 1411000 1999000 997000 0 0 0 0 0 0 0 533 
75401000 0 1921 -1883 -25989 999 -16 16 0 1547000 1548000 1533000 1519000 1496000 1499000 1539000 1420000 1998000 998000 0 0 0 0 0 0 0 537 
75601000 0 1308 -1223 -26319 999 -10 11 0 1581000 1578000 1504000 1488000 1496000 1496000 1538000 1423000 1998000 998000 0 0 0 0 0 0 0 538 
75801000 0 806 -403 -26763 999 -3 7 0 1586000 1570000 1498000 1500000 1496000 1498000 1540000 1428000 1999000 997000 0 0 0 0 0 0 0 539 
76001000 0 817 -631 -27420 999 -5 7 0 1587000 1584000 1513000 1501000 1497000 1497000 1557000 1432000 1998000 998000 0 0 0 0 0 0 0 547 
76201000 0 927 -280 -27953 999 -2 8 0 1566000 1563000 1561000 1536000 1496000 1498000 1557000 1430000 1999000 998000 0 0 0 0 0 0 0 557 
76401000 0 609 -135 -28401 999 -1 5 0 1584000 1572000 1540000 1530000 1495000 1499000 1558000 1428000 1998000 998000 0 0 0 0 0 0 0 557 
76601000 0 328 -235 -28563 999 -2 2 0 1610000 1621000 1517000 1482000 1495000 1500000 1557000 1427000 1998000 998000 0 0 0 0 0 0 0 558 
76801000 0 146 -4 -28720 999 0 1 0 1620000 1617000 1497000 1500000 1495000 1525000 1559000 1428000 1999000 997000 0 0 0 0 0 0 0 559 
77001000 0 183 -394 -28883 999 -3 1 0 1576000 1612000 1514000 1532000 1495000 1513000 1559000 1428000 1999000 997000 0 0 0 0 0 0 0 559 
77201000 0 -349 -867 -29002 999 -7 -3 0 1577000 1634000 1464000 1551000 1451000 1510000 1557000 1419000 1999000 998000 0 0 0 0 0 0 0 557 
77401000 0 -67 -2566 -29326 999 -22 0 0 1592000 1615000 1512000 1507000 1427000 1559000 1556000 1418000 1998000 998000 0 0 0 0 0 0 0 556 
77601000 0 -1699 -2755 -29808 999 -24 -14 0 1588000 1553000 1541000 1536000 1432000 1567000 1555000 1419000 1998000 998000 0 0 0 0 0 0 0 555 
77801000 0 -2685 -3631 -30333 999 -31 -23 0 1549000 1543000 1624000 1498000 1443000 1567000 1555000 1421000 1998000 998000 0 0 0 0 0 0 0 554 
78001000 0 -2972 -4393 -30768 998 -38 -25 0 1529000 1548000 1657000 1480000 1453000 1619000 1555000 1425000 1998000 998000 0 0 0 0 0 0 0 555 
78201000 0 -4907 -3281 -31229 998 -28 -42 -1 1551000 1595000 1566000 1501000 1455000 1642000 1555000 1424000 1998000 998000 0 0 0 0 0 0 0 554 
78401000 0 -4871 -2420 -32072 998 -21 -42 0 1561000 1634000 1514000 1510000 1496000 1556000 1552000 1431000 1998000 998000 0 0 0 0 0 0 0 555 
78601000 0 -3203 -1193 -33247 999 -10 -27 0 1541000 1537000 1571000 1560000 1497000 1500000 1546000 1432000 1998000 998000 0 0 0 0 0 0 0 546 
78801000 0 -1034 -1499 -34373 999 -13 -9 0 1538000 1483000 1549000 1576000 1496000 1494000 1529000 1430000 1999000 998000 0 0 0 0 0 0 0 537 
79001000 0 1212 -1630 -35379 999 -14 10 0 1539000 1480000 1539000 1541000 1496000 1435000 1521000 1427000 1999000 997000 0 0 0 0 0 0 0 525 
79201000 0 2796 -1140 -36488 999 -9 24 0 1515000 1496000 1547000 1528000 1499000 1475000 1524000 1427000 1998000 998000 0 0 0 0 0 0 0 524 
79401000 0 2745 -797 -37448 999 -6 23 0 1577000 1573000 1484000 1468000 1526000 1496000 1528000 1428000 1998000 997000 0 0 0 0 0 0 0 526 
79601000 0 2126 48 -38372 999 0 18 0 1553000 1533000 1533000 1499000 1542000 1498000 1533000 1440000 1998000 998000 0 0 0 0 0 0 0 530 
79801000 0 1406 523 -39073 999 4 12 0 1510000 1506000 1565000 1569000 1563000 1498000 1541000 1489000 1999000 998000 0 0 0 0 0 0 0 541 
80001000 0 1117 655 -39145 999 5 9 0 1560000 1554000 1509000 1522000 1563000 1500000 1536000 1499000 1999000 997000 0 0 0 0 0 0 0 537 
80201000 0 596 456 -38726 999 3 5 0 1530000 1546000 1535000 1528000 1564000 1500000 1533000 1545000 1998000 998000 0 0 0 0 0 0 0 535 
80401000 0 381 -25 -37628 999 0 3 0 1551000 1552000 1527000 1492000 1515000 1500000 1559000 1499000 1999000 998000 0 0 0 0 0 0 0 559 
80601000 0 75 -1447 -37097 999 -12 0 0 1609000 1624000 1555000 1522000 1497000 1506000 1584000 1494000 1998000 997000 0 0 0 0 0 0 0 578 
80801000 0 88 -2606 -36746 999 -22 0 0 1615000 1647000 1582000 1487000 1498000 1515000 1581000 1495000 1998000 998000 0 0 0 0 0 0 0 583 
81001000 0 399 -2892 -36133 999 -25 3 0 1589000 1639000 1535000 1543000 1497000 1500000 1529000 1526000 1999000 998000 0 0 0 0 0 0 0 529 
81201000 0 434 -2709 -34527 999 -23 3 0 1558000 1575000 1558000 1423000 1497000 1502000 1528000 1515000 1999000 997000 0 0 0 0 0 0 0 529 
81401000 0 -694 -2122 -32741 999 -18 -6 0 1568000 1563000 1528000 1459000 1497000 1553000 1531000 1493000 1998000 998000 0 0 0 0 0 0 0 530 
81601000 0 -2108 -2895 -30659 999 -25 -18 0 1598000 1643000 1435000 1443000 1496000 1557000 1531000 1494000 1999000 998000 0 0 0 0 0 0 0 531 
81801000 0 -1516 -3160 -28607 999 -27 -13 0 1542000 1578000 1468000 1542000 1496000 1560000 1538000 1494000 1998000 997000 0 0 0 0 0 0 0 533 
82001000 0 -1269 -3199 -26577 999 -27 -11 0 1571000 1601000 1478000 1524000 1497000 1567000 1545000 1493000 1998000 997000 0 0 0 0 0 0 0 544 
82201000 0 -1235 -2878 -24711 999 -25 -10 0 1610000 1595000 1503000 1475000 1497000 1582000 1549000 1493000 1999000 997000 0 0 0 0 0 0 0 549 
82401000 0 -1735 -1852 -22998 999 -16 -15 0 1598000 1557000 1582000 1488000 1496000 1575000 1559000 1480000 1998000 998000 0 0 0 0 0 0 0 557 
82601000 0 -1209 -1277 -21340 999 -11 -10 0 1634000 1622000 1545000 1432000 1497000 1556000 1560000 1459000 1998000 998000 0 0 0 0 0 0 0 559 
82801000 0 -1451 -19 -20155 999 0 -12 0 1597000 1646000 1454000 1537000 1497000 1563000 1561000 1455000 1998000 999000 0 0 0 0 0 0 0 561 
83001000 0 -497 -702 -18693 999 -6 -4 0 1617000 1622000 1456000 1539000 1497000 1568000 1560000 1455000 1998000 998000 0 0 0 0 0 0 0 559 
83201000 0 201 -1541 -17267 999 -13 1 0 1615000 1567000 1492000 1564000 1497000 1571000 1559000 1454000 1998000 998000 0 0 0 0 0 0 0 560 
83401000 0 499 -1146 -15853 999 -10 4 0 1616000 1521000 1551000 1542000 1497000 1566000 1558000 1453000 1998000 998000 0 0 0 0 0 0 0 558 
83601000 0 -837 -496 -14600 999 -4 -7 0 1585000 1546000 1552000 1511000 1497000 1508000 1536000 1447000 1998000 998000 0 0 0 0 0 0 0 549 
83801000 0 -366 325 -13341 999 2 -3 0 1567000 1561000 1482000 1528000 1497000 1499000 1535000 1447000 1998000 998000 0 0 0 0 0 0 0 535 
84001000 0 1008 -777 -11875 999 -6 8 0 1550000 1565000 1495000 1528000 1496000 1500000 1535000 1447000 1999000 998000 0 0 0 0 0 0 0 535 
84201000 0 2096 -1241 -10377 999 -10 18 0 1604000 1596000 1503000 1427000 1497000 1500000 1535000 1442000 1998000 997000 0 0 0 0 0 0 0 533 
84401000 0 1421 -1244 -8927 999 -10 12 0 1643000 1636000 1457000 1410000 1496000 1542000 1538000 1438000 1998000 998000 0 0 0 0 0 0 0 537 
84601000 0 232 -663 -7824 999 -5 2 0 1627000 1609000 1467000 1451000 1475000 1542000 1540000 1380000 1998000 997000 0 0 0 0 0 0 0 540 
84801000 0 -304 -1196 -7547 999 -10 -2 0 1604000 1614000 1438000 1513000 1462000 1542000 1544000 1377000 1998000 998000 0 0 0 0 0 0 0 543 
85001000 0 -55 -1645 -7654 999 -14 0 0 1634000 1658000 1435000 1459000 1457000 1545000 1548000 1372000 1998000 998000 0 0 0 0 0 0 0 547 
85201000 0 -153 -1849 -8099 999 -16 -1 0 1619000 1620000 1491000 1468000 1467000 1561000 1563000 1379000 1999000 998000 0 0 0 0 0 0 0 563 
85401000 0 -606 -1749 -8721 999 -15 -5 0 1597000 1567000 1572000 1551000 1468000 1562000 1570000 1382000 1998000 997000 0 0 0 0 0 0 0 572 
85601000 0 -1085 -1252 -9375 999 -10 -9 0 1593000 1575000 1555000 1543000 1471000 1514000 1568000 1375000 1999000 998000 0 0 0 0 0 0 0 567 
85801000 0 264 -1282 -10417 999 -11 2 0 1620000 1620000 1553000 1482000 1470000 1500000 1567000 1367000 1998000 998000 0 0 0 0 0 0 0 567 
86001000 0 402 -1642 -11402 999 -14 3 0 1584000 1597000 1528000 1541000 1465000 1499000 1560000 1373000 1999000 998000 0 0 0 0 0 0 0 563 
86201000 0 459 -2707 -11837 999 -23 4 0 1586000 1610000 1482000 1520000 1459000 1499000 1541000 1378000 1998000 997000 0 0 0 0 0 0 0 550 
86401000 0 815 -3589 -12515 999 -31 7 0 1589000 1591000 1469000 1489000 1460000 1500000 1531000 1366000 1998000 998000 0 0 0 0 0 0 0 531 
86601000 0 -45 -3677 -13337 999 -32 0 0 1591000 1634000 1457000 1440000 1459000 1500000 1531000 1353000 1998000 998000 0 0 0 0 0 0 0 531 
86801000 0 -647 -2842 -14677 999 -24 -5 0 1549000 1589000 1479000 1505000 1497000 1527000 1530000 1360000 1998000 998000 0 0 0 0 0 0 0 531 
87001000 0 -1665 -2238 -15462 999 -19 -14 0 1583000 1579000 1484000 1477000 1503000 1542000 1532000 1378000 1998000 1000000 0 0 0 0 0 0 0 532 
87201000 0 -1670 -1020 -15792 999 -8 -14 0 1599000 1624000 1483000 1428000 1545000 1527000 1538000 1383000 1998000 998000 0 0 0 0 0 0 0 534 
87401000 0 -1053 -257 -16118 999 -2 -9 0 1599000 1651000 1495000 1493000 1543000 1533000 1560000 1378000 1998000 998000 0 0 0 0 0 0 0 560 
87601000 0 -208 249 -16258 999 2 -1 0 1648000 1681000 1462000 1443000 1544000 1517000 1561000 1379000 1998000 998000 0 0 0 0 0 0 0 561 
87801000 0 253 496 -16022 999 4 2 0 1608000 1594000 1541000 1495000 1561000 1508000 1560000 1380000 1999000 998000 0 0 0 0 0 0 0 560 
88001000 0 592 743 -15256 999 6 5 0 1651000 1641000 1446000 1492000 1569000 1501000 1557000 1380000 1998000 997000 0 0 0 0 0 0 0 558 
88201000 0 1449 347 -14691 999 3 12 0 1638000 1589000 1535000 1468000 1559000 1500000 1557000 1379000 1999000 998000 0 0 0 0 0 0 0 557 
88401000 0 929 998 -13998 999 8 8 0 1643000 1631000 1480000 1468000 1562000 1505000 1557000 1378000 1998000 998000 0 0 0 0 0 0 0 556 
88601000 0 849 753 -13747 999 6 7 0 1628000 1600000 1567000 1431000 1560000 1506000 1557000 1378000 1998000 998000 0 0 0 0 0 0 0 557 
88801000 0 217 1028 -13457 999 8 1 0 1596000 1601000 1504000 1526000 1498000 1525000 1558000 1379000 1999000 998000 0 0 0 0 0 0 0 558 
89001000 0 89 -861 -13104 999 -7 0 0 1620000 1668000 1497000 1445000 1497000 1562000 1558000 1376000 1998000 998000 0 0 0 0 0 0 0 558 
89201000 0 -517 -2029 -12649 999 -17 -4 0 1606000 1678000 1461000 1485000 1472000 1598000 1557000 1373000 1999000 998000 0 0 0 0 0 0 0 558 
89401000 0 -2588 -3087 -12208 999 -26 -22 0 1607000 1676000 1448000 1491000 1461000 1642000 1557000 1369000 1998000 998000 0 0 0 0 0 0 0 557 
89601000 0 -3153 -3710 -12103 999 -32 -27 0 1593000 1633000 1479000 1522000 1470000 1579000 1557000 1370000 1999000 998000 0 0 0 0 0 0 0 557 
89801000 0 -2535 -3603 -12401 999 -31 -22 0 1572000 1565000 1554000 1514000 1496000 1507000 1544000 1370000 1998000 998000 0 0 0 0 0 0 0 552 
90001000 0 -1211 -3488 -12920 999 -30 -10 0 1624000 1634000 1484000 1424000 1514000 1499000 1534000 1371000 1998000 998000 0 0 0 0 0 0 0 534 
90201000 0 -303 -1960 -13847 999 -17 -2 0 1555000 1571000 1501000 1484000 1582000 1498000 1526000 1370000 1998000 998000 0 0 0 0 0 0 0 528 
90401000 0 454 -317 -15112 999 -2 3 0 1535000 1541000 1515000 1503000 1615000 1496000 1524000 1371000 1998000 998000 0 0 0 0 0 0 0 524 
90601000 0 1161 1035 -16646 999 9 10 0 1545000 1532000 1516000 1501000 1561000 1455000 1528000 1368000 1999000 998000 0 0 0 0 0 0 0 528 
90801000 0 1714 811 -18318 999 7 14 0 1546000 1544000 1544000 1496000 1551000 1477000 1536000 1368000 1998000 998000 0 0 0 0 0 0 0 533 
91001000 0 2363 -375 -19866 999 -3 20 0 1576000 1587000 1547000 1449000 1551000 1462000 1543000 1370000 1998000 998000 0 0 0 0 0 0 0 540 
91201000 0 1845 -393 -21229 999 -3 16 0 1539000 1545000 1562000 1536000 1547000 1497000 1562000 1376000 1998000 998000 0 0 0 0 0 0 0 562 
91401000 0 2015 -915 -22232 999 -7 17 0 1641000 1671000 1504000 1465000 1535000 1494000 1578000 1381000 1998000 998000 0 0 0 0 0 0 0 571 
91601000 0 1964 -1078 -23221 999 -9 17 0 1641000 1702000 1515000 1447000 1531000 1479000 1578000 1379000 1998000 998000 0 0 0 0 0 0 0 577 
91801000 0 2628 -1329 -24174 999 -11 22 0 1574000 1565000 1611000 1560000 1501000 1441000 1575000 1379000 1999000 997000 0 0 0 0 0 0 0 575 
92001000 0 1845 -2031 -24613 999 -17 16 0 1652000 1691000 1485000 1447000 1499000 1444000 1566000 1378000 1998000 998000 0 0 0 0 0 0 0 569 
92201000 0 2483 -1605 -25497 999 -14 21 0 1590000 1597000 1515000 1520000 1500000 1471000 1552000 1371000 1998000 998000 0 0 0 0 0 0 0 556 
92401000 0 1014 -960 -26208 999 -8 8 0 1574000 1579000 1484000 1553000 1498000 1509000 1524000 1368000 1998000 997000 0 0 0 0 0 0 0 524 
92601000 0 654 -912 -26896 999 -7 5 0 1585000 1571000 1467000 1482000 1496000 1556000 1527000 1367000 1999000 998000 0 0 0 0 0 0 0 527 
92801000 0 -1474 -1607 -27603 999 -14 -12 0 1608000 1602000 1462000 1443000 1497000 1555000 1542000 1366000 1998000 998000 0 0 0 0 0 0 0 529 
93001000 0 -1858 -1337 -28256 999 -11 -16 0 1591000 1641000 1467000 1483000 1497000 1559000 1549000 1366000 1998000 998000 0 0 0 0 0 0 0 549 
93201000 0 -1295 -868 -28742 999 -7 -11 0 1594000 1652000 1480000 1488000 1496000 1564000 1557000 1369000 1999000 997000 0 0 0 0 0 0 0 554 
93401000 0 -1474 -879 -29052 999 -7 -12 0 1619000 1642000 1513000 1456000 1482000 1561000 1558000 1370000 1998000 998000 0 0 0 0 0 0 0 558 
93601000 0 -2083 -804 -29559 999 -7 -18 0 1601000 1546000 1533000 1547000 1455000 1548000 1556000 1370000 1998000 998000 0 0 0 0 0 0 0 556 
93801000 0 -1298 -1378 -30124 999 -12 -11 0 1611000 1625000 1477000 1513000 1445000 1503000 1558000 1372000 1998000 998000 0 0 0 0 0 0 0 557 
94001000 0 -256 -1721 -30646 999 -15 -2 0 1635000 1672000 1452000 1468000 1456000 1510000 1561000 1376000 1998000 998000 0 0 0 0 0 0 0 557 
94201000 0 -604 -2647 -31327 999 -23 -5 0 1610000 1653000 1509000 1470000 1455000 1513000 1561000 1376000 1999000 998000 0 0 0 0 0 0 0 561 
94401000 0 341 -2809 -32489 999 -24 2 0 1616000 1639000 1515000 1464000 1426000 1501000 1559000 1376000 1998000 998000 0 0 0 0 0 0 0 559 
94601000 0 -26 -3180 -33976 999 -27 0 0 1577000 1599000 1505000 1554000 1492000 1500000 1559000 1379000 1999000 999000 0 0 0 0 0 0 0 559 
94801000 0 -445 -2580 -35091 999 -22 -3 0 1591000 1605000 1503000 1539000 1496000 1513000 1559000 1417000 1998000 998000 0 0 0 0 0 0 0 559 
95001000 0 -768 -2195 -35133 999 -19 -6 0 1547000 1498000 1592000 1601000 1497000 1540000 1561000 1464000 1998000 997000 0 0 0 0 0 0 0 560 
95201000 0 -362 -1346 -33850 999 -11 -3 0 1606000 1603000 1524000 1501000 1496000 1555000 1560000 1495000 1998000 998000 0 0 0 0 0 0 0 559 
95401000 0 -546 -938 -31851 999 -8 -4 0 1607000 1605000 1545000 1480000 1496000 1566000 1562000 1470000 1998000 997000 0 0 0 0 0 0 0 562 
95601000 0 -845 -622 -29918 999 -5 -7 0 1664000 1699000 1487000 1387000 1497000 1536000 1557000 1403000 1998000 998000 0 0 0 0 0 0 0 560 
95801000 0 -322 -746 -28902 999 -6 -2 0 1593000 1582000 1458000 1509000 1496000 1519000 1535000 1388000 1999000 998000 0 0 0 0 0 0 0 536 
96001000 0 1 -1691 -27994 999 -14 0 0 1646000 1692000 1388000 1407000 1496000 1545000 1536000 1386000 1998000 997000 0 0 0 0 0 0 0 536 
96201000 0 -443 -1929 -27316 999 -16 -3 0 1590000 1578000 1501000 1473000 1496000 1517000 1539000 1391000 1999000 997000 0 0 0 0 0 0 0 536 
96401000 0 -1602 -1083 -26681 999 -9 -13 0 1586000 1597000 1476000 1503000 1496000 1548000 1551000 1388000 1998000 997000 0 0 0 0 0 0 0 541 
96601000 0 -1764 -1524 -26607 999 -13 -15 0 1561000 1549000 1563000 1533000 1495000 1548000 1557000 1390000 1998000 998000 0 0 0 0 0 0 0 557 
96801000 0 -1740 -1178 -26831 999 -10 -15 0 1620000 1640000 1468000 1510000 1495000 1500000 1558000 1391000 1999000 998000 0 0 0 0 0 0 0 560 
97088000 0 -1019 -832 -27359 999 -7 -8 0 1632000 1650000 1445000 1490000 1496000 1496000 1555000 1395000 1997000 998000 0 0 0 0 0 0 0 555 
97201000 0 -847 -340 -27831 999 -2 -7 0 1613000 1630000 1525000 1450000 1496000 1496000 1555000 1394000 1998000 998000 0 0 0 0 0 0 0 555 
97401000 0 3734 -4747 -28510 998 -41 32 1 1571000 1595000 1530000 1517000 1496000 1466000 1554000 1393000 1999000 998000 0 0 0 0 0 0 0 554 
97601000 0 -9823 9207 -28901 993 79 -85 6 1619000 1604000 1339000 1651000 1496000 1499000 1554000 1393000 1998000 999000 0 0 0 0 0 0 0 554 
97801000 0 31827 -32987 -33132 922 -273 262 77 1637000 1709000 1800000 1100000 1479000 1499000 1262000 1382000 1998000 998000 0 0 0 0 0 0 -138 262 
98001000 0 22677 -26355 -18858 954 -223 191 44 1100000 1236000 1100000 1763000 1496000 1500000 998000 1351000 1997000 999000 0 0 0 0 0 0 -400 0 
98201000 0 -44582 58796 -27574 806 454 -330 186 1344000 1304000 1100000 1400000 1496000 1499000 998000 1350000 1997000 999000 0 0 0 0 0 0 -400 0 
Hello Junta. Starting Potato Controller now
imu.begin()-IMU comm & initialize completed 
imu.dmpBegin() suceeded
IMU SETUP COMPLETED
