0.000000 0.000000 0.000000 0.000000 0.000000 0.000000 0.000000 0.000000 0.000000 0.000000 0.000000 0.000000 0.000000 0.000000 0.000000 0.000000 0.000000 0.000000 0.000000 0.000000 0.000000 0.000000 0.000000 0.000000 0.000000 0.000000 0.000000 
0.000000 0.000000 0.000000 0.000000 0.000000 0.000000 0.000000 0.000000 0.000000 0.000000 0.000000 0.000000 0.000000 0.000000 0.000000 0.000000 0.000000 0.000000 0.000000 0.000000 0.000000 0.000000 0.000000 0.000000 0.000000 0.000000 0.000000 
0.000000 0.000000 0.000000 0.000000 0.000000 0.000000 0.000000 0.000000 0.000000 0.000000 0.000000 0.000000 0.000000 0.000000 0.000000 0.000000 0.000000 0.000000 0.000000 0.000000 0.000000 0.000000 0.000000 0.000000 0.000000 0.000000 0.000000 
0.000000 0.000000 0.000000 0.000000 0.000000 0.000000 0.000000 0.000000 0.000000 0.000000 0.000000 0.000000 0.000000 0.000000 0.000000 0.000000 0.000000 0.000000 0.000000 0.000000 0.000000 0.000000 0.000000 0.000000 0.000000 0.000000 0.000000 
0.000000 0.000000 0.000000 0.000000 0.000000 0.000000 0.000000 0.000000 0.000000 0.000000 0.000000 0.000000 0.000000 0.000000 0.000000 0.000000 0.000000 0.000000 0.000000 0.000000 0.000000 0.000000 0.000000 0.000000 0.000000 0.000000 0.000000 
0.000000 0.000000 0.000000 0.000000 0.000000 0.000000 0.000000 0.000000 0.000000 0.000000 0.000000 0.000000 0.000000 0.000000 0.000000 0.000000 0.000000 0.000000 0.000000 0.000000 0.000000 0.000000 0.000000 0.000000 0.000000 0.000000 0.000000 
0.000000 0.000000 0.000000 0.000000 0.000000 0.000000 0.000000 0.000000 0.000000 0.000000 0.000000 0.000000 0.000000 0.000000 0.000000 0.000000 0.000000 0.000000 0.000000 0.000000 0.000000 0.000000 0.000000 0.000000 0.000000 0.000000 0.000000 
0.000000 0.000000 0.000000 0.000000 0.000000 0.000000 0.000000 0.000000 0.000000 0.000000 0.000000 0.000000 0.000000 0.000000 0.000000 0.000000 0.000000 0.000000 0.000000 0.000000 0.000000 0.000000 0.000000 0.000000 0.000000 0.000000 0.000000 
0.000000 0.000000 0.000000 0.000000 0.000000 0.000000 0.000000 0.000000 0.000000 0.000000 0.000000 0.000000 0.000000 0.000000 0.000000 0.000000 0.000000 0.000000 0.000000 0.000000 0.000000 0.000000 0.000000 0.000000 0.000000 0.000000 0.000000 
0.000000 0.000000 0.000000 0.000000 0.000000 0.000000 0.000000 0.000000 0.000000 0.000000 0.000000 0.000000 0.000000 0.000000 0.000000 0.000000 0.000000 0.000000 0.000000 0.000000 0.000000 0.000000 0.000000 0.000000 0.000000 0.000000 0.000000 
0.000000 0.000000 0.000000 0.000000 0.000000 0.000000 0.000000 0.000000 0.000000 0.000000 0.000000 0.000000 0.000000 0.000000 0.000000 0.000000 0.000000 0.000000 0.000000 0.000000 0.000000 0.000000 0.000000 0.000000 0.000000 0.000000 0.000000 
0.000000 0.000000 0.000000 0.000000 0.000000 0.000000 0.000000 0.000000 0.000000 0.000000 0.000000 0.000000 0.000000 0.000000 0.000000 0.000000 0.000000 0.000000 0.000000 0.000000 0.000000 0.000000 0.000000 0.000000 0.000000 0.000000 0.000000 
0.000000 0.000000 0.000000 0.000000 0.000000 0.000000 0.000000 0.000000 0.000000 0.000000 0.000000 0.000000 0.000000 0.000000 0.000000 0.000000 0.000000 0.000000 0.000000 0.000000 0.000000 0.000000 0.000000 0.000000 0.000000 0.000000 0.000000 
0.000000 0.000000 0.000000 0.000000 0.000000 0.000000 0.000000 0.000000 0.000000 0.000000 0.000000 0.000000 0.000000 0.000000 0.000000 0.000000 0.000000 0.000000 0.000000 0.000000 0.000000 0.000000 0.000000 0.000000 0.000000 0.000000 0.000000 
0.000000 0.000000 0.000000 0.000000 0.000000 0.000000 0.000000 0.000000 0.000000 0.000000 0.000000 0.000000 0.000000 0.000000 0.000000 0.000000 0.000000 0.000000 0.000000 0.000000 0.000000 0.000000 0.000000 0.000000 0.000000 0.000000 0.000000 
0.000000 0.000000 0.000000 0.000000 0.000000 0.000000 0.000000 0.000000 0.000000 0.000000 0.000000 0.000000 0.000000 0.000000 0.000000 0.000000 0.000000 0.000000 0.000000 0.000000 0.000000 0.000000 0.000000 0.000000 0.000000 0.000000 0.000000 
0.000000 0.000000 0.000000 0.000000 0.000000 0.000000 0.000000 0.000000 0.000000 0.000000 0.000000 0.000000 0.000000 0.000000 0.000000 0.000000 0.000000 0.000000 0.000000 0.000000 0.000000 0.000000 0.000000 0.000000 0.000000 0.000000 0.000000 
0.000000 0.000000 0.000000 0.000000 0.000000 0.000000 0.000000 0.000000 0.000000 0.000000 0.000000 0.000000 0.000000 0.000000 0.000000 0.000000 0.000000 0.000000 0.000000 0.000000 0.000000 0.000000 0.000000 0.000000 0.000000 0.000000 0.000000 
0.000000 0.000000 0.000000 0.000000 0.000000 0.000000 0.000000 0.000000 0.000000 0.000000 0.000000 0.000000 0.000000 0.000000 0.000000 0.000000 0.000000 0.000000 0.000000 0.000000 0.000000 0.000000 0.000000 0.000000 0.000000 0.000000 0.000000 
0.000000 0.000000 0.000000 0.000000 0.000000 0.000000 0.000000 0.000000 0.000000 0.000000 0.000000 0.000000 0.000000 0.000000 0.000000 0.000000 0.000000 0.000000 0.000000 0.000000 0.000000 0.000000 0.000000 0.000000 0.000000 0.000000 0.000000 
0.000000 0.000000 0.000000 0.000000 0.000000 0.000000 0.000000 0.000000 0.000000 0.000000 0.000000 0.000000 0.000000 0.000000 0.000000 0.000000 0.000000 0.000000 0.000000 0.000000 0.000000 0.000000 0.000000 0.000000 0.000000 0.000000 0.000000 
0.000000 0.000000 0.000000 0.000000 0.000000 0.000000 0.000000 0.000000 0.000000 0.000000 0.000000 0.000000 0.000000 0.000000 0.000000 0.000000 0.000000 0.000000 0.000000 0.000000 0.000000 0.000000 0.000000 0.000000 0.000000 0.000000 0.000000 
0.000000 0.000000 0.000000 0.000000 0.000000 0.000000 0.000000 0.000000 0.000000 0.000000 0.000000 0.000000 0.000000 0.000000 0.000000 0.000000 0.000000 0.000000 0.000000 0.000000 0.000000 0.000000 0.000000 0.000000 0.000000 0.000000 0.000000 
0.000000 0.000000 0.000000 0.000000 0.000000 0.000000 0.000000 0.000000 0.000000 0.000000 0.000000 0.000000 0.000000 0.000000 0.000000 0.000000 0.000000 0.000000 0.000000 0.000000 0.000000 0.000000 0.000000 0.000000 0.000000 0.000000 0.000000 
0.000000 0.000000 0.000000 0.000000 0.000000 0.000000 0.000000 0.000000 0.000000 0.000000 0.000000 0.000000 0.000000 0.000000 0.000000 0.000000 0.000000 0.000000 0.000000 0.000000 0.000000 0.000000 0.000000 0.000000 0.000000 0.000000 0.000000 
0.000000 0.000000 0.000000 0.000000 0.000000 0.000000 0.000000 0.000000 0.000000 0.000000 0.000000 0.000000 0.000000 0.000000 0.000000 0.000000 0.000000 0.000000 0.000000 0.000000 0.000000 0.000000 0.000000 0.000000 0.000000 0.000000 0.000000 
0.000000 0.000000 0.000000 0.000000 0.000000 0.000000 0.000000 0.000000 0.000000 0.000000 0.000000 0.000000 0.000000 0.000000 0.000000 0.000000 0.000000 0.000000 0.000000 0.000000 0.000000 0.000000 0.000000 0.000000 0.000000 0.000000 0.000000 
0.000000 0.000000 0.000000 0.000000 0.000000 0.000000 0.000000 0.000000 0.000000 0.000000 0.000000 0.000000 0.000000 0.000000 0.000000 0.000000 0.000000 0.000000 0.000000 0.000000 0.000000 0.000000 0.000000 0.000000 0.000000 0.000000 0.000000 
0.000000 0.000000 0.000000 0.000000 0.000000 0.000000 0.000000 0.000000 0.000000 0.000000 0.000000 0.000000 0.000000 0.000000 0.000000 0.000000 0.000000 0.000000 0.000000 0.000000 0.000000 0.000000 0.000000 0.000000 0.000000 0.000000 0.000000 
0.000000 0.000000 0.000000 0.000000 0.000000 0.000000 0.000000 0.000000 0.000000 0.000000 0.000000 0.000000 0.000000 0.000000 0.000000 0.000000 0.000000 0.000000 0.000000 0.000000 0.000000 0.000000 0.000000 0.000000 0.000000 0.000000 0.000000 
0.000000 0.000000 0.000000 0.000000 0.000000 0.000000 0.000000 0.000000 0.000000 0.000000 0.000000 0.000000 0.000000 0.000000 0.000000 0.000000 0.000000 0.000000 0.000000 0.000000 0.000000 0.000000 0.000000 0.000000 0.000000 0.000000 0.000000 
0.000000 0.000000 0.000000 0.000000 0.000000 0.000000 0.000000 0.000000 0.000000 0.000000 0.000000 0.000000 0.000000 0.000000 0.000000 0.000000 0.000000 0.000000 0.000000 0.000000 0.000000 0.000000 0.000000 0.000000 0.000000 0.000000 0.000000 
0.000000 0.000000 0.000000 0.000000 0.000000 0.000000 0.000000 0.000000 0.000000 0.000000 0.000000 0.000000 0.000000 0.000000 0.000000 0.000000 0.000000 0.000000 0.000000 0.000000 0.000000 0.000000 0.000000 0.000000 0.000000 0.000000 0.000000 
0.000000 0.000000 0.000000 0.000000 0.000000 0.000000 0.000000 0.000000 0.000000 0.000000 0.000000 0.000000 0.000000 0.000000 0.000000 0.000000 0.000000 0.000000 0.000000 0.000000 0.000000 0.000000 0.000000 0.000000 0.000000 0.000000 0.000000 
0.000000 0.000000 0.000000 0.000000 0.000000 0.000000 0.000000 0.000000 0.000000 0.000000 0.000000 0.000000 0.000000 0.000000 0.000000 0.000000 0.000000 0.000000 0.000000 0.000000 0.000000 0.000000 0.000000 0.000000 0.000000 0.000000 0.000000 
0.000000 0.000000 0.000000 0.000000 0.000000 0.000000 0.000000 0.000000 0.000000 0.000000 0.000000 0.000000 0.000000 0.000000 0.000000 0.000000 0.000000 0.000000 0.000000 0.000000 0.000000 0.000000 0.000000 0.000000 0.000000 0.000000 0.000000 
0.000000 0.000000 0.000000 0.000000 0.000000 0.000000 0.000000 0.000000 0.000000 0.000000 0.000000 0.000000 0.000000 0.000000 0.000000 0.000000 0.000000 0.000000 0.000000 0.000000 0.000000 0.000000 0.000000 0.000000 0.000000 0.000000 0.000000 
0.000000 0.000000 0.000000 0.000000 0.000000 0.000000 0.000000 0.000000 0.000000 0.000000 0.000000 0.000000 0.000000 0.000000 0.000000 0.000000 0.000000 0.000000 0.000000 0.000000 0.000000 0.000000 0.000000 0.000000 0.000000 0.000000 0.000000 
0.000000 0.000000 0.000000 0.000000 0.000000 0.000000 0.000000 0.000000 0.000000 0.000000 0.000000 0.000000 0.000000 0.000000 0.000000 0.000000 0.000000 0.000000 0.000000 0.000000 0.000000 0.000000 0.000000 0.000000 0.000000 0.000000 0.000000 
0.000000 0.000000 0.000000 0.000000 0.000000 0.000000 0.000000 0.000000 0.000000 0.000000 0.000000 0.000000 0.000000 0.000000 0.000000 0.000000 0.000000 0.000000 0.000000 0.000000 0.000000 0.000000 0.000000 0.000000 0.000000 0.000000 0.000000 
0.000000 0.000000 0.000000 0.000000 0.000000 0.000000 0.000000 0.000000 0.000000 0.000000 0.000000 0.000000 0.000000 0.000000 0.000000 0.000000 0.000000 0.000000 0.000000 0.000000 0.000000 0.000000 0.000000 0.000000 0.000000 0.000000 0.000000 
0.000000 0.000000 0.000000 0.000000 0.000000 0.000000 0.000000 0.000000 0.000000 0.000000 0.000000 0.000000 0.000000 0.000000 0.000000 0.000000 0.000000 0.000000 0.000000 0.000000 0.000000 0.000000 0.000000 0.000000 0.000000 0.000000 0.000000 
0.000000 0.000000 0.000000 0.000000 0.000000 0.000000 0.000000 0.000000 0.000000 0.000000 0.000000 0.000000 0.000000 0.000000 0.000000 0.000000 0.000000 0.000000 0.000000 0.000000 0.000000 0.000000 0.000000 0.000000 0.000000 0.000000 0.000000 
0.000000 0.000000 0.000000 0.000000 0.000000 0.000000 0.000000 0.000000 0.000000 0.000000 0.000000 0.000000 0.000000 0.000000 0.000000 0.000000 0.000000 0.000000 0.000000 0.000000 0.000000 0.000000 0.000000 0.000000 0.000000 0.000000 0.000000 
0.000000 0.000000 0.000000 0.000000 0.000000 0.000000 0.000000 0.000000 0.000000 0.000000 0.000000 0.000000 0.000000 0.000000 0.000000 0.000000 0.000000 0.000000 0.000000 0.000000 0.000000 0.000000 0.000000 0.000000 0.000000 0.000000 0.000000 
0.000000 0.000000 0.000000 0.000000 0.000000 0.000000 0.000000 0.000000 0.000000 0.000000 0.000000 0.000000 0.000000 0.000000 0.000000 0.000000 0.000000 0.000000 0.000000 0.000000 0.000000 0.000000 0.000000 0.000000 0.000000 0.000000 0.000000 
0.000000 0.000000 0.000000 0.000000 0.000000 0.000000 0.000000 0.000000 0.000000 0.000000 0.000000 0.000000 0.000000 0.000000 0.000000 0.000000 0.000000 0.000000 0.000000 0.000000 0.000000 0.000000 0.000000 0.000000 0.000000 0.000000 0.000000 
0.000000 0.000000 0.000000 0.000000 0.000000 0.000000 0.000000 0.000000 0.000000 0.000000 0.000000 0.000000 0.000000 0.000000 0.000000 0.000000 0.000000 0.000000 0.000000 0.000000 0.000000 0.000000 0.000000 0.000000 0.000000 0.000000 0.000000 
0.000000 0.000000 0.000000 0.000000 0.000000 0.000000 0.000000 0.000000 0.000000 0.000000 0.000000 0.000000 0.000000 0.000000 0.000000 0.000000 0.000000 0.000000 0.000000 0.000000 0.000000 0.000000 0.000000 0.000000 0.000000 0.000000 0.000000 
0.000000 0.000000 0.000000 0.000000 0.000000 0.000000 0.000000 0.000000 0.000000 0.000000 0.000000 0.000000 0.000000 0.000000 0.000000 0.000000 0.000000 0.000000 0.000000 0.000000 0.000000 0.000000 0.000000 0.000000 0.000000 0.000000 0.000000 
0.000000 0.000000 0.000000 0.000000 0.000000 0.000000 0.000000 0.000000 0.000000 0.000000 0.000000 0.000000 0.000000 0.000000 0.000000 0.000000 0.000000 0.000000 0.000000 0.000000 0.000000 0.000000 0.000000 0.000000 0.000000 0.000000 0.000000 
0.000000 0.000000 0.000000 0.000000 0.000000 0.000000 0.000000 0.000000 0.000000 0.000000 0.000000 0.000000 0.000000 0.000000 0.000000 0.000000 0.000000 0.000000 0.000000 0.000000 0.000000 0.000000 0.000000 0.000000 0.000000 0.000000 0.000000 
0.000000 0.000000 0.000000 0.000000 0.000000 0.000000 0.000000 0.000000 0.000000 0.000000 0.000000 0.000000 0.000000 0.000000 0.000000 0.000000 0.000000 0.000000 0.000000 0.000000 0.000000 0.000000 0.000000 0.000000 0.000000 0.000000 0.000000 
0.000000 0.000000 0.000000 0.000000 0.000000 0.000000 0.000000 0.000000 0.000000 0.000000 0.000000 0.000000 0.000000 0.000000 0.000000 0.000000 0.000000 0.000000 0.000000 0.000000 0.000000 0.000000 0.000000 0.000000 0.000000 0.000000 0.000000 
0.000000 0.000000 0.000000 0.000000 0.000000 0.000000 0.000000 0.000000 0.000000 0.000000 0.000000 0.000000 0.000000 0.000000 0.000000 0.000000 0.000000 0.000000 0.000000 0.000000 0.000000 0.000000 0.000000 0.000000 0.000000 0.000000 0.000000 
0.000000 0.000000 0.000000 0.0000000.000000 0.000000 0.000000 0.000000 0.000000 0.000000 0.000000 0.000000 0.000000 0.000000 0.000000 0.000000 0.000000 0.000000 0.000000 0.000000 0.000000 0.000000 0.000000 0.000000 0.000000 0.000000 0.000000 0.000000 0.000000 0.000000 0.000000 
0.000000 0.000000 0.000000 0.000000 0.000000 0.000000 0.000000 0.000000 0.000000 0.000000 0.000000 0.000000 0.000000 0.000000 0.000000 0.000000 0.000000 0.000000 0.000000 0.000000 0.000000 0.000000 0.000000 0.000000 0.000000 0.000000 0.000000 
0.000000 0.000000 0.000000 0.000000 0.000000 0.000000 0.000000 0.000000 0.000000 0.000000 0.000000 0.000000 0.000000 0.000000 0.000000 0.000000 0.000000 0.000000 0.000000 0.000000 0.000000 0.000000 0.000000 0.000000 0.000000 0.000000 0.000000 
0.000000 0.000000 0.000000 0.000000 0.000000 Hello Junta. Starting Potato Controller now
imu.begin()-IMU comm & initialize completed 
imu.dmpBegin() suceeded
IMU SETUP COMPLETED
201000 0 1272 -2107 -13139 999 -18 11 0 1100000 1100000 1100000 1100000 1497000 1499000 997000 1552000 1998000 998000 0 0 0 0 0 0 -400 0 
401000 0 1257 -2127 -13391 999 -18 10 0 1100000 1100000 1100000 1100000 1498000 1499000 997000 1497000 1998000 997000 0 0 0 0 0 0 -400 0 
601000 0 1285 -2107 -13633 999 -18 11 0 1100000 1100000 1100000 1100000 1499000 1498000 998000 1496000 1998000 997000 0 0 0 0 0 0 -400 0 
801000 0 1287 -2119 -13887 999 -18 11 0 1100000 1100000 1100000 1100000 1498000 1499000 997000 1496000 1999000 998000 0 0 0 0 0 0 -400 0 
1001000 0 1292 -2115 -14136 999 -18 11 0 1100000 1100000 1100000 1100000 1496000 1499000 997000 1496000 1998000 997000 0 0 0 0 0 0 -400 0 
1201000 0 1291 -2119 -14384 999 -18 11 0 1100000 1100000 1100000 1100000 1497000 1498000 998000 1496000 1998000 997000 0 0 0 0 0 0 -400 0 
1401000 0 1289 -2110 -14634 999 -18 11 0 1100000 1100000 1100000 1100000 1497000 1499000 997000 1496000 1999000 997000 0 0 0 0 0 0 -400 0 
1601000 0 1287 -2111 -14879 999 -18 11 0 1100000 1100000 1100000 1100000 1497000 1498000 997000 1496000 1998000 997000 0 0 0 0 0 0 -400 0 
1801000 0 1277 -2118 -15126 999 -18 11 0 1100000 1100000 1100000 1100000 1497000 1499000 997000 1495000 1998000 998000 0 0 0 0 0 0 -400 0 
2001000 0 1278 -2123 -15372 999 -18 11 0 1100000 1100000 1100000 1100000 1496000 1499000 997000 1496000 1999000 997000 0 0 0 0 0 0 -400 0 
2201000 0 1277 -2122 -15622 999 -18 11 0 1100000 1100000 1100000 1100000 1497000 1498000 997000 1496000 1998000 997000 0 0 0 0 0 0 -400 0 
2401000 0 1290 -2127 -15871 999 -18 11 0 1100000 1100000 1100000 1100000 1498000 1499000 997000 1495000 1999000 998000 0 0 0 0 0 0 -400 0 
2601000 0 1291 -2125 -16125 999 -18 11 0 1100000 1100000 1100000 1100000 1497000 1499000 997000 1496000 1998000 997000 0 0 0 0 0 0 -400 0 
2801000 0 1281 -2121 -16374 999 -18 11 0 1100000 1100000 1100000 1100000 1496000 1498000 997000 1496000 1998000 997000 0 0 0 0 0 0 -400 0 
3001000 0 1289 -2118 -16624 999 -18 11 0 1100000 1100000 1100000 1100000 1497000 1499000 997000 1496000 1999000 998000 0 0 0 0 0 0 -400 0 
3201000 0 1289 -2119 -16863 999 -18 11 0 1100000 1100000 1100000 1100000 1497000 1499000 997000 1496000 1998000 997000 0 0 0 0 0 0 -400 0 
3401000 0 1293 -2120 -17109 999 -18 11 0 1100000 1100000 1100000 1100000 1496000 1499000 997000 1496000 1999000 997000 0 0 0 0 0 0 -400 0 
3601000 0 1300 -2111 -17360 999 -18 11 0 1100000 1100000 1100000 1100000 1497000 1499000 998000 1496000 1998000 997000 0 0 0 0 0 0 -400 0 
3801000 0 1270 -2058 -17570 999 -17 11 0 1100000 1100000 1100000 1100000 1498000 1498000 997000 1496000 1999000 997000 0 0 0 0 0 0 -400 0 
4001000 0 1050 -1746 -17572 999 -15 9 0 1100000 1100000 1100000 1100000 1497000 1499000 998000 1496000 1998000 997000 0 0 0 0 0 0 -400 0 
4201000 0 846 -1465 -17570 999 -12 7 0 1100000 1100000 1100000 1100000 1497000 1499000 997000 1496000 1998000 997000 0 0 0 0 0 0 -400 0 
4401000 0 671 -1236 -17570 999 -10 5 0 1100000 1100000 1100000 1100000 1497000 1498000 998000 1495000 1998000 997000 0 0 0 0 0 0 -400 0 
4601000 0 519 -1027 -17572 999 -8 4 0 1100000 1100000 1100000 1100000 1497000 1498000 997000 1496000 2000000 997000 0 0 0 0 0 0 -400 0 
4801000 0 384 -857 -17573 999 -7 3 0 1100000 1100000 1100000 1100000 1497000 1499000 997000 1495000 1998000 998000 0 0 0 0 0 0 -400 0 
5001000 0 274 -703 -17578 999 -6 2 0 1100000 1100000 1100000 1100000 1497000 1498000 997000 1496000 1998000 997000 0 0 0 0 0 0 -400 0 
5201000 0 174 -576 -17578 999 -5 1 0 1100000 1100000 1100000 1100000 1497000 1499000 997000 1495000 1998000 998000 0 0 0 0 0 0 -400 0 
5401000 0 99 -460 -17581 999 -4 0 0 1100000 1100000 1100000 1100000 1496000 1498000 997000 1496000 1998000 997000 0 0 0 0 0 0 -400 0 
5601000 0 19 -364 -17588 999 -3 0 0 1100000 1100000 1100000 1100000 1497000 1499000 997000 1495000 1998000 998000 0 0 0 0 0 0 -400 0 
5801000 0 -53 -288 -17592 999 -2 0 0 1100000 1100000 1100000 1100000 1497000 1498000 997000 1496000 1998000 997000 0 0 0 0 0 0 -400 0 
6001000 0 -93 -224 -17597 999 -1 0 0 1100000 1100000 1100000 1100000 1497000 1498000 997000 1495000 1998000 998000 0 0 0 0 0 0 -400 0 
6201000 0 -149 -165 -17598 999 -1 -1 0 1100000 1100000 1100000 1100000 1496000 1499000 997000 1496000 1998000 997000 0 0 0 0 0 0 -400 0 
6401000 0 -189 -105 -17600 999 0 -1 0 1100000 1100000 1100000 1100000 1498000 1499000 997000 1495000 1999000 998000 0 0 0 0 0 0 -400 0 
6601000 0 -232 -57 -17603 999 0 -2 0 1100000 1100000 1100000 1100000 1496000 1499000 997000 1496000 1998000 997000 0 0 0 0 0 0 -400 0 
6801000 0 -245 -10 -17603 999 0 -2 0 1100000 1100000 1100000 1100000 1497000 1499000 997000 1495000 1999000 998000 0 0 0 0 0 0 -400 0 
7001000 0 -259 24 -17606 999 0 -2 0 1100000 1100000 1100000 1100000 1496000 1499000 997000 1496000 1998000 997000 0 0 0 0 0 0 -400 0 
7201000 0 -286 39 -17608 999 0 -2 0 1100000 1100000 1100000 1100000 1497000 1498000 997000 1495000 1998000 998000 0 0 0 0 0 0 -400 0 
7401000 0 -308 55 -17609 999 0 -2 0 1100000 1100000 1100000 1100000 1497000 1498000 997000 1496000 1998000 997000 0 0 0 0 0 0 -400 0 
7601000 0 -325 77 -17617 999 0 -2 0 1100000 1100000 1100000 1100000 1497000 1499000 997000 1495000 1998000 998000 0 0 0 0 0 0 -400 0 
7801000 0 -337 93 -17622 999 0 -2 0 1100000 1100000 1100000 1100000 1496000 1498000 997000 1496000 1998000 997000 0 0 0 0 0 0 -400 0 
8001000 0 -351 104 -17624 999 0 -3 0 1100000 1100000 1100000 1100000 1497000 1499000 997000 1495000 1998000 998000 0 0 0 0 0 0 -400 0 
8201000 0 -353 110 -17627 999 0 -3 0 1100000 1100000 1100000 1100000 1497000 1498000 997000 1496000 1998000 997000 0 0 0 0 0 0 -400 0 
8401000 0 -371 120 -17627 999 1 -3 0 1100000 1100000 1100000 1100000 1497000 1499000 998000 1495000 1998000 997000 0 0 0 0 0 0 -400 0 
8601000 0 -372 140 -17633 999 1 -3 0 1100000 1100000 1100000 1100000 1497000 1499000 997000 1496000 1998000 997000 0 0 0 0 0 0 -400 0 
8801000 0 -372 155 -17636 999 1 -3 0 1100000 1100000 1100000 1100000 1497000 1498000 998000 1496000 1998000 997000 0 0 0 0 0 0 -400 0 
9001000 0 -374 168 -17638 999 1 -3 0 1100000 1100000 1100000 1100000 1496000 1499000 997000 1496000 1999000 997000 0 0 0 0 0 0 -400 0 
9201000 0 -378 190 -17640 999 1 -3 0 1100000 1100000 1100000 1100000 1498000 1499000 998000 1496000 1998000 997000 0 0 0 0 0 0 -400 0 
9401000 0 -375 197 -17644 999 1 -3 0 1100000 1100000 1100000 1100000 1497000 1498000 997000 1496000 1999000 997000 0 0 0 0 0 0 -400 0 
9601000 0 -380 197 -17650 999 1 -3 0 1100000 1100000 1100000 1100000 1496000 1499000 997000 1496000 1998000 997000 0 0 0 0 0 0 -400 0 
9801000 0 -395 191 -17651 999 1 -3 0 1100000 1100000 1100000 1100000 1497000 1499000 997000 1496000 1999000 998000 0 0 0 0 0 0 -400 0 
10001000 0 -389 189 -17655 999 1 -3 0 1100000 1100000 1100000 1100000 1498000 1498000 997000 1496000 1998000 997000 0 0 0 0 0 0 -400 0 
10201000 0 -396 200 -17658 999 1 -3 0 1100000 1100000 1100000 1100000 1499000 1498000 997000 1496000 1999000 998000 0 0 0 0 0 0 -400 0 
10401000 0 -397 198 -17661 999 1 -3 0 1100000 1100000 1100000 1100000 1497000 1498000 997000 1496000 1998000 997000 0 0 0 0 0 0 -400 0 
10601000 0 -400 200 -17664 999 1 -3 0 1100000 1100000 1100000 1100000 1498000 1499000 997000 1495000 1998000 998000 0 0 0 0 0 0 -400 0 
10801000 0 -401 192 -17666 999 1 -3 0 1100000 1100000 1100000 1100000 1497000 1499000 997000 1496000 1998000 997000 0 0 0 0 0 0 -400 0 
11001000 0 -400 195 -17669 999 1 -3 0 1100000 1100000 1100000 1100000 1498000 1498000 998000 1496000 1998000 997000 0 0 0 0 0 0 -400 0 
11201000 0 -403 210 -17673 999 1 -3 0 1100000 1100000 1100000 1100000 1498000 1499000 997000 1496000 1999000 997000 0 0 0 0 0 0 -400 0 
11401000 0 -412 217 -17677 999 1 -3 0 1100000 1100000 1100000 1100000 1496000 1499000 997000 1496000 1998000 997000 0 0 0 0 0 0 -400 0 
11601000 0 -412 213 -17676 999 1 -3 0 1100000 1100000 1100000 1100000 1497000 1499000 997000 1496000 1999000 998000 0 0 0 0 0 0 -400 0 
11801000 0 -416 228 -17679 999 1 -3 0 1100000 1100000 1100000 1100000 1496000 1499000 997000 1496000 1998000 997000 0 0 0 0 0 0 -400 0 
12001000 0 -428 231 -17682 999 2 -3 0 1100000 1100000 1100000 1100000 1497000 1499000 997000 1495000 1998000 998000 0 0 0 0 0 0 -400 0 
12201000 0 -431 232 -17680 999 2 -3 0 1100000 1100000 1100000 1100000 1498000 1498000 997000 1496000 1998000 997000 0 0 0 0 0 0 -400 0 
12401000 0 -433 246 -17681 999 2 -3 0 1100000 1100000 1100000 1100000 1497000 1498000 998000 1496000 2000000 997000 0 0 0 0 0 0 -400 0 
12601000 0 -445 257 -17680 999 2 -3 0 1100000 1100000 1100000 1100000 1497000 1499000 997000 1496000 2001000 997000 0 0 0 0 0 0 -400 0 
12801000 0 -439 271 -17679 999 2 -3 0 1100000 1100000 1100000 1100000 1497000 1499000 997000 1496000 2000000 997000 0 0 0 0 0 0 -400 0 
13001000 0 -433 276 -17684 999 2 -3 0 1100000 1100000 1100000 1100000 1497000 1499000 997000 1496000 2001000 995000 0 0 0 0 0 0 -400 0 
13201000 0 -430 272 -17681 999 2 -3 0 1100000 1100000 1100000 1100000 1496000 1498000 998000 1496000 1998000 995000 0 0 0 0 0 0 -400 0 
13401000 0 -422 273 -17680 999 2 -3 0 1100000 1100000 1100000 1100000 1497000 1499000 997000 1495000 1998000 994000 0 0 0 0 0 0 -400 0 
13601000 0 -432 276 -17680 999 2 -3 0 1100000 1100000 1100000 1100000 1498000 1499000 997000 1496000 1999000 998000 0 0 0 0 0 0 -400 0 
13801000 0 -424 272 -17678 999 2 -3 0 1100000 1100000 1100000 1100000 1497000 1498000 998000 1496000 1998000 997000 0 0 0 0 0 0 -400 0 
14001000 0 -419 274 -17677 999 2 -3 0 1100000 1100000 1100000 1100000 1497000 1499000 997000 1496000 1998000 998000 0 0 0 0 0 0 -400 0 
14201000 0 -421 278 -17679 999 2 -3 0 1100000 1100000 1100000 1100000 1497000 1498000 997000 1496000 2000000 998000 0 0 0 0 0 0 -400 0 
14401000 0 -427 287 -17677 999 2 -3 0 1100000 1100000 1100000 1100000 1498000 1499000 997000 1495000 1998000 997000 0 0 0 0 0 0 -400 0 
14601000 0 -428 285 -17676 999 2 -3 0 1100000 1100000 1100000 1100000 1497000 1499000 997000 1496000 2000000 998000 0 0 0 0 0 0 -400 0 
14801000 0 -418 291 -17681 999 2 -3 0 1100000 1100000 1100000 1100000 1497000 1499000 998000 1496000 2000000 997000 0 0 0 0 0 0 -400 0 
15001000 0 -424 288 -17678 999 2 -3 0 1100000 1100000 1100000 1100000 1498000 1499000 997000 1496000 1999000 997000 0 0 0 0 0 0 -400 0 
15201000 0 -421 294 -17679 999 2 -3 0 1100000 1100000 1100000 1100000 1496000 1498000 997000 1496000 1998000 998000 0 0 0 0 0 0 -400 0 
15401000 0 -420 289 -17678 999 2 -3 0 1100000 1100000 1100000 1100000 1498000 1498000 998000 1495000 1998000 996000 0 0 0 0 0 0 -400 0 
15601000 0 -422 285 -17680 999 2 -3 0 1100000 1100000 1100000 1100000 1498000 1499000 997000 1496000 1999000 998000 0 0 0 0 0 0 -400 0 
15801000 0 -415 294 -17681 999 2 -3 0 1100000 1100000 1100000 1100000 1497000 1499000 997000 1496000 1998000 997000 0 0 0 0 0 0 -400 0 
16001000 0 -412 289 -17683 999 2 -3 0 1100000 1100000 1100000 1100000 1498000 1499000 997000 1495000 1999000 998000 0 0 0 0 0 0 -400 0 
16201000 0 -430 290 -17681 999 2 -3 0 1100000 1100000 1100000 1100000 1498000 1499000 997000 1496000 1998000 998000 0 0 0 0 0 0 -400 0 
16401000 0 -421 296 -17679 999 2 -3 0 1100000 1100000 1100000 1100000 1498000 1499000 998000 1496000 1998000 997000 0 0 0 0 0 0 -400 0 
16663000 0 -409 286 -17679 999 2 -3 0 1100000 1100000 1100000 1100000 1497000 1498000 998000 1497000 1997000 998000 0 0 0 0 0 0 -400 0 
16801000 0 -399 286 -17680 999 2 -3 0 1100000 1100000 1100000 1100000 1497000 1499000 997000 1496000 1999000 998000 0 0 0 0 0 0 -400 0 
17001000 0 -261 691 -17682 999 6 -2 0 1100000 1100000 1100000 1100000 1498000 1499000 998000 1496000 1998000 997000 0 0 0 0 0 0 -400 0 
17201000 0 -282 636 -17681 999 5 -2 0 1100000 1100000 1100000 1100000 1497000 1499000 997000 1496000 1999000 998000 0 0 0 0 0 0 -400 0 
17401000 0 -299 582 -17675 999 5 -2 0 1100000 1100000 1100000 1100000 1497000 1499000 997000 1496000 1998000 998000 0 0 0 0 0 0 -400 0 
17601000 0 -313 524 -17674 999 4 -2 0 1100000 1100000 1100000 1100000 1498000 1499000 997000 1495000 1998000 997000 0 0 0 0 0 0 -400 0 
17801000 0 -331 486 -17674 999 4 -2 0 1100000 1100000 1100000 1100000 1498000 1499000 997000 1496000 1999000 998000 0 0 0 0 0 0 -400 0 
18001000 0 -341 451 -17671 999 3 -2 0 1100000 1100000 1100000 1100000 1497000 1499000 997000 1496000 1998000 997000 0 0 0 0 0 0 -400 0 
18201000 0 -364 432 -17669 999 3 -3 0 1100000 1100000 1100000 1100000 1498000 1499000 997000 1496000 1999000 998000 0 0 0 0 0 0 -400 0 
18401000 0 -377 412 -17666 999 3 -3 0 1100000 1100000 1100000 1100000 1499000 1498000 998000 1496000 1998000 997000 0 0 0 0 0 0 -400 0 
Hello Junta. Starting Potato Controller now
imu.begin()-IMU comm & initialize completed 
imu.dmpBegin() suceeded
IMU SETUP COMPLETED
Hello Junta. Starting Potato Controller now
imu.begin()-IMU comm & initialize completed 
imu.dmpBegin() suceeded
IMU SETUP COMPLETED
201000 0 715 -1867 -14383 999 -16 6 0 1100000 1100000 1262000 1217000 1497000 1499000 997000 1997000 1998000 997000 0 0 0 0 0 0 -400 0 
401000 0 521 -1611 -14436 999 -14 4 0 1100000 1100000 1240000 1269000 1497000 1499000 997000 1997000 1999000 997000 0 0 0 0 0 0 -400 0 
601000 0 624 -1654 -14711 999 -14 5 0 1100000 1100000 1100000 1100000 1498000 1499000 997000 1496000 1999000 998000 0 0 0 0 0 0 -400 0 
801000 0 913 -1936 -15118 999 -16 7 0 1100000 1100000 1100000 1100000 1498000 1498000 997000 1496000 1998000 997000 0 0 0 0 0 0 -400 0 
1001000 0 808 -1965 -15301 999 -17 7 0 1100000 1100000 1100000 1100000 1498000 1498000 998000 1496000 1998000 997000 0 0 0 0 0 0 -400 0 
1201000 0 725 -1854 -15518 999 -16 6 0 1100000 1100000 1100000 1100000 1498000 1498000 997000 1496000 1999000 997000 0 0 0 0 0 0 -400 0 
1401000 0 902 -1947 -15821 999 -16 7 0 1100000 1100000 1100000 1100000 1497000 1499000 997000 1497000 1998000 997000 0 0 0 0 0 0 -400 0 
1601000 0 827 -1873 -16053 999 -16 7 0 1100000 1100000 1100000 1100000 1498000 1499000 997000 1496000 1999000 998000 0 0 0 0 0 0 -400 0 
1801000 0 834 -1785 -16277 999 -15 7 0 1100000 1100000 1100000 1100000 1497000 1499000 997000 1496000 1998000 997000 0 0 0 0 0 0 -400 0 
2001000 0 916 -1905 -16560 999 -16 7 0 1100000 1100000 1100000 1100000 1498000 1499000 997000 1495000 1998000 997000 0 0 0 0 0 0 -400 0 
2201000 0 961 -1925 -16818 999 -16 8 0 1100000 1100000 1100000 1100000 1498000 1499000 997000 1496000 1998000 997000 0 0 0 0 0 0 -400 0 
2401000 0 836 -1801 -17037 999 -15 7 0 1100000 1100000 1100000 1100000 1499000 1498000 998000 1496000 1999000 997000 0 0 0 0 0 0 -400 0 
2601000 0 881 -1860 -17313 999 -16 7 0 1100000 1100000 1100000 1100000 1498000 1498000 997000 1496000 1999000 998000 0 0 0 0 0 0 -400 0 
2801000 0 993 -1899 -17568 999 -16 8 0 1100000 1100000 1100000 1100000 1498000 1498000 997000 1496000 1998000 997000 0 0 0 0 0 0 -400 0 
3001000 0 912 -1825 -17803 999 -15 7 0 1100000 1100000 1100000 1100000 1498000 1499000 997000 1495000 1998000 998000 0 0 0 0 0 0 -400 0 
3201000 0 986 -1890 -18059 999 -16 8 0 1100000 1100000 1100000 1100000 1498000 1499000 997000 1496000 2000000 997000 0 0 0 0 0 0 -400 0 
3401000 0 964 -1906 -18308 999 -16 8 0 1100000 1100000 1100000 1100000 1498000 1498000 998000 1496000 1998000 997000 0 0 0 0 0 0 -400 0 
3601000 0 973 -1854 -18543 999 -16 8 0 1100000 1100000 1100000 1100000 1498000 1499000 997000 1496000 1998000 998000 0 0 0 0 0 0 -400 0 
3801000 0 981 -1902 -18801 999 -16 8 0 1100000 1100000 1100000 1100000 1498000 1498000 997000 1496000 1998000 997000 0 0 0 0 0 0 -400 0 
4001000 0 918 -1820 -19032 999 -15 8 0 1100000 1100000 1100000 1100000 1498000 1499000 997000 1495000 1998000 998000 0 0 0 0 0 0 -400 0 
4201000 0 968 -1799 -19274 999 -15 8 0 1100000 1100000 1100000 1100000 1498000 1499000 997000 1496000 1999000 997000 0 0 0 0 0 0 -400 0 
4401000 0 927 -1837 -19538 999 -16 8 0 1100000 1100000 1100000 1100000 1497000 1498000 997000 1496000 1998000 997000 0 0 0 0 0 0 -400 0 
4601000 0 850 -1830 -19777 999 -15 7 0 1100000 1100000 1100000 1100000 1498000 1499000 997000 1496000 1999000 998000 0 0 0 0 0 0 -400 0 
4801000 0 871 -1784 -20018 999 -15 7 0 1100000 1100000 1100000 1100000 1497000 1499000 997000 1496000 1998000 997000 0 0 0 0 0 0 -400 0 
5001000 0 832 -1849 -20278 999 -16 7 0 1100000 1100000 1100000 1100000 1498000 1499000 998000 1496000 1998000 997000 0 0 0 0 0 0 -400 0 
5201000 0 841 -1858 -20514 999 -16 7 0 1100000 1100000 1100000 1100000 1498000 1499000 997000 1496000 1999000 997000 0 0 0 0 0 0 -400 0 
5401000 0 768 -1827 -20758 999 -15 6 0 1100000 1100000 1100000 1100000 1497000 1498000 997000 1496000 1998000 997000 0 0 0 0 0 0 -400 0 
5601000 0 764 -1835 -21030 999 -16 6 0 1100000 1100000 1100000 1100000 1498000 1499000 997000 1495000 1998000 998000 0 0 0 0 0 0 -400 0 
5801000 0 848 -1842 -21261 999 -16 7 0 1100000 1100000 1100000 1100000 1498000 1499000 997000 1496000 1999000 997000 0 0 0 0 0 0 -400 0 
6001000 0 903 -1825 -21513 999 -15 7 0 1100000 1100000 1100000 1100000 1498000 1499000 997000 1496000 1998000 997000 0 0 0 0 0 0 -400 0 
6201000 0 997 -1826 -21773 999 -15 8 0 1100000 1100000 1100000 1100000 1498000 1498000 997000 1496000 1999000 998000 0 0 0 0 0 0 -400 0 
6401000 0 1096 -1830 -22017 999 -15 9 0 1100000 1100000 1100000 1100000 1498000 1498000 997000 1496000 1998000 997000 0 0 0 0 0 0 -400 0 
6601000 0 1030 -1814 -22268 999 -15 8 0 1100000 1100000 1100000 1100000 1498000 1499000 998000 1496000 1998000 997000 0 0 0 0 0 0 -400 0 
6801000 0 1121 -1816 -22521 999 -15 9 0 1100000 1100000 1100000 1100000 1498000 1499000 997000 1496000 1999000 998000 0 0 0 0 0 0 -400 0 
7001000 0 1091 -1843 -22767 999 -16 9 0 1100000 1100000 1100000 1100000 1497000 1499000 997000 1496000 1998000 997000 0 0 0 0 0 0 -400 0 
7201000 0 1018 -1839 -23013 999 -16 8 0 1100000 1100000 1100000 1100000 1498000 1499000 998000 1496000 1998000 997000 0 0 0 0 0 0 -400 0 
7401000 0 1005 -1897 -23266 999 -16 8 0 1100000 1100000 1100000 1100000 1498000 1499000 997000 1496000 1999000 997000 0 0 0 0 0 0 -400 0 
7601000 0 984 -1902 -23513 999 -16 8 0 1100000 1100000 1100000 1100000 1497000 1498000 997000 1496000 1998000 997000 0 0 0 0 0 0 -400 0 
7801000 0 903 -1901 -23763 999 -16 7 0 1100000 1100000 1100000 1100000 1498000 1499000 997000 1495000 1998000 998000 0 0 0 0 0 0 -400 0 
8001000 0 864 -1932 -24011 999 -16 7 0 1100000 1100000 1100000 1100000 1498000 1499000 997000 1496000 1999000 997000 0 0 0 0 0 0 -400 0 
8201000 0 884 -1936 -24269 999 -16 7 0 1100000 1100000 1100000 1100000 1498000 1499000 998000 1496000 1998000 997000 0 0 0 0 0 0 -400 0 
8401000 0 876 -1909 -24516 999 -16 7 0 1100000 1100000 1100000 1100000 1497000 1499000 997000 1496000 1998000 997000 0 0 0 0 0 0 -400 0 
8601000 0 888 -1918 -24764 999 -16 7 0 1100000 1100000 1100000 1100000 1498000 1499000 998000 1495000 1998000 997000 0 0 0 0 0 0 -400 0 
8801000 0 829 -1887 -24998 999 -16 7 0 1100000 1100000 1100000 1100000 1498000 1498000 997000 1496000 1998000 997000 0 0 0 0 0 0 -400 0 
9001000 0 803 -1873 -25253 999 -16 7 0 1100000 1100000 1100000 1100000 1498000 1499000 997000 1495000 1998000 998000 0 0 0 0 0 0 -400 0 
9201000 0 861 -1895 -25499 999 -16 7 0 1100000 1100000 1100000 1100000 1497000 1498000 997000 1496000 1998000 997000 0 0 0 0 0 0 -400 0 
9401000 0 855 -1852 -25748 999 -16 7 0 1100000 1100000 1100000 1100000 1498000 1499000 997000 1495000 1999000 998000 0 0 0 0 0 0 -400 0 
9601000 0 867 -1853 -26005 999 -16 7 0 1100000 1100000 1100000 1100000 1497000 1498000 997000 1496000 1998000 997000 0 0 0 0 0 0 -400 0 
9801000 0 801 -1829 -26254 999 -15 6 0 1100000 1100000 1100000 1100000 1498000 1499000 997000 1496000 1999000 998000 0 0 0 0 0 0 -400 0 
Hello Junta. Starting Potato Controller now
imu.begin()-IMU comm & initialize completed 
imu.dmpBegin() suceeded
IMU SETUP COMPLETED
Hello Junta. Starting Potato Controller now
imu.begin()-IMU comm & initialize completed 
imu.dmpBegin() suceeded
IMU SETUP COMPLETED
Hello Junta. Starting Potato Controller now
imu.begin()-IMU comm & initialize completed 
imu.dmpBegin() suceeded
IMU SETUP COMPLETED
201000 0 -36 182 -17518 999 1 0 0 1100000 1100000 1133000 1119000 1497000 1499000 998000 1783000 1998000 997000 -820 836 12 1247 1825 193 -400 0 
401000 0 -39 176 -17493 999 1 0 0 1100000 1100000 1100000 1100000 1498000 1499000 997000 1498000 1999000 997000 -766 834 -14 1178 1790 261 -400 0 
601000 0 -54 231 -17429 999 2 0 0 1100000 1100000 1100000 1100000 1497000 1499000 998000 1497000 1998000 997000 -951 868 28 1588 1843 224 -400 0 
801000 0 8 118 -17497 999 1 0 0 1100000 1100000 1100000 1100000 1498000 1499000 997000 1497000 1999000 997000 -979 915 19 1535 1594 112 -400 0 
1001000 0 70 93 -17453 999 0 0 0 1100000 1100000 1100000 1100000 1496000 1499000 997000 1497000 1998000 997000 -908 1068 28 1433 1323 115 -400 0 
1201000 0 -22 201 -17442 999 1 0 0 1100000 1100000 1100000 1100000 1497000 1499000 997000 1497000 1999000 998000 -1035 1151 24 1094 1692 250 -400 0 
1401000 0 15 183 -17480 999 1 0 0 1100000 1100000 1100000 1100000 1496000 1499000 997000 1497000 1998000 997000 -993 1240 25 1194 1707 157 -400 0 
1601000 0 60 141 -17486 999 1 0 0 1100000 1100000 1100000 1100000 1497000 1499000 997000 1497000 2000000 998000 -942 1294 16 1321 1513 152 -400 0 
1801000 0 -18 202 -17472 999 1 0 0 1100000 1100000 1100000 1100000 1496000 1499000 997000 1497000 1998000 997000 -858 1341 23 1026 1865 235 -400 0 
2001000 0 -70 233 -17475 999 2 0 0 1100000 1100000 1100000 1100000 1497000 1499000 997000 1497000 1999000 998000 -738 1433 16 1318 1589 153 -400 0 
2201000 0 -83 164 -17479 999 1 0 0 1100000 1100000 1100000 1100000 1496000 1498000 997000 1497000 1998000 997000 -779 1405 5 1530 1702 179 -400 0 
2401000 0 -114 165 -17480 999 1 -1 0 1100000 1100000 1100000 1100000 1497000 1499000 997000 1496000 1998000 998000 -688 1524 15 1097 1694 256 -400 0 
2601000 0 -62 204 -17484 999 1 0 0 1100000 1100000 1100000 1100000 1496000 1498000 997000 1497000 1998000 997000 -677 1566 26 1390 1556 125 -400 0 
2801000 0 -69 183 -17484 999 1 0 0 1100000 1100000 1100000 1100000 1497000 1499000 998000 1496000 1998000 997000 -703 1620 8 1547 1549 173 -400 0 
3001000 0 -94 210 -17486 999 1 0 0 1100000 1100000 1100000 1100000 1496000 1499000 997000 1497000 1998000 997000 -680 1681 29 1507 1521 114 -400 0 
3201000 0 -109 245 -17489 999 2 0 0 1100000 1100000 1100000 1100000 1497000 1499000 998000 1497000 1998000 997000 -721 1618 1 1408 1964 210 -400 0 
3401000 0 -67 214 -17492 999 1 0 0 1100000 1100000 1100000 1100000 1496000 1499000 997000 1497000 1999000 997000 -805 1581 23 1660 1920 139 -400 0 
3601000 0 -84 240 -17497 999 2 0 0 1100000 1100000 1100000 1100000 1496000 1499000 997000 1497000 1998000 997000 -764 1661 17 1500 1763 173 -400 0 
3801000 0 -78 239 -17494 999 2 0 0 1100000 1100000 1100000 1100000 1497000 1499000 998000 1497000 1998000 997000 -713 1716 23 1184 1797 181 -400 0 
4001000 0 -49 208 -17491 999 1 0 0 1100000 1100000 1100000 1100000 1497000 1499000 997000 1497000 1998000 997000 -794 1728 16 1523 1761 170 -400 0 
4201000 0 -29 236 -17503 999 2 0 0 1100000 1100000 1100000 1100000 1497000 1499000 997000 1497000 1999000 998000 -736 1773 6 1483 1680 187 -400 0 
4401000 0 -10 232 -17498 999 2 0 0 1100000 1100000 1100000 1100000 1496000 1499000 997000 1497000 1998000 997000 -707 1857 16 1460 1570 155 -400 0 
4601000 0 -58 228 -17494 999 1 0 0 1100000 1100000 1100000 1100000 1497000 1499000 997000 1496000 1998000 998000 -726 1822 23 1582 1737 130 -400 0 
4801000 0 -81 234 -17498 999 2 0 0 1100000 1100000 1100000 1100000 1497000 1499000 997000 1497000 1998000 997000 -634 1743 4 767 2236 315 -400 0 
5001000 0 -74 191 -17492 999 1 0 0 1100000 1100000 1100000 1100000 1499000 1498000 998000 1497000 1998000 997000 -790 1704 10 1270 2323 288 -400 0 
5201000 0 -7 167 -17489 999 1 0 0 1100000 1100000 1100000 1100000 1497000 1499000 997000 1497000 1999000 997000 -703 1647 4 1261 2135 215 -400 0 
5401000 0 -55 139 -17492 999 1 0 0 1100000 1100000 1100000 1100000 1497000 1498000 997000 1497000 1998000 997000 -718 1542 -5 1525 1981 223 -400 0 
5601000 0 -61 174 -17495 999 1 0 0 1100000 1100000 1100000 1100000 1498000 1499000 997000 1497000 1999000 998000 -770 1508 9 1164 2165 279 -400 0 
5801000 0 -29 160 -17504 999 1 0 0 1100000 1100000 1100000 1100000 1497000 1498000 997000 1497000 1998000 997000 -631 1475 20 1094 2010 164 -400 0 
6001000 0 -93 139 -17504 999 1 0 0 1100000 1100000 1100000 1100000 1497000 1499000 997000 1496000 1998000 998000 -644 1444 23 1192 1926 157 -400 0 
6201000 0 -142 207 -17502 999 1 -1 0 1100000 1100000 1100000 1100000 1496000 1499000 997000 1497000 1998000 997000 -693 1555 33 1055 1969 230 -400 0 
6401000 0 -99 176 -17500 999 1 0 0 1100000 1100000 1100000 1100000 1498000 1499000 998000 1497000 1998000 997000 -594 1638 43 1140 1673 99 -400 0 
6601000 0 -103 161 -17491 999 1 0 0 1100000 1100000 1100000 1100000 1497000 1499000 997000 1497000 1999000 997000 -610 1757 19 1031 1840 268 -400 0 
6801000 0 -83 151 -17496 999 1 0 0 1100000 1100000 1100000 1100000 1497000 1499000 997000 1497000 1998000 997000 -713 1713 9 1166 2078 306 -400 0 
7001000 0 -127 163 -17504 999 1 -1 0 1100000 1100000 1100000 1100000 1497000 1499000 997000 1496000 1999000 998000 -654 1698 1 913 2151 324 -400 0 
7201000 0 -110 215 -17501 999 1 0 0 1100000 1100000 1100000 1100000 1498000 1498000 997000 1497000 1998000 997000 -749 1628 4 1219 2145 297 -400 0 
7401000 0 -74 191 -17499 999 1 0 0 1100000 1100000 1100000 1100000 1497000 1499000 998000 1497000 1998000 997000 -718 1614 19 1370 2020 177 -400 0 
7601000 0 -48 183 -17506 999 1 0 0 1100000 1100000 1100000 1100000 1497000 1499000 997000 1497000 1999000 997000 -676 1567 27 1038 2164 235 -400 0 
7801000 0 -127 182 -17509 999 1 -1 0 1100000 1100000 1100000 1100000 1496000 1499000 997000 1497000 1998000 997000 -721 1577 13 1181 2075 270 -400 0 
8001000 0 -57 195 -17508 999 1 0 0 1100000 1100000 1100000 1100000 1498000 1499000 997000 1496000 1999000 998000 -645 1526 -2 882 2203 338 -400 0 
8201000 0 -53 232 -17513 999 2 0 0 1100000 1100000 1100000 1100000 1496000 1499000 997000 1497000 1998000 997000 -643 1450 0 869 2315 326 -400 0 
8401000 0 -95 224 -17516 999 1 0 0 1100000 1100000 1100000 1100000 1497000 1499000 998000 1496000 1998000 997000 -595 1479 25 1437 1830 127 -400 0 
8601000 0 -78 203 -17522 999 1 0 0 1100000 1100000 1100000 1100000 1498000 1499000 997000 1496000 1999000 997000 -452 1482 17 1402 1651 144 -400 0 
8801000 0 -100 240 -17526 999 2 0 0 1100000 1100000 1100000 1100000 1498000 1498000 997000 1496000 1998000 997000 -525 1447 16 1319 1947 250 -400 0 
9001000 0 -143 247 -17525 999 2 -1 0 1100000 1100000 1100000 1100000 1499000 1498000 997000 1496000 1999000 998000 -381 1529 21 1312 1657 146 -400 0 
9201000 0 -184 251 -17526 999 2 -1 0 1100000 1100000 1100000 1100000 1496000 1499000 997000 1496000 1998000 997000 -494 1536 -2 1499 1777 232 -400 0 
9401000 0 -179 218 -17527 999 1 -1 0 1100000 1100000 1100000 1100000 1498000 1499000 998000 1496000 1998000 997000 -481 1618 3 1578 1521 181 -400 0 
9601000 0 -213 275 -17522 999 2 -1 0 1100000 1100000 1100000 1100000 1498000 1499000 997000 1496000 1999000 997000 -426 1639 27 1217 1737 220 -400 0 
9801000 0 -193 282 -17525 999 2 -1 0 1100000 1100000 1100000 1100000 1498000 1498000 997000 1496000 2000000 997000 -450 1613 14 1545 1779 166 -400 0 
10001000 0 -156 266 -17520 999 2 -1 0 1100000 1100000 1100000 1100000 1499000 1498000 997000 1495000 1999000 998000 -471 1646 10 1289 1895 310 -400 0 
10201000 0 -164 242 -17522 999 2 -1 0 1100000 1100000 1100000 1100000 1497000 1499000 997000 1496000 2000000 997000 -236 1564 19 1169 1876 150 -400 0 
10401000 0 -145 238 -17531 999 2 -1 0 1100000 1100000 1100000 1100000 1497000 1498000 998000 1496000 2000000 997000 -250 1656 20 1497 1601 146 -400 0 
10601000 0 -83 230 -17538 999 2 0 0 1100000 1100000 1100000 1100000 1498000 1499000 997000 1496000 2001000 997000 -329 1675 -11 1398 1840 342 -400 0 
10801000 0 -112 239 -17533 999 2 0 0 1100000 1100000 1100000 1100000 1497000 1498000 997000 1496000 1998000 998000 -401 1683 -14 1139 2046 370 -400 0 
11001000 0 -149 253 -17524 999 2 -1 0 1100000 1100000 1100000 1100000 1497000 1499000 998000 1496000 1998000 997000 -358 1731 2 799 2012 337 -400 0 
11201000 0 -73 208 -17533 999 1 0 0 1100000 1100000 1100000 1100000 1496000 1499000 997000 1496000 1999000 995000 -489 1708 -26 1607 1965 348 -400 0 
11401000 0 -105 269 -17535 999 2 0 0 1100000 1100000 1100000 1100000 1498000 1498000 997000 1496000 2000000 998000 -539 1642 -22 1225 2242 385 -400 0 
11601000 0 -109 245 -17530 999 2 0 0 1100000 1100000 1100000 1100000 1497000 1499000 997000 1298000 1998000 998000 -629 1558 -27 1330 2300 346 -400 0 
Hello Junta. Starting Potato Controller now
imu.begin()-IMU comm & initialize completed 
imu.dmpBegin() suceeded
IMU SETUP COMPLETED
201000 0 -87 285 -17353 999 2 0 0 1100000 1100000 1237000 1253000 1497000 1499000 997000 1955000 1998000 998000 -820 -1063 -10 1370 1535 241 -400 0 
401000 0 -142 364 -17281 999 3 -1 0 1100000 1100000 1100000 1100000 1496000 1499000 997000 1497000 1999000 997000 -751 -1208 -103 996 1959 612 -400 0 
601000 0 -152 289 -17352 999 2 -1 0 1100000 1100000 1100000 1100000 1498000 1499000 998000 1496000 1998000 997000 -869 -1158 -9 1457 1615 268 -400 0 
801000 0 -278 319 -17347 999 2 -2 0 1100000 1100000 1100000 1100000 1497000 1499000 997000 1496000 1999000 997000 -874 -1289 -5 1546 1753 215 -400 0 
1001000 0 -256 366 -17326 999 3 -2 0 1100000 1100000 1100000 1100000 1497000 1499000 998000 1496000 1998000 997000 -862 -1391 -12 1548 1764 243 -400 0 
1201000 0 -124 327 -17356 999 2 -1 0 1178000 1177000 1100000 1100000 1497000 1499000 997000 1152000 1999000 998000 -1110 -1496 -20 1298 1885 318 -400 0 
