201000 0 -84 58 -17381 999 0 0 0 1100000 1100000 1250000 1240000 1498000 1499000 997000 2006000 1998000 998000 -795 -1263 -11 1427 1504 250 -400 0 
401000 0 222 -165 -17351 999 -1 1 0 1100000 1100000 1222000 1263000 1496000 1499000 997000 1999000 1997000 997000 -861 -1284 19 1349 1652 245 -400 0 
601000 0 26 257 -17299 999 2 0 0 1100000 1100000 1100000 1100000 1498000 1499000 998000 1498000 1998000 997000 -762 -1016 41 1337 1074 78 -400 0 
801000 0 64 183 -17350 999 1 0 0 1100000 1100000 1100000 1100000 1498000 1499000 997000 1497000 1999000 997000 -1184 -1073 -104 2025 1577 500 -400 0 
1001000 0 -15 226 -17332 999 1 0 0 1100000 1100000 1100000 1100000 1498000 1498000 997000 1497000 1998000 997000 -1431 -1399 -88 2326 2120 424 -400 0 
1201000 0 -204 406 -17287 999 3 -1 0 1100000 1100000 1100000 1100000 1498000 1499000 997000 1496000 1999000 998000 -1316 -1534 -29 1535 1602 261 -400 0 
1401000 0 -33 317 -17325 999 2 0 0 1100000 1100000 1100000 1100000 1497000 1499000 997000 1497000 1998000 997000 -1299 -1488 -1 1265 1592 321 -400 0 
1601000 0 -99 286 -17345 999 2 0 0 1100000 1100000 1100000 1100000 1498000 1499000 998000 1497000 1998000 997000 -1408 -1498 -12 1262 1693 356 -400 0 
1801000 0 -138 360 -17320 999 3 -1 0 1100000 1100000 1100000 1100000 1498000 1499000 997000 1497000 1999000 998000 -1325 -1509 4 1080 1678 295 -400 0 
2001000 0 -95 278 -17330 999 2 0 0 1100000 1100000 1100000 1100000 1496000 1499000 997000 1497000 1998000 997000 -1263 -1506 -4 1059 1469 236 -400 0 
2201000 0 -168 294 -17338 999 2 -1 0 1100000 1100000 1100000 1100000 1499000 1498000 998000 1496000 1998000 997000 -1293 -1484 -18 1355 1374 248 -400 0 
2401000 0 -148 326 -17335 999 2 -1 0 1100000 1100000 1100000 1100000 1498000 1499000 997000 1497000 1999000 997000 -1241 -1450 0 1055 1460 303 -400 0 
2601000 0 -157 258 -17344 999 2 -1 0 1100000 1100000 1100000 1100000 1497000 1499000 997000 1497000 1998000 997000 -1245 -1372 -10 1075 1391 275 -400 0 
2801000 0 -133 271 -17350 999 2 -1 0 1100000 1100000 1100000 1100000 1497000 1498000 997000 1496000 1998000 998000 -1290 -1452 -20 1391 1523 254 -400 0 
3001000 0 -109 271 -17347 999 2 0 0 1100000 1100000 1100000 1100000 1497000 1499000 997000 1497000 1998000 997000 -1292 -1518 -11 976 1734 346 -400 0 
3201000 0 -112 213 -17355 999 1 0 0 1100000 1100000 1100000 1100000 1498000 1499000 997000 1497000 1998000 998000 -1303 -1515 -23 1256 1539 282 -400 0 
3401000 0 -149 236 -17354 999 2 -1 0 1100000 1100000 1100000 1100000 1498000 1498000 997000 1497000 1998000 997000 -1189 -1491 -9 1154 1414 217 -400 0 
3601000 0 -148 235 -17356 999 2 -1 0 1100000 1100000 1100000 1100000 1498000 1499000 997000 1497000 1999000 998000 -1216 -1492 0 1144 1666 299 -400 0 
3801000 0 -145 238 -17368 999 2 -1 0 1100000 1100000 1100000 1100000 1497000 1499000 997000 1496000 1998000 997000 -1061 -1407 -7 421 1474 352 -400 0 
4001000 0 -108 233 -17367 999 2 0 0 1100000 1100000 1100000 1100000 1498000 1499000 997000 1496000 1999000 998000 -991 -1467 -9 815 1542 244 -400 0 
4201000 0 -150 267 -17375 999 2 -1 0 1100000 1100000 1100000 1100000 1497000 1498000 997000 1496000 1998000 997000 -1044 -1491 -5 829 1755 348 -400 0 
4401000 0 -182 267 -17378 999 2 -1 0 1100000 1100000 1100000 1100000 1498000 1498000 997000 1496000 1999000 997000 -955 -1490 -11 919 1676 342 -400 0 
4601000 0 -147 259 -17385 999 2 -1 0 1100000 1100000 1100000 1100000 1498000 1499000 998000 1496000 2000000 997000 -815 -1452 1 940 1453 209 -400 0 
4801000 0 -80 240 -17383 999 2 0 0 1100000 1100000 1100000 1100000 1497000 1499000 1004000 1494000 1999000 997000 -796 -1482 -14 1305 1405 241 -396 4 
5001000 0 -104 216 -17385 999 1 0 0 1100000 1100000 1100000 1100000 1498000 1499000 1033000 1490000 1998000 997000 -815 -1476 -19 1307 1530 275 -367 33 
5201000 0 -121 189 -17393 999 1 -1 0 1100000 1100000 1100000 1100000 1497000 1499000 1067000 1463000 1998000 997000 -842 -1396 -22 1196 1518 371 -356 44 
5401000 0 -116 184 -17394 999 1 -1 0 1100000 1100000 1100000 1100000 1498000 1499000 1099000 1459000 1998000 997000 -856 -1425 -12 1257 1522 255 -301 99 
5601000 0 -74 191 -17391 999 1 0 0 1131000 1128000 1100000 1100000 1498000 1498000 1116000 1473000 1998000 997000 -1016 -1446 -13 1457 1646 335 -288 112 
5801000 0 5 113 -17480 999 0 0 0 1155000 1159000 1111000 1109000 1497000 1500000 1143000 1468000 1998000 998000 -939 -1338 6 992 1496 305 -266 134 
6001000 0 82 49 -17442 999 0 0 0 1163000 1164000 1118000 1125000 1497000 1499000 1167000 1476000 1998000 998000 -1101 -1165 0 1030 1615 337 -233 167 
6201000 0 -52 326 -17423 999 2 0 0 1182000 1193000 1147000 1160000 1498000 1499000 1171000 1482000 1999000 998000 -1048 -1263 12 890 1866 224 -229 171 
6401000 0 40 128 -17432 999 1 0 0 1175000 1182000 1179000 1155000 1496000 1498000 1172000 1480000 1998000 997000 -987 -1392 -83 1066 1876 445 -227 173 
6601000 0 27 100 -17444 999 0 0 0 1193000 1191000 1140000 1162000 1497000 1499000 1168000 1495000 1999000 998000 -1098 -1417 85 1156 1705 124 -232 168 
6801000 0 -245 461 -17404 999 4 -2 0 1166000 1174000 1157000 1177000 1497000 1498000 1169000 1491000 1998000 997000 -402 -1929 75 -45 2327 91 -231 169 
7001000 0 -93 248 -17427 999 2 0 0 1169000 1182000 1182000 1141000 1497000 1498000 1082000 1496000 1999000 998000 -378 -1695 -27 342 1571 421 -231 169 
7201000 0 -29 78 -17483 999 0 0 0 1100000 1100000 1100000 1100000 1496000 1499000 997000 1497000 1998000 997000 29 -1619 83 462 1328 -37 -400 0 
7401000 0 -268 373 -17396 999 3 -2 0 1100000 1100000 1100000 1100000 1497000 1499000 997000 1497000 1999000 998000 -433 -1317 -17 1354 1298 359 -400 0 
7601000 0 106 175 -17444 999 1 0 0 1100000 1100000 1100000 1100000 1498000 1498000 997000 1496000 1998000 997000 -485 -1519 -1 1621 1721 219 -400 0 
7801000 0 113 100 -17459 999 0 0 0 1100000 1100000 1100000 1100000 1497000 1499000 997000 1496000 1999000 998000 -544 -1501 23 1068 1750 248 -400 0 
8001000 0 155 205 -17435 999 1 1 0 1100000 1100000 1100000 1100000 1496000 1499000 997000 1496000 1998000 997000 -572 -1345 16 1196 1209 177 -400 0 
8201000 0 20 210 -17451 999 1 0 0 1100000 1100000 1100000 1100000 1497000 1499000 997000 1497000 1999000 998000 -512 -1371 -33 933 1539 404 -400 0 
8401000 0 -23 184 -17467 999 1 0 0 1100000 1100000 1100000 1100000 1496000 1499000 997000 1496000 1998000 997000 -529 -1218 21 974 1478 259 -400 0 
8601000 0 32 137 -17455 999 1 0 0 1100000 1100000 1100000 1100000 1497000 1499000 997000 1497000 1999000 998000 -566 -1233 -10 1197 1604 330 -400 0 
8801000 0 62 202 -17449 999 1 0 0 1100000 1100000 1100000 1100000 1497000 1499000 997000 1497000 1998000 997000 -490 -1366 -23 1263 1740 282 -400 0 
9001000 0 100 235 -17460 999 2 0 0 1100000 1100000 1100000 1100000 1497000 1499000 997000 1496000 1999000 998000 -516 -1369 6 1145 1700 287 -400 0 
9201000 0 -16 174 -17466 999 1 0 0 1100000 1100000 1100000 1100000 1497000 1498000 997000 1497000 1998000 997000 -535 -1334 -17 1072 1665 379 -400 0 
9401000 0 -33 142 -17468 999 1 0 0 1100000 1100000 1100000 1100000 1497000 1499000 997000 1497000 1999000 998000 -729 -1322 3 1385 1701 310 -400 0 
9601000 0 -104 177 -17474 999 1 0 0 1100000 1100000 1100000 1100000 1497000 1498000 997000 1496000 1998000 997000 -662 -1231 0 1348 1367 235 -400 0 
9801000 0 -70 149 -17487 999 1 0 0 1100000 1100000 1100000 1100000 1497000 1498000 997000 1496000 1999000 998000 -700 -1385 -35 1251 2045 476 -400 0 
10001000 0 -167 215 -17485 999 1 -1 0 1100000 1100000 1100000 1100000 1496000 1498000 997000 1496000 1998000 997000 -700 -1385 -35 1251 2045 476 -400 0 
10201000 0 -187 222 -17493 999 1 -1 0 1100000 1100000 1100000 1100000 1497000 1499000 997000 1495000 1998000 998000 -996 -1427 7 1844 1703 195 -400 0 
10401000 0 -280 274 -17504 999 2 -2 0 1100000 1100000 1100000 1100000 1497000 1498000 997000 1496000 1998000 997000 -1117 -1351 -7 1268 1610 347 -400 0 
10601000 0 -413 192 -17522 999 1 -3 0 1177000 1175000 1100000 1100000 1498000 1498000 997000 1133000 1998000 997000 -1160 -1444 -25 1098 1804 377 -400 0 
IMU SETUP COMPLETED
201000 0 -114 218 -17728 999 1 0 0 1100000 1100000 1231000 1227000 1497000 1499000 998000 1997000 1998000 997000 2019 -41 16 1819 1617 156 -400 0 
401000 0 -345 475 -17619 999 4 -3 0 1100000 1100000 1167000 1168000 1497000 1499000 997000 1833000 1998000 997000 2026 -97 -7 1994 1644 221 -400 0 
601000 0 -80 297 -17669 999 2 0 0 1100000 1100000 1100000 1100000 1497000 1499000 998000 1497000 2000000 997000 2111 -257 56 1300 2030 168 -400 0 
801000 0 11 165 -17689 999 1 0 0 1100000 1100000 1100000 1100000 1497000 1499000 997000 1496000 1998000 997000 2043 -197 28 1788 1651 147 -400 0 
1001000 0 -102 149 -17654 999 1 0 0 1100000 1100000 1100000 1100000 1498000 1498000 998000 1496000 1998000 997000 1797 -447 -21 2420 2039 262 -400 0 
1201000 0 -154 169 -17637 999 1 -1 0 1100000 1100000 1100000 1100000 1497000 1498000 997000 1498000 1998000 997000 1623 -620 18 1741 1843 169 -400 0 
1401000 0 -131 188 -17647 999 1 -1 0 1100000 1100000 1100000 1100000 1497000 1499000 1049000 1497000 1998000 997000 1705 -572 13 1331 1773 269 -400 0 
1601000 0 -174 163 -17643 999 1 -1 0 1100000 1100000 1100000 1100000 1496000 1499000 1065000 1496000 1998000 997000 1669 -652 4 1353 1982 316 -340 60 
1801000 0 -256 196 -17632 999 1 -2 0 1100000 1100000 1100000 1100000 1497000 1499000 1122000 1496000 1998000 997000 1597 -719 15 1787 1612 181 -278 122 
2001000 0 -292 126 -17654 999 1 -2 0 1144000 1151000 1152000 1159000 1497000 1499000 1157000 1495000 1998000 997000 1566 -749 10 1630 1750 186 -248 152 
2201000 0 -184 131 -17646 999 1 -1 0 1172000 1177000 1168000 1174000 1497000 1499000 1199000 1495000 1998000 997000 1448 -616 44 1987 1364 77 -227 173 
2401000 0 -273 183 -17648 999 1 -2 0 1206000 1200000 1187000 1213000 1496000 1499000 1202000 1485000 1998000 997000 1666 -149 3 705 1418 320 -198 202 
2601000 0 -176 39 -17623 999 0 -1 0 1219000 1220000 1182000 1189000 1497000 1499000 1203000 1476000 1998000 997000 2141 -429 128 307 1994 -140 -197 203 
2801000 0 -435 221 -17670 999 1 -3 0 1246000 1248000 1217000 1179000 1496000 1499000 1238000 1453000 1999000 997000 2544 -551 26 -62 2169 260 -177 223 
Hello Junta. Starting Potato Controller now
imu.begin()-IMU comm & initialize completed 
imu.dmpBegin() suceeded
IMU SETUP COMPLETED
201000 0 1603 -2131 -14893 999 -18 13 0 1100000 1100000 1100000 1100000 1497000 1499000 998000 1497000 1998000 997000 0 0 0 0 0 0 -400 0 
401000 0 1616 -2127 -15139 999 -18 14 0 1100000 1100000 1100000 1100000 1497000 1499000 997000 1497000 1999000 998000 624 1364 14 1314 1975 282 -400 0 
601000 0 1608 -2111 -15388 999 -18 14 0 1100000 1100000 1100000 1100000 1496000 1499000 997000 1498000 1998000 997000 627 1368 14 1276 1979 225 -400 0 
801000 0 1608 -2114 -15633 999 -18 14 0 1100000 1100000 1100000 1100000 1497000 1499000 998000 1496000 1998000 997000 635 1392 22 1326 1964 217 -400 0 
1001000 0 1614 -2115 -15880 999 -18 14 0 1100000 1100000 1100000 1100000 1496000 1499000 997000 1497000 1999000 997000 626 1411 15 1134 2052 280 -400 0 
1201000 0 1608 -2122 -16126 999 -18 14 0 1100000 1100000 1100000 1100000 1496000 1499000 997000 1497000 1998000 997000 664 1412 13 1571 1807 160 -400 0 
1401000 0 1603 -2111 -16370 999 -18 13 0 1100000 1100000 1100000 1100000 1497000 1499000 997000 1496000 1999000 998000 650 1424 14 1378 1930 268 -400 0 
1601000 0 1613 -2119 -16612 999 -18 14 0 1100000 1100000 1100000 1100000 1497000 1498000 997000 1497000 1998000 997000 676 1427 15 1636 1775 154 -400 0 
1801000 0 1617 -2113 -16855 999 -18 14 0 1100000 1100000 1100000 1100000 1497000 1499000 997000 1496000 2001000 998000 687 1437 14 1764 1727 152 -400 0 
2001000 0 1621 -2108 -17097 999 -18 14 0 1100000 1100000 1100000 1100000 1496000 1499000 1064000 1495000 1998000 997000 687 1442 14 1803 1712 163 -367 33 
2201000 0 1591 -2069 -17317 999 -18 13 0 1100000 1100000 1100000 1100000 1498000 1499000 1106000 1495000 1999000 997000 657 1471 15 1319 1982 276 -310 90 
2401000 0 1355 -1752 -17312 999 -15 11 0 1112000 1115000 11210Hello Junta. Starting Potato Controller now
imu.begin()-IMU comm & initialize completed 
imu.dmpBegin() suceeded
IMU SETUP COMPLETED
201000 0 1219 -2185 -11078 999 -19 10 0 1100000 1100000 1100000 1100000 1498000 1499000 998000 1497000 1998000 997000 0 0 0 0 0 0 -400 0 
401000 0 1213 -2189 -11328 999 -19 10 0 1100000 1100000 1100000 1100000 1498000 1499000 997000 1496000 1999000 997000 1051 -271 12 1803 1305 182 -400 0 
601000 0 1209 -2196 -11576 999 -19 10 0 1100000 1100000 1100000 1100000 1498000 1498000 997000 1496000 1999000 997000 1065 -270 13 1800 1294 172 -400 0 
801000 0 1203 -2197 -11821 999 -19 10 0 1100000 1100000 1100000 1100000 1498000 1499000 998000 1495000 1999000 998000 1069 -272 12 1802 1299 173 -400 0 
1001000 0 1199 -2196 -12069 999 -19 10 0 1100000 1100000 1100000 1100000 1497000 1499000 997000 1498000 1998000 997000 1076 -272 13 1795 1308 176 -400 0 
1201000 0 1193 -2166 -12317 999 -18 10 0 1100000 1100000 1100000 1100000 1498000 1499000 997000 1495000 1998000 998000 1088 -272 13 1820 1294 168 -400 0 
1401000 0 1191 -2158 -12567 999 -18 10 0 1100000 1100000 1100000 1100000 1497000 1498000 997000 1497000 1998000 997000 1087 -272 14 1824 1289 175 -400 0 
1601000 0 1182 -2173 -12812 999 -18 10 0 1100000 1100000 1100000 1100000 1498000 1499000 998000 1498000 1998000 997000 1094 -268 15 1823 1273 171 -400 0 
1801000 0 1183 -2170 -13051 999 -18 10 0 1100000 1100000 1100000 1100000 1498000 1499000 997000 1496000 1999000 997000 1109 -264 14 1817 1286 179 -400 0 
2001000 0 1199 -2190 -13307 999 -19 10 0 1100000 1100000 1100000 1100000 1498000 1498000 997000 1497000 1998000 997000 1114 -263 15 1818 1284 173 -400 0 
2201000 0 1206 -2198 -13555 999 -19 10 0 1100000 1100000 1100000 1100000 1498000 1499000 997000 1496000 1999000 998000 1120 -263 13 1816 1299 173 -400 0 
2401000 0 1206 -2205 -13800 999 -19 10 0 1100000 1100000 1100000 1100000 1498000 1498000 1087000 1496000 1998000 997000 1127 -261 12 1841 1306 178 -313 87 
2601000 0 1193 -2193 -14033 999 -19 10 0 1104000 1110000 1120000 1100000 1498000 1499000 1107000 1495000 1998000 998000 1129 -259 14 1841 1289 167 -295 105 
2801000 0 1200 -2103 -14312 999 -18 10 0 1100000 1100000 1100000 1100000 1497000 1499000 997000 1497000 1999000 997000 1135 -261 13 1828 1290 169 -400 0 
3001000 0 1175 -2057 -14543 999 -17 10 0 1100000 1100000 1100000 1100000 1498000 1499000 998000 1496000 1998000 997000 1146 -177 18 1875 1223 163 -400 0 
3201000 0 1293 -2076 -14767 999 -18 11 0 1100000 1100000 1100000 1100000 1498000 1499000 1116000 1496000 1999000 998000 1167 -177 32 1818 1264 119 -336 64 
3401000 0 1222 -1961 -15046 999 -17 10 0 1175000 1182000 1207000 1170000 1497000 1499000 1197000 1496000 1998000 997000 1161 -200 12 1861 1326 177 -216 184 
3601000 0 1226 -1961 -15272 999 -17 10 0 1186000 1195000 1220000 1189000 1498000 1499000 1198000 1496000 1998000 998000 1195 -126 -25 1773 1120 283 -202 198 
3801000 0 1174 -2023 -15502 999 -17 10 0 1165000 1178000 1191000 1140000 1498000 1499000 1132000 1497000 1998000 997000 768 -476 -68 2726 1888 397 -231 169 
4001000 0 1357 -2135 -15769 999 -18 11 0 1116000 1120000 1160000 1126000 1498000 1498000 1134000 1496000 1998000 997000 857 -250 31 2142 1138 97 -269 131 
4201000 0 1322 -2128 -16008 999 -18 11 0 1127000 1138000 1146000 1123000 1498000 1499000 1173000 1496000 1999000 997000 1151 -107 28 1453 1147 127 -227 173 
4401000 0 1360 -1974 -16258 999 -17 11 0 1188000 1192000 1216000 1174000 1497000 1498000 1192000 1497000 1998000 997000 824 -308 -16 2302 1620 259 -207 193 
4601000 0 1172 -1985 -16510 999 -17 10 0 1166000 1177000 1199000 1156000 1498000 1499000 1120000 1496000 1998000 998000 1135 -69 32 1417 993 115 -225 175 
4801000 0 1209 -2068 -16758 999 -18 10 0 1100000 1103000 1113000 1100000 1497000 1499000 997000 1499000 1998000 997000 198 -352 -86 2741 1476 467 -400 0 
5001000 0 1198 -2157 -17009 999 -18 10 0 1100000 1100000 1100000 1100000 1498000 1499000 998000 1499000 1998000 997000 434 169 70 1799 386 -5 -400 0 
5201000 0 1231 -2189 -17284 999 -19 10 0 1100000 1100000 1100000 1100000 1498000 1499000 997000 1496000 1999000 998000 297 151 17 2057 893 176 -400 0 
5401000 0 1080 -2175 -17518 999 -18 9 0 1100000 1100000 1100000 1100000 1497000 1499000 997000 1497000 1998000 997000 120 129 15 1957 1331 172 -400 0 
5601000 0 1212 -2168 -17754 999 -18 10 0 1100000 1100000 1100000 1100000 1498000 1499000 997000 1495000 1998000 997000 147 276 21 1794 1061 148 -400 0 
5801000 0 1320 -2140 -18015 999 -18 11 0 1100000 1100000 1100000 1100000 1498000 1499000 997000 1497000 1999000 997000 48 341 7 1949 1081 198 -400 0 
6001000 0 1227 -2173 -18254 999 -18 10 0 1100000 1100000 1100000 1100000 1497000 1499000 997000 1496000 1998000 997000 69 374 1 1811 1231 206 -400 0 
6201000 0 1280 -2157 -18503 999 -18 11 0 1100000 1100000 1100000 1100000 1498000 1499000 997000 1497000 1999000 998000 29 378 21 1843 1305 144 -400 0 
6401000 0 1448 -2160 -18736 999 -18 12 0 1100000 1100000 1100000 1100000 1498000 1498000 997000 1496000 1998000 997000 0 374 24 1832 1341 139 -400 0 
6601000 0 1347 -2181 -18990 999 -19 11 0 1100000 1100000 1100000 1100000 1498000 1498000 998000 1496000 1998000 997000 -20 395 4 1774 1396 199 -400 0 
6801000 0 1372 -2170 -19229 999 -18 11 0 1100000 1100000 1100000 1100000 1498000 1499000 997000 1496000 1999000 997000 -74 428 3 1838 1337 196 -400 0 
7001000 0 1476 -2154 -19481 999 -18 12 0 1100000 1100000 1100000 1100000 1498000 1498000 997000 1496000 1998000 997000 -106 409 20 1822 1398 168 -400 0 
7201000 0 1450 -2141 -19715 999 -18 12 0 1100000 1100000 1100000 1100000 1499000 1498000 997000 1495000 1998000 998000 -309 513 -2 2022 1303 221 -400 0 
7401000 0 1418 -2174 -19973 999 -18 12 0 1100000 1100000 1100000 1100000 1498000 1499000 997000 1497000 1999000 997000 -318 501 -4 1861 1374 219 -400 0 
7601000 0 1428 -2247 -20227 999 -19 12 0 1100000 1100000 1100000 1100000 1497000 1499000 997000 1496000 1998000 997000 -422 463 21 1985 1447 151 -400 0 
7801000 0 1452 -2232 -20461 999 -19 12 0 1100000 1100000 1100000 1100000 1499000 1498000 997000 1495000 1999000 998000 -241 410 39 1186 1322 36 -400 0 
8001000 0 1481 -2323 -20725 999 -20 12 0 1100000 1100000 1100000 1100000 1497000 1499000 997000 1496000 1998000 997000 -170 345 17 1251 1469 153 -400 0 
8201000 0 1384 -2214 -20948 999 -19 12 0 1100000 1100000 1100000 1100000 1499000 1498000 998000 1496000 1998000 997000 -189 327 42 1463 1461 107 -400 0 
8401000 0 1389 -2249 -21211 999 -19 12 0 1100000 1100000 1100000 1100000 1499000 1498000 997000 1497000 1999000 998000 -182 276 -7 1579 1446 245 -400 0 
8601000 0 1412 -2297 -21456 999 -20 12 0 1100000 1100000 1100000 1100000 1498000 1498000 997000 1375000 1998000 997000 -128 301 -12 1495 1362 242 -400 0 
Hello Junta. Starting Potato Controller now
imu.begin()-IMU comm & initialize completed 
imu.dmpBegin() suceeded
IMU SETUP COMPLETED
