-0.178863 -0.970990 -0.493768 -0.060976 0.182927 1100.000000 1100.000000 1100.000000 1100.000000 0.001140 0.000057 0.002280 
-0.262431 -0.869219 -0.453703 0.000000 -0.000000 1100.000000 1100.000000 1100.000000 1100.000000 0.001140 0.000057 0.002280 
-0.318631 -0.797118 -0.429328 -0.121951 -0.060976 1100.000000 1100.000000 1100.000000 1100.000000 0.001140 0.000057 0.002280 
-0.367329 -0.728883 -0.407824 -0.182927 0.121951 1100.000000 1100.000000 1100.000000 1100.000000 0.001140 0.000057 0.002280 
-0.421457 -0.657868 -0.390671 0.000000 -0.000000 1100.000000 1100.000000 1100.000000 1100.000000 0.001140 0.000057 0.002280 
-0.466633 -0.597579 -0.378976 -0.182927 0.060976 1100.000000 1100.000000 1100.000000 1100.000000 0.001140 0.000057 0.002280 
-0.507259 -0.560771 -0.377942 -0.060976 0.060976 1100.000000 1100.000000 1100.000000 1100.000000 0.001140 0.000057 0.002280 
-0.543750 -0.519742 -0.375865 -0.060976 0.060976 1100.000000 1100.000000 1100.000000 1100.000000 0.001140 0.000057 0.002280 
-0.576242 -0.490102 -0.377942 -0.182927 0.060976 1100.000000 1100.000000 1100.000000 1100.000000 0.001140 0.000057 0.002280 
-0.633937 -0.465197 -0.392669 0.365854 -1.829268 1144.000000 1146.000000 1120.000000 1117.000000 0.001140 0.000057 0.002280 
-0.642015 -0.376746 -0.372203 -0.304878 -0.121951 1128.000000 1136.000000 1132.000000 1134.000000 0.001140 0.000057 0.002280 
-0.641043 -0.319652 -0.358274 -1.219512 -1.097561 1127.000000 1136.000000 1146.000000 1141.000000 0.001140 0.000057 0.002280 
-0.761585 -0.272830 -0.404452 1.646341 2.134146 1167.000000 1176.000000 1170.000000 1184.000000 0.001140 0.000057 0.002280 
-0.714543 -0.289358 -0.385122 0.365854 -1.951220 1191.000000 1192.000000 1204.000000 1202.000000 0.001140 0.000057 0.002280 
-0.695431 -0.347215 -0.388662 -0.060976 1.768293 1213.000000 1226.000000 1216.000000 1223.000000 0.001140 0.000057 0.002280 
-0.653976 -0.245992 -0.348866 2.378049 2.012195 1252.000000 1258.000000 1261.000000 1275.000000 0.001140 0.000057 0.002280 
-0.461518 -0.520685 -0.347742 -4.573171 -5.914634 1271.000000 1275.000000 1270.000000 1237.000000 0.001140 0.000057 0.002280 
-0.538562 -0.412666 -0.339197 2.317073 4.634146 1292.000000 1304.000000 1292.000000 1302.000000 0.001140 0.000057 0.002280 
-0.623392 -0.401882 -0.370623 0.121951 -0.121951 1308.000000 1316.000000 1305.000000 1305.000000 0.001140 0.000057 0.002280 
-0.442993 -0.449830 -0.315899 0.548781 -0.914634 1322.000000 1327.000000 1317.000000 1316.000000 0.001140 0.000057 0.002280 
-0.653603 -0.532948 -0.421509 -0.487805 -0.000000 1322.000000 1333.000000 1307.000000 1307.000000 0.001140 0.000057 0.002280 
-1.387029 -0.707309 -0.778335 -0.548781 -3.292683 1332.000000 1342.000000 1322.000000 1313.000000 0.001140 0.000057 0.002280 
-1.467351 -0.462262 -0.769231 5.365854 2.134146 1365.000000 1374.000000 1354.000000 1389.000000 0.001140 0.000057 0.002280 
-1.432985 -0.381027 -0.741249 -3.963415 -6.524390 1369.000000 1377.000000 1394.000000 1370.000000 0.001140 0.000057 0.002280 
-0.927996 -0.530146 -0.534125 2.621951 0.853659 1383.000000 1392.000000 1388.000000 1403.000000 0.001140 0.000057 0.002280 
-1.099259 -0.375426 -0.580809 -2.439024 -2.195122 1388.000000 1400.000000 1406.000000 1392.000000 0.001140 0.000057 0.002280 
-1.012457 -0.222426 -0.518133 0.426829 2.195122 1394.000000 1407.000000 1385.000000 1400.000000 0.001140 0.000057 0.002280 
-1.204085 -0.082563 -0.603283 -4.634146 -3.231707 1392.000000 1407.000000 1400.000000 1388.000000 0.001140 0.000057 0.002280 
-1.005684 -0.160971 -0.508989 -2.865854 -5.000000 1395.000000 1399.000000 1404.000000 1388.000000 0.001140 0.000057 0.002280 
-0.830582 -0.693774 -0.541041 3.719512 2.378049 1404.000000 1412.000000 1397.000000 1417.000000 0.001140 0.000057 0.002280 
-0.782368 -0.804056 -0.560928 -0.243902 1.646341 1407.000000 1424.000000 1421.000000 1426.000000 0.001140 0.000057 0.002280 
-0.516105 -0.245736 -0.285305 1.219512 -0.487805 1420.000000 1419.000000 1432.000000 1442.000000 0.001140 0.000057 0.002280 
-0.863801 0.712733 0.559881 -2.682927 -3.475610 1446.000000 1449.000000 1414.000000 1404.000000 0.001140 0.000057 0.002280 
-0.933677 0.585543 0.551074 1.829268 3.780488 1431.000000 1439.000000 1414.000000 1446.000000 0.001140 0.000057 0.002280 
-0.257433 0.675340 0.361536 0.121951 -0.548781 1427.000000 1427.000000 1468.000000 1465.000000 0.001140 0.000057 0.002280 
-0.887949 0.990795 0.664996 2.865854 2.256098 1459.000000 1456.000000 1450.000000 1480.000000 0.001140 0.000057 0.002280 
-1.206880 0.786104 0.720093 -10.548780 -5.853659 1495.000000 1512.000000 1462.000000 1424.000000 0.001140 0.000057 0.002280 
-1.087302 0.593658 0.619288 4.512195 3.475610 1471.000000 1470.000000 1475.000000 1514.000000 0.001140 0.000057 0.002280 
-1.183355 0.932950 0.753295 -0.243902 -6.402439 1499.000000 1477.000000 1514.000000 1512.000000 0.001140 0.000057 0.002280 
-1.001048 0.471967 0.553201 9.024390 10.243902 1504.000000 1507.000000 1482.000000 1565.000000 0.001140 0.000057 0.002280 
-1.906858 -0.018350 -0.953471 -4.268293 8.536586 1529.000000 1571.000000 1476.000000 1498.000000 0.001140 0.000057 0.002280 
-2.537717 0.314836 1.278554 0.121951 4.817073 1492.000000 1519.000000 1516.000000 1547.000000 0.001140 0.000057 0.002280 
-3.786462 -0.087853 -1.893722 -11.341464 5.121951 1485.000000 1559.000000 1509.000000 1509.000000 0.001140 0.000057 0.002280 
-3.746983 0.023956 1.873566 6.341464 -0.304878 1531.000000 1556.000000 1445.000000 1505.000000 0.001140 0.000057 0.002280 
-1.063053 -0.832615 -0.675217 4.573171 0.792683 1499.000000 1542.000000 1457.000000 1524.000000 0.001140 0.000057 0.002280 
-0.168602 0.039069 0.086229 5.975610 3.597561 1460.000000 1507.000000 1483.000000 1569.000000 0.001140 0.000057 0.002280 
0.105184 0.001019 0.052339 -2.743902 0.792683 1471.000000 1530.000000 1482.000000 1527.000000 0.001140 0.000057 0.002280 
-0.071072 -0.741853 -0.372203 -9.207317 0.243902 1449.000000 1537.000000 1536.000000 1540.000000 0.001140 0.000057 0.002280 
0.612663 -1.107914 -0.633038 -9.146341 -22.012196 1545.000000 1557.000000 1534.000000 1465.000000 0.001140 0.000057 0.002280 
0.965214 -0.249213 -0.498108 -7.621952 -13.658537 1505.000000 1531.000000 1557.000000 1517.000000 0.001140 0.000057 0.002280 
0.564141 -0.504661 -0.378459 -10.853659 -11.097561 1511.000000 1556.000000 1553.000000 1518.000000 0.001140 0.000057 0.002280 
1.134301 0.408823 0.602959 -4.268293 -1.829268 1510.000000 1555.000000 1564.000000 1566.000000 0.001140 0.000057 0.002280 
1.864781 0.502512 0.965503 14.817074 3.109756 1563.000000 1554.000000 1496.000000 1581.000000 0.001140 0.000057 0.002280 
2.003667 -0.271080 -1.010850 17.439024 13.170732 1577.000000 1586.000000 1445.000000 1573.000000 0.001140 0.000057 0.002280 
0.905996 -0.162448 -0.460127 6.341464 11.280488 1498.000000 1531.000000 1506.000000 1575.000000 0.001140 0.000057 0.002280 
0.613918 0.413968 0.370094 1.890244 14.207317 1498.000000 1544.000000 1490.000000 1554.000000 0.001140 0.000057 0.002280 
-0.819781 0.246611 0.427958 4.085366 11.097561 1501.000000 1529.000000 1503.000000 1560.000000 0.001140 0.000057 0.002280 
-2.026216 -0.853942 -1.099317 -6.829268 4.756098 1517.000000 1571.000000 1541.000000 1545.000000 0.001140 0.000057 0.002280 
-2.729743 -0.833397 -1.426973 -10.000000 -6.585366 1555.000000 1599.000000 1524.000000 1492.000000 0.001140 0.000057 0.002280 
-1.647544 -2.392514 -1.452392 -8.170732 -0.731707 1572.000000 1648.000000 1468.000000 1462.000000 0.001140 0.000057 0.002280 
-0.991156 -0.973258 -0.694362 -9.878049 -13.658537 1559.000000 1597.000000 1514.000000 1472.000000 0.001140 0.000057 0.002280 
-0.726459 -0.924306 -0.587841 14.878049 -12.560976 1551.000000 1502.000000 1530.000000 1575.000000 0.001140 0.000057 0.002280 
0.088648 1.339677 0.671147 -18.353659 27.134148 1431.000000 1618.000000 1519.000000 1586.000000 0.001140 0.000057 0.002280 
-0.112647 1.009883 0.507834 23.353659 16.707317 1527.000000 1536.000000 1461.000000 1627.000000 0.001140 0.000057 0.002280 
-0.111078 -1.064566 -0.535223 9.939025 12.439025 1560.000000 1586.000000 1438.000000 1555.000000 0.001140 0.000057 0.002280 
-0.368492 -1.323255 -0.686711 -6.768293 4.329268 1522.000000 1552.000000 1495.000000 1553.000000 0.001140 0.000057 0.002280 
0.500921 -3.686371 -1.860043 -10.243902 -4.695122 1504.000000 1500.000000 1541.000000 1566.000000 0.001140 0.000057 0.002280 
0.549441 -5.409671 -2.718726 -6.951220 -10.060976 1556.000000 1566.000000 1491.000000 1485.000000 0.001140 0.000057 0.002280 
2.088713 -4.578195 -2.515984 -8.231708 -4.756098 1570.000000 1619.000000 1441.000000 1444.000000 0.001140 0.000057 0.002280 
3.024561 -2.682182 -2.021101 18.292683 -0.304878 1511.000000 1487.000000 1526.000000 1602.000000 0.001140 0.000057 0.002280 
3.223708 -2.251025 -1.965828 10.121951 5.121951 1527.000000 1530.000000 1515.000000 1582.000000 0.001140 0.000057 0.002280 
3.028085 -1.579713 -1.707544 -3.475610 77.865852 1405.000000 1650.000000 1438.000000 1661.000000 0.001140 0.000057 0.002280 
1.955868 -4.633510 -2.514583 47.621952 7.012195 1624.000000 1518.000000 1401.000000 1603.000000 0.001140 0.000057 0.002280 
0.009709 -2.727257 -1.363580 -5.975610 -12.560976 1548.000000 1575.000000 1516.000000 1483.000000 0.001140 0.000057 0.002280 
0.896269 -0.679301 -0.562322 -7.073171 -23.231709 1564.000000 1577.000000 1505.000000 1448.000000 0.001140 0.000057 0.002280 
2.227776 0.352285 1.127612 -1.829268 -5.365854 1512.000000 1547.000000 1502.000000 1521.000000 0.001140 0.000057 0.002280 
2.550176 0.394305 1.290285 2.621951 -5.487805 1554.000000 1568.000000 1467.000000 1501.000000 0.001140 0.000057 0.002280 
2.934761 -0.456121 -1.485035 -2.073171 -3.353659 1516.000000 1556.000000 1502.000000 1528.000000 0.001140 0.000057 0.002280 
2.898881 -0.725976 -1.494100 0.243902 -0.000000 1539.000000 1561.000000 1512.000000 1535.000000 0.001140 0.000057 0.002280 
1.010441 -0.791994 -0.641635 7.012195 7.804878 1514.000000 1527.000000 1557.000000 1613.000000 0.001140 0.000057 0.002280 
-0.257519 -1.872453 -0.945019 -5.243903 6.219512 1602.000000 1674.000000 1462.000000 1484.000000 0.001140 0.000057 0.002280 
-0.012230 -1.311028 -0.655513 -2.987805 -9.024390 1572.000000 1614.000000 1509.000000 1506.000000 0.001140 0.000057 0.002280 
1.128406 -0.654456 -0.652221 13.902439 -4.390244 1536.000000 1539.000000 1495.000000 1559.000000 0.001140 0.000057 0.002280 
1.330230 -0.630933 -0.736217 -6.280488 1.097561 1554.000000 1607.000000 1505.000000 1492.000000 0.001140 0.000057 0.002280 
-0.218216 0.399739 0.227282 -5.182927 7.804878 1557.000000 1618.000000 1493.000000 1510.000000 0.001140 0.000057 0.002280 
-1.386412 0.895960 0.825431 2.500000 -3.292683 1527.000000 1523.000000 1555.000000 1577.000000 0.001140 0.000057 0.002280 
-2.633684 0.330722 1.327217 -5.853659 -0.853659 1549.000000 1596.000000 1511.000000 1513.000000 0.001140 0.000057 0.002280 
-2.207771 0.330429 1.116099 7.195122 6.463415 1590.000000 1625.000000 1431.000000 1512.000000 0.001140 0.000057 0.002280 
-1.209189 -0.927832 -0.762075 8.597561 17.317074 1538.000000 1600.000000 1450.000000 1574.000000 0.001140 0.000057 0.002280 
-2.087614 -0.864009 -1.129519 10.792684 3.780488 1479.000000 1489.000000 1561.000000 1633.000000 0.001140 0.000057 0.002280 
-2.682187 -1.101827 -1.449829 -9.817074 -3.841464 1580.000000 1614.000000 1495.000000 1472.000000 0.001140 0.000057 0.002280 
-3.332769 -1.164853 -1.765138 -2.865854 14.146341 1569.000000 1632.000000 1447.000000 1511.000000 0.001140 0.000057 0.002280 
-3.653815 -2.432935 -2.194726 -17.317074 2.195122 1491.000000 1530.000000 1549.000000 1577.000000 0.001140 0.000057 0.002280 
-3.847873 -5.626228 -3.407662 -22.500000 -10.121951 1541.000000 1600.000000 1528.000000 1497.000000 0.001140 0.000057 0.002280 
-1.790937 -4.536630 -2.438553 10.000000 -18.902439 1582.000000 1591.000000 1488.000000 1493.000000 0.001140 0.000057 0.002280 
0.677143 -2.723243 -1.403048 10.121951 -14.573171 1509.000000 1510.000000 1564.000000 1575.000000 0.001140 0.000057 0.002280 
2.825009 -1.169141 -1.528543 1.158537 -2.804878 1531.000000 1575.000000 1518.000000 1534.000000 0.001140 0.000057 0.002280 
3.126568 -1.193680 -1.673276 -2.073171 -13.353659 1570.000000 1578.000000 1514.000000 1492.000000 0.001140 0.000057 0.002280 
3.302619 -1.131603 -1.745516 8.231708 8.719512 1564.000000 1602.000000 1473.000000 1543.000000 0.001140 0.000057 0.002280 
2.567416 -0.500450 -1.307759 6.341464 3.109756 1520.000000 1531.000000 1553.000000 1598.000000 0.001140 0.000057 0.002280 
1.511921 -1.480321 -1.057954 -2.682927 6.341464 1563.000000 1615.000000 1513.000000 1531.000000 0.001140 0.000057 0.002280 
0.282266 -1.055150 -0.546081 -2.743902 -3.414634 1496.000000 1530.000000 1581.000000 1595.000000 0.001140 0.000057 0.002280 
0.417802 -1.536498 -0.795985 5.670732 10.304878 1590.000000 1648.000000 1439.000000 1525.000000 0.001140 0.000057 0.002280 
-0.225612 -1.893071 -0.953265 -2.317073 6.463415 1525.000000 1576.000000 1525.000000 1559.000000 0.001140 0.000057 0.002280 
-0.966417 -2.116268 -1.163148 -6.646342 -2.682927 1513.000000 1550.000000 1522.000000 1529.000000 0.001140 0.000057 0.002280 
-0.798704 -2.539237 -1.330898 -0.853659 12.012196 1544.000000 1614.000000 1444.000000 1512.000000 0.001140 0.000057 0.002280 
-1.144904 -2.629852 -1.434087 -2.560976 -0.548781 1545.000000 1573.000000 1528.000000 1540.000000 0.001140 0.000057 0.002280 
-2.003076 -2.268349 -1.512973 8.170732 4.695122 1558.000000 1557.000000 1526.000000 1585.000000 0.001140 0.000057 0.002280 
-3.022088 -2.295767 -1.897439 2.256098 5.243903 1588.000000 1622.000000 1470.000000 1519.000000 0.001140 0.000057 0.002280 
-2.432282 -2.481748 -1.737425 18.841463 -1.463415 1523.000000 1485.000000 1556.000000 1642.000000 0.001140 0.000057 0.002280 
-1.994920 -1.864300 -1.365157 1.402439 -9.695122 1546.000000 1560.000000 1517.000000 1527.000000 0.001140 0.000057 0.002280 
-3.483046 0.720872 1.778393 28.048780 25.975611 1533.000000 1575.000000 1410.000000 1632.000000 0.001140 0.000057 0.002280 
-1.351499 0.219446 0.684713 17.987804 8.536586 1600.000000 1612.000000 1439.000000 1575.000000 0.001140 0.000057 0.002280 
-1.294166 0.069697 0.648007 0.914634 -10.000000 1563.000000 1569.000000 1548.000000 1566.000000 0.001140 0.000057 0.002280 
0.276826 -0.858550 -0.451108 -15.121951 -20.060976 1586.000000 1617.000000 1549.000000 1483.000000 0.001140 0.000057 0.002280 
2.437554 -1.382795 -1.401094 -15.548780 -22.560976 1599.000000 1621.000000 1535.000000 1471.000000 0.001140 0.000057 0.002280 
3.892087 -1.589475 -2.101986 -8.841464 -16.341463 1567.000000 1573.000000 1564.000000 1523.000000 0.001140 0.000057 0.002280 
3.587259 -3.031863 -2.348271 -1.341463 2.256098 1573.000000 1603.000000 1500.000000 1546.000000 0.001140 0.000057 0.002280 
3.380304 -4.619563 -2.861839 -9.634147 2.317073 1624.000000 1684.000000 1460.000000 1458.000000 0.001140 0.000057 0.002280 
3.282781 -5.159406 -3.057295 -16.280489 -4.756098 1587.000000 1664.000000 1514.000000 1461.000000 0.001140 0.000057 0.002280 
4.135381 -5.204790 -3.323369 -19.573172 -14.085366 1625.000000 1686.000000 1502.000000 1405.000000 0.001140 0.000057 0.002280 
4.505998 -4.149563 -3.062413 0.792683 -2.012195 1614.000000 1639.000000 1452.000000 1453.000000 0.001140 0.000057 0.002280 
2.931168 -2.931388 -2.072638 -0.121951 16.890244 1635.000000 1693.000000 1411.000000 1447.000000 0.001140 0.000057 0.002280 
0.115178 -3.942335 -1.971991 -4.268293 2.682927 1622.000000 1640.000000 1485.000000 1455.000000 0.001140 0.000057 0.002280 
-2.708809 -3.801273 -2.333639 -0.548781 7.012195 1596.000000 1646.000000 1486.000000 1498.000000 0.001140 0.000057 0.002280 
-3.542746 -1.354818 -1.896407 -5.548780 12.560976 1597.000000 1694.000000 1463.000000 1484.000000 0.001140 0.000057 0.002280 
-4.353526 0.228945 2.179783 5.975610 18.292683 1590.000000 1672.000000 1444.000000 1527.000000 0.001140 0.000057 0.002280 
-4.516183 1.095653 2.323553 13.170732 17.987804 1641.000000 1694.000000 1392.000000 1511.000000 0.001140 0.000057 0.002280 
-4.018625 1.043901 2.075940 6.097561 -3.597561 1606.000000 1622.000000 1466.000000 1528.000000 0.001140 0.000057 0.002280 
-2.618848 1.789312 1.585849 0.304878 -21.097561 1582.000000 1563.000000 1502.000000 1503.000000 0.001140 0.000057 0.002280 
-0.748824 1.640539 0.901572 6.585366 -4.573171 1575.000000 1583.000000 1468.000000 1545.000000 0.001140 0.000057 0.002280 
0.526834 1.058319 0.591160 1.707317 -17.012196 1603.000000 1573.000000 1516.000000 1518.000000 0.001140 0.000057 0.002280 
0.533655 1.178168 0.646496 -0.060976 2.621951 1661.000000 1690.000000 1425.000000 1467.000000 0.001140 0.000057 0.002280 
0.423473 1.591632 0.823532 -6.158537 -12.865854 1602.000000 1599.000000 1522.000000 1515.000000 0.001140 0.000057 0.002280 
1.142499 0.461651 0.616120 1.219512 14.573171 1600.000000 1649.000000 1437.000000 1552.000000 0.001140 0.000057 0.002280 
2.016218 -2.127382 -1.465536 -12.804878 -1.219512 1602.000000 1630.000000 1501.000000 1509.000000 0.001140 0.000057 0.002280 
1.147050 -2.974010 -1.593727 -2.926829 5.121951 1541.000000 1573.000000 1533.000000 1591.000000 0.001140 0.000057 0.002280 
0.960904 -4.275386 -2.190977 -11.341464 -11.280488 1550.000000 1560.000000 1584.000000 1540.000000 0.001140 0.000057 0.002280 
0.242264 -3.609613 -1.808835 -0.609756 -4.512195 1530.000000 1537.000000 1575.000000 1597.000000 0.001140 0.000057 0.002280 
0.232886 -3.885582 -1.946218 -8.719512 -0.000000 1628.000000 1677.000000 1462.000000 1467.000000 0.001140 0.000057 0.002280 
-0.128172 -3.918631 -1.960345 5.487805 5.731708 1597.000000 1631.000000 1459.000000 1543.000000 0.001140 0.000057 0.002280 
0.706431 -3.814444 -1.939670 1.646341 15.548780 1617.000000 1700.000000 1416.000000 1502.000000 0.001140 0.000057 0.002280 
0.558846 -3.142742 -1.595936 -9.268292 -16.951220 1596.000000 1612.000000 1554.000000 1488.000000 0.001140 0.000057 0.002280 
0.325354 -1.779660 -0.904389 3.841464 -3.963415 1636.000000 1661.000000 1470.000000 1479.000000 0.001140 0.000057 0.002280 
-0.462172 -0.133362 -0.240663 -1.280488 -6.402439 1634.000000 1653.000000 1478.000000 1474.000000 0.001140 0.000057 0.002280 
-0.311920 1.010770 0.528601 15.914635 2.682927 1532.000000 1531.000000 1528.000000 1639.000000 0.001140 0.000057 0.002280 
0.847122 0.059267 0.424746 2.926829 5.853659 1626.000000 1671.000000 1434.000000 1504.000000 0.001140 0.000057 0.002280 
1.611494 -0.386909 -0.828507 -1.585366 -7.073171 1586.000000 1603.000000 1492.000000 1501.000000 0.001140 0.000057 0.002280 
0.940170 -0.246998 -0.485778 -6.097561 -12.926829 1545.000000 1559.000000 1551.000000 1531.000000 0.001140 0.000057 0.002280 
0.231037 -0.090169 -0.123541 -10.000000 -7.865854 1540.000000 1574.000000 1561.000000 1536.000000 0.001140 0.000057 0.002280 
-0.332929 -0.812193 -0.438795 -6.097561 7.743903 1650.000000 1729.000000 1414.000000 1437.000000 0.001140 0.000057 0.002280 
-1.083879 -0.618846 -0.624010 2.012195 4.451220 1561.000000 1610.000000 1498.000000 1545.000000 0.001140 0.000057 0.002280 
-1.621758 -0.370431 -0.831572 -4.268293 -1.951220 1584.000000 1631.000000 1497.000000 1502.000000 0.001140 0.000057 0.002280 
-1.025954 -1.821855 -1.045301 18.475611 22.378050 1510.000000 1568.000000 1462.000000 1601.000000 0.001140 0.000057 0.002280 
-0.938833 -1.764065 -0.999168 -15.792684 -2.012195 1516.000000 1590.000000 1538.000000 1522.000000 0.001140 0.000057 0.002280 
-0.725034 -2.027158 -1.076291 -21.341463 -15.609756 1644.000000 1689.000000 1472.000000 1388.000000 0.001140 0.000057 0.002280 
-0.958116 -2.110132 -1.158596 -12.743903 -12.317074 1621.000000 1662.000000 1453.000000 1482.000000 0.001140 0.000057 0.002280 
1.799043 -3.985774 -2.186417 31.463415 38.658539 1587.000000 1638.000000 1369.000000 1631.000000 0.001140 0.000057 0.002280 
1.813326 -3.554823 -1.995177 20.121952 12.621951 1593.000000 1594.000000 1450.000000 1580.000000 0.001140 0.000057 0.002280 
0.567112 -3.985756 -2.012853 -23.719513 -13.475610 1566.000000 1650.000000 1573.000000 1429.000000 0.001140 0.000057 0.002280 
-0.505873 -0.278737 -0.288714 -17.317074 2.743902 1563.000000 1658.000000 1509.000000 1480.000000 0.001140 0.000057 0.002280 
0.109091 -0.342128 -0.179137 -0.426829 -2.500000 1604.000000 1607.000000 1477.000000 1522.000000 0.001140 0.000057 0.002280 
0.164554 -2.078237 -1.042302 2.682927 -3.597561 1672.000000 1656.000000 1419.000000 1466.000000 0.001140 0.000057 0.002280 
0.870946 -3.816447 -1.957248 7.195122 6.829268 1614.000000 1623.000000 1448.000000 1529.000000 0.001140 0.000057 0.002280 
0.855823 -3.452420 -1.778393 -1.219512 -0.426829 1625.000000 1645.000000 1459.000000 1489.000000 0.001140 0.000057 0.002280 
-0.068816 -2.584282 -1.292558 -10.548780 -17.195122 1614.000000 1611.000000 1521.000000 1467.000000 0.001140 0.000057 0.002280 
0.505090 -1.902471 -0.984171 4.085366 12.256098 1671.000000 1716.000000 1380.000000 1466.000000 0.001140 0.000057 0.002280 
0.829926 -0.858313 -0.596761 11.402439 -0.304878 1601.000000 1577.000000 1494.000000 1565.000000 0.001140 0.000057 0.002280 
0.696850 -0.411260 -0.404452 9.939025 5.365854 1643.000000 1637.000000 1453.000000 1532.000000 0.001140 0.000057 0.002280 
1.429641 -0.957092 -0.860028 15.853659 14.756098 1671.000000 1678.000000 1403.000000 1530.000000 0.001140 0.000057 0.002280 
-0.027945 -0.474468 -0.237388 -13.597561 -17.195122 1541.000000 1538.000000 1636.000000 1563.000000 0.001140 0.000057 0.002280 
-0.511047 -0.072389 -0.257930 -28.597561 -28.536587 1541.000000 1559.000000 1663.000000 1507.000000 0.001140 0.000057 0.002280 
-0.968079 0.825294 0.635814 -16.341463 -24.695122 1602.000000 1598.000000 1555.000000 1466.000000 0.001140 0.000057 0.002280 
0.000398 -0.193320 -0.096913 6.341464 7.439024 1588.000000 1612.000000 1456.000000 1539.000000 0.001140 0.000057 0.002280 
0.712810 -1.442161 -0.804299 6.890244 5.182927 1610.000000 1617.000000 1444.000000 1531.000000 0.001140 0.000057 0.002280 
-0.236370 -2.792287 -1.401094 -16.646341 -14.634147 1594.000000 1600.000000 1539.000000 1477.000000 0.001140 0.000057 0.002280 
-0.721341 -2.828533 -1.459381 -9.512196 4.695122 1654.000000 1708.000000 1415.000000 1441.000000 0.001140 0.000057 0.002280 
-0.601667 -2.321956 -1.199262 1.463415 10.853659 1654.000000 1696.000000 1388.000000 1472.000000 0.001140 0.000057 0.002280 
-0.090295 -2.251945 -1.126744 5.548780 0.914634 1608.000000 1605.000000 1465.000000 1537.000000 0.001140 0.000057 0.002280 
1.034175 -2.507390 -1.356096 3.048780 -10.304878 1604.000000 1563.000000 1524.000000 1539.000000 0.001140 0.000057 0.002280 
1.005730 -2.531430 -1.362000 -1.463415 4.207317 1651.000000 1674.000000 1436.000000 1473.000000 0.001140 0.000057 0.002280 
1.076161 -2.564436 -1.390579 10.121951 9.573171 1671.000000 1675.000000 1393.000000 1495.000000 0.001140 0.000057 0.002280 
0.311383 -1.954362 -0.989525 -2.012195 -7.256098 1556.000000 1541.000000 1560.000000 1573.000000 0.001140 0.000057 0.002280 
0.193963 -2.447176 -1.227326 -7.195122 -15.304878 1592.000000 1568.000000 1553.000000 1521.000000 0.001140 0.000057 0.002280 
0.289033 -2.578304 -1.297243 -10.487805 3.475610 1645.000000 1699.000000 1434.000000 1447.000000 0.001140 0.000057 0.002280 
0.269148 -2.850394 -1.431491 0.060976 5.243903 1565.000000 1592.000000 1508.000000 1564.000000 0.001140 0.000057 0.002280 
0.009430 -2.859191 -1.429576 6.036585 17.500000 1628.000000 1682.000000 1397.000000 1512.000000 0.001140 0.000057 0.002280 
-0.394581 -2.815299 -1.421340 4.390244 -4.756098 1555.000000 1540.000000 1545.000000 1575.000000 0.001140 0.000057 0.002280 
-1.235478 -1.889207 -1.128652 4.695122 2.987805 1566.000000 1593.000000 1499.000000 1559.000000 0.001140 0.000057 0.002280 
-1.018696 -1.517637 -0.913860 -7.621952 2.926829 1575.000000 1643.000000 1488.000000 1508.000000 0.001140 0.000057 0.002280 
-0.995601 -0.902617 -0.671730 -11.829268 -8.231708 1507.000000 1553.000000 1587.000000 1564.000000 0.001140 0.000057 0.002280 
-0.509657 -1.020466 -0.570269 -3.536585 -9.939025 1606.000000 1620.000000 1491.000000 1493.000000 0.001140 0.000057 0.002280 
-0.210801 -1.175084 -0.596761 1.524390 -6.585366 1500.000000 1502.000000 1592.000000 1615.000000 0.001140 0.000057 0.002280 
-0.435669 0.271862 0.256409 17.134148 22.073172 1608.000000 1653.000000 1391.000000 1561.000000 0.001140 0.000057 0.002280 
-0.290678 -0.954923 -0.498893 5.182927 -3.902439 1583.000000 1581.000000 1501.000000 1549.000000 0.001140 0.000057 0.002280 
-0.025847 -1.577219 -0.788575 -1.585366 -0.182927 1622.000000 1667.000000 1444.000000 1481.000000 0.001140 0.000057 0.002280 
1.345214 -1.906606 -1.166675 -13.658537 -15.975610 1538.000000 1569.000000 1581.000000 1530.000000 0.001140 0.000057 0.002280 
1.985721 -1.811913 -1.343920 -13.963415 -9.817074 1598.000000 1661.000000 1493.000000 1454.000000 0.001140 0.000057 0.002280 
2.511070 -1.004422 -1.352195 -1.646341 -6.036585 1551.000000 1577.000000 1532.000000 1550.000000 0.001140 0.000057 0.002280 
2.499049 -1.331613 -1.415822 -1.646341 -1.219512 1549.000000 1573.000000 1528.000000 1552.000000 0.001140 0.000057 0.002280 
1.647661 -1.924662 -1.266714 5.914634 22.256098 1526.000000 1579.000000 1496.000000 1605.000000 0.001140 0.000057 0.002280 
-0.632203 -2.467280 -1.273339 1.097561 17.378050 1533.000000 1577.000000 1511.000000 1589.000000 0.001140 0.000057 0.002280 
-3.143367 -2.530312 -2.017515 5.304878 4.451220 1550.000000 1545.000000 1526.000000 1584.000000 0.001140 0.000057 0.002280 
-4.119836 -2.276150 -2.353266 -9.634147 -1.036585 1524.000000 1574.000000 1563.000000 1573.000000 0.001140 0.000057 0.002280 
-2.537720 -1.513673 -1.477373 -6.890244 -8.170732 1584.000000 1608.000000 1563.000000 1567.000000 0.001140 0.000057 0.002280 
-0.946608 -1.673315 -0.961238 -9.939025 -13.841464 1608.000000 1617.000000 1555.000000 1530.000000 0.001140 0.000057 0.002280 
-1.271286 -2.198561 -1.269800 -1.402439 -10.000000 1510.000000 1517.000000 1593.000000 1621.000000 0.001140 0.000057 0.002280 
0.356871 -4.132204 -2.073771 -10.914635 -4.329268 1581.000000 1626.000000 1504.000000 1504.000000 0.001140 0.000057 0.002280 
0.415497 -4.748065 -2.383020 -13.963415 -4.756098 1533.000000 1590.000000 1522.000000 1501.000000 0.001140 0.000057 0.002280 
0.701846 -4.075380 -2.067627 -1.341463 5.060976 1552.000000 1622.000000 1465.000000 1507.000000 0.001140 0.000057 0.002280 
0.914361 -3.308318 -1.716118 7.560976 6.402439 1619.000000 1660.000000 1423.000000 1484.000000 0.001140 0.000057 0.002280 
0.827097 -0.636847 -0.521896 20.182928 -4.878049 1571.000000 1535.000000 1523.000000 1602.000000 0.001140 0.000057 0.002280 
1.226114 0.766929 0.723076 11.402439 7.926829 1666.000000 1691.000000 1393.000000 1484.000000 0.001140 0.000057 0.002280 
1.787115 1.615438 1.204473 -0.548781 -3.719512 1617.000000 1626.000000 1476.000000 1498.000000 0.001140 0.000057 0.002280 
1.565307 2.288629 1.386210 4.329268 10.000000 1623.000000 1655.000000 1432.000000 1512.000000 0.001140 0.000057 0.002280 
0.872645 1.069880 0.690122 -13.475610 -6.463415 1637.000000 1640.000000 1499.000000 1485.000000 0.001140 0.000057 0.002280 
-0.833448 -1.966236 -1.067712 -14.390244 -2.743902 1620.000000 1648.000000 1519.000000 1507.000000 0.001140 0.000057 0.002280 
-2.294301 -3.325334 -2.019939 -1.097561 -5.487805 1665.000000 1667.000000 1472.000000 1478.000000 0.001140 0.000057 0.002280 
-0.607162 -4.836631 -2.437269 34.329269 34.329269 1648.000000 1698.000000 1306.000000 1567.000000 0.001140 0.000057 0.002280 
1.059524 -4.786849 -2.451282 -6.280488 13.353659 1634.000000 1745.000000 1391.000000 1436.000000 0.001140 0.000057 0.002280 
0.297437 -2.665626 -1.341005 -25.670732 8.719512 1596.000000 1755.000000 1437.000000 1402.000000 0.001140 0.000057 0.002280 
0.313608 -1.799681 -0.913431 -1.158537 17.195122 1554.000000 1653.000000 1447.000000 1528.000000 0.001140 0.000057 0.002280 
1.099110 -2.365619 -1.304163 23.109756 11.524390 1539.000000 1546.000000 1472.000000 1625.000000 0.001140 0.000057 0.002280 
1.819732 -3.557345 -1.997726 4.207317 -0.731707 1646.000000 1687.000000 1402.000000 1439.000000 0.001140 0.000057 0.002280 
2.423432 -2.670595 -1.803091 -10.000000 -8.719512 1557.000000 1619.000000 1524.000000 1487.000000 0.001140 0.000057 0.002280 
2.455292 -1.446601 -1.424777 -8.658537 5.182927 1580.000000 1678.000000 1462.000000 1465.000000 0.001140 0.000057 0.002280 
1.788388 -0.593305 -0.942115 -5.914634 -2.500000 1581.000000 1641.000000 1485.000000 1483.000000 0.001140 0.000057 0.002280 
1.647858 -0.627801 -0.881600 9.756098 3.719512 1558.000000 1600.000000 1482.000000 1546.000000 0.001140 0.000057 0.002280 
1.660287 0.088624 0.831336 8.597561 4.939024 1506.000000 1555.000000 1537.000000 1592.000000 0.001140 0.000057 0.002280 
1.476617 -0.055460 -0.738870 8.170732 -1.829268 1553.000000 1584.000000 1511.000000 1546.000000 0.001140 0.000057 0.002280 
1.831425 1.168095 1.086065 16.951220 6.036585 1559.000000 1571.000000 1509.000000 1598.000000 0.001140 0.000057 0.002280 
1.869313 1.542446 1.211762 6.768293 1.829268 1516.000000 1536.000000 1580.000000 1615.000000 0.001140 0.000057 0.002280 
0.685302 1.762939 0.945640 6.402439 2.926829 1486.000000 1502.000000 1597.000000 1653.000000 0.001140 0.000057 0.002280 
0.464317 1.920847 0.987942 8.963415 10.975610 1557.000000 1578.000000 1496.000000 1604.000000 0.001140 0.000057 0.002280 
-0.569314 1.009754 0.579460 -5.000000 -3.170732 1563.000000 1536.000000 1546.000000 1585.000000 0.001140 0.000057 0.002280 
-1.977821 -1.896492 -1.370022 -1.463415 17.378050 1483.000000 1525.000000 1542.000000 1652.000000 0.001140 0.000057 0.002280 
0.993803 -4.944853 -2.521812 -22.073172 -20.548780 1530.000000 1515.000000 1657.000000 1488.000000 0.001140 0.000057 0.002280 
-3.953256 -4.422403 -2.965571 -35.426830 -31.829269 1540.000000 1568.000000 1640.000000 1438.000000 0.001140 0.000057 0.002280 
-5.375628 -2.538611 -2.972231 -16.524391 -12.317074 1505.000000 1534.000000 1584.000000 1527.000000 0.001140 0.000057 0.002280 
-5.075656 -3.258439 -3.015452 -7.560976 1.280488 1499.000000 1541.000000 1532.000000 1546.000000 0.001140 0.000057 0.002280 
-5.403248 -3.214687 -3.143297 5.670732 8.292683 1550.000000 1580.000000 1446.000000 1534.000000 0.001140 0.000057 0.002280 
-4.572038 -3.222358 -2.796454 -0.487805 -3.048780 1597.000000 1613.000000 1506.000000 1542.000000 0.001140 0.000057 0.002280 
-3.856396 -3.028106 -2.451362 15.670732 6.707317 1625.000000 1633.000000 1474.000000 1594.000000 0.001140 0.000057 0.002280 
-3.263228 -2.223743 -1.974371 10.000000 -0.609756 1527.000000 1531.000000 1605.000000 1678.000000 0.001140 0.000057 0.002280 
-2.425422 -0.942565 -1.301008 19.146341 2.256098 1539.000000 1548.000000 1518.000000 1633.000000 0.001140 0.000057 0.002280 
0.089001 0.435503 0.222056 16.463415 2.500000 1546.000000 1556.000000 1484.000000 1589.000000 0.001140 0.000057 0.002280 
1.322563 -0.232972 -0.671439 2.256098 -6.341464 1539.000000 1555.000000 1513.000000 1547.000000 0.001140 0.000057 0.002280 
2.354855 -0.002209 -1.177361 -12.256098 -11.280488 1533.000000 1571.000000 1547.000000 1499.000000 0.001140 0.000057 0.002280 
2.521076 -0.309271 -1.269954 -4.146341 -2.439024 1515.000000 1546.000000 1562.000000 1562.000000 0.001140 0.000057 0.002280 
2.053424 -1.797553 -1.364440 -14.085366 2.500000 1559.000000 1620.000000 1562.000000 1533.000000 0.001140 0.000057 0.002280 
0.328371 -1.996150 -1.011431 -7.621952 12.500000 1516.000000 1589.000000 1591.000000 1622.000000 0.001140 0.000057 0.002280 
-0.295799 -2.179168 -1.099495 13.963415 27.378050 1603.000000 1668.000000 1441.000000 1598.000000 0.001140 0.000057 0.002280 
3.952745 -7.072837 -4.050574 -48.780487 -69.573174 1532.000000 1507.000000 1775.000000 1387.000000 0.001140 0.000057 0.002280 
0.095444 -1.479488 -0.741249 -32.134148 -15.243903 1539.000000 1629.000000 1584.000000 1430.000000 0.001140 0.000057 0.002280 
-0.015929 -0.366694 -0.183454 7.195122 22.439024 1583.000000 1656.000000 1373.000000 1490.000000 0.001140 0.000057 0.002280 
0.604467 -1.884002 -0.989327 20.243902 19.878050 1534.000000 1552.000000 1431.000000 1590.000000 0.001140 0.000057 0.002280 
-1.042826 -1.167122 -0.782347 6.829268 0.243902 1530.000000 1525.000000 1511.000000 1564.000000 0.001140 0.000057 0.002280 
-2.053455 0.156253 1.029646 3.902439 8.414635 1599.000000 1645.000000 1442.000000 1511.000000 0.001140 0.000057 0.002280 
-2.453002 0.708044 1.276409 -6.036585 -9.573171 1543.000000 1551.000000 1580.000000 1565.000000 0.001140 0.000057 0.002280 
-3.008071 0.430422 1.519297 -15.182927 0.975610 1560.000000 1624.000000 1545.000000 1521.000000 0.001140 0.000057 0.002280 
-3.206586 -0.310153 -1.610705 -10.000000 -4.085366 1557.000000 1596.000000 1556.000000 1533.000000 0.001140 0.000057 0.002280 
-2.477475 -1.124573 -1.360275 -6.341464 -12.560976 1520.000000 1545.000000 1597.000000 1572.000000 0.001140 0.000057 0.002280 
-1.593219 -0.385042 -0.819483 -12.073171 -28.292683 1490.000000 1508.000000 1654.000000 1578.000000 0.001140 0.000057 0.002280 
1.421078 0.061001 0.711069 -10.365854 -17.804878 1508.000000 1542.000000 1612.000000 1568.000000 0.001140 0.000057 0.002280 
3.265302 -0.070278 -1.633027 -9.390244 -11.036586 1623.000000 1658.000000 1491.000000 1459.000000 0.001140 0.000057 0.002280 
3.680123 -0.005944 -1.840050 5.914634 -4.024390 1544.000000 1533.000000 1564.000000 1593.000000 0.001140 0.000057 0.002280 
2.613329 -0.286765 -1.314476 3.902439 13.780488 1581.000000 1626.000000 1484.000000 1547.000000 0.001140 0.000057 0.002280 
1.846692 -0.904894 -1.028125 1.707317 17.195122 1549.000000 1610.000000 1507.000000 1576.000000 0.001140 0.000057 0.002280 
-0.195287 -0.537279 -0.285990 10.304878 14.451220 1596.000000 1617.000000 1471.000000 1559.000000 0.001140 0.000057 0.002280 
-1.199384 -0.017751 -0.599705 6.036585 9.085366 1543.000000 1583.000000 1519.000000 1597.000000 0.001140 0.000057 0.002280 
-1.087334 -0.672457 -0.639190 -7.682927 0.853659 1532.000000 1587.000000 1548.000000 1571.000000 0.001140 0.000057 0.002280 
-1.459815 -1.217862 -0.950387 -3.780488 7.439024 1632.000000 1699.000000 1418.000000 1485.000000 0.001140 0.000057 0.002280 
-2.052066 -1.659400 -1.319379 -15.975610 -21.951220 1569.000000 1582.000000 1575.000000 1504.000000 0.001140 0.000057 0.002280 
-2.118183 -1.556866 -1.314327 3.353659 2.682927 1560.000000 1600.000000 1493.000000 1572.000000 0.001140 0.000057 0.002280 
-0.547914 -2.982979 -1.516332 -1.402439 -13.780488 1553.000000 1553.000000 1542.000000 1558.000000 0.001140 0.000057 0.002280 
0.678728 -2.555085 -1.321750 0.609756 -3.536585 1542.000000 1567.000000 1504.000000 1561.000000 0.001140 0.000057 0.002280 
1.599491 -1.716834 -1.173198 1.768293 -6.524390 1550.000000 1548.000000 1520.000000 1560.000000 0.001140 0.000057 0.002280 
1.326102 -2.216527 -1.291498 -7.621952 -15.670732 1531.000000 1508.000000 1580.000000 1563.000000 0.001140 0.000057 0.002280 
0.784697 -2.858180 -1.481869 -18.109756 -6.768293 1602.000000 1646.000000 1483.000000 1455.000000 0.001140 0.000057 0.002280 
0.619679 -3.374137 -1.715206 -13.780488 2.500000 1484.000000 1541.000000 1567.000000 1587.000000 0.001140 0.000057 0.002280 
-0.391375 -4.428238 -2.222727 3.963415 0.853659 1566.000000 1565.000000 1528.000000 1590.000000 0.001140 0.000057 0.002280 
-1.615307 -4.252131 -2.274258 15.182927 8.780488 1539.000000 1533.000000 1531.000000 1638.000000 0.001140 0.000057 0.002280 
-2.005734 -3.243610 -1.906699 16.280489 0.121951 1532.000000 1509.000000 1550.000000 1646.000000 0.001140 0.000057 0.002280 
-1.099729 -1.855669 -1.078471 11.890244 -10.304878 1554.000000 1542.000000 1549.000000 1593.000000 0.001140 0.000057 0.002280 
-0.678786 0.803493 0.526004 7.621952 -6.646342 1514.000000 1516.000000 1581.000000 1624.000000 0.001140 0.000057 0.002280 
-0.603737 1.875981 0.985363 3.170732 9.756098 1616.000000 1671.000000 1428.000000 1519.000000 0.001140 0.000057 0.002280 
-0.891297 1.281142 0.780344 -12.439025 1.585366 1625.000000 1678.000000 1460.000000 1476.000000 0.001140 0.000057 0.002280 
-1.127119 -0.514306 -0.619288 -14.817074 -0.914634 1602.000000 1640.000000 1485.000000 1507.000000 0.001140 0.000057 0.002280 
-0.366310 -2.842112 -1.432721 -6.768293 1.951220 1587.000000 1619.000000 1498.000000 1551.000000 0.001140 0.000057 0.002280 
-0.566947 -3.574543 -1.809592 6.219512 6.829268 1563.000000 1583.000000 1502.000000 1602.000000 0.001140 0.000057 0.002280 
-0.061742 -3.769495 -1.885021 -2.743902 4.085366 1608.000000 1665.000000 1471.000000 1510.000000 0.001140 0.000057 0.002280 
0.628372 -2.769319 -1.419824 2.560976 5.731708 1590.000000 1649.000000 1484.000000 1527.000000 0.001140 0.000057 0.002280 
0.690040 -1.268837 -0.721992 -0.609756 -0.853659 1554.000000 1602.000000 1538.000000 1547.000000 0.001140 0.000057 0.002280 
0.771470 -0.418375 -0.438795 -1.341463 -7.073171 1594.000000 1613.000000 1529.000000 1513.000000 0.001140 0.000057 0.002280 
0.307269 0.154007 0.171320 -1.402439 -7.743903 1623.000000 1634.000000 1499.000000 1493.000000 0.001140 0.000057 0.002280 
0.437470 0.195540 0.239848 -0.670732 -6.707317 1636.000000 1645.000000 1481.000000 1488.000000 0.001140 0.000057 0.002280 
0.702411 -0.450018 -0.416841 7.743903 5.487805 1568.000000 1586.000000 1518.000000 1578.000000 0.001140 0.000057 0.002280 
-0.327234 -0.948672 -0.501631 2.682927 -14.573171 1547.000000 1520.000000 1597.000000 1587.000000 0.001140 0.000057 0.002280 
-0.111913 -1.478433 -0.741249 -15.426829 8.658537 1593.000000 1697.000000 1475.000000 1488.000000 0.001140 0.000057 0.002280 
-0.706858 -2.303259 -1.204635 -8.536586 -3.536585 1538.000000 1577.000000 1576.000000 1572.000000 0.001140 0.000057 0.002280 
-0.737605 -3.391330 -1.735283 -15.548780 -18.597561 1545.000000 1564.000000 1619.000000 1542.000000 0.001140 0.000057 0.002280 
-0.740155 -3.354848 -1.717714 -15.243903 -21.707317 1629.000000 1642.000000 1547.000000 1449.000000 0.001140 0.000057 0.002280 
-0.572975 -3.453176 -1.750107 10.121951 6.341464 1666.000000 1685.000000 1426.000000 1498.000000 0.001140 0.000057 0.002280 
-0.586020 -2.653202 -1.358547 10.182927 4.268293 1619.000000 1639.000000 1488.000000 1556.000000 0.001140 0.000057 0.002280 
-0.395783 -3.135488 -1.580163 10.426829 18.353659 1634.000000 1703.000000 1423.000000 1546.000000 0.001140 0.000057 0.002280 
-0.056782 -2.123698 -1.062200 10.853659 22.317074 1624.000000 1710.000000 1425.000000 1555.000000 0.001140 0.000057 0.002280 
-0.178398 -1.239963 -0.626201 -1.829268 -2.560976 1585.000000 1645.000000 1526.000000 1554.000000 0.001140 0.000057 0.002280 
0.439564 -0.109259 -0.226419 -15.853659 -27.926830 1586.000000 1607.000000 1596.000000 1501.000000 0.001140 0.000057 0.002280 
1.568817 0.157159 0.788327 0.304878 -3.902439 1621.000000 1666.000000 1437.000000 1482.000000 0.001140 0.000057 0.002280 
2.063219 0.835177 1.112763 12.804878 3.292683 1608.000000 1624.000000 1433.000000 1544.000000 0.001140 0.000057 0.002280 
2.461671 1.115632 1.351326 8.780488 10.548780 1585.000000 1629.000000 1444.000000 1553.000000 0.001140 0.000057 0.002280 
2.345790 0.895792 1.255386 -6.402439 -0.548781 1599.000000 1639.000000 1486.000000 1510.000000 0.001140 0.000057 0.002280 
1.834889 -1.528135 -1.193866 -14.878049 -2.439024 1554.000000 1585.000000 1541.000000 1545.000000 0.001140 0.000057 0.002280 
0.777208 -4.025882 -2.050041 -9.573171 -0.304878 1562.000000 1599.000000 1514.000000 1531.000000 0.001140 0.000057 0.002280 
-0.263018 -4.935831 -2.471401 4.268293 19.207317 1542.000000 1611.000000 1492.000000 1598.000000 0.001140 0.000057 0.002280 
-2.133882 -5.311172 -2.861770 2.560976 18.841463 1553.000000 1641.000000 1459.000000 1564.000000 0.001140 0.000057 0.002280 
-2.162551 -5.352486 -2.886223 -1.219512 -5.000000 1492.000000 1525.000000 1577.000000 1600.000000 0.001140 0.000057 0.002280 
-2.167922 -3.678821 -2.134876 -6.341464 -8.353659 1557.000000 1596.000000 1523.000000 1530.000000 0.001140 0.000057 0.002280 
-2.926770 -3.059800 -2.116923 -2.500000 -11.890244 1567.000000 1574.000000 1554.000000 1555.000000 0.001140 0.000057 0.002280 
-2.799470 -2.945447 -2.031629 5.914634 -1.463415 1523.000000 1535.000000 1564.000000 1632.000000 0.001140 0.000057 0.002280 
-1.579220 -3.205515 -1.786627 16.463415 15.426829 1624.000000 1681.000000 1404.000000 1554.000000 0.001140 0.000057 0.002280 
-0.231550 -2.039408 -1.026220 4.817073 1.280488 1588.000000 1645.000000 1478.000000 1535.000000 0.001140 0.000057 0.002280 
1.488124 -1.509114 -1.059618 -7.439024 -15.914635 1549.000000 1580.000000 1586.000000 1547.000000 0.001140 0.000057 0.002280 
2.398833 -1.414975 -1.392408 -0.243902 -6.829268 1538.000000 1559.000000 1586.000000 1583.000000 0.001140 0.000057 0.002280 
3.213727 -1.377746 -1.748204 10.792684 -5.792683 1554.000000 1535.000000 1574.000000 1612.000000 0.001140 0.000057 0.002280 
1.541722 -1.506591 -1.077745 8.353659 6.463415 1533.000000 1553.000000 1579.000000 1632.000000 0.001140 0.000057 0.002280 
0.685957 -1.912058 -1.015678 5.304878 7.500000 1589.000000 1615.000000 1518.000000 1568.000000 0.001140 0.000057 0.002280 
-0.011740 -1.663651 -0.831807 7.073171 15.182927 1618.000000 1674.000000 1456.000000 1537.000000 0.001140 0.000057 0.002280 
-0.207172 -0.702380 -0.365840 0.548781 3.536585 1572.000000 1611.000000 1526.000000 1553.000000 0.001140 0.000057 0.002280 
-0.411535 -1.472846 -0.764639 -8.475610 -9.573171 1565.000000 1606.000000 1531.000000 1497.000000 0.001140 0.000057 0.002280 
-0.039410 0.081437 0.044235 -11.585366 -0.304878 1563.000000 1636.000000 1513.000000 1490.000000 0.001140 0.000057 0.002280 
-1.312661 1.359418 0.944812 -11.036586 -8.292683 1586.000000 1622.000000 1520.000000 1486.000000 0.001140 0.000057 0.002280 
-2.264040 1.494102 1.356241 -0.365854 1.951220 1601.000000 1637.000000 1476.000000 1528.000000 0.001140 0.000057 0.002280 
-2.664190 1.531006 1.536333 2.560976 6.402439 1570.000000 1606.000000 1502.000000 1568.000000 0.001140 0.000057 0.002280 
-2.502240 1.518266 1.463264 16.829269 18.719513 1500.000000 1518.000000 1533.000000 1699.000000 0.001140 0.000057 0.002280 
-1.787416 -0.024702 -0.893724 18.536585 24.512196 1586.000000 1624.000000 1424.000000 1612.000000 0.001140 0.000057 0.002280 
-1.691091 -1.071443 -1.000929 22.073172 8.048780 1538.000000 1516.000000 1520.000000 1668.000000 0.001140 0.000057 0.002280 
-0.821564 -1.763247 -0.972571 0.000000 -0.609756 1566.000000 1587.000000 1518.000000 1563.000000 0.001140 0.000057 0.002280 
-0.641245 -2.247329 -1.168351 -11.707317 -12.926829 1551.000000 1576.000000 1570.000000 1529.000000 0.001140 0.000057 0.002280 
-0.454840 -2.078546 -1.063856 -2.560976 4.390244 1610.000000 1666.000000 1429.000000 1473.000000 0.001140 0.000057 0.002280 
-0.405270 -1.489281 -0.771771 -5.853659 -5.243903 1537.000000 1576.000000 1534.000000 1539.000000 0.001140 0.000057 0.002280 
0.235561 -2.395994 -1.203660 -7.804878 -4.451220 1553.000000 1593.000000 1516.000000 1520.000000 0.001140 0.000057 0.002280 
0.303662 -3.435978 -1.724650 -4.085366 3.414634 1530.000000 1565.000000 1520.000000 1564.000000 0.001140 0.000057 0.002280 
0.203821 -4.144011 -2.074525 -6.890244 0.365854 1578.000000 1612.000000 1547.000000 1553.000000 0.001140 0.000057 0.002280 
-1.270271 -3.730741 -1.970402 7.134147 8.231708 1528.000000 1554.000000 1562.000000 1634.000000 0.001140 0.000057 0.002280 
-1.439360 -3.960915 -2.107100 5.548780 -4.085366 1583.000000 1596.000000 1511.000000 1548.000000 0.001140 0.000057 0.002280 
-0.550452 -2.735497 -1.395075 9.756098 13.109756 1645.000000 1705.000000 1392.000000 1496.000000 0.001140 0.000057 0.002280 
0.228197 -1.704067 -0.859573 8.231708 -14.512196 1593.000000 1571.000000 1534.000000 1540.000000 0.001140 0.000057 0.002280 
1.086189 -0.143075 -0.547512 10.365854 -7.012195 1592.000000 1573.000000 1515.000000 1558.000000 0.001140 0.000057 0.002280 
1.423399 0.879144 0.836499 11.280488 10.975610 1662.000000 1688.000000 1394.000000 1494.000000 0.001140 0.000057 0.002280 
0.745261 1.148585 0.684713 -4.878049 -7.682927 1565.000000 1570.000000 1556.000000 1558.000000 0.001140 0.000057 0.002280 
0.377989 0.369413 0.263930 -14.268293 -13.170732 1564.000000 1573.000000 1583.000000 1535.000000 0.001140 0.000057 0.002280 
-0.004227 0.571716 0.285990 0.121951 4.939024 1593.000000 1621.000000 1484.000000 1551.000000 0.001140 0.000057 0.002280 
1.282697 -1.257573 -0.898093 -18.475611 -9.268292 1636.000000 1675.000000 1506.000000 1434.000000 0.001140 0.000057 0.002280 
0.159347 -0.876745 -0.445433 -27.134148 -21.524391 1579.000000 1605.000000 1596.000000 1462.000000 0.001140 0.000057 0.002280 
-0.202239 -1.249248 -0.632729 -13.231708 -7.804878 1604.000000 1634.000000 1522.000000 1481.000000 0.001140 0.000057 0.002280 
-0.741637 -1.342599 -0.766938 14.024390 19.207317 1575.000000 1610.000000 1454.000000 1603.000000 0.001140 0.000057 0.002280 
-0.128621 -2.602713 -1.302962 13.048780 21.524391 1580.000000 1629.000000 1445.000000 1592.000000 0.001140 0.000057 0.002280 
-0.393611 -2.398428 -1.215148 -0.304878 -8.170732 1590.000000 1588.000000 1524.000000 1540.000000 0.001140 0.000057 0.002280 
-0.541033 -2.123678 -1.095751 0.792683 5.365854 1656.000000 1695.000000 1423.000000 1471.000000 0.001140 0.000057 0.002280 
-1.150120 -1.319729 -0.875140 -6.219512 -10.975610 1570.000000 1576.000000 1560.000000 1541.000000 0.001140 0.000057 0.002280 
-1.353877 -1.466884 -0.997992 -5.914634 -9.329268 1562.000000 1566.000000 1566.000000 1552.000000 0.001140 0.000057 0.002280 
-1.107706 -2.186142 -1.225411 -4.329268 -6.158537 1599.000000 1615.000000 1511.000000 1513.000000 0.001140 0.000057 0.002280 
-0.792239 -2.606056 -1.361856 10.060976 -1.463415 1625.000000 1612.000000 1468.000000 1529.000000 0.001140 0.000057 0.002280 
-0.720303 -2.735388 -1.414300 4.695122 -10.914635 1668.000000 1647.000000 1461.000000 1466.000000 0.001140 0.000057 0.002280 
-0.165864 -3.141182 -1.572714 0.731707 -9.451220 1614.000000 1627.000000 1511.000000 1490.000000 0.001140 0.000057 0.002280 
0.012450 -0.900529 -0.450240 -1.158537 1.890244 1630.000000 1690.000000 1450.000000 1473.000000 0.001140 0.000057 0.002280 
0.082602 0.784758 0.394657 10.548780 6.341464 1610.000000 1647.000000 1443.000000 1542.000000 0.001140 0.000057 0.002280 
0.638885 1.339746 0.742041 -6.402439 -17.012196 1567.000000 1565.000000 1580.000000 1546.000000 0.001140 0.000057 0.002280 
1.463598 0.843948 0.844646 -2.134146 8.536586 1604.000000 1664.000000 1472.000000 1522.000000 0.001140 0.000057 0.002280 
1.234585 0.282206 0.633038 -3.536585 -2.317073 1576.000000 1602.000000 1534.000000 1550.000000 0.001140 0.000057 0.002280 
1.543802 -1.025034 -0.926407 4.024390 15.060976 1662.000000 1732.000000 1389.000000 1475.000000 0.001140 0.000057 0.002280 
0.904313 -0.921158 -0.645284 2.865854 -4.756098 1573.000000 1584.000000 1534.000000 1559.000000 0.001140 0.000057 0.002280 
0.306922 -1.239239 -0.638271 7.378049 12.560976 1656.000000 1715.000000 1391.000000 1480.000000 0.001140 0.000057 0.002280 
0.042166 -1.293015 -0.646798 4.146341 3.719512 1552.000000 1601.000000 1508.000000 1576.000000 0.001140 0.000057 0.002280 
-0.305115 -1.402647 -0.717643 -16.646341 -17.073172 1522.000000 1571.000000 1614.000000 1534.000000 0.001140 0.000057 0.002280 
0.040799 -1.101062 -0.550719 -12.865854 -3.292683 1565.000000 1645.000000 1528.000000 1500.000000 0.001140 0.000057 0.002280 
-0.722213 -0.451646 -0.425666 -6.158537 -0.304878 1545.000000 1617.000000 1532.000000 1548.000000 0.001140 0.000057 0.002280 
-0.430189 -0.793199 -0.451108 5.426829 15.609756 1573.000000 1635.000000 1459.000000 1567.000000 0.001140 0.000057 0.002280 
-0.694175 -2.063542 -1.088405 22.073172 13.170732 1541.000000 1550.000000 1489.000000 1655.000000 0.001140 0.000057 0.002280 
-0.077609 -3.135947 -1.568478 -6.585366 -12.317074 1566.000000 1585.000000 1555.000000 1536.000000 0.001140 0.000057 0.002280 
-0.150404 -2.186004 -1.095573 -19.207317 -9.329268 1546.000000 1626.000000 1554.000000 1512.000000 0.001140 0.000057 0.002280 
-0.035192 -1.923523 -0.961848 -16.402439 -7.865854 1631.000000 1694.000000 1473.000000 1436.000000 0.001140 0.000057 0.002280 
0.693972 -2.480627 -1.287856 -9.939025 -14.024390 1563.000000 1569.000000 1566.000000 1541.000000 0.001140 0.000057 0.002280 
1.436883 -3.250222 -1.776741 2.134146 9.512196 1618.000000 1660.000000 1441.000000 1523.000000 0.001140 0.000057 0.002280 
1.021193 -3.830905 -1.982285 12.256098 19.695122 1665.000000 1711.000000 1377.000000 1489.000000 0.001140 0.000057 0.002280 
-0.265978 -2.964434 -1.488063 9.146341 5.304878 1545.000000 1557.000000 1547.000000 1605.000000 0.001140 0.000057 0.002280 
-0.768796 -3.321399 -1.704562 0.487805 -0.731707 1581.000000 1600.000000 1535.000000 1545.000000 0.001140 0.000057 0.002280 
-1.666965 -2.999607 -1.715776 1.097561 -9.512196 1567.000000 1569.000000 1565.000000 1556.000000 0.001140 0.000057 0.002280 
-1.600493 -3.161317 -1.771557 -6.158537 -5.487805 1598.000000 1641.000000 1510.000000 1505.000000 0.001140 0.000057 0.002280 
-1.706219 -2.337027 -1.446721 -6.097561 -5.914634 1550.000000 1595.000000 1559.000000 1546.000000 0.001140 0.000057 0.002280 
-1.169344 -1.655588 -1.013363 0.000000 -0.975610 1617.000000 1651.000000 1476.000000 1510.000000 0.001140 0.000057 0.002280 
-1.622396 -0.583843 -0.862073 15.304878 -4.024390 1552.000000 1529.000000 1560.000000 1621.000000 0.001140 0.000057 0.002280 
-1.245911 0.324900 0.643766 11.524390 -2.682927 1632.000000 1620.000000 1496.000000 1554.000000 0.001140 0.000057 0.002280 
-0.376951 1.884679 0.960830 9.207317 6.219512 1584.000000 1631.000000 1476.000000 1591.000000 0.001140 0.000057 0.002280 
1.477226 0.946988 0.877373 0.670732 -14.878049 1582.000000 1579.000000 1548.000000 1565.000000 0.001140 0.000057 0.002280 
2.277993 0.882295 1.221413 6.036585 6.097561 1622.000000 1668.000000 1439.000000 1541.000000 0.001140 0.000057 0.002280 
2.616129 0.249478 1.314029 -8.902439 -15.914635 1609.000000 1624.000000 1540.000000 1501.000000 0.001140 0.000057 0.002280 
2.494962 -0.324478 -1.257877 -4.573171 7.500000 1600.000000 1688.000000 1463.000000 1519.000000 0.001140 0.000057 0.002280 
2.345580 0.020118 1.172698 -0.609756 -3.963415 1590.000000 1619.000000 1515.000000 1545.000000 0.001140 0.000057 0.002280 
2.623791 -1.399744 -1.486879 0.487805 -5.000000 1606.000000 1634.000000 1506.000000 1524.000000 0.001140 0.000057 0.002280 
2.275877 -1.389785 -1.333248 -10.121951 -12.256098 1564.000000 1590.000000 1574.000000 1518.000000 0.001140 0.000057 0.002280 
0.257248 -1.134985 -0.581819 -14.085366 0.304878 1579.000000 1661.000000 1492.000000 1461.000000 0.001140 0.000057 0.002280 
-1.549550 -0.798458 -0.871555 -4.085366 4.939024 1566.000000 1626.000000 1496.000000 1526.000000 0.001140 0.000057 0.002280 
-2.191151 -1.594886 -1.354941 -3.475610 -1.768293 1581.000000 1614.000000 1513.000000 1534.000000 0.001140 0.000057 0.002280 
-2.664068 -2.818328 -1.938964 4.329268 10.975610 1629.000000 1695.000000 1419.000000 1512.000000 0.001140 0.000057 0.002280 
-1.764139 -2.799273 -1.654339 -0.731707 20.060976 1589.000000 1702.000000 1436.000000 1535.000000 0.001140 0.000057 0.002280 
-0.947698 -2.735419 -1.447398 -19.939024 -6.036585 1582.000000 1672.000000 1532.000000 1481.000000 0.001140 0.000057 0.002280 
-0.629741 -2.090831 -1.091815 -9.024390 0.121951 1631.000000 1698.000000 1479.000000 1481.000000 0.001140 0.000057 0.002280 
-1.047217 -2.328226 -1.276409 -2.317073 -14.817074 1622.000000 1615.000000 1533.000000 1516.000000 0.001140 0.000057 0.002280 
-0.760997 -2.255125 -1.189925 23.292683 2.926829 1638.000000 1602.000000 1455.000000 1591.000000 0.001140 0.000057 0.002280 
-0.191904 -3.309446 -1.657412 16.219513 4.268293 1628.000000 1617.000000 1444.000000 1570.000000 0.001140 0.000057 0.002280 
1.054935 -3.957720 -2.047940 1.829268 -4.268293 1607.000000 1621.000000 1489.000000 1517.000000 0.001140 0.000057 0.002280 
1.109142 -3.303198 -1.742149 -5.914634 -7.134147 1584.000000 1614.000000 1513.000000 1511.000000 0.001140 0.000057 0.002280 
0.585406 -2.280048 -1.177028 3.048780 7.987805 1622.000000 1685.000000 1416.000000 1495.000000 0.001140 0.000057 0.002280 
0.965309 -1.089880 -0.727930 -5.060976 -9.329268 1589.000000 11.438259 -0.306940 -0.735153 -0.731707 -4.024390 1605.000000 1630.000000 1457.000000 1501.000000 0.001140 0.000057 0.002280 
2.451062 -0.999335 -1.323526 7.134147 -3.109756 1599.000000 1602.000000 1461.000000 1532.000000 0.001140 0.000057 0.002280 
2.294785 -1.303224 -1.319379 5.426829 -8.597561 1537.000000 1524.000000 1563.000000 1601.000000 0.001140 0.000057 0.002280 
2.050111 -1.162071 -1.178192 3.170732 15.975610 1604.000000 1677.000000 1438.000000 1534.000000 0.001140 0.000057 0.002280 
0.828639 -0.909129 -0.614849 -6.158537 1.890244 1546.000000 1601.000000 1557.000000 1582.000000 0.001140 0.000057 0.002280 
0.423560 -1.125090 -0.601008 2.256098 -0.853659 1561.000000 1589.000000 1540.000000 1595.000000 0.001140 0.000057 0.002280 
0.324961 -0.935781 -0.495351 1.646341 -5.975610 1562.000000 1573.000000 1554.000000 1589.000000 0.001140 0.000057 0.002280 
0.661515 -1.390906 -0.769994 -0.792683 -8.902439 1592.000000 1594.000000 1540.000000 1551.000000 0.001140 0.000057 0.002280 
0.227595 -1.972562 -0.992684 1.890244 -4.756098 1644.000000 1655.000000 1474.000000 1497.000000 0.001140 0.000057 0.002280 
0.292452 -2.604099 -1.310151 -4.756098 -5.304878 1580.000000 1618.000000 1536.000000 1528.000000 0.001140 0.000057 0.002280 
0.309870 -2.635572 -1.326774 -13.780488 -7.378049 1614.000000 1676.000000 1510.000000 1470.000000 0.001140 0.000057 0.002280 
-0.227159 -2.031139 -1.021825 0.060976 4.146341 1679.000000 1732.000000 1408.000000 1456.000000 0.001140 0.000057 0.002280 
-0.179210 -2.752617 -1.379133 -2.621951 -8.170732 1615.000000 1639.000000 1504.000000 1503.000000 0.001140 0.000057 0.002280 
-0.235782 -2.598397 -1.304463 -9.024390 -19.329269 1578.000000 1593.000000 1564.000000 1507.000000 0.001140 0.000057 0.002280 
-0.055965 -2.354291 -1.177361 -7.682927 -10.182927 1606.000000 1644.000000 1508.000000 1484.000000 0.001140 0.000057 0.002280 
-0.729630 -2.247810 -1.181509 4.573171 -2.987805 1597.000000 1623.000000 1488.000000 1538.000000 0.001140 0.000057 0.002280 
-0.644100 -2.753714 -1.414024 20.426830 18.048780 1555.000000 1601.000000 1456.000000 1630.000000 0.001140 0.000057 0.002280 
-0.652848 -3.111023 -1.589301 7.926829 -12.256098 1570.000000 1553.000000 1564.000000 1590.000000 0.001140 0.000057 0.002280 
-0.613838 -2.742963 -1.405278 -15.487805 -3.170732 1588.000000 1676.000000 1514.000000 1496.000000 0.001140 0.000057 0.002280 
-1.074632 -1.447831 -0.901355 -13.048780 14.085366 1610.000000 1760.000000 1439.000000 1461.000000 0.001140 0.000057 0.002280 
-1.186044 -0.509035 -0.645284 25.792683 31.768293 1554.000000 1635.000000 1425.000000 1652.000000 0.001140 0.000057 0.002280 
1.013618 -1.304860 -0.825905 42.256100 37.560978 1611.000000 1675.000000 1323.000000 1641.000000 0.001140 0.000057 0.002280 
2.038445 -1.309853 -1.211439 18.353659 -4.939024 1596.000000 1588.000000 1483.000000 1567.000000 0.001140 0.000057 0.002280 
0.932441 -0.282822 -0.486985 -0.853659 -8.048780 1610.000000 1651.000000 1450.000000 1466.000000 0.001140 0.000057 0.002280 
1.054305 1.081663 0.755111 -11.402439 -7.743903 1616.000000 1680.000000 1446.000000 1429.000000 0.001140 0.000057 0.002280 
2.216394 1.062766 1.228919 -2.378049 -6.280488 1597.000000 1627.000000 1497.000000 1525.000000 0.001140 0.000057 0.002280 
2.494700 -0.263039 -1.254138 11.097561 -1.829268 1508.000000 1495.000000 1577.000000 1666.000000 0.001140 0.000057 0.002280 
2.415421 -1.973837 -1.559594 -3.658537 3.475610 1566.000000 1615.000000 1508.000000 1557.000000 0.001140 0.000057 0.002280 
0.956401 -2.708657 -1.436268 -15.609756 -16.585365 1549.000000 1566.000000 1586.000000 1545.000000 0.001140 0.000057 0.002280 
0.200331 -3.700596 -1.852980 -13.475610 0.304878 1629.000000 1697.000000 1454.000000 1465.000000 0.001140 0.000057 0.002280 
0.031655 -4.168355 -2.084220 -0.731707 15.060976 1621.000000 1704.000000 1411.000000 1515.000000 0.001140 0.000057 0.002280 
0.120285 -4.480520 -2.241055 -5.670732 -4.329268 1596.000000 1632.000000 1499.000000 1526.000000 0.001140 0.000057 0.002280 
0.001086 -4.264591 -2.132307 7.073171 11.097561 1639.000000 1688.000000 1407.000000 1516.000000 0.001140 0.000057 0.002280 
-0.219138 -3.507694 -1.757249 19.573172 8.231708 1557.000000 1577.000000 1483.000000 1625.000000 0.001140 0.000057 0.002280 
0.424553 -2.737888 -1.385221 15.304878 19.878050 1608.000000 1678.000000 1405.000000 1555.000000 0.001140 0.000057 0.002280 
0.317083 -1.325934 -0.681562 2.865854 -4.512195 1587.000000 1611.000000 1503.000000 1553.000000 0.001140 0.000057 0.002280 
0.805320 -0.844122 -0.583162 4.085366 6.829268 1578.000000 1627.000000 1478.000000 1568.000000 0.001140 0.000057 0.002280 
0.753333 -0.375317 -0.420579 2.682927 9.268292 1622.000000 1672.000000 1426.000000 1526.000000 0.001140 0.000057 0.002280 
0.659394 -0.189463 -0.343211 -2.804878 1.280488 1580.000000 1612.000000 1517.000000 1569.000000 0.001140 0.000057 0.002280 
0.014828 0.138067 0.068528 1.036585 -7.256098 1526.000000 1521.000000 1607.000000 1656.000000 0.001140 0.000057 0.002280 
-0.070728 -0.962381 -0.482139 -12.012196 1.585366 1604.000000 1647.000000 1506.000000 1548.000000 0.001140 0.000057 0.002280 
0.034866 -1.981548 -0.990908 -6.158537 14.390244 1618.000000 1702.000000 1427.000000 1535.000000 0.001140 0.000057 0.002280 
0.225344 -2.464133 -1.237172 -12.134147 -19.634148 1548.000000 1540.000000 1576.000000 1554.000000 0.001140 0.000057 0.002280 
0.958556 -3.058568 -1.602544 -8.841464 -0.243902 1579.000000 1617.000000 1479.000000 1539.000000 0.001140 0.000057 0.002280 
1.814091 -5.273314 -2.788182 -2.804878 2.317073 1560.000000 1588.000000 1507.000000 1555.000000 0.001140 0.000057 0.002280 
1.084013 -4.817616 -2.469024 -15.365854 -7.439024 1575.000000 1629.000000 1532.000000 1498.000000 0.001140 0.000057 0.002280 
0.445299 -3.026968 -1.529695 -12.195122 -6.829268 1564.000000 1612.000000 1561.000000 1534.000000 0.001140 0.000057 0.002280 
0.287022 -2.050678 -1.035332 -6.097561 -6.219512 1588.000000 1618.000000 1524.000000 1536.000000 0.001140 0.000057 0.002280 
-0.167439 -1.429843 -0.719821 6.524390 2.317073 1594.000000 1607.000000 1480.000000 1585.000000 0.001140 0.000057 0.002280 
2.638376 -4.604807 -2.653358 -19.939024 -14.634147 1592.000000 1638.000000 1542.000000 1482.000000 0.001140 0.000057 0.002280 
1.403534 -1.775521 -1.131596 -25.975611 -31.585367 1591.000000 1596.000000 1601.000000 1462.000000 0.001140 0.000057 0.002280 
0.020662 -0.406109 -0.203672 -9.695122 -0.304878 1607.000000 1660.000000 1482.000000 1502.000000 0.001140 0.000057 0.002280 
-1.024430 0.046611 0.512819 14.146341 20.487804 1598.000000 1634.000000 1423.000000 1598.000000 0.001140 0.000057 0.002280 
-1.468972 -0.160049 -0.738870 18.109756 16.219513 1541.000000 1551.000000 1491.000000 1672.000000 0.001140 0.000057 0.002280 
-1.344105 -0.047867 -0.672312 17.012196 7.865854 1571.000000 1563.000000 1482.000000 1638.000000 0.001140 0.000057 0.002280 
-1.289166 -0.384608 -0.672603 6.585366 -5.060976 1614.000000 1603.000000 1489.000000 1560.000000 0.001140 0.000057 0.002280 
-0.508004 -0.511562 -0.360452 1.646341 7.560976 1622.000000 1674.000000 1438.000000 1536.000000 0.001140 0.000057 0.002280 
-0.140440 1.599285 0.802594 23.353659 -0.121951 1589.000000 1529.000000 1496.000000 1652.000000 0.001140 0.000057 0.002280 
-0.047946 0.776563 0.388662 -6.829268 5.792683 1568.000000 1618.000000 1502.000000 1565.000000 0.001140 0.000057 0.002280 
0.023240 -0.005380 -0.000000 2.439024 14.573171 1531.000000 1589.000000 1505.000000 1621.000000 0.001140 0.000057 0.002280 
0.175546 -2.212963 -1.109946 1.036585 7.378049 1587.000000 1619.000000 1450.000000 1546.000000 0.001140 0.000057 0.002280 
0.633775 -3.058423 -1.561601 -1.280488 2.073171 1554.000000 1587.000000 1494.000000 1563.000000 0.001140 0.000057 0.002280 
1.001729 -3.334476 -1.740801 -10.853659 -3.658537 1573.000000 1614.000000 1495.000000 1515.000000 0.001140 0.000057 0.002280 
0.798492 -4.435420 -2.253335 -16.097561 -6.341464 1588.000000 1628.000000 1524.000000 1506.000000 0.001140 0.000057 0.002280 
-0.532405 -4.330105 -2.181309 -3.902439 -8.841464 1555.000000 1547.000000 1564.000000 1589.000000 0.001140 0.000057 0.002280 
-0.131634 -5.288089 -2.644861 -7.317073 13.841464 1624.000000 1709.000000 1422.000000 1504.000000 0.001140 0.000057 0.002280 
-0.011297 -5.578174 -2.789094 -17.195122 -14.512196 1569.000000 1591.000000 1575.000000 1524.000000 0.001140 0.000057 0.002280 
-0.129762 -5.589493 -2.795474 -2.926829 6.707317 1570.000000 1620.000000 1527.000000 1589.000000 0.001140 0.000057 0.002280 
-0.255129 -5.172443 -2.589365 3.170732 -4.695122 1585.000000 1611.000000 1557.000000 1569.000000 0.001140 0.000057 0.002280 
-0.482257 -2.136425 -1.095037 8.292683 -1.280488 1624.000000 1658.000000 1495.000000 1538.000000 0.001140 0.000057 0.002280 
-0.197074 0.590590 0.311533 18.353659 4.573171 1567.000000 1594.000000 1494.000000 1615.000000 0.001140 0.000057 0.002280 
0.517279 1.703494 0.890214 15.426829 10.914635 1623.000000 1663.000000 1388.000000 1533.000000 0.001140 0.000057 0.002280 
1.159911 2.258422 1.269337 4.390244 -4.451220 1527.000000 1546.000000 1518.000000 1603.000000 0.001140 0.000057 0.002280 
2.822023 0.172004 1.413608 -15.609756 -13.902439 1557.000000 1607.000000 1530.000000 1508.000000 0.001140 0.000057 0.002280 
3.228760 -1.329788 -1.745852 -13.902439 -5.914634 1549.000000 1595.000000 1539.000000 1523.000000 0.001140 0.000057 0.002280 
3.319900 -1.958389 -1.927118 -1.524390 -1.036585 1525.000000 1558.000000 1549.000000 1582.000000 0.001140 0.000057 0.002280 
2.491114 -1.532232 -1.462194 3.780488 -1.524390 1582.000000 1610.000000 1484.000000 1562.000000 0.001140 0.000057 0.002280 
2.530948 -1.248024 -1.410976 8.841464 0.243902 1523.000000 1539.000000 1554.000000 1650.000000 0.001140 0.000057 0.002280 
2.672895 -2.043641 -1.682257 5.731708 12.804878 1592.000000 1645.000000 1465.000000 1584.000000 0.001140 0.000057 0.002280 
2.013490 -1.635989 -1.297092 15.487805 21.524391 1634.000000 1681.000000 1387.000000 1577.000000 0.001140 0.000057 0.002280 
1.397759 -1.831345 -1.151821 5.548780 17.012196 1661.000000 1716.000000 1375.000000 1514.000000 0.001140 0.000057 0.002280 
0.543664 -2.791505 -1.421890 -4.756098 5.731708 1568.000000 1619.000000 1496.000000 1578.000000 0.001140 0.000057 0.002280 
-0.278363 -3.107417 -1.559845 0.548781 14.268293 1574.000000 1646.000000 1446.000000 1592.000000 0.001140 0.000057 0.002280 
0.742835 -4.466723 -2.263994 -8.414635 -2.621951 1549.000000 1596.000000 1539.000000 1578.000000 0.001140 0.000057 0.002280 
-0.007295 -4.323904 -2.161932 5.853659 -2.073171 1558.000000 1576.000000 1524.000000 1596.000000 0.001140 0.000057 0.002280 
-0.368195 -2.757250 -1.390861 15.243903 7.317073 1586.000000 1627.000000 1454.000000 1579.000000 0.001140 0.000057 0.002280 
-0.061475 -2.309028 -1.154875 3.597561 1.097561 1555.000000 1614.000000 1509.000000 1568.000000 0.001140 0.000057 0.002280 
0.244316 -1.072820 -0.550008 5.670732 2.621951 1593.000000 1651.000000 1467.000000 1531.000000 0.001140 0.000057 0.002280 
0.805612 -0.614549 -0.506677 1.158537 3.475610 1563.000000 1624.000000 1505.000000 1554.000000 0.001140 0.000057 0.002280 
0.574760 0.346360 0.335135 2.743902 -2.012195 1553.000000 1592.000000 1527.000000 1571.000000 0.001140 0.000057 0.002280 
0.225049 0.779256 0.405418 7.560976 6.097561 1619.000000 1669.000000 1432.000000 1521.000000 0.001140 0.000057 0.002280 
0.758955 1.359323 0.778335 1.829268 -4.451220 1584.000000 1613.000000 1505.000000 1544.000000 0.001140 0.000057 0.002280 
0.487012 1.670495 0.869982 6.280488 3.963415 1576.000000 1606.000000 1487.000000 1570.000000 0.001140 0.000057 0.002280 
0.794893 1.329836 0.774555 -2.195122 -4.207317 1537.000000 1562.000000 1537.000000 1574.000000 0.001140 0.000057 0.002280 
1.395058 0.145452 0.701092 -1.158537 0.426829 1508.000000 1546.000000 1533.000000 1576.000000 0.001140 0.000057 0.002280 
0.692776 -0.050007 -0.347179 -7.134147 7.621952 1556.000000 1626.000000 1498.000000 1526.000000 0.001140 0.000057 0.002280 
-0.648419 -1.307353 -0.729542 -16.768293 3.841464 1576.000000 1661.000000 1541.000000 1536.000000 0.001140 0.000057 0.002280 
-1.894720 -1.655851 -1.258033 -10.670732 2.439024 1584.000000 1661.000000 1537.000000 1540.000000 0.001140 0.000057 0.002280 
-2.699456 -1.751771 -1.608881 1.890244 6.524390 1560.000000 1607.000000 1532.000000 1607.000000 0.001140 0.000057 0.002280 
-2.207231 -2.896291 -1.820697 14.573171 -6.463415 1661.000000 1633.000000 1472.000000 1533.000000 0.001140 0.000057 0.002280 
-1.883386 -3.698310 -2.075092 6.402439 9.390244 1632.000000 1686.000000 1406.000000 1493.000000 0.001140 0.000057 0.002280 
-0.695221 -3.990581 -2.025357 -12.073171 0.426829 1563.000000 1651.000000 1490.000000 1494.000000 0.001140 0.000057 0.002280 
-0.533762 -3.682187 -1.860253 -25.426830 -5.792683 1544.000000 1642.000000 1549.000000 1483.000000 0.001140 0.000057 0.002280 
-1.292451 -3.248310 -1.747981 -5.853659 -14.939025 1596.000000 1596.000000 1544.000000 1513.000000 0.001140 0.000057 0.002280 
-1.055505 -3.462462 -1.809808 24.390244 19.146341 1652.000000 1675.000000 1370.000000 1549.000000 0.001140 0.000057 0.002280 
-0.813183 -2.703624 -1.411530 18.597561 -5.121951 1594.000000 1572.000000 1500.000000 1568.000000 0.001140 0.000057 0.002280 
0.234373 0.093106 0.125115 16.768293 6.402439 1601.000000 1627.000000 1421.000000 1541.000000 0.001140 0.000057 0.002280 
2.047390 1.050606 1.150461 7.378049 -0.426829 1664.000000 1686.000000 1390.000000 1461.000000 0.001140 0.000057 0.002280 
2.583697 1.432375 1.476975 -9.207317 -7.500000 1613.000000 1652.000000 1479.000000 1466.000000 0.001140 0.000057 0.002280 
3.321498 2.544934 2.092093 3.414634 -1.524390 1613.000000 1606.000000 1467.000000 1520.000000 0.001140 0.000057 0.002280 
4.524984 1.353704 2.361486 14.573171 9.817074 1652.000000 1629.000000 1398.000000 1534.000000 0.001140 0.000057 0.002280 
4.948944 -1.183671 -2.544221 -7.621952 -4.512195 1641.000000 1626.000000 1488.000000 1503.000000 0.001140 0.000057 0.002280 
4.011241 -2.625031 -2.396779 -1.219512 4.878049 1620.000000 1625.000000 1493.000000 1544.000000 0.001140 0.000057 0.002280 
2.475423 -3.094622 -1.981298 -17.500000 10.853659 1682.000000 1762.000000 1453.000000 1445.000000 0.001140 0.000057 0.002280 
0.325450 -4.258468 -2.135426 -21.280489 -10.853659 1677.000000 1707.000000 1531.000000 1447.000000 0.001140 0.000057 0.002280 
-0.260118 -4.889225 -2.448006 -1.280488 16.707317 1639.000000 1716.000000 1475.000000 1552.000000 0.001140 0.000057 0.002280 
-0.777808 -3.778268 -1.928743 -8.292683 -1.890244 1669.000000 1705.000000 1505.000000 1499.000000 0.001140 0.000057 0.002280 
-1.090353 -3.330877 -1.752342 9.695122 24.878050 1632.000000 1697.000000 1422.000000 1564.000000 0.001140 0.000057 0.002280 
-1.299877 -1.896775 -1.149610 2.682927 10.487805 1606.000000 1649.000000 1487.000000 1563.000000 0.001140 0.000057 0.002280 
-1.814668 -1.858136 -1.298599 7.804878 11.768293 1580.000000 1619.000000 1497.000000 1609.000000 0.001140 0.000057 0.002280 
-1.787880 -2.677556 -1.609733 -7.439024 -6.402439 1589.000000 1606.000000 1547.000000 1568.000000 0.001140 0.000057 0.002280 
-1.496718 -4.196782 -2.227741 -13.353659 -2.804878 1627.000000 1680.000000 1506.000000 1497.000000 0.001140 0.000057 0.002280 
-1.358189 -5.687152 -2.923489 -9.390244 1.829268 1621.000000 1686.000000 1494.000000 1500.000000 0.001140 0.000057 0.002280 
-1.332948 -4.549806 -2.370420 8.170732 3.048780 1564.000000 1621.000000 1488.000000 1529.000000 0.001140 0.000057 0.002280 
-0.055935 -3.688240 -1.844299 -2.926829 -13.109756 1632.000000 1662.000000 1479.000000 1430.000000 0.001140 0.000057 0.002280 
-1.113768 -1.160725 -0.804299 -6.707317 -15.243903 1544.000000 1560.000000 1581.000000 1518.000000 0.001140 0.000057 0.002280 
-1.687464 0.644251 0.903090 3.963415 -13.414635 1546.000000 1521.000000 1591.000000 1584.000000 0.001140 0.000057 0.002280 
-1.907431 2.404239 1.534421 5.365854 -12.317074 1598.000000 1566.000000 1524.000000 1550.000000 0.001140 0.000057 0.002280 
-1.268081 2.706624 1.494362 -0.060976 1.707317 1612.000000 1635.000000 1464.000000 1530.000000 0.001140 0.000057 0.002280 
-0.425868 1.184175 0.629318 -8.841464 7.987805 1650.000000 1674.000000 1421.000000 1502.000000 0.001140 0.000057 0.002280 
-0.110459 -0.938628 -0.472712 -10.792684 2.195122 1618.000000 1645.000000 1471.000000 1520.000000 0.001140 0.000057 0.002280 
0.725007 -2.586236 -1.342901 4.695122 13.353659 1637.000000 1656.000000 1441.000000 1553.000000 0.001140 0.000057 0.002280 
1.021809 -3.501359 -1.823704 -3.841464 5.243903 1679.000000 1711.000000 1422.000000 1474.000000 0.001140 0.000057 0.002280 
0.911789 -3.980256 -2.041622 -17.317074 -17.439024 1546.000000 1551.000000 1638.000000 1574.000000 0.001140 0.000057 0.002280 
0.021519 -5.370947 -2.685475 -17.560976 -11.158537 1675.000000 1708.000000 1495.000000 1432.000000 0.001140 0.000057 0.002280 
-1.145841 -5.680202 -2.897257 -12.804878 -24.878050 1587.000000 1571.000000 1594.000000 1510.000000 0.001140 0.000057 0.002280 
-0.213358 -5.221139 -2.612694 -7.621952 -9.878049 1582.000000 1620.000000 1481.000000 1452.000000 0.001140 0.000057 0.002280 
1.212827 -3.788808 -1.988988 1.890244 -13.780488 1572.000000 1582.000000 1496.000000 1483.000000 0.001140 0.000057 0.002280 
1.785248 -3.163030 -1.815961 9.329268 -5.853659 1596.000000 1585.000000 1476.000000 1501.000000 0.001140 0.000057 0.002280 
1.512032 -2.462298 -1.444691 11.585366 7.865854 1559.000000 1566.000000 1510.000000 1579.000000 0.001140 0.000057 0.002280 
2.672431 -2.518692 -1.836004 -19.207317 -17.012196 1634.000000 1641.000000 1549.000000 1431.000000 0.001140 0.000057 0.002280 
-0.143900 -1.392436 -0.699695 -11.036586 -9.268292 1659.000000 1662.000000 1526.000000 1446.000000 0.001140 0.000057 0.002280 
-2.317219 -1.079077 -1.278094 0.243902 -2.073171 1569.000000 1558.000000 1589.000000 1585.000000 0.001140 0.000057 0.002280 
-3.624684 0.331234 1.819837 8.475610 20.365854 1562.000000 1608.000000 1502.000000 1626.000000 0.001140 0.000057 0.002280 
-3.184729 -0.273059 -1.598142 14.268293 19.695122 1599.000000 1641.000000 1451.000000 1607.000000 0.001140 0.000057 0.002280 
-1.852676 -0.366417 -0.944190 7.378049 11.036586 1647.000000 1679.000000 1426.000000 1531.000000 0.001140 0.000057 0.002280 
-0.072482 -0.858841 -0.430693 7.804878 -5.182927 1622.000000 1595.000000 1485.000000 1533.000000 0.001140 0.000057 0.002280 
0.212612 -0.048856 -0.108352 -5.121951 0.365854 1613.000000 1644.000000 1478.000000 1495.000000 0.001140 0.000057 0.002280 
0.437286 -0.272834 -0.257171 -0.060976 4.756098 1646.000000 1669.000000 1434.000000 1477.000000 0.001140 0.000057 0.002280 
-0.595940 -0.084183 -0.300666 -10.731708 -5.914634 1628.000000 1649.000000 1477.000000 1456.000000 0.001140 0.000057 0.002280 
-0.801818 -0.669510 -0.522271 -6.036585 -0.853659 1556.000000 1581.000000 1527.000000 1530.000000 0.001140 0.000057 0.002280 
-1.434158 -1.759667 -1.135049 -1.646341 -0.670732 1580.000000 1606.000000 1491.000000 1509.000000 0.001140 0.000057 0.002280 
-2.033463 -2.182061 -1.491347 -7.439024 1.280488 1593.000000 1644.000000 1500.000000 1498.000000 0.001140 0.000057 0.002280 
-2.509799 -2.155695 -1.654221 3.109756 16.707317 1632.000000 1702.000000 1407.000000 1498.000000 0.001140 0.000057 0.002280 
-1.893906 -2.096637 -1.412639 -2.500000 -7.378049 1601.000000 1627.000000 1519.000000 1519.000000 0.001140 0.000057 0.002280 
-1.569713 -1.157965 -0.975183 2.743902 -6.219512 1642.000000 1654.000000 1484.000000 1506.000000 0.001140 0.000057 0.002280 
-1.333835 -1.656011 -1.063121 -3.841464 20.609756 1534.000000 1663.000000 1498.000000 1562.000000 0.001140 0.000057 0.002280 
-0.604253 0.806933 0.503966 -4.878049 -6.585366 1598.000000 1636.000000 1507.000000 1501.000000 0.001140 0.000057 0.002280 
1.222119 2.041093 1.189432 -16.524391 -27.256098 1616.000000 1611.000000 1551.000000 1448.000000 0.001140 0.000057 0.002280 
1.299755 2.570327 1.440078 -5.304878 -17.378050 1629.000000 1612.000000 1503.000000 1474.000000 0.001140 0.000057 0.002280 
2.430577 1.792602 1.509995 15.914635 20.304878 1580.000000 1609.000000 1428.000000 1585.000000 0.001140 0.000057 0.002280 
2.291619 0.627930 1.187950 16.158537 8.170732 1531.000000 1513.000000 1521.000000 1621.000000 0.001140 0.000057 0.002280 
1.348969 -0.113723 -0.676953 -0.304878 -4.573171 1579.000000 1580.000000 1505.000000 1514.000000 0.001140 0.000057 0.002280 
0.374895 -0.334410 -0.251010 -0.426829 8.231708 1547.000000 1593.000000 1482.000000 1523.000000 0.001140 0.000057 0.002280 
-0.526080 0.378707 0.323851 -11.951220 -13.048780 1509.000000 1529.000000 1540.000000 1496.000000 0.001140 0.000057 0.002280 
-0.729509 0.231269 0.382573 2.073171 -1.463415 1531.000000 1542.000000 1477.000000 1512.000000 0.001140 0.000057 0.002280 
-4.809580 -2.222617 -2.649002 -20.609756 -48.292683 1616.000000 1553.000000 1538.000000 1327.000000 0.001140 0.000057 0.002280 
-3.070856 -1.001049 -1.614952 7.743903 25.243902 1382.000000 1488.000000 1379.000000 1517.000000 0.001140 0.000057 0.002280 
-0.871270 -1.756142 -0.980187 0.548781 -12.378049 1424.000000 1422.000000 1392.000000 1379.000000 0.001140 0.000057 0.002280 
-1.360658 1.411074 0.979987 -54.512196 -20.975611 1296.000000 1422.000000 1434.000000 1198.000000 0.001140 0.000057 0.002280 
0.244830 0.358164 0.216705 -53.414635 -25.487806 1103.000000 1194.000000 1315.000000 1100.000000 0.001140 0.000057 0.002280 
1.499568 -0.377636 -0.773037 7.134147 15.121951 1100.000000 1100.000000 1100.000000 1100.000000 0.001140 0.000057 0.002280 
0.485364 0.409675 0.317135 7.621952 3.902439 1100.000000 1100.000000 1100.000000 1100.000000 0.001140 0.000057 0.002280 
0.482337 0.287517 0.280463 -5.914634 -7.012195 1100.000000 1100.000000 1100.000000 1100.000000 0.001140 0.000057 0.002280 
0.567867 0.069664 0.285990 2.317073 3.292683 1100.000000 1100.000000 1100.000000 1100.000000 0.001140 0.000057 0.002280 
0.250309 0.223126 0.167859 3.231707 1.097561 1100.000000 1100.000000 1100.000000 1100.000000 0.001140 0.000057 0.002280 
0.347925 0.013638 0.173589 -3.109756 -1.707317 1100.000000 1100.000000 1100.000000 1100.000000 0.001140 0.000057 0.002280 
0.367843 -0.301632 -0.237388 2.439024 2.256098 1100.000000 1100.000000 1100.000000 1100.000000 0.001140 0.000057 0.002280 
0.396517 -0.225416 -0.228141 -1.768293 -1.707317 1100.000000 1100.000000 1100.000000 1100.000000 0.001140 0.000057 0.002280 
0.361166 -0.190649 -0.203672 -0.792683 0.121951 1100.000000 1100.000000 1100.000000 1100.000000 0.001140 0.000057 0.002280 
Hello Junta. Starting Potato Controller now
