Hello Junta. Starting Potato Controller now
imu.begin()-IMU comm & initialize completed 
imu.dmpBegin() suceeded
IMU SETUP COMPLETED
201000 5000 10000 0 -15024 -15970 -22438 981 -137 -129 -18 1100000 1107000 1100000 1100000 1498000 1499000 997000 1496000 1999000 997000 0 0 0 0 0 0 -400 0 
401000 5000 10000 0 -15019 -15963 -22444 981 -137 -129 -18 1100000 1107000 1100000 1100000 1497000 1498000 997000 1496000 1998000 997000 0 0 0 0 0 0 -400 0 
601000 5000 10000 0 -15025 -15962 -22452 981 -137 -129 -18 1100000 1107000 1100000 1100000 1498000 1499000 998000 1496000 1998000 997000 0 0 0 0 0 0 -400 0 
801000 5000 10000 0 -15032 -15951 -22468 981 -137 -129 -18 1100000 1108000 1100000 1100000 1498000 1499000 997000 1496000 1999000 997000 0 0 0 0 0 0 -400 0 
1001000 5000 10000 0 -15044 -15950 -22477 981 -137 -129 -18 1100000 1108000 1100000 1100000 1498000 1498000 997000 1497000 1998000 997000 0 0 0 0 0 0 -400 0 
1201000 5000 10000 0 -15026 -15887 -22513 981 -137 -129 -18 1100000 1137000 1100000 1100000 1498000 1498000 1064000 1497000 1998000 997000 0 0 0 0 0 0 -336 64 
1401000 5000 10000 0 -14770 -15723 -22574 982 -135 -127 -17 1100000 1155000 1100000 1100000 1498000 1499000 1063000 1498000 1999000 998000 0 0 0 0 0 0 -337 63 
1601000 5000 10000 0 -13755 -14677 -22850 984 -126 -118 -15 1100000 1134000 1100000 1100000 1498000 1499000 1064000 1498000 1999000 997000 0 0 0 0 0 0 -337 63 
1801000 5000 10000 0 -9760 -10683 -23678 992 -92 -84 -7 1100000 1100000 1100000 1100000 1497000 1499000 1064000 1498000 1998000 997000 0 0 0 0 0 0 -336 64 
2001000 5000 10000 0 -2917 -4014 -24532 999 -35 -25 0 1154000 1100000 1100000 1100000 1498000 1499000 1088000 1497000 1998000 998000 0 0 0 0 0 0 -335 65 
2201000 5000 10000 0 6597 4997 -24302 997 43 57 -2 1266000 1100000 1108000 1100000 1498000 1498000 1092000 1498000 1999000 997000 0 0 0 0 0 0 -308 92 
2401000 5000 10000 0 14350 12856 -23039 985 111 124 -13 1192000 1100000 1117000 1100000 1497000 1499000 1092000 1498000 1998000 997000 0 0 0 0 0 0 -308 92 
2601000 5000 10000 0 11801 10192 -23680 990 88 102 -9 1100000 1132000 1100000 1100000 1498000 1499000 1093000 1498000 1998000 997000 0 0 0 0 0 0 -306 94 
2801000 5000 10000 0 3117 1900 -24672 999 16 27 0 1100000 1184000 1100000 1109000 1498000 1499000 1093000 1498000 1999000 998000 0 0 0 0 0 0 -307 93 
3001000 5000 10000 0 -4457 -5155 -24586 998 -44 -38 -1 1100000 1177000 1100000 1100000 1497000 1499000 1095000 1498000 1998000 997000 0 0 0 0 0 0 -305 95 
3201000 5000 10000 0 -6486 -7158 -24355 996 -62 -56 -3 1100000 1135000 1100000 1103000 1497000 1499000 1105000 1498000 1998000 997000 0 0 0 0 0 0 -295 105 
3401000 5000 10000 0 -3822 -4541 -24578 998 -39 -33 -1 1135000 1100000 1105000 1100000 1499000 1498000 1106000 1497000 1998000 998000 0 0 0 0 0 0 -295 105 
3600000 5000 9000 0 83 -864 -24704 999 -7 0 0 1151000 1100000 1106000 1100000 1497000 1499000 1115000 1499000 1998000 997000 0 0 0 0 0 0 -285 115 
3801000 5000 10000 0 2174 1143 -24650 999 9 18 0 1129000 1104000 1128000 1112000 1497000 1499000 1123000 1499000 1998000 997000 0 0 0 0 0 0 -281 119 
4001000 5000 10000 0 1080 146 -24622 999 1 9 0 1100000 1146000 1137000 1126000 1499000 1498000 1131000 1499000 1998000 997000 0 0 0 0 0 0 -273 127 
4201000 5000 10000 0 -850 -1783 -24729 999 -15 -7 0 1105000 1156000 1129000 1132000 1498000 1499000 1132000 1498000 1999000 998000 0 0 0 0 0 0 -268 132 
4401000 5000 10000 0 -829 -1798 -24703 999 -15 -7 0 1140000 1120000 1138000 1127000 1497000 1499000 1132000 1499000 1999000 997000 0 0 0 0 0 0 -268 132 
4601000 5000 10000 0 570 -389 -24721 999 -3 4 0 1148000 1115000 1141000 1122000 1497000 1498000 1132000 1499000 1998000 997000 0 0 0 0 0 0 -268 132 
4801000 5000 10000 0 820 -101 -24721 999 0 7 0 1121000 1141000 1137000 1128000 1498000 1499000 1133000 1499000 1998000 997000 0 0 0 0 0 0 -267 133 
5001000 5000 10000 0 -429 -1288 -24721 999 -11 -3 0 1108000 1155000 1128000 1135000 1498000 1499000 1132000 1499000 1999000 998000 0 0 0 0 0 0 -268 132 
5201000 5000 10000 0 -797 -1711 -24735 999 -14 -6 0 1133000 1129000 1134000 1134000 1497000 1499000 1132000 1499000 1998000 997000 0 0 0 0 0 0 -267 133 
5401000 5000 10000 0 499 -539 -24751 999 -4 4 0 1154000 1122000 1142000 1125000 1497000 1499000 1141000 1499000 1998000 997000 0 0 0 0 0 0 -259 141 
5601000 5000 10000 0 781 -131 -24718 999 -1 6 0 1136000 1145000 1143000 1142000 1498000 1499000 1143000 1498000 1998000 998000 0 0 0 0 0 0 -258 142 
5801000 5000 10000 0 -94 -1045 -24746 999 -9 0 0 1120000 1165000 1136000 1145000 1497000 1499000 1142000 1499000 1999000 997000 0 0 0 0 0 0 -258 142 
6001000 5000 10000 0 -568 -1609 -24739 999 -14 -4 0 1136000 1147000 1148000 1139000 1497000 1499000 1142000 1499000 1998000 997000 0 0 0 0 0 0 -258 142 
6201000 5000 10000 0 -127 -1077 -24735 999 -9 -1 0 1150000 1135000 1151000 1134000 1498000 1499000 1143000 1499000 1998000 997000 0 0 0 0 0 0 -257 143 
6401000 5000 10000 0 437 -466 -24754 999 -4 3 0 1146000 1139000 1139000 1142000 1498000 1499000 1142000 1498000 1999000 998000 0 0 0 0 0 0 -258 142 
6601000 5000 10000 0 274 -752 -24746 999 -6 2 0 1130000 1156000 1139000 1140000 1497000 1499000 1142000 1499000 1999000 997000 0 0 0 0 0 0 -258 142 
6801000 5000 10000 0 -59 -1203 -24761 999 -10 0 0 1140000 1146000 1147000 1137000 1497000 1499000 1142000 1499000 1998000 997000 0 0 0 0 0 0 -257 143 
7001000 5000 10000 0 423 -637 -24767 999 -5 3 0 1155000 1137000 1146000 1132000 1498000 1499000 1144000 1499000 1998000 997000 0 0 0 0 0 0 -257 143 
7201000 5000 10000 0 635 -558 -24763 999 -4 5 0 1144000 1149000 1139000 1142000 1498000 1499000 1144000 1499000 1999000 998000 0 0 0 0 0 0 -256 144 
7401000 5000 10000 0 321 -885 -24774 999 -7 2 0 1143000 1153000 1148000 1142000 1497000 1499000 1149000 1500000 1998000 997000 0 0 0 0 0 0 -252 147 
7601000 5000 10000 0 163 -914 -24781 999 -7 1 0 1152000 1154000 1161000 1143000 1497000 1499000 1154000 1500000 1998000 997000 0 0 0 0 0 0 -247 153 
7801000 5000 10000 0 33 -904 -24773 999 -7 0 0 1146000 1155000 1159000 1154000 1498000 1499000 1157000 1500000 1998000 997000 0 0 0 0 0 0 -243 157 
8001000 5000 10000 0 267 -895 -24791 999 -7 2 0 1156000 1155000 1159000 1157000 1498000 1499000 1157000 1500000 1999000 998000 0 0 0 0 0 0 -243 157 
8201000 5000 10000 0 358 -662 -24782 999 -5 3 0 1161000 1159000 1169000 1149000 1497000 1499000 1160000 1500000 1998000 997000 0 0 0 0 0 0 -240 160 
8401000 5000 10000 0 131 -939 -24780 999 -8 1 0 1152000 1161000 1163000 1157000 1497000 1499000 1160000 1500000 1998000 997000 0 0 0 0 0 0 -240 160 
8601000 5000 10000 0 198 -808 -24789 999 -7 1 0 1157000 1154000 1165000 1165000 1498000 1499000 1162000 1499000 1998000 998000 0 0 0 0 0 0 -239 161 
8801000 5000 10000 0 52 -915 -24780 999 -7 0 0 1160000 1177000 1166000 1147000 1499000 1498000 1165000 1500000 1999000 997000 0 0 0 0 0 0 -237 163 
9001000 5000 10000 0 -273 -1065 -24809 999 -9 -2 0 1153000 1166000 1171000 1167000 1498000 1498000 1165000 1500000 1998000 997000 0 0 0 0 0 0 -235 165 
9201000 5000 10000 0 -182 -993 -24799 999 -8 -1 0 1162000 1166000 1166000 1164000 1498000 1498000 1166000 1500000 1998000 997000 0 0 0 0 0 0 -235 165 
9401000 5000 10000 0 -7 -859 -24805 999 -7 0 0 1161000 1163000 1174000 1164000 1499000 1498000 1166000 1499000 1998000 998000 0 0 0 0 0 0 -234 166 
9601000 5000 10000 0 128 -638 -24804 999 -5 1 0 1170000 1176000 1168000 1152000 1498000 1498000 1168000 1500000 1999000 997000 0 0 0 0 0 0 -232 168 
9801000 5000 10000 0 289 -731 -24819 999 -6 2 0 1167000 1170000 1165000 1172000 1497000 1498000 1168000 1501000 1998000 997000 0 0 0 0 0 0 -231 169 
10001000 5000 10000 0 196 -1049 -24819 999 -9 1 0 1156000 1174000 1172000 1168000 1497000 1499000 1168000 1500000 1998000 997000 0 0 0 0 0 0 -232 168 
10201000 5000 10000 0 -106 -1150 -24820 999 -10 0 0 1164000 1179000 1170000 1152000 1499000 1498000 1167000 1499000 1998000 998000 0 0 0 0 0 0 -233 167 
10401000 5000 10000 0 65 -1042 -24815 999 -9 0 0 1173000 1163000 1167000 1163000 1497000 1499000 1167000 1500000 1999000 997000 0 0 0 0 0 0 -233 167 
10601000 5000 10000 0 582 -501 -24827 999 -4 5 0 1170000 1170000 1167000 1163000 1497000 1499000 1167000 1500000 1998000 997000 0 0 0 0 0 0 -232 168 
10801000 5000 10000 0 430 -582 -24825 999 -5 3 0 1162000 1180000 1175000 1150000 1498000 1498000 1167000 1500000 1998000 997000 0 0 0 0 0 0 -233 167 
11001000 5000 10000 0 -295 -1166 -24836 999 -10 -2 0 1156000 1177000 1165000 1168000 1499000 1498000 1167000 1499000 1998000 998000 0 0 0 0 0 0 -233 167 
11201000 5000 10000 0 -206 -1201 -24840 999 -10 -1 0 1161000 1168000 1168000 1169000 1498000 1499000 1167000 1500000 1999000 997000 0 0 0 0 0 0 -233 167 
11401000 5000 10000 0 174 -746 -24847 999 -6 1 0 1171000 1169000 1177000 1153000 1497000 1498000 1167000 1500000 2000000 997000 0 0 0 0 0 0 -233 167 
11601000 5000 10000 0 85 -768 -24842 999 -6 0 0 1159000 1178000 1168000 1161000 1497000 1499000 1168000 1500000 1998000 997000 0 0 0 0 0 0 -233 167 
11801000 5000 10000 0 -146 -1292 -24857 999 -11 -1 0 1158000 1182000 1161000 1169000 1499000 1498000 1169000 1499000 1998000 997000 0 0 0 0 0 0 -232 168 
12001000 5000 10000 0 -306 -1259 -24853 999 -10 -2 0 1161000 1172000 1175000 1162000 1498000 1499000 1169000 1500000 1999000 998000 0 0 0 0 0 0 -231 169 
12201000 5000 10000 0 -370 -1271 -24846 999 -11 -3 0 1159000 1175000 1174000 1166000 1497000 1499000 1169000 1500000 1998000 997000 0 0 0 0 0 0 -231 169 
12401000 5000 10000 0 -257 -1256 -24866 999 -10 -2 0 1169000 1169000 1165000 1171000 1497000 1499000 1168000 1499000 1998000 997000 0 0 0 0 0 0 -231 169 
12601000 5000 10000 0 68 -1067 -24855 999 -9 0 0 1166000 1167000 1172000 1164000 1498000 1499000 1170000 1499000 1998000 997000 0 0 0 0 0 0 -230 170 
12801000 5000 10000 0 172 -665 -24873 999 -5 1 0 1163000 1162000 1183000 1166000 1498000 1499000 1169000 1521000 1999000 998000 0 0 0 0 0 0 -231 169 
13001000 5000 10000 0 230 -634 -24860 999 -5 2 0 1158000 1166000 1177000 1172000 1498000 1499000 1171000 1516000 1999000 997000 0 0 0 0 0 0 -231 169 
13201000 5000 10000 0 506 -709 -24867 999 -6 4 0 1181000 1182000 1201000 1197000 1497000 1499000 1195000 1515000 1998000 997000 0 0 0 0 0 0 -205 195 
13401000 5000 10000 0 327 -714 -24872 999 -6 2 0 1179000 1200000 1212000 1191000 1498000 1499000 1196000 1519000 1998000 997000 0 0 0 0 0 0 -204 196 
13601000 5000 10000 0 -49 -806 -24876 999 -7 0 0 1180000 1180000 1211000 1207000 1498000 1499000 1195000 1519000 1998000 998000 0 0 0 0 0 0 -205 195 
13801000 5000 10000 0 342 -499 -24893 999 -4 2 0 1185000 1180000 1205000 1208000 1498000 1499000 1195000 1520000 1999000 997000 0 0 0 0 0 0 -205 195 
14001000 5000 10000 0 165 -479 -24891 999 -4 1 0 1177000 1191000 1214000 1196000 1497000 1499000 1195000 1520000 1998000 997000 0 0 0 0 0 0 -205 195 
14201000 5000 10000 0 -314 -965 -24893 999 -8 -2 0 1175000 1190000 1197000 1216000 1497000 1499000 1195000 1520000 1998000 997000 0 0 0 0 0 0 -205 195 
14401000 5000 10000 0 159 -733 -24891 999 -6 1 0 1194000 1174000 1211000 1200000 1498000 1499000 1195000 1519000 1999000 997000 0 0 0 0 0 0 -205 195 
14601000 5000 10000 0 322 -386 -24903 999 -3 2 0 1174000 1186000 1220000 1198000 1498000 1499000 1195000 1519000 1999000 998000 0 0 0 0 0 0 -205 195 
14801000 5000 10000 0 -491 -1050 -24901 999 -9 -4 0 1175000 1203000 1198000 1206000 1497000 1499000 1195000 1517000 1998000 997000 0 0 0 0 0 0 -204 196 
15001000 5000 10000 0 -524 -1190 -24919 999 -10 -4 0 1185000 1191000 1204000 1198000 1497000 1498000 1195000 1516000 1998000 997000 0 0 0 0 0 0 -205 195 
15201000 5000 10000 0 -108 -682 -24916 999 -5 0 0 1189000 1181000 1224000 1188000 1498000 1499000 1195000 1511000 1998000 997000 0 0 0 0 0 0 -204 196 
15401000 5000 10000 0 366 -378 -24919 999 -3 3 0 1199000 1205000 1166000 1204000 1498000 1499000 1194000 1499000 2000000 998000 0 0 0 0 0 0 -206 194 
15601000 5000 10000 0 232 -1019 -24940 999 -8 2 0 1177000 1204000 1196000 1197000 1497000 1499000 1194000 1496000 1999000 997000 0 0 0 0 0 0 -206 194 
15801000 5000 10000 0 -488 -1256 -24937 999 -10 -4 0 1195000 1200000 1210000 1169000 1497000 1498000 1194000 1496000 1998000 997000 0 0 0 0 0 0 -206 194 
16001000 5000 10000 0 117 -837 -24946 999 -7 1 0 1197000 1189000 1186000 1202000 1497000 1499000 1194000 1496000 1998000 997000 0 0 0 0 0 0 -206 194 
16201000 5000 10000 0 304 -906 -24941 999 -7 2 0 1184000 1199000 1204000 1186000 1498000 1499000 1194000 1495000 1998000 997000 0 0 0 0 0 0 -206 194 
16401000 5000 10000 0 -389 -1316 -24965 999 -11 -3 0 1184000 1210000 1208000 1173000 1498000 1499000 1194000 1496000 1999000 998000 0 0 0 0 0 0 -206 194 
16601000 5000 10000 0 -51 -1025 -24940 999 -8 0 0 1200000 1193000 1180000 1205000 1498000 1499000 1194000 1496000 1998000 997000 0 0 0 0 0 0 -205 195 
16801000 5000 10000 0 123 -1182 -24976 999 -10 1 0 1194000 1196000 1201000 1183000 1497000 1499000 1194000 1496000 1998000 997000 0 0 0 0 0 0 -206 194 
17063000 5000 92000 0 118 -977 -24966 999 -8 1 0 1192000 1195000 1188000 1204000 1497000 1499000 1195000 1496000 1998000 998000 0 0 0 0 0 0 -205 195 
17201000 5000 10000 0 304 -812 -24982 999 -7 2 0 1203000 1200000 1196000 1174000 1497000 1499000 1194000 1496000 2001000 996000 0 0 0 0 0 0 -206 194 
17401000 5000 10000 0 466 -849 -24972 999 -7 4 0 1183000 1206000 1184000 1205000 1497000 1498000 1194000 1496000 1998000 997000 0 0 0 0 0 0 -206 194 
17601000 5000 10000 0 -302 -1554 -24970 999 -13 -2 0 1178000 1222000 1189000 1185000 1498000 1499000 1194000 1495000 2001000 997000 0 0 0 0 0 0 -206 194 
17801000 5000 10000 0 -291 -1415 -25003 999 -12 -2 0 1205000 1174000 1203000 1191000 1498000 1499000 1194000 1496000 1998000 997000 0 0 0 0 0 0 -206 194 
18001000 5000 10000 0 1680 619 -24957 999 5 14 0 1236000 1176000 1182000 1180000 1497000 1499000 1194000 1496000 1998000 996000 0 0 0 0 0 0 -206 194 
18201000 5000 10000 0 1102 -79 -24944 999 0 9 0 1142000 1244000 1196000 1192000 1498000 1499000 1194000 1496000 1999000 998000 0 0 0 0 0 0 -206 194 
18401000 5000 10000 0 -3196 -4037 -24952 998 -35 -27 0 1121000 1255000 1200000 1202000 1498000 1498000 1194000 1496000 2000000 998000 0 0 0 0 0 0 -205 195 
18601000 5000 10000 0 -2626 -3447 -25024 999 -30 -22 0 1260000 1135000 1194000 1186000 1498000 1498000 1195000 1496000 1998000 997000 0 0 0 0 0 0 -205 195 
18801000 5000 10000 0 5200 4062 -24740 998 35 45 -1 1344000 1100000 1199000 1146000 1498000 1498000 1194000 1496000 2001000 998000 0 0 0 0 0 0 -206 194 
19001000 5000 10000 0 5471 4338 -24658 998 37 47 -1 1104000 1301000 1191000 1182000 1498000 1498000 1194000 1496000 1998000 998000 0 0 0 0 0 0 -205 195 
19201000 5000 10000 0 -7495 -8005 -24621 995 -69 -65 -4 1100000 1378000 1215000 1228000 1498000 1499000 1195000 1495000 1998000 997000 0 0 0 0 0 0 -205 195 
19401000 5000 10000 0 -11784 -11789 -24073 989 -102 -102 -10 1250000 1135000 1187000 1202000 1498000 1499000 1194000 1496000 1998000 998000 0 0 0 0 0 0 -206 194 
19601000 5000 10000 0 4843 3760 -25134 998 32 42 -1 1507000 1100000 1185000 1117000 1497000 1498000 1194000 1496000 1998000 997000 0 0 0 0 0 0 -206 194 
