Hello Junta. Starting Potato Controller now
imu.begin()-IMU comm & initialize completed 
imu.dmpBegin() suceeded
IMU SETUP COMPLETED
Motor starting Now
1.836961 -2.331158 -16.281351 1100.000000 1100.000000 1100.000000 1100.000000 -1.707317 -1.585366 1.829268 
1.842517 -2.327354 -16.622940 1100.000000 1100.000000 1100.000000 1100.000000 -1.951220 -1.585366 1.890244 
1.849401 -2.355254 -16.963886 1100.000000 1100.000000 1100.000000 1100.000000 -1.402439 -1.341463 2.134146 
1.836554 -2.342487 -17.310457 1100.000000 1100.000000 1100.000000 1100.000000 -1.524390 -1.402439 1.829268 
1.853385 -2.347069 -17.652758 1100.000000 1100.000000 1100.000000 1100.000000 -2.317073 -2.012195 1.707317 
1.862505 -2.344198 -17.987715 1100.000000 1100.000000 1100.000000 1100.000000 -1.707317 -1.524390 1.707317 
1.875800 -2.343295 -18.328167 1100.000000 1100.000000 1100.000000 1100.000000 -1.585366 -1.585366 1.829268 
1.863688 -2.341972 -18.669380 1100.000000 1100.000000 1100.000000 1100.000000 -1.646341 -1.585366 1.890244 
1.857632 -2.343503 -19.016495 1100.000000 1100.000000 1100.000000 1100.000000 -1.951220 -1.646341 1.829268 
1.863829 -2.344630 -19.355988 1100.000000 1100.000000 1100.000000 1100.000000 -1.707317 -1.585366 1.768293 
1.870894 -2.353804 -19.696209 1100.000000 1100.000000 1100.000000 1100.000000 -1.707317 -1.707317 1.829268 
1.864135 -2.361416 -20.034306 1100.000000 1100.000000 1100.000000 1100.000000 -1.707317 -1.463415 1.829268 
1.860375 -2.363057 -20.374966 1100.000000 1100.000000 1100.000000 1100.000000 -1.646341 -1.707317 1.707317 
1.853916 -2.367352 -20.713943 1100.000000 1100.000000 1100.000000 1100.000000 -1.768293 -1.402439 1.768293 
1.853475 -2.365826 -21.056131 1100.000000 1100.000000 1100.000000 1100.000000 -1.707317 -1.585366 1.768293 
1.874681 -2.387662 -21.397907 1285.000000 1294.000000 1348.000000 1251.000000 -1.768293 -1.646341 1.463415 
1.141754 -2.633717 -21.732105 1100.000000 1100.000000 1100.000000 1100.000000 -1.646341 -1.341463 1.036585 
1.190588 -2.375185 -22.074968 1100.000000 1100.000000 1100.000000 1100.000000 -1.768293 -1.829268 1.097561 
1.465483 -2.124636 -22.414078 1100.000000 1100.000000 1100.000000 1100.000000 -1.524390 -1.524390 1.280488 
0.876740 -2.022758 -22.755907 1100.000000 1100.000000 1100.000000 1100.000000 -1.829268 -1.585366 1.829268 
1.093701 -2.104333 -23.101339 1100.000000 1100.000000 1100.000000 1100.000000 -1.585366 -1.646341 1.829268 
1.099805 -2.194475 -23.450203 1100.000000 1100.000000 1100.000000 1100.000000 -2.134146 -1.463415 1.768293 
1.139351 -2.102932 -23.798164 1100.000000 1100.000000 1100.000000 1100.000000 -1.646341 -1.524390 1.890244 
1.330480 -2.104181 -24.148333 1100.000000 1100.000000 1100.000000 1100.000000 -1.707317 -1.646341 2.073171 
1.352374 -2.166443 -24.496611 1100.000000 1100.000000 1100.000000 1100.000000 -1.585366 -1.524390 1.951220 
1.440382 -2.121337 -24.841455 1100.000000 1100.000000 1100.000000 1100.000000 -1.890244 -1.707317 1.829268 
1.543285 -2.201473 -25.183767 1100.000000 1100.000000 1100.000000 1100.000000 -1.707317 -1.524390 1.646341 
1.586792 -2.266844 -25.526379 1100.000000 1100.000000 1100.000000 1100.000000 -1.646341 -1.768293 1.829268 
1.577712 -2.229387 -25.866829 1100.000000 1100.000000 1100.000000 1100.000000 -1.585366 -1.585366 2.012195 
1.359720 -1.958732 -25.951305 1100.000000 1100.000000 1100.000000 1100.000000 -0.182927 0.060976 0.182927 
1.170438 -1.796212 -25.948992 1100.000000 1100.000000 1100.000000 1100.000000 -0.121951 0.182927 -0.060976 
1.030060 -1.524563 -25.946026 1100.000000 1100.000000 1100.000000 1100.000000 -0.060976 -0.000000 -0.060976 
0.728260 -1.312743 -25.948185 1100.000000 1100.000000 1100.000000 1100.000000 -0.365854 0.182927 -0.182927 
0.721808 -1.255408 -25.947826 1100.000000 1100.000000 1100.000000 1100.000000 0.000000 -0.000000 -0.121951 
0.627205 -1.099110 -25.948364 1100.000000 1100.000000 1100.000000 1100.000000 0.060976 -0.060976 0.060976 
0.531741 -0.914872 -25.944307 1100.000000 1100.000000 1100.000000 1100.000000 0.000000 0.121951 0.121951 
0.387254 -0.773810 -25.945169 1100.000000 1100.000000 1100.000000 1100.000000 -0.121951 0.060976 0.060976 
0.339044 -0.527993 -25.949764 1122.000000 1127.000000 1132.000000 1117.000000 -0.182927 0.121951 -0.182927 
0.065558 -0.671568 -25.956369 1120.000000 1127.000000 1131.000000 1117.000000 -0.121951 0.182927 -0.000000 
-0.152140 -0.355055 -25.959238 1120.000000 1128.000000 1130.000000 1119.000000 -0.121951 0.121951 -0.060976 
-1.129870 0.186139 -25.959421 1121.000000 1126.000000 1115.000000 1132.000000 0.000000 -0.000000 -0.000000 
-1.262959 0.248285 -25.959288 1115.000000 1133.000000 1111.000000 1139.000000 -0.060976 0.060976 -0.000000 
-1.143264 0.071799 -25.957720 1115.000000 1133.000000 1112.000000 1135.000000 -0.121951 -0.000000 -0.000000 
-1.130144 0.298273 -25.959410 1116.000000 1133.000000 1111.000000 1139.000000 -0.060976 0.060976 0.243902 
-1.236869 0.343282 -25.963787 1114.000000 1133.000000 1110.000000 1137.000000 0.000000 -0.060976 0.182927 
-1.407385 0.185792 -25.968712 1113.000000 1133.000000 1110.000000 1137.000000 -0.060976 0.182927 -0.000000 
-1.091089 0.187250 -25.969461 1117.000000 1132.000000 1114.000000 1135.000000 -0.182927 0.060976 0.060976 
-1.004225 0.181288 -25.974062 1117.000000 1130.000000 1114.000000 1133.000000 -0.121951 0.060976 -0.000000 
-0.789208 0.156690 -25.977190 1117.000000 1131.000000 1115.000000 1135.000000 -0.060976 -0.060976 0.182927 
-1.034303 0.158721 -25.976904 1116.000000 1131.000000 1112.000000 1135.000000 0.000000 -0.000000 0.121951 
-1.012730 0.113783 -25.974901 1117.000000 1132.000000 1114.000000 1135.000000 -0.121951 -0.000000 0.060976 
-0.782747 0.121307 -25.979115 1121.000000 1136.000000 1119.000000 1138.000000 -0.121951 -0.000000 -0.121951 
-0.755546 -0.015975 -25.976254 1245.000000 1256.000000 1241.000000 1260.000000 -0.182927 0.060976 0.121951 
-1.307417 0.107901 -25.986856 1240.000000 1260.000000 1240.000000 1262.000000 -0.182927 0.060976 0.304878 
-1.023801 0.193202 -25.991432 1243.000000 1256.000000 1236.000000 1263.000000 0.000000 -0.243902 -0.000000 
-0.899808 0.211003 -25.995539 1245.000000 1256.000000 1239.000000 1262.000000 0.121951 -0.060976 -0.060976 
-0.907002 0.107466 -25.995646 1243.000000 1255.000000 1239.000000 1261.000000 -0.060976 -0.121951 0.304878 
-1.094981 -0.008381 -25.996786 1241.000000 1259.000000 1239.000000 1260.000000 -0.060976 0.060976 -0.182927 
-1.132886 -0.160166 -25.997618 1237.000000 1260.000000 1244.000000 1261.000000 -0.060976 0.304878 0.487805 
-1.352871 -0.090776 -26.001259 1237.000000 1261.000000 1241.000000 1259.000000 -0.243902 -0.060976 0.121951 
-1.372920 -0.258559 -26.001032 1235.000000 1265.000000 1241.000000 1261.000000 -0.060976 -0.000000 0.182927 
-1.248613 -0.080637 -26.004911 1234.000000 1261.000000 1242.000000 1260.000000 -0.304878 0.121951 0.670732 
-1.344107 -0.168011 -26.003735 1235.000000 1263.000000 1239.000000 1262.000000 -0.182927 0.060976 0.304878 
-1.307468 -0.160414 -26.005823 1239.000000 1264.000000 1244.000000 1259.000000 -0.182927 -0.243902 -0.060976 
-1.131870 -0.052357 -26.011997 1240.000000 1260.000000 1241.000000 1261.000000 -0.121951 0.182927 0.304878 
-0.708007 0.375141 -26.017902 1248.000000 1255.000000 1243.000000 1259.000000 0.000000 -0.000000 0.060976 
-0.562643 0.290259 -26.019152 1249.000000 1250.000000 1239.000000 1259.000000 0.182927 0.121951 -0.060976 
-0.775124 0.387810 -26.018358 1244.000000 1252.000000 1238.000000 1264.000000 0.304878 0.487805 0.304878 
-0.719154 0.255123 -26.014315 1245.000000 1255.000000 1245.000000 1256.000000 -1.158537 -0.670732 1.890244 
-0.577295 0.432944 -25.844288 1298.000000 1221.000000 1237.000000 1242.000000 6.341464 -9.756098 -4.207317 
4.458025 4.992589 -25.665092 1436.000000 1100.000000 1255.000000 1260.000000 20.060976 -21.707317 1.951220 
5.410429 5.627991 -25.672213 1295.000000 1204.000000 1239.000000 1259.000000 -8.963415 11.341464 0.243902 
3.067671 3.162934 -25.799019 1260.000000 1235.000000 1246.000000 1257.000000 -6.524390 8.658537 1.890244 
2.186018 2.023132 -25.860895 1236.000000 1285.000000 1247.000000 1233.000000 -13.170732 11.585366 -3.231707 
0.209757 0.457627 -26.369333 1235.000000 1232.000000 1262.000000 1269.000000 -0.609756 0.060976 4.573171 
0.146325 0.403212 -26.151955 1261.000000 1249.000000 1245.000000 1247.000000 -0.121951 0.060976 -0.670732 
0.169375 0.526795 -26.185928 1263.000000 1250.000000 1238.000000 1247.000000 0.182927 0.121951 -2.317073 
-0.059498 0.437210 -26.194990 1258.000000 1250.000000 1242.000000 1248.000000 -0.487805 -0.365854 -1.646341 
2.030795 -2.607825 -26.036310 1239.000000 1212.000000 1415.000000 1136.000000 -15.426829 -24.268293 9.207317 
9.621316 -10.280852 -29.634449 1234.000000 1199.000000 1594.000000 1100.000000 -21.158537 -29.207317 9.695122 
10.761082 -10.882373 -30.929251 1237.000000 1218.000000 1406.000000 1138.000000 15.121951 11.829268 7.621952 
5.211942 -4.626073 -32.200382 1230.000000 1183.000000 1193.000000 1396.000000 40.121952 34.207317 15.304878 
-4.172462 2.367220 -35.484936 1102.000000 1291.000000 1100.000000 1580.000000 26.829269 59.451221 18.109756 
-19.399195 4.043466 -39.366497 1100.000000 1662.000000 1100.000000 1649.000000 -36.097561 86.341469 12.560976 
-32.417896 -6.301417 -41.232368 1100.000000 1800.000000 1100.000000 1415.000000 -56.097561 26.036587 1.158537 
-29.482378 -14.256782 -41.150543 1100.000000 1610.000000 1283.000000 1179.000000 -25.975611 -47.682926 -6.890244 
-15.309434 -18.225088 -43.557259 1127.000000 1432.000000 1527.000000 1100.000000 -23.597561 -84.756096 -9.024390 
-1.415841 -16.786854 -47.312920 1313.000000 1169.000000 1453.000000 1100.000000 36.646343 -56.158539 3.963415 
9.460670 -6.749422 -50.187973 1607.000000 1100.000000 1420.000000 1100.000000 62.195122 -70.670731 1.951220 
26.101673 1.302842 -54.547112 1687.000000 1100.000000 1712.000000 1100.000000 25.426830 -81.463417 32.256100 
33.599300 -0.925141 -59.942669 1445.000000 1100.000000 1657.000000 1100.000000 -20.792683 2.073171 17.987804 
30.520718 -10.875944 -64.409584 1229.000000 1171.000000 1722.000000 1100.000000 -39.634148 21.158537 14.939025 
20.518579 -10.045831 -60.388256 1301.000000 1363.000000 1142.000000 1196.000000 37.500000 83.780487 -27.621952 
4.176762 -0.131722 -55.206638 1216.000000 1353.000000 1100.000000 1488.000000 40.121952 80.975609 -10.914635 
-5.334255 2.236692 -55.164474 1137.000000 1332.000000 1251.000000 1282.000000 -26.219513 0.487805 5.304878 
11.099043 -10.375186 -59.691208 1354.000000 1100.000000 1735.000000 1100.000000 -27.378050 -75.426834 8.902439 
20.592505 -15.076246 -63.216316 1302.000000 1163.000000 1634.000000 1100.000000 -5.426829 -11.158537 5.243903 
15.409784 -12.198028 -61.111336 1234.000000 1351.000000 1194.000000 1223.000000 36.402439 68.414635 -14.939025 
2.329746 -2.760336 -57.445381 1234.000000 1295.000000 1100.000000 1520.000000 60.182930 69.878052 -5.365854 
-8.954161 9.118861 -56.321262 1315.000000 1235.000000 1100.000000 1632.000000 53.536587 38.170734 -8.414635 
-11.789446 15.181602 -55.813286 1324.000000 1195.000000 1100.000000 1498.000000 7.865854 -4.329268 -2.560976 
-6.569617 9.946136 -56.311104 1178.000000 1199.000000 1438.000000 1182.000000 -64.390244 -48.292683 20.853659 
7.197357 -8.287672 -61.012672 1136.000000 1264.000000 1800.000000 1100.000000 -90.243904 -67.987808 15.000000 
12.225716 -17.605312 -62.292187 1155.000000 1372.000000 1504.000000 1100.000000 -10.975610 12.743903 -4.512195 
5.371932 -12.434080 -59.103760 1178.000000 1349.000000 1100.000000 1459.000000 74.207321 80.121956 -4.146341 
-10.325331 5.963623 -58.629948 1252.000000 1214.000000 1100.000000 1721.000000 68.597565 45.670734 5.365854 
-6.959919 6.764877 -58.928951 1240.000000 1196.000000 1511.000000 1100.000000 -68.963417 -76.524391 12.134147 
10.395570 -13.504036 -63.252628 1128.000000 1339.000000 1787.000000 1100.000000 -72.012199 -39.756100 2.682927 
2.514271 -11.995299 -60.005604 1100.000000 1396.000000 1100.000000 1576.000000 75.853661 103.231712 6.280488 
-13.050961 4.403869 -60.855194 1244.000000 1233.000000 1100.000000 1575.000000 42.865856 9.939025 3.475610 
0.642709 -2.743622 -63.279312 1207.000000 1119.000000 1800.000000 1100.000000 -111.829269 -135.426834 29.451220 
15.200191 -15.538829 -66.819504 1295.000000 1336.000000 1348.000000 1100.000000 22.134148 28.475611 -22.195122 
7.834781 -12.485686 -63.394222 1100.000000 1439.000000 1373.000000 1134.000000 -18.902439 41.707317 1.402439 
-6.502005 -19.446091 -59.653812 1100.000000 1800.000000 1257.000000 1271.000000 -60.914635 105.975609 4.817073 
-20.072863 -33.737526 -53.439980 1100.000000 1800.000000 1350.000000 1148.000000 -37.134148 41.463417 -0.426829 
-21.730061 -31.400766 -52.515965 1100.000000 1507.000000 1234.000000 1281.000000 65.792686 -22.134148 2.256098 
-11.243897 -13.107392 -57.330154 1509.000000 1100.000000 1235.000000 1262.000000 100.304878 -88.292686 -0.914634 
6.587647 6.229541 -58.239731 1789.000000 1100.000000 1230.000000 1264.000000 85.121956 -79.085365 -0.792683 
15.862719 16.561222 -56.305099 1582.000000 1100.000000 1243.000000 1260.000000 6.829268 -5.304878 0.182927 
7.395030 9.387301 -57.844242 1100.000000 1474.000000 1191.000000 1299.000000 -67.073174 80.487808 -1.402439 
-8.773867 -5.383858 -58.446278 1100.000000 1734.000000 1216.000000 1281.000000 -68.109756 68.475609 -1.036585 
-16.124580 -12.916734 -56.767521 1100.000000 1536.000000 1223.000000 1267.000000 -4.268293 0.304878 -1.219512 
-9.364571 -7.419780 -57.751339 1406.000000 1103.000000 1253.000000 1236.000000 55.731709 -65.365852 -1.768293 
5.050647 5.910932 -58.022442 1683.000000 1100.000000 1259.000000 1253.000000 63.841465 -68.841469 2.134146 
13.477930 13.830424 -56.912041 1548.000000 1100.000000 1253.000000 1251.000000 7.926829 -9.939025 1.219512 
13.326451 5.695438 -60.827454 1100.000000 1193.000000 1640.000000 1100.000000 -89.268295 1.280488 38.536587 
9.610197 -17.691772 -63.501476 1236.000000 1282.000000 1100.000000 1471.000000 48.475613 90.792686 -2.865854 
-10.346685 2.411635 -62.285637 1268.000000 1149.000000 1100.000000 1710.000000 81.707321 29.573172 13.292684 
8.371101 2.161599 -63.950127 1529.000000 1100.000000 1800.000000 1100.000000 -57.134148 -164.268295 30.853659 
25.911676 -3.847867 -68.470154 1522.000000 1100.000000 1246.000000 1139.000000 50.182926 45.731709 -24.634148 
5.375876 13.253700 -61.767025 1365.000000 1239.000000 1100.000000 1511.000000 21.097561 64.146339 -12.621951 
10.002991 -3.479087 -66.307182 1100.000000 1288.000000 1800.000000 1100.000000 -133.597565 -55.548782 32.134148 
11.738488 -25.921822 -69.565651 1100.000000 1668.000000 1521.000000 1100.000000 -37.012196 70.304878 -5.731708 
-9.913209 -16.376541 -62.023972 1100.000000 1480.000000 1100.000000 1685.000000 71.524391 92.134148 21.829269 
-13.208982 -6.488941 -61.918465 1277.000000 1281.000000 1222.000000 1222.000000 20.731709 -49.024391 -10.121951 
-1.636502 -1.384446 -61.623352 1485.000000 1100.000000 1257.000000 1243.000000 51.280491 -52.865856 0.487805 
9.412560 10.470022 -61.292404 1701.000000 1100.000000 1258.000000 1261.000000 52.682926 -56.036587 3.170732 
15.110817 15.742883 -60.328568 1489.000000 1100.000000 1261.000000 1259.000000 -9.451220 7.073171 2.987805 
7.869215 6.332599 -62.911976 1100.000000 1413.000000 1311.000000 1232.000000 -68.353661 56.890244 7.500000 
-3.806081 -8.321721 -63.715698 1100.000000 1681.000000 1318.000000 1190.000000 -68.109756 58.353661 0.975610 
-11.020959 -15.570967 -62.027393 1100.000000 1509.000000 1275.000000 1220.000000 0.731707 4.695122 -0.731707 
-5.516419 -9.598332 -63.081810 1407.000000 1100.000000 1299.000000 1201.000000 55.121952 -61.463417 0.182927 
9.972789 -0.351676 -65.579048 1578.000000 1100.000000 1530.000000 1100.000000 26.219513 -82.865852 15.731708 
21.418867 -0.536730 -68.568352 1435.000000 1100.000000 1544.000000 1100.000000 -10.792684 -16.402439 7.682927 
20.086088 -10.635386 -71.268684 1100.000000 1319.000000 1790.000000 1100.000000 -83.841469 0.792683 18.536585 
17.387735 -24.726921 -72.073441 1100.000000 1503.000000 1672.000000 1100.000000 -43.048782 31.829269 1.768293 
9.414073 -24.830748 -68.065407 1100.000000 1442.000000 1306.000000 1165.000000 41.890244 53.414635 -5.792683 
1.605529 -9.395415 -63.020081 1367.000000 1221.000000 1100.000000 1466.000000 98.963417 40.853661 -14.634147 
-0.903842 4.624407 -60.882256 1429.000000 1112.000000 1100.000000 1371.000000 40.914635 -5.609756 -7.378049 
-2.177470 8.931656 -59.650215 1284.000000 1242.000000 1106.000000 1370.000000 -3.536585 13.414635 -3.597561 
-1.932784 3.364223 -60.336758 1155.000000 1298.000000 1384.000000 1161.000000 -49.024391 -16.280489 8.170732 
3.406218 -9.257382 -62.147350 1100.000000 1387.000000 1609.000000 1100.000000 -64.024391 -24.634148 3.414634 
2.248637 -16.220757 -61.807972 1100.000000 1463.000000 1272.000000 1237.000000 13.841464 49.146343 2.560976 
-8.464196 -6.561530 -61.042904 1173.000000 1272.000000 1100.000000 1553.000000 69.085365 33.536587 8.414635 
-9.195309 6.903624 -60.495300 1440.000000 1100.000000 1100.000000 1436.000000 46.463417 -27.500000 -5.060976 
-1.152837 7.382665 -59.893097 1301.000000 1148.000000 1391.000000 1158.000000 -36.280487 -42.500000 8.597561 
6.097090 -4.487440 -61.361935 1139.000000 1326.000000 1523.000000 1100.000000 -51.646343 -8.719512 4.146341 
0.613421 -6.094817 -61.401974 1140.000000 1323.000000 1133.000000 1402.000000 30.853659 46.280487 6.219512 
-6.626206 3.320313 -62.578083 1199.000000 1252.000000 1247.000000 1304.000000 -11.951220 -12.317074 8.231708 
-6.912943 -0.902316 -64.064499 1100.000000 1385.000000 1268.000000 1274.000000 -26.585367 5.487805 7.134147 
-5.556552 -2.953317 -64.092506 1201.000000 1327.000000 1261.000000 1213.000000 -4.695122 -12.926829 -4.390244 
0.601909 -1.636467 -63.932163 1149.000000 1401.000000 1281.000000 1171.000000 -16.036585 -5.304878 -12.256098 
0.652133 -1.535499 -63.081413 1251.000000 1261.000000 1280.000000 1206.000000 0.914634 0.060976 -2.804878 
0.262686 -0.873815 -63.012619 1257.000000 1262.000000 1232.000000 1251.000000 2.012195 1.280488 -3.170732 
0.638134 -1.065086 -63.117752 1247.000000 1253.000000 1287.000000 1214.000000 -2.743902 -2.560976 -1.097561 
0.144379 -0.569133 -63.056149 1252.000000 1254.000000 1233.000000 1263.000000 3.475610 3.231707 -1.341463 
0.429135 -0.699429 -63.104076 1240.000000 1251.000000 1290.000000 1222.000000 -3.902439 -3.170732 1.280488 
0.240778 -0.326114 -63.060280 1253.000000 1254.000000 1230.000000 1265.000000 3.597561 3.536585 -1.097561 
0.368692 -0.459132 -63.088634 1243.000000 1248.000000 1284.000000 1227.000000 -3.780488 -3.231707 1.707317 
0.017785 0.012437 -63.064659 1252.000000 1251.000000 1234.000000 1265.000000 2.987805 2.926829 -0.426829 
-0.008002 -0.028350 -63.084534 1244.000000 1245.000000 1270.000000 1239.000000 -2.926829 -2.621951 1.707317 
0.071198 0.012499 -63.076687 1100.000000 1100.000000 1100.000000 1100.000000 2.256098 2.256098 -0.182927 
0.078324 -0.525602 -63.077396 1100.000000 1100.000000 1100.000000 1100.000000 -2.012195 -1.951220 0.548781 
-0.555892 -0.767227 -63.073826 1100.000000 1100.000000 1100.000000 1100.000000 1.890244 1.707317 -0.182927 
-1.263594 -1.338674 -63.068176 1100.000000 1100.000000 1100.000000 1100.000000 -1.585366 -1.524390 0.426829 
-1.217439 -0.889932 -63.075642 1100.000000 1100.000000 1100.000000 1100.000000 1.402439 1.463415 -0.121951 
-0.860363 -0.667267 -63.081688 1100.000000 1100.000000 1100.000000 1100.000000 -1.280488 -1.158537 0.304878 
-0.659614 -0.620323 -63.081505 1100.000000 1100.000000 1100.000000 1100.000000 0.914634 1.158537 -0.182927 
-0.938900 -0.565225 -63.081421 1100.000000 1100.000000 1100.000000 1100.000000 -1.097561 -0.914634 0.304878 
-1.016662 -0.517670 -63.086361 1100.000000 1100.000000 1100.000000 1100.000000 0.731707 0.792683 -0.121951 
-0.954575 -0.435010 -63.087246 1100.000000 1100.000000 1100.000000 1100.000000 -0.792683 -0.670732 0.365854 
